06-15 01:25:05.454  1161  1210 I chatty  : uid=1000(system) android.display expire 2 lines
06-15 01:25:07.056  1161 18540 I chatty  : uid=1000 system_server expire 6 lines
06-15 01:25:09.630  1161 18542 I chatty  : uid=1000 system_server expire 6 lines
06-15 01:25:12.261  1161 18543 I chatty  : uid=1000 system_server expire 6 lines
06-15 01:25:35.328  1161 18549 I chatty  : uid=1000 system_server expire 6 lines
06-15 01:26:21.498  1161 18558 I chatty  : uid=1000 system_server expire 6 lines
06-15 01:27:03.578  1161 18566 I chatty  : uid=1000 system_server expire 6 lines
06-15 01:27:03.741  1161 18568 I chatty  : uid=1000 system_server expire 3 lines
06-15 01:27:03.840  1161 18571 I chatty  : uid=1000 system_server expire 1 line
06-15 01:27:05.517  1161  1190 I chatty  : uid=1000(system) android.bg expire 3 lines
06-15 01:27:07.333  1161  1881 I chatty  : uid=1000(system) Binder:1161_7 expire 1 line
06-15 01:27:07.334  1161  1540 I chatty  : uid=1000(system) ConnectivitySer expire 12 lines
06-15 01:27:07.749  1161  1208 I chatty  : uid=1000(system) android.fg expire 6 lines
06-15 01:27:08.252  1161 18602 I chatty  : uid=1000 system_server expire 6 lines
06-15 01:27:08.532   677  1231 D NetlinkEvent: Unknown ifindex 36 in RTM_DELADDR
06-15 01:27:10.840  1161 18618 I chatty  : uid=1000 system_server expire 6 lines
06-15 01:27:34.863  1161 18621 I chatty  : uid=1000 system_server expire 7 lines
06-15 01:27:34.953  1161 18622 I chatty  : uid=1000 system_server expire 3 lines
06-15 01:27:35.023  1161 14649 I chatty  : uid=1000(system) Binder:1161_1A expire 1 line
06-15 01:27:54.945  1161  2734 I chatty  : uid=1000(system) Binder:1161_10 expire 1 line
06-15 01:27:54.961  1161 15252 I chatty  : uid=1000(system) Binder:1161_1F expire 1 line
06-15 01:28:27.060  1161 18645 I chatty  : uid=1000 system_server expire 6 lines
06-15 01:28:44.486  1161 18656 I chatty  : uid=1000 system_server expire 6 lines
06-15 01:28:44.555  1161 18658 I chatty  : uid=1000 system_server expire 4 lines
06-15 01:28:44.625  1161  2707 I chatty  : uid=1000(system) Binder:1161_B expire 1 line
06-15 01:28:44.662  1161 18675 I chatty  : uid=1000 system_server expire 1 line
06-15 01:28:44.686  1161 14648 I chatty  : uid=1000(system) Binder:1161_19 expire 2 lines
06-15 01:29:16.856  1161 18681 I chatty  : uid=1000 system_server expire 7 lines
06-15 01:29:16.898  1161 18682 I chatty  : uid=1000 system_server expire 3 lines
06-15 01:29:16.964  1161 14644 I chatty  : uid=1000(system) Binder:1161_16 expire 1 line
06-15 01:29:51.265  1161 18704 I chatty  : uid=1000 system_server expire 6 lines
06-15 01:29:51.267  1161  2705 I chatty  : uid=1000(system) Binder:1161_A expire 1 line
06-15 01:30:03.356  1161 18710 I chatty  : uid=1000 system_server expire 6 lines
06-15 01:30:03.452  1161 18712 I chatty  : uid=1000 system_server expire 4 lines
06-15 01:30:03.616  1161  1549 I chatty  : uid=1000(system) Binder:1161_3 expire 1 line
06-15 01:30:03.641  1161 18733 I chatty  : uid=1000 system_server expire 1 line
06-15 01:30:03.923  1161 14645 I chatty  : uid=1000(system) Binder:1161_17 expire 2 lines
06-15 01:30:26.859  1161 18735 I chatty  : uid=1000 system_server expire 6 lines
06-15 01:30:33.699  1161 18738 I chatty  : uid=1000 system_server expire 6 lines
06-15 01:31:02.631  1161 18744 I chatty  : uid=1000 system_server expire 6 lines
06-15 01:31:02.804  1161 18746 I chatty  : uid=1000 system_server expire 3 lines
06-15 01:31:02.826  1161  2017 I chatty  : uid=1000(system) Binder:1161_8 expire 1 line
06-15 01:31:02.888  1161 18748 I chatty  : uid=1000 system_server expire 1 line
06-15 01:31:03.061  1161  2720 I chatty  : uid=1000(system) Binder:1161_F expire 3 lines
06-15 01:31:04.118  1161  1192 I chatty  : uid=1000(system) ActivityManager expire 1 line
06-15 01:31:04.349  1161  1818 I chatty  : uid=1000(system) Binder:1161_5 expire 1 line
06-15 01:31:04.473 18749 18749 E ActivityThread: Failed to find provider info for com.samsung.android.sdk.shealth
06-15 01:31:04.566 18769 18769 E ActivityThread: Failed to find provider info for com.samsung.android.sdk.shealth
06-15 01:31:04.691  1161 15251 I chatty  : uid=1000(system) Binder:1161_1E expire 1 line
06-15 01:31:04.703  1161  2701 I chatty  : uid=1000(system) Binder:1161_9 expire 1 line
06-15 01:31:11.651  1161  1161 I chatty  : uid=1000 system_server expire 6 lines
06-15 01:31:11.656  1161 18799 I chatty  : uid=1000 system_server expire 6 lines
06-15 01:31:25.186  1161 18802 I chatty  : uid=1000 system_server expire 6 lines
06-15 01:32:02.061  1161  1880 I chatty  : uid=1000(system) Binder:1161_6 expire 4 lines
06-15 01:32:02.076  1161 18810 I chatty  : uid=1000 system_server expire 6 lines
06-15 01:32:02.284  1161 18827 I chatty  : uid=1000 system_server expire 4 lines
06-15 01:32:02.369  1161 15253 I chatty  : uid=1000(system) Binder:1161_20 expire 1 line
06-15 01:32:02.397  1161 18844 I chatty  : uid=1000 system_server expire 1 line
06-15 01:32:04.492  1161 14650 I chatty  : uid=1000(system) Binder:1161_1B expire 2 lines
06-15 01:32:18.097  1161 18850 I chatty  : uid=1000 system_server expire 6 lines
06-15 01:32:18.203  1161 18852 I chatty  : uid=1000 system_server expire 3 lines
06-15 01:32:18.211  1161  2719 I chatty  : uid=1000(system) Binder:1161_E expire 1 line
06-15 01:32:18.263  1161 18854 I chatty  : uid=1000 system_server expire 1 line
06-15 01:32:47.032  1161 18859 I chatty  : uid=1000 system_server expire 6 lines
06-15 01:33:10.224  1161 18868 I chatty  : uid=1000 system_server expire 6 lines
06-15 01:33:12.786  1161  1161 I chatty  : uid=1000 system_server expire 24 lines
06-15 01:33:12.792  1161 18873 I chatty  : uid=1000 system_server expire 7 lines
06-15 01:33:12.959  1161 18874 I chatty  : uid=1000 system_server expire 3 lines
06-15 01:33:13.054  1161  2017 I chatty  : uid=1000(system) Binder:1161_8 expire 3 lines
06-15 01:34:02.309  1161 18897 I chatty  : uid=1000 system_server expire 6 lines
06-15 01:34:25.352  1161 18906 I chatty  : uid=1000 system_server expire 6 lines
06-15 01:34:54.183  1161 18912 I chatty  : uid=1000 system_server expire 7 lines
06-15 01:34:54.267  1161 18913 I chatty  : uid=1000 system_server expire 3 lines
06-15 01:34:54.333  1161 15251 I chatty  : uid=1000(system) Binder:1161_1E expire 1 line
06-15 01:35:12.065  1161  1192 I chatty  : uid=1000(system) ActivityManager expire 2 lines
06-15 01:35:12.104  1161 14650 I chatty  : uid=1000(system) Binder:1161_1B expire 3 lines
06-15 01:35:44.770  1161 18937 I chatty  : uid=1000 system_server expire 6 lines
06-15 01:36:12.887  1161 18944 I chatty  : uid=1000 system_server expire 6 lines
06-15 01:36:13.177  1161 10439 I chatty  : uid=1000(system) Binder:1161_13 expire 1 line
06-15 01:36:13.242  1161 14646 I chatty  : uid=1000(system) Binder:1161_18 expire 2 lines
06-15 01:36:30.787  1161 18954 I chatty  : uid=1000 system_server expire 6 lines
06-15 01:36:30.866  1161 18956 I chatty  : uid=1000 system_server expire 3 lines
06-15 01:36:31.542  1161 18959 I chatty  : uid=1000 system_server expire 1 line
06-15 01:37:16.849  1161 18968 I chatty  : uid=1000 system_server expire 6 lines
06-15 01:38:14.222  1161 18976 I chatty  : uid=1000 system_server expire 7 lines
06-15 01:38:14.309  1161 18977 I chatty  : uid=1000 system_server expire 3 lines
06-15 01:38:14.377  1161  2720 I chatty  : uid=1000(system) Binder:1161_F expire 1 line
06-15 01:38:31.934  1161 19000 I chatty  : uid=1000 system_server expire 6 lines
06-15 01:38:31.952  1161  1598 I chatty  : uid=1000(system) Binder:1161_4 expire 2 lines
06-15 01:39:02.629  1161 19006 I chatty  : uid=1000 system_server expire 6 lines
06-15 01:39:28.392  1161 19013 I chatty  : uid=1000 system_server expire 6 lines
06-15 01:39:52.842  1161 19025 I chatty  : uid=1000 system_server expire 7 lines
06-15 01:39:53.033  1161 19026 I chatty  : uid=1000 system_server expire 3 lines
06-15 01:39:53.131  1161 14643 I chatty  : uid=1000(system) Binder:1161_15 expire 1 line
06-15 01:40:08.392  1161 19045 I chatty  : uid=1000 system_server expire 6 lines
06-15 01:40:08.419  1161  2701 I chatty  : uid=1000(system) Binder:1161_9 expire 2 lines
06-15 01:40:26.081  1161 19048 I chatty  : uid=1000 system_server expire 7 lines
06-15 01:40:26.233  1161 19049 I chatty  : uid=1000 system_server expire 3 lines
06-15 01:40:26.356  1161  2715 I chatty  : uid=1000(system) Binder:1161_C expire 4 lines
06-15 01:40:44.300  1161 19070 I chatty  : uid=1000 system_server expire 6 lines
06-15 01:40:44.324  1161  2734 I chatty  : uid=1000(system) Binder:1161_10 expire 1 line
06-15 01:41:25.115  1161 19081 I chatty  : uid=1000 system_server expire 6 lines
06-15 01:41:34.376  1161 19083 I chatty  : uid=1000 system_server expire 6 lines
06-15 01:42:15.312  1161 19090 I chatty  : uid=1000 system_server expire 6 lines
06-15 01:42:15.414  1161 19092 I chatty  : uid=1000 system_server expire 4 lines
06-15 01:42:15.486  1161  5151 I chatty  : uid=1000(system) Binder:1161_11 expire 1 line
06-15 01:42:15.505  1161 19113 I chatty  : uid=1000 system_server expire 1 line
06-15 01:42:36.867  1161 19122 I chatty  : uid=1000 system_server expire 6 lines
06-15 01:42:36.922  1161 19124 I chatty  : uid=1000 system_server expire 3 lines
06-15 01:42:37.008  1161 19126 I chatty  : uid=1000 system_server expire 1 line
06-15 01:43:03.915  1161 19192 I chatty  : uid=1000 system_server expire 6 lines
06-15 01:43:04.021  1161 19194 I chatty  : uid=1000 system_server expire 4 lines
06-15 01:43:04.179  1161 14644 I chatty  : uid=1000(system) Binder:1161_16 expire 1 line
06-15 01:43:04.245  1161 19215 I chatty  : uid=1000 system_server expire 1 line
06-15 01:43:04.344  1161  2707 I chatty  : uid=1000(system) Binder:1161_B expire 2 lines
06-15 01:43:04.607  1161  1190 I chatty  : uid=1000(system) android.bg expire 3 lines
06-15 01:43:05.258  1161 15250 I chatty  : uid=1000(system) Binder:1161_1D expire 1 line
06-15 01:43:05.548  1161  1540 I chatty  : uid=1000(system) ConnectivitySer expire 12 lines
06-15 01:43:05.813  1161  1208 I chatty  : uid=1000(system) android.fg expire 6 lines
06-15 01:43:05.985  1161  1880 I chatty  : uid=1000(system) Binder:1161_6 expire 1 line
06-15 01:43:06.579   677  1231 D NetlinkEvent: Unknown ifindex 37 in RTM_DELADDR
06-15 01:43:08.354  1161  1161 I chatty  : uid=1000 system_server expire 2 lines
06-15 01:43:08.359  1161 19368 I chatty  : uid=1000 system_server expire 6 lines
06-15 01:43:18.002  1161 19371 I chatty  : uid=1000 system_server expire 6 lines
06-15 01:43:18.161  1161 19373 I chatty  : uid=1000 system_server expire 4 lines
06-15 01:43:18.274  1161 14649 I chatty  : uid=1000(system) Binder:1161_1A expire 4 lines
06-15 01:43:18.303  1161 19394 I chatty  : uid=1000 system_server expire 1 line
06-15 01:43:18.419  1161  2715 I chatty  : uid=1000(system) Binder:1161_C expire 8 lines
06-15 01:43:28.618  1161  1161 I chatty  : uid=1000 system_server expire 8 lines
06-15 01:43:28.623  1161 19402 I chatty  : uid=1000 system_server expire 6 lines
06-15 01:43:28.705  1161 19404 I chatty  : uid=1000 system_server expire 3 lines
06-15 01:43:28.722  1161  2718 I chatty  : uid=1000(system) Binder:1161_D expire 3 lines
06-15 01:43:28.760  1161 19406 I chatty  : uid=1000 system_server expire 1 line
06-15 01:43:29.959  1161  1880 I chatty  : uid=1000(system) Binder:1161_6 expire 3 lines
06-15 01:43:29.960  1161 15249 I chatty  : uid=1000(system) Binder:1161_1C expire 4 lines
06-15 01:43:29.973  1161 10439 I chatty  : uid=1000(system) Binder:1161_13 expire 2 lines
06-15 01:43:30.035  1161  2017 I chatty  : uid=1000(system) Binder:1161_8 expire 2 lines
06-15 01:44:00.126  1161 14645 I chatty  : uid=1000(system) Binder:1161_17 expire 2 lines
06-15 01:44:00.128  1161  1540 I chatty  : uid=1000(system) ConnectivitySer expire 3 lines
06-15 01:44:00.178  1161 19470 I chatty  : uid=1000 system_server expire 6 lines
06-15 01:44:00.181  1161  5151 I chatty  : uid=1000(system) Binder:1161_11 expire 2 lines
06-15 01:44:00.259  1161 19474 I chatty  : uid=1000 system_server expire 4 lines
06-15 01:44:00.341  1161 15253 I chatty  : uid=1000(system) Binder:1161_20 expire 2 lines
06-15 01:44:00.364  1161 19495 I chatty  : uid=1000 system_server expire 1 line
06-15 01:44:00.449  1161 15251 I chatty  : uid=1000(system) Binder:1161_1E expire 5 lines
06-15 01:45:02.051  1161  1192 I chatty  : uid=1000(system) ActivityManager expire 1 line
06-15 02:04:01.381  1161  2537 I chatty  : uid=1000(system) backup expire 134 lines
06-15 02:04:02.087  1161  1180 I chatty  : uid=1000(system) Binder:1161_1 expire 1 line
06-15 02:04:04.083  1161  1598 I chatty  : uid=1000(system) Binder:1161_4 expire 1 line
06-15 02:04:04.130  1161  2719 I chatty  : uid=1000(system) Binder:1161_E expire 3 lines
06-15 02:04:05.444  1161 14643 I chatty  : uid=1000(system) Binder:1161_15 expire 2 lines
06-15 02:04:07.227  1161  5152 I chatty  : uid=1000(system) Binder:1161_12 expire 1 line
06-15 02:04:07.386  1161  2705 I chatty  : uid=1000(system) Binder:1161_A expire 2 lines
06-15 02:04:07.399  1161 15250 I chatty  : uid=1000(system) Binder:1161_1D expire 2 lines
06-15 02:04:08.955  1161  1549 I chatty  : uid=1000(system) Binder:1161_3 expire 1 line
06-15 02:04:09.576  1161 14646 I chatty  : uid=1000(system) Binder:1161_18 expire 7 lines
06-15 02:04:09.812  1161  2720 I chatty  : uid=1000(system) Binder:1161_F expire 1 line
06-15 02:04:10.628  1161 14648 I chatty  : uid=1000(system) Binder:1161_19 expire 3 lines
06-15 02:04:10.733  1161  1881 I chatty  : uid=1000(system) Binder:1161_7 expire 1 line
06-15 02:04:13.862  1161  1181 I chatty  : uid=1000(system) Binder:1161_2 expire 3 lines
06-15 02:04:13.877  1161 15252 I chatty  : uid=1000(system) Binder:1161_1F expire 4 lines
06-15 02:04:18.574  1161 14643 I chatty  : uid=1000(system) Binder:1161_15 expire 3 lines
06-15 02:04:18.793  1161  2537 I chatty  : uid=1000(system) backup expire 77 lines
06-15 02:04:18.796  1161  1194 I chatty  : uid=1000(system) ActivityManager expire 1 line
06-15 02:04:18.840  1161 15249 I chatty  : uid=1000(system) Binder:1161_1C expire 3 lines
06-15 02:04:18.865  1161  2734 I chatty  : uid=1000(system) Binder:1161_10 expire 2 lines
06-15 02:04:18.901  1161  5152 I chatty  : uid=1000(system) Binder:1161_12 expire 2 lines
06-15 02:04:18.913  1161  2707 I chatty  : uid=1000(system) Binder:1161_B expire 5 lines
06-15 02:04:19.158 20525 20543 D ActivityThread: Loading provider com.google.android.gmail.provider;com.android.mail.notifier;com.google.android.gm.email.provider;com.google.android.gm.tasks.provider;com.google.android.gm.email.notifier: com.android.email.provider.EmailProvider
06-15 02:04:19.766  1161 14644 I chatty  : uid=1000(system) Binder:1161_16 expire 4 lines
06-15 02:04:19.853  1161 14512 I chatty  : uid=1000(system) Binder:1161_14 expire 5 lines
06-15 02:04:19.855  1161  1540 I chatty  : uid=1000(system) ConnectivitySer expire 7 lines
06-15 02:04:20.072  1161  1818 I chatty  : uid=1000(system) Binder:1161_5 expire 5 lines
06-15 02:04:20.331  1161  1180 I chatty  : uid=1000(system) Binder:1161_1 expire 4 lines
06-15 02:04:20.509  1161 15253 I chatty  : uid=1000(system) Binder:1161_20 expire 1 line
06-15 02:04:20.670  1161  2719 I chatty  : uid=1000(system) Binder:1161_E expire 2 lines
06-15 02:04:20.796  1161 14650 I chatty  : uid=1000(system) Binder:1161_1B expire 3 lines
06-15 02:04:20.886  1161  2705 I chatty  : uid=1000(system) Binder:1161_A expire 8 lines
06-15 02:04:20.966  1161  5151 I chatty  : uid=1000(system) Binder:1161_11 expire 4 lines
06-15 02:04:21.794  1161 14645 I chatty  : uid=1000(system) Binder:1161_17 expire 5 lines
06-15 02:04:22.665  1161 10439 I chatty  : uid=1000(system) Binder:1161_13 expire 5 lines
06-15 02:04:22.715  1161  2017 I chatty  : uid=1000(system) Binder:1161_8 expire 5 lines
06-15 02:04:23.289  1161  1549 I chatty  : uid=1000(system) Binder:1161_3 expire 3 lines
06-15 02:04:23.996  1161  1161 I chatty  : uid=1000 system_server expire 10 lines
06-15 02:04:26.204  1161 15250 I chatty  : uid=1000(system) Binder:1161_1D expire 3 lines
06-15 02:04:26.592  1161 15251 I chatty  : uid=1000(system) Binder:1161_1E expire 2 lines
06-15 02:04:28.421  1161 14649 I chatty  : uid=1000(system) Binder:1161_1A expire 2 lines
06-15 02:04:29.778  1161 14646 I chatty  : uid=1000(system) Binder:1161_18 expire 3 lines
06-15 02:07:59.072  1161  1192 I chatty  : uid=1000(system) ActivityManager expire 6 lines
06-15 02:11:27.062  1161  1195 I chatty  : uid=1000(system) batterystats-sy expire 1 line
06-15 02:18:54.671  1161  2720 I chatty  : uid=1000(system) Binder:1161_F expire 2 lines
06-15 02:22:10.265  1161  1190 I chatty  : uid=1000(system) android.bg expire 2 lines
06-15 02:35:31.603 12955 17707 E ActivityThread: Failed to find provider info for com.facebook.appmanager.attribution
06-15 02:43:02.173  1161 21657 I chatty  : uid=1000 system_server expire 6 lines
06-15 02:43:02.302  1161 21660 I chatty  : uid=1000 system_server expire 4 lines
06-15 02:43:02.404  1161 21682 I chatty  : uid=1000 system_server expire 1 line
06-15 02:43:02.853  1161  1598 I chatty  : uid=1000(system) Binder:1161_4 expire 3 lines
06-15 02:49:01.946  1161 21759 I chatty  : uid=1000 system_server expire 6 lines
06-15 02:49:02.027  1161 21763 I chatty  : uid=1000 system_server expire 4 lines
06-15 02:49:02.091  1161 14648 I chatty  : uid=1000(system) Binder:1161_19 expire 1 line
06-15 02:49:02.112  1161 21785 I chatty  : uid=1000 system_server expire 1 line
06-15 02:51:35.167  1161  2715 I chatty  : uid=1000(system) Binder:1161_C expire 2 lines
06-15 02:52:02.937  1161  1181 I chatty  : uid=1000(system) Binder:1161_2 expire 1 line
06-15 02:52:02.978  1161  1881 I chatty  : uid=1000(system) Binder:1161_7 expire 1 line
06-15 02:52:03.455  1161  2701 I chatty  : uid=1000(system) Binder:1161_9 expire 1 line
06-15 02:52:23.652  1161  1880 I chatty  : uid=1000(system) Binder:1161_6 expire 1 line
06-15 02:56:46.116 22012 22031 D ActivityThread: Loading provider com.google.android.gmail.provider;com.android.mail.notifier;com.google.android.gm.email.provider;com.google.android.gm.tasks.provider;com.google.android.gm.email.notifier: com.android.email.provider.EmailProvider
06-15 02:59:06.971  1161  1161 I chatty  : uid=1000 system_server expire 7 lines
06-15 03:00:08.944  1161  1528 I chatty  : uid=1000(system) MountService expire 3 lines
06-15 03:00:08.954  1161  1529 I chatty  : uid=1000(system) VoldConnector expire 2 lines
06-15 03:00:08.956   571 22191 D vold    : Starting trim of /data
06-15 03:00:08.974   571 22191 I vold    : Trimmed 0 bytes on /data in 16ms
06-15 03:00:08.974   571 22191 D vold    : Starting trim of none
06-15 03:00:08.975   571 22191 W vold    : Failed to open none: No such file or directory
06-15 03:25:48.166  1161  2718 I chatty  : uid=1000(system) Binder:1161_D expire 7 lines
06-15 03:31:06.046  1161  1161 I chatty  : uid=1000 system_server expire 23 lines
06-15 03:40:10.561  1161  2707 I chatty  : uid=1000(system) Binder:1161_B expire 4 lines
06-15 03:44:47.138  1161  1192 I chatty  : uid=1000(system) ActivityManager expire 11 lines
06-15 03:47:40.622  1161  5152 I chatty  : uid=1000(system) Binder:1161_12 expire 2 lines
06-15 03:47:40.622  1161  2720 I chatty  : uid=1000(system) Binder:1161_F expire 4 lines
06-15 03:47:40.624  1161  1540 I chatty  : uid=1000(system) ConnectivitySer expire 14 lines
06-15 03:49:07.607  1161  1181 I chatty  : uid=1000(system) Binder:1161_2 expire 2 lines
06-15 03:53:20.466  1161 15250 I chatty  : uid=1000(system) Binder:1161_1D expire 2 lines
06-15 03:57:15.023  1161  1880 I chatty  : uid=1000(system) Binder:1161_6 expire 5 lines
06-15 03:57:15.029  1161  1549 I chatty  : uid=1000(system) Binder:1161_3 expire 2 lines
06-15 04:02:37.425  1161 14643 I chatty  : uid=1000(system) Binder:1161_15 expire 1 line
06-15 04:02:38.111  1161 14644 I chatty  : uid=1000(system) Binder:1161_16 expire 2 lines
06-15 04:02:38.670  1161  1180 I chatty  : uid=1000(system) Binder:1161_1 expire 3 lines
06-15 04:07:03.316  1161  1190 I chatty  : uid=1000(system) android.bg expire 7 lines
06-15 04:07:04.969  1161  1881 I chatty  : uid=1000(system) Binder:1161_7 expire 4 lines
06-15 04:07:05.308  1161  1208 I chatty  : uid=1000(system) android.fg expire 20 lines
06-15 04:07:06.094   677  1231 D NetlinkEvent: Unknown ifindex 38 in RTM_DELADDR
06-15 04:07:19.451  1161 15251 I chatty  : uid=1000(system) Binder:1161_1E expire 4 lines
06-15 04:07:19.474  1161 14650 I chatty  : uid=1000(system) Binder:1161_1B expire 2 lines
06-15 04:19:01.618  1161  2715 I chatty  : uid=1000(system) Binder:1161_C expire 1 line
06-15 04:53:03.065  1161  1540 I chatty  : uid=1000(system) ConnectivitySer expire 25 lines
06-15 05:01:03.243  1161  1212 I chatty  : uid=1000(system) PowerManagerSer expire 2 lines
06-15 05:01:03.245  1161  1210 I chatty  : uid=1000(system) android.display expire 2 lines
06-15 05:03:03.449  1161  2017 I chatty  : uid=1000(system) Binder:1161_8 expire 1 line
06-15 05:03:03.467  1161 14512 I chatty  : uid=1000(system) Binder:1161_14 expire 3 lines
06-15 05:03:48.860   677  1231 D NetlinkEvent: Unknown ifindex 26 in RTM_DELADDR
06-15 05:03:49.055  1161  5151 I chatty  : uid=1000(system) Binder:1161_11 expire 4 lines
06-15 05:03:51.134  1161  2701 I chatty  : uid=1000(system) Binder:1161_9 expire 2 lines
06-15 05:03:51.337   677  1233 E FrameworkListener: read() failed (Connection reset by peer)
06-15 05:04:03.412  1161  1540 I chatty  : uid=1000(system) ConnectivitySer expire 27 lines
06-15 05:10:03.530  1161  1194 I chatty  : uid=1000(system) ActivityManager expire 1 line
06-15 05:12:15.206  1161 15252 I chatty  : uid=1000(system) Binder:1161_1F expire 3 lines
06-15 05:12:15.222  1161  2734 I chatty  : uid=1000(system) Binder:1161_10 expire 1 line
06-15 05:12:15.467  1161  2705 I chatty  : uid=1000(system) Binder:1161_A expire 1 line
06-15 05:13:16.530  1161 14649 I chatty  : uid=1000(system) Binder:1161_1A expire 1 line
06-15 05:13:16.542  1161 14645 I chatty  : uid=1000(system) Binder:1161_17 expire 1 line
06-15 05:13:49.850  1161 14648 I chatty  : uid=1000(system) Binder:1161_19 expire 1 line
06-15 05:37:09.624   677  1231 D NetlinkEvent: Unknown ifindex 40 in RTM_DELADDR
06-15 05:37:09.644  1161  1208 I chatty  : uid=1000(system) android.fg expire 2 lines
06-15 05:44:42.323  1161  1192 I chatty  : uid=1000(system) ActivityManager expire 2 lines
06-15 05:56:00.546  1161  1161 I chatty  : uid=1000 system_server expire 10 lines
06-15 06:05:26.772  1161  2537 I chatty  : uid=1000(system) backup expire 12 lines
06-15 06:06:14.920  1161 15249 I chatty  : uid=1000(system) Binder:1161_1C expire 4 lines
06-15 06:06:14.985  1161  2719 I chatty  : uid=1000(system) Binder:1161_E expire 3 lines
06-15 06:13:38.071  1161  1161 I chatty  : uid=1000 system_server expire 10 lines
06-15 06:15:47.098  1161  1192 I chatty  : uid=1000(system) ActivityManager expire 11 lines
06-15 06:19:46.249  1161  5151 I chatty  : uid=1000(system) Binder:1161_11 expire 3 lines
06-15 06:20:46.346  1161  2734 I chatty  : uid=1000(system) Binder:1161_10 expire 2 lines
06-15 06:20:46.367  1161 14512 I chatty  : uid=1000(system) Binder:1161_14 expire 2 lines
06-15 06:44:59.093  1161  1190 I chatty  : uid=1000(system) android.bg expire 10 lines
06-15 06:45:01.005  1161  1818 I chatty  : uid=1000(system) Binder:1161_5 expire 2 lines
06-15 06:45:01.005  1161  1540 I chatty  : uid=1000(system) ConnectivitySer expire 27 lines
06-15 06:45:01.384  1161  1208 I chatty  : uid=1000(system) android.fg expire 10 lines
06-15 06:45:02.158   677  1231 D NetlinkEvent: Unknown ifindex 41 in RTM_DELADDR
06-15 06:45:04.686  1161  1195 I chatty  : uid=1000(system) batterystats-sy expire 2 lines
06-15 06:52:02.672  1161  1180 I chatty  : uid=1000(system) Binder:1161_1 expire 2 lines
06-15 06:52:02.718  1161 14645 I chatty  : uid=1000(system) Binder:1161_17 expire 3 lines
06-15 06:54:46.009  1161 14646 I chatty  : uid=1000(system) Binder:1161_18 expire 3 lines
06-15 06:54:47.067   677  1231 D NetlinkEvent: Unknown ifindex 42 in RTM_DELADDR
06-15 06:54:47.079  1161  1208 I chatty  : uid=1000(system) android.fg expire 9 lines
06-15 06:57:04.331  1161  2705 I chatty  : uid=1000(system) Binder:1161_A expire 1 line
06-15 06:57:06.894  1161 15253 I chatty  : uid=1000(system) Binder:1161_20 expire 2 lines
06-15 06:57:06.923  1161  2720 I chatty  : uid=1000(system) Binder:1161_F expire 4 lines
06-15 06:57:07.655  1161  1212 I chatty  : uid=1000(system) PowerManagerSer expire 10 lines
06-15 06:57:07.656  1161  1210 I chatty  : uid=1000(system) android.display expire 6 lines
06-15 07:01:40.382  1161  1211 I chatty  : uid=1000(system) CpuTracker expire 1 line
06-15 07:01:40.861  1161 15250 I chatty  : uid=1000(system) Binder:1161_1D expire 4 lines
06-15 07:03:22.760  1161 15249 I chatty  : uid=1000(system) Binder:1161_1C expire 2 lines
06-15 07:06:30.361  1161 14643 I chatty  : uid=1000(system) Binder:1161_15 expire 1 line
06-15 07:15:25.089  1161 14644 I chatty  : uid=1000(system) Binder:1161_16 expire 1 line
06-15 07:15:25.090  1161  1540 I chatty  : uid=1000(system) ConnectivitySer expire 20 lines
06-15 07:15:26.257   677  1231 D NetlinkEvent: Unknown ifindex 43 in RTM_DELADDR
06-15 07:24:58.096  1161  1190 I chatty  : uid=1000(system) android.bg expire 5 lines
06-15 07:24:59.954  1161  1880 I chatty  : uid=1000(system) Binder:1161_6 expire 1 line
06-15 07:25:05.320   677 27712 W SocketClient: write error (Broken pipe)
06-15 07:45:46.781  1161  1540 I chatty  : uid=1000(system) ConnectivitySer expire 16 lines
06-15 07:45:48.274  1161  1598 I chatty  : uid=1000(system) Binder:1161_4 expire 2 lines
06-15 07:46:02.236   677 28168 W SocketClient: write error (Broken pipe)
06-15 07:52:15.044  1161  1161 I chatty  : uid=1000 system_server expire 18 lines
06-15 08:00:00.665  1161 15251 I chatty  : uid=1000(system) Binder:1161_1E expire 1 line
06-15 08:00:00.755  1161  2715 I chatty  : uid=1000(system) Binder:1161_C expire 2 lines
06-15 08:00:01.642  1161 14650 I chatty  : uid=1000(system) Binder:1161_1B expire 1 line
06-15 08:00:14.915  1161  1192 I chatty  : uid=1000(system) ActivityManager expire 7 lines
06-15 08:05:59.700   677 28635 W SocketClient: write error (Broken pipe)
06-15 08:10:00.096  1161  1161 I chatty  : uid=1000 system_server expire 19 lines
06-15 08:10:00.293  1161  2707 I chatty  : uid=1000(system) Binder:1161_B expire 2 lines
06-15 08:10:00.448  1161  2701 I chatty  : uid=1000(system) Binder:1161_9 expire 1 line
06-15 08:13:22.779  1161  1881 I chatty  : uid=1000(system) Binder:1161_7 expire 1 line
06-15 08:19:20.213  1161  2718 I chatty  : uid=1000(system) Binder:1161_D expire 1 line
06-15 08:19:20.285  1161  5152 I chatty  : uid=1000(system) Binder:1161_12 expire 5 lines
06-15 08:20:00.638  1161  1161 I chatty  : uid=1000 system_server expire 35 lines
06-15 08:20:00.688  1161  5151 I chatty  : uid=1000(system) Binder:1161_11 expire 1 line
06-15 08:20:00.695  1161  1181 I chatty  : uid=1000(system) Binder:1161_2 expire 5 lines
06-15 08:20:11.761  1161  1212 I chatty  : uid=1000(system) PowerManagerSer expire 30 lines
06-15 08:20:18.756  1161 14649 I chatty  : uid=1000(system) Binder:1161_1A expire 1 line
06-15 08:20:18.883  1161  1192 I chatty  : uid=1000(system) ActivityManager expire 8 lines
06-15 08:20:59.115  1161 15250 I chatty  : uid=1000(system) Binder:1161_1D expire 3 lines
06-15 08:20:59.171  1161  1818 I chatty  : uid=1000(system) Binder:1161_5 expire 3 lines
06-15 08:21:26.618  1161  1190 I chatty  : uid=1000(system) android.bg expire 3 lines
06-15 08:21:26.678  1161  1540 I chatty  : uid=1000(system) ConnectivitySer expire 11 lines
06-15 08:21:28.234  1161 14646 I chatty  : uid=1000(system) Binder:1161_18 expire 4 lines
06-15 08:22:00.098  1161  2701 I chatty  : uid=1000(system) Binder:1161_9 expire 5 lines
06-15 08:22:37.015  1161 14648 I chatty  : uid=1000(system) Binder:1161_19 expire 3 lines
06-15 08:22:37.094  1161 14644 I chatty  : uid=1000(system) Binder:1161_16 expire 3 lines
06-15 08:30:00.319  1161  2707 I chatty  : uid=1000(system) Binder:1161_B expire 6 lines
06-15 08:30:00.450  1161  1598 I chatty  : uid=1000(system) Binder:1161_4 expire 2 lines
06-15 08:30:10.976  1161  1208 I chatty  : uid=1000(system) android.fg expire 3 lines
06-15 08:30:11.072  1161  1195 I chatty  : uid=1000(system) batterystats-sy expire 3 lines
06-15 08:30:11.650  1161 15253 I chatty  : uid=1000(system) Binder:1161_20 expire 3 lines
06-15 08:30:11.692  1161  2720 I chatty  : uid=1000(system) Binder:1161_F expire 4 lines
06-15 08:30:11.718  1161  2719 I chatty  : uid=1000(system) Binder:1161_E expire 2 lines
06-15 08:30:18.307  1161 15251 I chatty  : uid=1000(system) Binder:1161_1E expire 1 line
06-15 08:30:18.357  1161  1180 I chatty  : uid=1000(system) Binder:1161_1 expire 3 lines
06-15 08:30:20.507  1161  1193 I chatty  : uid=1000(system) android.ui expire 1 line
06-15 08:30:20.956  1161  1210 I chatty  : uid=1000(system) android.display expire 4 lines
06-15 08:30:32.016  1161  2734 I chatty  : uid=1000(system) Binder:1161_10 expire 3 lines
06-15 08:30:32.039  1161  2718 I chatty  : uid=1000(system) Binder:1161_D expire 1 line
06-15 08:30:32.067  1161  1880 I chatty  : uid=1000(system) Binder:1161_6 expire 5 lines
06-15 08:31:39.953  1161  1881 I chatty  : uid=1000(system) Binder:1161_7 expire 1 line
06-15 08:31:39.977  1161  2017 I chatty  : uid=1000(system) Binder:1161_8 expire 6 lines
06-15 08:33:05.185  1161 14512 I chatty  : uid=1000(system) Binder:1161_14 expire 3 lines
06-15 08:33:16.446  1632  1632 V DeadZone: consuming errant click: (571.0,3.0)
06-15 08:33:35.509  1161  1540 I chatty  : uid=1000(system) ConnectivitySer expire 12 lines
06-15 08:33:35.525  1161  1161 I chatty  : uid=1000 system_server expire 7 lines
06-15 08:33:52.228  1161  1212 I chatty  : uid=1000(system) PowerManagerSer expire 32 lines
06-15 08:34:13.123  1161  1549 I chatty  : uid=1000(system) Binder:1161_3 expire 2 lines
06-15 08:34:13.228  1161  2715 I chatty  : uid=1000(system) Binder:1161_C expire 1 line
06-15 08:34:13.246  1161 15252 I chatty  : uid=1000(system) Binder:1161_1F expire 1 line
06-15 08:34:13.773  1161 14645 I chatty  : uid=1000(system) Binder:1161_17 expire 1 line
06-15 08:36:44.352  1161  1527 I chatty  : uid=1000(system) InputReader expire 1 line
06-15 08:36:45.439  1161 14643 I chatty  : uid=1000(system) Binder:1161_15 expire 1 line
06-15 08:37:55.870  1161 14650 I chatty  : uid=1000(system) Binder:1161_1B expire 3 lines
06-15 08:45:11.761   677  1236 W SocketClient: write error (Broken pipe)
06-15 08:45:43.271   677 30597 W SocketClient: write error (Broken pipe)
06-15 08:46:35.737  1161  1212 I chatty  : uid=1000(system) PowerManagerSer expire 77 lines
06-15 08:46:42.155  1161  1161 I chatty  : uid=1000 system_server expire 10 lines
06-15 08:46:42.703  1161  1192 I chatty  : uid=1000(system) ActivityManager expire 7 lines
06-15 08:46:42.755  1161  1210 I chatty  : uid=1000(system) android.display expire 10 lines
06-15 08:46:42.996  1161  1208 I chatty  : uid=1000(system) android.fg expire 31 lines
06-15 08:46:45.644  1161  1195 I chatty  : uid=1000(system) batterystats-sy expire 4 lines
06-15 08:46:47.158  1161 15251 I chatty  : uid=1000(system) Binder:1161_1E expire 3 lines
06-15 08:46:47.410  1161  2705 I chatty  : uid=1000(system) Binder:1161_A expire 1 line
06-15 08:47:10.586  1161 15250 I chatty  : uid=1000(system) Binder:1161_1D expire 1 line
06-15 08:47:10.669  1161  2718 I chatty  : uid=1000(system) Binder:1161_D expire 2 lines
06-15 08:47:33.306  1161 14512 I chatty  : uid=1000(system) Binder:1161_14 expire 1 line
06-15 08:47:33.390  1161  1880 I chatty  : uid=1000(system) Binder:1161_6 expire 2 lines
06-15 08:47:33.478  1161  2720 I chatty  : uid=1000(system) Binder:1161_F expire 1 line
06-15 08:49:32.119  1161  1881 I chatty  : uid=1000(system) Binder:1161_7 expire 1 line
06-15 08:49:32.189  1161 15252 I chatty  : uid=1000(system) Binder:1161_1F expire 1 line
06-15 08:49:32.296  1161 15253 I chatty  : uid=1000(system) Binder:1161_20 expire 1 line
06-15 08:49:48.531  1161  1540 I chatty  : uid=1000(system) ConnectivitySer expire 16 lines
06-15 08:49:52.716  1161 14645 I chatty  : uid=1000(system) Binder:1161_17 expire 2 lines
06-15 08:49:53.033  1161  1180 I chatty  : uid=1000(system) Binder:1161_1 expire 2 lines
06-15 08:50:24.369  1161  1190 I chatty  : uid=1000(system) android.bg expire 4 lines
06-15 08:50:25.800  1161  1181 I chatty  : uid=1000(system) Binder:1161_2 expire 1 line
06-15 08:50:27.077   677  1231 D NetlinkEvent: Unknown ifindex 44 in RTM_DELADDR
06-15 08:50:27.084  1161  1208 I chatty  : uid=1000(system) android.fg expire 13 lines
06-15 08:50:27.247  1161  1540 I chatty  : uid=1000(system) ConnectivitySer expire 6 lines
06-15 08:50:27.916  1161  1598 I chatty  : uid=1000(system) Binder:1161_4 expire 1 line
06-15 08:50:29.996  1161  5152 I chatty  : uid=1000(system) Binder:1161_12 expire 1 line
06-15 08:50:29.997  1161  1212 I chatty  : uid=1000(system) PowerManagerSer expire 24 lines
06-15 08:50:30.014  1161 10439 I chatty  : uid=1000(system) Binder:1161_13 expire 2 lines
06-15 08:50:30.018  1161  1210 I chatty  : uid=1000(system) android.display expire 2 lines
06-15 08:50:30.172  1161  2734 I chatty  : uid=1000(system) Binder:1161_10 expire 1 line
06-15 08:50:30.332  1161  2707 I chatty  : uid=1000(system) Binder:1161_B expire 1 line
06-15 08:52:31.481  1161  1526 I chatty  : uid=1000(system) InputDispatcher expire 1 line
06-15 08:52:35.870  1161  1549 I chatty  : uid=1000(system) Binder:1161_3 expire 1 line
06-15 08:52:36.193  1161 14650 I chatty  : uid=1000(system) Binder:1161_1B expire 1 line
06-15 08:54:04.002  1161  2701 I chatty  : uid=1000(system) Binder:1161_9 expire 1 line
06-15 08:54:06.748  1161 14646 I chatty  : uid=1000(system) Binder:1161_18 expire 1 line
06-15 08:54:06.758  1161 14648 I chatty  : uid=1000(system) Binder:1161_19 expire 2 lines
06-15 08:54:39.216  1632  1632 V DeadZone: consuming errant click: (556.0,6.0)
06-15 08:55:06.053  1161 14649 I chatty  : uid=1000(system) Binder:1161_1A expire 3 lines
06-15 08:55:24.078  1632  1632 V DeadZone: consuming errant click: (546.0,0.0)
06-15 08:56:17.441  1632  1632 V DeadZone: consuming errant click: (668.0,11.0)
06-15 08:56:36.127  1632  1632 V DeadZone: consuming errant click: (518.0,0.0)
06-15 08:56:38.292  1632  1632 V DeadZone: consuming errant click: (620.0,8.0)
06-15 08:56:44.904  1632  1632 V DeadZone: consuming errant click: (536.0,2.0)
06-15 08:57:06.763  1161  1526 I chatty  : uid=1000(system) InputDispatcher expire 2 lines
06-15 08:57:12.228  1161  1818 I chatty  : uid=1000(system) Binder:1161_5 expire 2 lines
06-15 08:59:21.305  1632  1632 V DeadZone: consuming errant click: (654.0,12.0)
06-15 08:59:55.268  1161  1195 I chatty  : uid=1000(system) batterystats-sy expire 3 lines
06-15 09:00:02.681  1161  1212 I chatty  : uid=1000(system) PowerManagerSer expire 68 lines
06-15 09:02:26.507  1161  1192 I chatty  : uid=1000(system) ActivityManager expire 11 lines
06-15 09:02:26.520  1161  2734 I chatty  : uid=1000(system) Binder:1161_10 expire 3 lines
06-15 09:02:32.356  1161 15249 I chatty  : uid=1000(system) Binder:1161_1C expire 3 lines
06-15 09:02:33.536  1161  1880 I chatty  : uid=1000(system) Binder:1161_6 expire 3 lines
06-15 09:05:03.108  1161  1527 I chatty  : uid=1000(system) InputReader expire 2 lines
06-15 09:05:03.141  1161  1161 I chatty  : uid=1000 system_server expire 12 lines
06-15 09:05:03.663  1161  1210 I chatty  : uid=1000(system) android.display expire 13 lines
06-15 09:05:03.892  1161  1208 I chatty  : uid=1000(system) android.fg expire 11 lines
06-15 09:05:03.966  1161 15253 I chatty  : uid=1000(system) Binder:1161_20 expire 1 line
06-15 09:05:04.107  1161 15252 I chatty  : uid=1000(system) Binder:1161_1F expire 4 lines
06-15 09:06:25.176  1161  1181 I chatty  : uid=1000(system) Binder:1161_2 expire 4 lines
06-15 09:06:25.333  1161 14648 I chatty  : uid=1000(system) Binder:1161_19 expire 3 lines
06-15 09:06:25.359  1161  1549 I chatty  : uid=1000(system) Binder:1161_3 expire 2 lines
06-15 09:06:25.412  1161  1598 I chatty  : uid=1000(system) Binder:1161_4 expire 3 lines
06-15 09:06:25.547  1161  2017 I chatty  : uid=1000(system) Binder:1161_8 expire 1 line
06-15 09:06:31.292  1161  5152 I chatty  : uid=1000(system) Binder:1161_12 expire 2 lines
06-15 09:06:39.123  1161 15250 I chatty  : uid=1000(system) Binder:1161_1D expire 1 line
06-15 09:06:39.158  1161 14512 I chatty  : uid=1000(system) Binder:1161_14 expire 2 lines
06-15 09:06:43.966  1161 15251 I chatty  : uid=1000(system) Binder:1161_1E expire 2 lines
06-15 09:06:44.337  1161 14643 I chatty  : uid=1000(system) Binder:1161_15 expire 1 line
06-15 09:06:49.924  1161  2707 I chatty  : uid=1000(system) Binder:1161_B expire 1 line
06-15 09:06:50.000  1161 14650 I chatty  : uid=1000(system) Binder:1161_1B expire 4 lines
06-15 09:12:47.269  1161 14645 I chatty  : uid=1000(system) Binder:1161_17 expire 3 lines
06-15 09:12:56.052  1161  1540 I chatty  : uid=1000(system) ConnectivitySer expire 14 lines
06-15 09:12:57.890  1161 14644 I chatty  : uid=1000(system) Binder:1161_16 expire 1 line
06-15 09:13:18.095  1161 14646 I chatty  : uid=1000(system) Binder:1161_18 expire 2 lines
06-15 09:16:17.882  1161  5151 I chatty  : uid=1000(system) Binder:1161_11 expire 3 lines
06-15 09:24:24.826  1161  1533 I chatty  : uid=1000(system) NetworkPolicy expire 2 lines
06-15 09:30:22.501  1161  1190 I chatty  : uid=1000(system) android.bg expire 5 lines
06-15 09:30:23.834  1161  1180 I chatty  : uid=1000(system) Binder:1161_1 expire 3 lines
06-15 09:30:25.141   677  1231 D NetlinkEvent: Unknown ifindex 45 in RTM_DELADDR
06-15 09:35:45.057  1161  2705 I chatty  : uid=1000(system) Binder:1161_A expire 2 lines
06-15 09:45:43.900  1161  1881 I chatty  : uid=1000(system) Binder:1161_7 expire 2 lines
06-15 09:47:30.496  1161  2718 I chatty  : uid=1000(system) Binder:1161_D expire 2 lines
06-15 09:47:32.367  1161  1212 I chatty  : uid=1000(system) PowerManagerSer expire 12 lines
06-15 09:47:44.068  1161  2715 I chatty  : uid=1000(system) Binder:1161_C expire 3 lines
06-15 09:58:54.534  2542  1382 E ActivityThread: Failed to find provider info for com.google.android.wearable.settings
06-15 09:58:58.252  2542  1382 E ActivityThread: Failed to find provider info for com.google.android.wearable.settings
06-15 10:03:03.128  1161  2701 I chatty  : uid=1000(system) Binder:1161_9 expire 1 line
06-15 10:05:47.580  1161  1210 I chatty  : uid=1000(system) android.display expire 1 line
06-15 10:05:47.681  1161  2720 I chatty  : uid=1000(system) Binder:1161_F expire 1 line
06-15 10:05:47.682  1161  1208 I chatty  : uid=1000(system) android.fg expire 1 line
06-15 10:05:48.718  1161  1544 I chatty  : uid=1000(system) ranker expire 1 line
06-15 10:06:10.913  1161  1212 I chatty  : uid=1000(system) PowerManagerSer expire 21 lines
06-15 10:06:14.556  1161  1210 I chatty  : uid=1000(system) android.display expire 7 lines
06-15 10:06:14.794  1161  1208 I chatty  : uid=1000(system) android.fg expire 7 lines
06-15 10:07:06.967  1161 14648 I chatty  : uid=1000(system) Binder:1161_19 expire 3 lines
06-15 10:07:20.265  1161  1527 I chatty  : uid=1000(system) InputReader expire 2 lines
06-15 10:07:20.380  1161 15249 I chatty  : uid=1000(system) Binder:1161_1C expire 3 lines
06-15 10:07:20.471  1161  1181 I chatty  : uid=1000(system) Binder:1161_2 expire 3 lines
06-15 10:07:22.519  1161  1161 I chatty  : uid=1000 system_server expire 12 lines
06-15 10:07:23.711  1161  1818 I chatty  : uid=1000(system) Binder:1161_5 expire 2 lines
06-15 10:07:23.945  1161  2734 I chatty  : uid=1000(system) Binder:1161_10 expire 4 lines
06-15 10:07:23.956  1161  5151 I chatty  : uid=1000(system) Binder:1161_11 expire 2 lines
06-15 10:07:23.987  1161 15251 I chatty  : uid=1000(system) Binder:1161_1E expire 2 lines
06-15 10:07:24.047  1161 14650 I chatty  : uid=1000(system) Binder:1161_1B expire 3 lines
06-15 10:07:24.070  1161  1549 I chatty  : uid=1000(system) Binder:1161_3 expire 2 lines
06-15 10:07:30.492  1161 14645 I chatty  : uid=1000(system) Binder:1161_17 expire 2 lines
06-15 10:07:30.619  1161  1192 I chatty  : uid=1000(system) ActivityManager expire 9 lines
06-15 10:07:30.695  1161  1180 I chatty  : uid=1000(system) Binder:1161_1 expire 3 lines
06-15 10:07:31.010  1161  1881 I chatty  : uid=1000(system) Binder:1161_7 expire 5 lines
06-15 10:07:31.534  1161 15250 I chatty  : uid=1000(system) Binder:1161_1D expire 4 lines
06-15 10:07:31.557  1161 14644 I chatty  : uid=1000(system) Binder:1161_16 expire 7 lines
06-15 10:07:31.559  1161  1540 I chatty  : uid=1000(system) ConnectivitySer expire 15 lines
06-15 10:07:31.559  1161 15252 I chatty  : uid=1000(system) Binder:1161_1F expire 2 lines
06-15 10:07:31.573  1161 15253 I chatty  : uid=1000(system) Binder:1161_20 expire 6 lines
06-15 10:07:32.955  1161  1526 I chatty  : uid=1000(system) InputDispatcher expire 2 lines
06-15 10:07:33.351  1161 14649 I chatty  : uid=1000(system) Binder:1161_1A expire 3 lines
06-15 10:07:33.930  1161  2715 I chatty  : uid=1000(system) Binder:1161_C expire 1 line
06-15 10:07:34.392  1161  1598 I chatty  : uid=1000(system) Binder:1161_4 expire 3 lines
06-15 10:07:35.173  1161  1194 I chatty  : uid=1000(system) ActivityManager expire 1 line
06-15 10:07:40.439  1161  1190 I chatty  : uid=1000(system) android.bg expire 2 lines
06-15 10:07:40.545  1161  2017 I chatty  : uid=1000(system) Binder:1161_8 expire 3 lines
06-15 10:07:43.904  1161  2705 I chatty  : uid=1000(system) Binder:1161_A expire 1 line
06-15 10:07:44.406  1161  2701 I chatty  : uid=1000(system) Binder:1161_9 expire 3 lines
06-15 10:07:44.443  2570  2570 W ActivityThread: Application com.tivophone.android.debug can be debugged on port 8100...
06-15 10:07:44.908  1161 14646 I chatty  : uid=1000(system) Binder:1161_18 expire 1 line
06-15 10:07:45.134  1161  2718 I chatty  : uid=1000(system) Binder:1161_D expire 1 line
06-15 10:07:45.451  1161 14512 I chatty  : uid=1000(system) Binder:1161_14 expire 3 lines
06-15 10:07:45.552  1161  1533 I chatty  : uid=1000(system) NetworkPolicy expire 1 line
06-15 10:07:47.307  1161 10439 I chatty  : uid=1000(system) Binder:1161_13 expire 2 lines
06-15 10:08:00.521  1161  1880 I chatty  : uid=1000(system) Binder:1161_6 expire 4 lines
06-15 10:08:06.588  1161  1195 I chatty  : uid=1000(system) batterystats-sy expire 1 line
06-15 10:08:15.642  1161  5152 I chatty  : uid=1000(system) Binder:1161_12 expire 1 line
06-15 10:08:24.841  1161  1209 I chatty  : uid=1000(system) android.io expire 21 lines
06-15 10:08:25.053  1161  1161 I chatty  : uid=1000 system_server expire 18 lines
06-15 10:08:53.334  1161  1852 I chatty  : uid=1000(system) uteStateMachine expire 5 lines
06-15 10:09:00.347  1161 14643 I chatty  : uid=1000(system) Binder:1161_15 expire 1 line
06-15 10:09:06.868  3144  3144 W ContextImpl: Calling a method in the system process without a qualified user: android.app.ContextImpl.startService:1357 android.content.ContextWrapper.startService:613 android.content.ContextWrapper.startService:613 com.android.settings.bluetooth.DockEventReceiver.beginStartingService:134 com.android.settings.bluetooth.DockEventReceiver.onReceive:115 
06-15 10:09:15.239  1161  1161 I chatty  : uid=1000 system_server expire 4 lines
06-15 10:09:15.725  1161  1193 I chatty  : uid=1000(system) android.ui expire 1 line
06-15 10:09:15.876  1161  1212 I chatty  : uid=1000(system) PowerManagerSer expire 3 lines
06-15 10:09:16.436  1161  2720 I chatty  : uid=1000(system) Binder:1161_F expire 2 lines
06-15 10:09:29.223  1161  2707 I chatty  : uid=1000(system) Binder:1161_B expire 2 lines
06-15 10:10:20.798  3336  3357 D ActivityThread: Loading provider com.google.android.gmail.provider;com.android.mail.notifier;com.google.android.gm.email.provider;com.google.android.gm.tasks.provider;com.google.android.gm.email.notifier: com.android.email.provider.EmailProvider
06-15 10:14:43.869  1161  2715 I chatty  : uid=1000(system) Binder:1161_C expire 3 lines
06-15 10:14:43.874  1161 14649 I chatty  : uid=1000(system) Binder:1161_1A expire 3 lines
06-15 10:18:35.973  1161  1192 I chatty  : uid=1000(system) ActivityManager expire 8 lines
06-15 10:20:37.119  1161 10439 I chatty  : uid=1000(system) Binder:1161_13 expire 5 lines
06-15 10:26:39.145  1161  1190 I chatty  : uid=1000(system) android.bg expire 11 lines
06-15 10:30:01.257  1161 14644 I chatty  : uid=1000(system) Binder:1161_16 expire 8 lines
06-15 10:32:43.159  1161  1540 I chatty  : uid=1000(system) ConnectivitySer expire 17 lines
06-15 10:32:43.243   677  1231 D NetlinkEvent: Unknown ifindex 39 in RTM_DELADDR
06-15 10:32:43.245  1161  1208 I chatty  : uid=1000(system) android.fg expire 10 lines
06-15 10:32:53.091  1161  1161 I chatty  : uid=1000 system_server expire 13 lines
06-15 10:32:53.199  1161  1546 I chatty  : uid=1000(system) onProviders.ECP expire 1 line
06-15 10:32:53.592  1161  2720 I chatty  : uid=1000(system) Binder:1161_F expire 4 lines
06-15 10:32:53.691  1161  1549 I chatty  : uid=1000(system) Binder:1161_3 expire 3 lines
06-15 10:32:53.713  1161  2719 I chatty  : uid=1000(system) Binder:1161_E expire 3 lines
06-15 10:32:53.713  1161 15249 I chatty  : uid=1000(system) Binder:1161_1C expire 1 line
06-15 10:32:53.767  1161  1818 I chatty  : uid=1000(system) Binder:1161_5 expire 2 lines
06-15 10:32:53.779  1161  5152 I chatty  : uid=1000(system) Binder:1161_12 expire 1 line
06-15 10:32:53.898  1161 15250 I chatty  : uid=1000(system) Binder:1161_1D expire 2 lines
06-15 10:32:54.021  1161 14512 I chatty  : uid=1000(system) Binder:1161_14 expire 2 lines
06-15 10:32:54.136  1161  1598 I chatty  : uid=1000(system) Binder:1161_4 expire 1 line
06-15 10:32:54.155  1161  2017 I chatty  : uid=1000(system) Binder:1161_8 expire 1 line
06-15 10:32:56.088  1161  5151 I chatty  : uid=1000(system) Binder:1161_11 expire 3 lines
06-15 10:32:56.174   677  1231 D NetlinkEvent: Unknown ifindex 47 in RTM_DELADDR
06-15 10:32:56.369  1161  1540 I chatty  : uid=1000(system) ConnectivitySer expire 10 lines
06-15 10:33:20.495  1161 14648 I chatty  : uid=1000(system) Binder:1161_19 expire 4 lines
06-15 10:33:20.549  1161  1180 I chatty  : uid=1000(system) Binder:1161_1 expire 3 lines
06-15 10:33:34.385  1161  1181 I chatty  : uid=1000(system) Binder:1161_2 expire 3 lines
06-15 10:33:41.935  1161  1852 I chatty  : uid=1000(system) uteStateMachine expire 6 lines
06-15 10:33:55.294  1161  1533 I chatty  : uid=1000(system) NetworkPolicy expire 4 lines
06-15 10:33:55.311  1161  2718 I chatty  : uid=1000(system) Binder:1161_D expire 4 lines
06-15 10:33:55.324  1161 15251 I chatty  : uid=1000(system) Binder:1161_1E expire 5 lines
06-15 10:33:55.560  1161  2734 I chatty  : uid=1000(system) Binder:1161_10 expire 2 lines
06-15 10:33:55.593  4784  4784 W ActivityThread: Application com.tivophone.android.debug can be debugged on port 8100...
06-15 10:34:02.039  1161 14645 I chatty  : uid=1000(system) Binder:1161_17 expire 4 lines
06-15 10:53:49.130  1161  1161 I chatty  : uid=1000 system_server expire 5 lines
06-15 10:53:49.163  1161  1212 I chatty  : uid=1000(system) PowerManagerSer expire 13 lines
06-15 10:53:49.171  1161  1210 I chatty  : uid=1000(system) android.display expire 6 lines
06-15 10:53:49.422  1161  2701 I chatty  : uid=1000(system) Binder:1161_9 expire 2 lines
06-15 10:53:49.491  1161  1208 I chatty  : uid=1000(system) android.fg expire 4 lines
06-15 10:53:53.822  1161 14646 I chatty  : uid=1000(system) Binder:1161_18 expire 1 line
06-15 10:54:21.483  1161  1526 I chatty  : uid=1000(system) InputDispatcher expire 2 lines
06-15 10:54:21.653  1161 15253 I chatty  : uid=1000(system) Binder:1161_20 expire 3 lines
06-15 10:58:34.307  2468  5277 E ActivityThread: Failed to find provider info for com.google.android.gms.common.phenotype
06-15 11:01:25.091  1161  1190 I chatty  : uid=1000(system) android.bg expire 7 lines
06-15 11:01:25.093  1161  1540 I chatty  : uid=1000(system) ConnectivitySer expire 6 lines
06-15 11:05:45.328  5937  5957 D ActivityThread: Loading provider com.google.android.gmail.provider;com.android.mail.notifier;com.google.android.gm.email.provider;com.google.android.gm.tasks.provider;com.google.android.gm.email.notifier: com.android.email.provider.EmailProvider
06-15 11:08:17.720  1161 14650 I chatty  : uid=1000(system) Binder:1161_1B expire 1 line
06-15 11:14:30.459  1161  1881 I chatty  : uid=1000(system) Binder:1161_7 expire 1 line
06-15 11:14:33.974  1161  1212 I chatty  : uid=1000(system) PowerManagerSer expire 10 lines
06-15 11:14:35.117  1161  1544 I chatty  : uid=1000(system) ranker expire 1 line
06-15 11:15:04.355  1161  1212 I chatty  : uid=1000(system) PowerManagerSer expire 43 lines
06-15 11:15:04.357  1161  5152 I chatty  : uid=1000(system) Binder:1161_12 expire 2 lines
06-15 11:15:04.357  1161  1208 I chatty  : uid=1000(system) android.fg expire 6 lines
06-15 11:15:24.813  1161  1210 I chatty  : uid=1000(system) android.display expire 7 lines
06-15 11:15:24.865  1161 15253 I chatty  : uid=1000(system) Binder:1161_20 expire 1 line
06-15 11:16:40.289  1161  1190 I chatty  : uid=1000(system) android.bg expire 9 lines
06-15 11:19:32.187  1161  1192 I chatty  : uid=1000(system) ActivityManager expire 13 lines
06-15 11:20:50.166  1161  5151 I chatty  : uid=1000(system) Binder:1161_11 expire 4 lines
06-15 11:22:34.159  1161  1540 I chatty  : uid=1000(system) ConnectivitySer expire 6 lines
06-15 11:22:37.682  1161 15251 I chatty  : uid=1000(system) Binder:1161_1E expire 12 lines
06-15 11:22:37.709  1161  1533 I chatty  : uid=1000(system) NetworkPolicy expire 3 lines
06-15 11:22:37.721  1161  1180 I chatty  : uid=1000(system) Binder:1161_1 expire 3 lines
06-15 11:22:37.722  1161 14649 I chatty  : uid=1000(system) Binder:1161_1A expire 10 lines
06-15 11:22:37.723  1161 15249 I chatty  : uid=1000(system) Binder:1161_1C expire 2 lines
06-15 11:26:03.260  1161 14645 I chatty  : uid=1000(system) Binder:1161_17 expire 4 lines
06-15 11:35:06.315  1161 15250 I chatty  : uid=1000(system) Binder:1161_1D expire 4 lines
