06-16 10:42:44.397  1161  1549 I chatty  : uid=1000(system) Binder:1161_3 expire 1 line
06-16 10:42:46.216  1161  2017 I chatty  : uid=1000(system) Binder:1161_8 expire 1 line
06-16 10:42:46.252  1161  2537 I chatty  : uid=1000(system) backup expire 27 lines
06-16 10:42:53.125  1161  1161 I chatty  : uid=1000 system_server expire 6 lines
06-16 10:42:53.440  1161  1192 I chatty  : uid=1000(system) ActivityManager expire 13 lines
06-16 10:42:53.446  1161  1881 I chatty  : uid=1000(system) Binder:1161_7 expire 2 lines
06-16 10:42:53.455  1161 14646 I chatty  : uid=1000(system) Binder:1161_18 expire 6 lines
06-16 10:42:53.695  1161  2705 I chatty  : uid=1000(system) Binder:1161_A expire 4 lines
06-16 10:42:53.837  1161  2718 I chatty  : uid=1000(system) Binder:1161_D expire 1 line
06-16 10:43:15.383  1161  1212 I chatty  : uid=1000(system) PowerManagerSer expire 24 lines
06-16 10:43:18.706  1161 14645 I chatty  : uid=1000(system) Binder:1161_17 expire 5 lines
06-16 10:43:18.789  1161  1880 I chatty  : uid=1000(system) Binder:1161_6 expire 2 lines
06-16 10:43:18.809  1161  2720 I chatty  : uid=1000(system) Binder:1161_F expire 2 lines
06-16 10:43:18.816  1161 15252 I chatty  : uid=1000(system) Binder:1161_1F expire 2 lines
06-16 10:43:25.526  1161  1225 I chatty  : uid=1000(system) PackageManager expire 15 lines
06-16 10:43:28.723 10227 10227 W ContextImpl: Calling a method in the system process without a qualified user: android.app.ContextImpl.startService:1357 android.content.ContextWrapper.startService:613 android.content.ContextWrapper.startService:613 com.android.keychain.KeyChainBroadcastReceiver.onReceive:12 android.app.ActivityThread.handleReceiver:3041 
06-16 10:43:28.838  1161 15253 I chatty  : uid=1000(system) Binder:1161_20 expire 2 lines
06-16 10:43:28.997  1161 14512 I chatty  : uid=1000(system) Binder:1161_14 expire 3 lines
06-16 10:43:29.011  1161  5152 I chatty  : uid=1000(system) Binder:1161_12 expire 2 lines
06-16 10:43:29.103  1161  5151 I chatty  : uid=1000(system) Binder:1161_11 expire 1 line
06-16 10:43:29.234  1161  2017 I chatty  : uid=1000(system) Binder:1161_8 expire 2 lines
06-16 10:43:29.270  1161  1598 I chatty  : uid=1000(system) Binder:1161_4 expire 4 lines
06-16 10:43:29.270  1161  1540 I chatty  : uid=1000(system) ConnectivitySer expire 1 line
06-16 10:43:29.344  1161  1190 I chatty  : uid=1000(system) android.bg expire 2 lines
06-16 10:43:29.426  1161  1181 I chatty  : uid=1000(system) Binder:1161_2 expire 2 lines
06-16 10:43:34.433  1161 10439 I chatty  : uid=1000(system) Binder:1161_13 expire 4 lines
06-16 10:43:34.467  1161 14650 I chatty  : uid=1000(system) Binder:1161_1B expire 3 lines
06-16 10:43:48.822  1161 14644 I chatty  : uid=1000(system) Binder:1161_16 expire 1 line
06-16 10:43:58.290  1161  1526 I chatty  : uid=1000(system) InputDispatcher expire 2 lines
06-16 10:43:58.370  1161 14649 I chatty  : uid=1000(system) Binder:1161_1A expire 2 lines
06-16 10:44:12.599  1161  1180 I chatty  : uid=1000(system) Binder:1161_1 expire 1 line
06-16 10:44:18.239  1161  2715 I chatty  : uid=1000(system) Binder:1161_C expire 1 line
06-16 10:44:29.986  1161  2734 I chatty  : uid=1000(system) Binder:1161_10 expire 1 line
06-16 10:49:29.423 10227 10227 W ContextImpl: Calling a method in the system process without a qualified user: android.app.ContextImpl.startService:1357 android.content.ContextWrapper.startService:613 android.content.ContextWrapper.startService:613 com.android.keychain.KeyChainBroadcastReceiver.onReceive:12 android.app.ActivityThread.handleReceiver:3041 
06-16 10:49:29.428  1161  1225 I chatty  : uid=1000(system) PackageManager expire 11 lines
06-16 10:50:19.404 10227 10227 W ContextImpl: Calling a method in the system process without a qualified user: android.app.ContextImpl.startService:1357 android.content.ContextWrapper.startService:613 android.content.ContextWrapper.startService:613 com.android.keychain.KeyChainBroadcastReceiver.onReceive:12 android.app.ActivityThread.handleReceiver:3041 
06-16 10:50:19.440  1161  1225 I chatty  : uid=1000(system) PackageManager expire 11 lines
06-16 10:50:25.401  1161 14643 I chatty  : uid=1000(system) Binder:1161_15 expire 2 lines
06-16 10:50:27.956  1161  1212 I chatty  : uid=1000(system) PowerManagerSer expire 10 lines
06-16 10:51:21.610  1161  1192 I chatty  : uid=1000(system) ActivityManager expire 12 lines
06-16 10:51:22.023  1161 15250 I chatty  : uid=1000(system) Binder:1161_1D expire 1 line
06-16 10:51:22.026  1161  1210 I chatty  : uid=1000(system) android.display expire 4 lines
06-16 10:51:22.081 10227 10227 W ContextImpl: Calling a method in the system process without a qualified user: android.app.ContextImpl.startService:1357 android.content.ContextWrapper.startService:613 android.content.ContextWrapper.startService:613 com.android.keychain.KeyChainBroadcastReceiver.onReceive:12 android.app.ActivityThread.handleReceiver:3041 
06-16 10:51:30.671  1632  1632 V DeadZone: consuming errant click: (1079.0,81.0)
06-16 10:51:41.443  1161  1212 I chatty  : uid=1000(system) PowerManagerSer expire 56 lines
06-16 11:00:49.585  1161 14648 I chatty  : uid=1000(system) Binder:1161_19 expire 2 lines
06-16 11:01:13.698  1161  1208 I chatty  : uid=1000(system) android.fg expire 1 line
06-16 11:01:13.805  1161  1195 I chatty  : uid=1000(system) batterystats-sy expire 1 line
06-16 11:01:16.063  1161  1193 I chatty  : uid=1000(system) android.ui expire 3 lines
06-16 11:01:18.405  1161  2719 I chatty  : uid=1000(system) Binder:1161_E expire 3 lines
06-16 11:02:38.645  1161  1212 I chatty  : uid=1000(system) PowerManagerSer expire 37 lines
06-16 11:02:58.788  1161  1161 I chatty  : uid=1000 system_server expire 13 lines
06-16 11:02:59.400  1161  1192 I chatty  : uid=1000(system) ActivityManager expire 17 lines
06-16 11:02:59.472  1161  1210 I chatty  : uid=1000(system) android.display expire 4 lines
06-16 11:02:59.511  1161  1880 I chatty  : uid=1000(system) Binder:1161_6 expire 3 lines
06-16 11:02:59.514  1161 15249 I chatty  : uid=1000(system) Binder:1161_1C expire 1 line
06-16 11:02:59.515  1161  2701 I chatty  : uid=1000(system) Binder:1161_9 expire 3 lines
06-16 11:02:59.515  1161  1540 I chatty  : uid=1000(system) ConnectivitySer expire 5 lines
06-16 11:02:59.720  1161  1208 I chatty  : uid=1000(system) android.fg expire 5 lines
06-16 11:03:03.962  1161  1180 I chatty  : uid=1000(system) Binder:1161_1 expire 2 lines
06-16 11:03:04.180  1161 10439 I chatty  : uid=1000(system) Binder:1161_13 expire 3 lines
06-16 11:03:04.223  1161  2734 I chatty  : uid=1000(system) Binder:1161_10 expire 3 lines
06-16 11:06:16.298  1161 14650 I chatty  : uid=1000(system) Binder:1161_1B expire 3 lines
06-16 11:06:16.344 11217 11217 W ActivityThread: Application com.tivophone.android.debug can be debugged on port 8100...
06-16 11:06:26.828  1161 15251 I chatty  : uid=1000(system) Binder:1161_1E expire 3 lines
06-16 11:06:26.926  1161  2707 I chatty  : uid=1000(system) Binder:1161_B expire 3 lines
06-16 11:06:27.063  1161  5152 I chatty  : uid=1000(system) Binder:1161_12 expire 2 lines
06-16 11:06:27.104  1161 14645 I chatty  : uid=1000(system) Binder:1161_17 expire 6 lines
06-16 11:09:02.245  1161  1524 I chatty  : uid=1000(system) AlarmManager expire 1 line
06-16 11:09:02.477  1161  2705 I chatty  : uid=1000(system) Binder:1161_A expire 2 lines
06-16 11:09:02.873  1161 15252 I chatty  : uid=1000(system) Binder:1161_1F expire 1 line
06-16 11:09:02.883  1161 15253 I chatty  : uid=1000(system) Binder:1161_20 expire 3 lines
06-16 11:17:11.433  1161  1549 I chatty  : uid=1000(system) Binder:1161_3 expire 3 lines
06-16 11:20:52.215  1161 14643 I chatty  : uid=1000(system) Binder:1161_15 expire 1 line
06-16 11:40:15.764  1161 14649 I chatty  : uid=1000(system) Binder:1161_1A expire 2 lines
06-16 11:42:03.889  1161  1212 I chatty  : uid=1000(system) PowerManagerSer expire 14 lines
06-16 11:42:04.182  1161  2017 I chatty  : uid=1000(system) Binder:1161_8 expire 1 line
06-16 11:42:04.218  1161  1598 I chatty  : uid=1000(system) Binder:1161_4 expire 2 lines
06-16 11:42:07.731  1161 14648 I chatty  : uid=1000(system) Binder:1161_19 expire 2 lines
06-16 11:42:07.973  1161 15250 I chatty  : uid=1000(system) Binder:1161_1D expire 1 line
06-16 11:42:12.736  1161  2715 I chatty  : uid=1000(system) Binder:1161_C expire 9 lines
06-16 11:42:18.829  1161  1225 I chatty  : uid=1000(system) PackageManager expire 14 lines
06-16 11:42:19.735  1161  1818 I chatty  : uid=1000(system) Binder:1161_5 expire 2 lines
06-16 11:42:20.442 11918 11918 W ContextImpl: Calling a method in the system process without a qualified user: android.app.ContextImpl.startService:1357 android.content.ContextWrapper.startService:613 android.content.ContextWrapper.startService:613 com.android.keychain.KeyChainBroadcastReceiver.onReceive:12 android.app.ActivityThread.handleReceiver:3041 
06-16 11:42:23.877  1161  1181 I chatty  : uid=1000(system) Binder:1161_2 expire 3 lines
06-16 11:42:31.068  1161  2718 I chatty  : uid=1000(system) Binder:1161_D expire 1 line
06-16 11:43:50.017  1161  1192 I chatty  : uid=1000(system) ActivityManager expire 14 lines
06-16 11:47:01.603 11918 11918 W ContextImpl: Calling a method in the system process without a qualified user: android.app.ContextImpl.startService:1357 android.content.ContextWrapper.startService:613 android.content.ContextWrapper.startService:613 com.android.keychain.KeyChainBroadcastReceiver.onReceive:12 android.app.ActivityThread.handleReceiver:3041 
06-16 11:47:01.623  1161  1225 I chatty  : uid=1000(system) PackageManager expire 4 lines
06-16 11:48:13.816  1161  1212 I chatty  : uid=1000(system) PowerManagerSer expire 14 lines
06-16 11:50:56.609  1161  1190 I chatty  : uid=1000(system) android.bg expire 2 lines
06-16 11:59:06.357  1161  5151 I chatty  : uid=1000(system) Binder:1161_11 expire 1 line
06-16 12:17:11.646  1161 14644 I chatty  : uid=1000(system) Binder:1161_16 expire 1 line
06-16 12:17:40.193  1161  1195 I chatty  : uid=1000(system) batterystats-sy expire 1 line
06-16 12:17:40.492  1161 14512 I chatty  : uid=1000(system) Binder:1161_14 expire 1 line
06-16 12:17:40.923  1632  1632 V DeadZone: consuming errant click: (1076.0,8.0)
06-16 12:17:41.104  1161  1192 I chatty  : uid=1000(system) ActivityManager expire 2 lines
06-16 12:17:41.276  1161  2720 I chatty  : uid=1000(system) Binder:1161_F expire 1 line
06-16 12:17:41.739  1161  1527 I chatty  : uid=1000(system) InputReader expire 1 line
06-16 12:17:41.748  1161  1161 I chatty  : uid=1000 system_server expire 3 lines
06-16 12:17:42.478  1161  1212 I chatty  : uid=1000(system) PowerManagerSer expire 77 lines
06-16 12:17:42.536  1161 15251 I chatty  : uid=1000(system) Binder:1161_1E expire 2 lines
06-16 12:17:42.679  1161 14648 I chatty  : uid=1000(system) Binder:1161_19 expire 1 line
06-16 12:18:22.073  1161  1540 I chatty  : uid=1000(system) ConnectivitySer expire 22 lines
06-16 12:19:13.644  1161  1210 I chatty  : uid=1000(system) android.display expire 7 lines
06-16 12:19:15.621  1161  1161 I chatty  : uid=1000 system_server expire 13 lines
06-16 12:19:15.623  1161 14644 I chatty  : uid=1000(system) Binder:1161_16 expire 3 lines
06-16 12:19:15.676  1161 10439 I chatty  : uid=1000(system) Binder:1161_13 expire 1 line
06-16 12:19:15.677  1161  1208 I chatty  : uid=1000(system) android.fg expire 6 lines
06-16 12:19:15.695  1161  1192 I chatty  : uid=1000(system) ActivityManager expire 12 lines
06-16 12:19:15.756  1161 15249 I chatty  : uid=1000(system) Binder:1161_1C expire 1 line
06-16 12:19:16.010  1161 14645 I chatty  : uid=1000(system) Binder:1161_17 expire 4 lines
06-16 12:19:23.984  1161  1526 I chatty  : uid=1000(system) InputDispatcher expire 2 lines
06-16 12:19:25.990  1161  2718 I chatty  : uid=1000(system) Binder:1161_D expire 1 line
06-16 12:19:26.077  1161  1818 I chatty  : uid=1000(system) Binder:1161_5 expire 3 lines
06-16 12:19:26.110  1161  2701 I chatty  : uid=1000(system) Binder:1161_9 expire 1 line
06-16 12:19:27.234  1161  1524 I chatty  : uid=1000(system) AlarmManager expire 1 line
06-16 12:19:53.388  1161 14512 I chatty  : uid=1000(system) Binder:1161_14 expire 1 line
06-16 12:21:36.273  1161  1190 I chatty  : uid=1000(system) android.bg expire 3 lines
06-16 12:24:03.753  1161  1527 I chatty  : uid=1000(system) InputReader expire 2 lines
06-16 12:24:04.572  1161  2017 I chatty  : uid=1000(system) Binder:1161_8 expire 2 lines
06-16 12:24:04.715  1161  2715 I chatty  : uid=1000(system) Binder:1161_C expire 2 lines
06-16 12:25:59.088  1161  1598 I chatty  : uid=1000(system) Binder:1161_4 expire 2 lines
06-16 12:29:11.889  1161  1881 I chatty  : uid=1000(system) Binder:1161_7 expire 3 lines
06-16 12:29:11.894  1161  2719 I chatty  : uid=1000(system) Binder:1161_E expire 2 lines
06-16 12:29:11.924  1161 14643 I chatty  : uid=1000(system) Binder:1161_15 expire 3 lines
06-16 12:34:52.349  1161 15250 I chatty  : uid=1000(system) Binder:1161_1D expire 1 line
06-16 12:35:32.794  1161  5152 I chatty  : uid=1000(system) Binder:1161_12 expire 3 lines
06-16 12:36:06.287  1161  2734 I chatty  : uid=1000(system) Binder:1161_10 expire 4 lines
06-16 12:40:16.233  1161  2720 I chatty  : uid=1000(system) Binder:1161_F expire 3 lines
06-16 12:40:16.356  1161  2705 I chatty  : uid=1000(system) Binder:1161_A expire 4 lines
06-16 12:40:17.087  1161 15253 I chatty  : uid=1000(system) Binder:1161_20 expire 1 line
06-16 12:40:22.118  1161  2707 I chatty  : uid=1000(system) Binder:1161_B expire 2 lines
06-16 12:43:23.666  1161  5151 I chatty  : uid=1000(system) Binder:1161_11 expire 1 line
06-16 12:51:53.347  1161 14650 I chatty  : uid=1000(system) Binder:1161_1B expire 2 lines
06-16 12:52:20.734  1161  1181 I chatty  : uid=1000(system) Binder:1161_2 expire 1 line
06-16 12:53:12.226  1161  1533 I chatty  : uid=1000(system) NetworkPolicy expire 1 line
06-16 12:55:32.476  1161  1549 I chatty  : uid=1000(system) Binder:1161_3 expire 1 line
06-16 12:55:32.762  1161 14649 I chatty  : uid=1000(system) Binder:1161_1A expire 1 line
06-16 12:55:37.645  1161  1225 I chatty  : uid=1000(system) PackageManager expire 11 lines
06-16 12:55:40.167 14362 14362 W ContextImpl: Calling a method in the system process without a qualified user: android.app.ContextImpl.startService:1357 android.content.ContextWrapper.startService:613 android.content.ContextWrapper.startService:613 com.android.keychain.KeyChainBroadcastReceiver.onReceive:12 android.app.ActivityThread.handleReceiver:3041 
06-16 12:55:40.396  1161  1180 I chatty  : uid=1000(system) Binder:1161_1 expire 1 line
06-16 12:55:41.292  1161 14646 I chatty  : uid=1000(system) Binder:1161_18 expire 1 line
06-16 12:55:48.350  1161  1192 I chatty  : uid=1000(system) ActivityManager expire 6 lines
06-16 12:56:02.840  1161  1880 I chatty  : uid=1000(system) Binder:1161_6 expire 1 line
06-16 12:56:03.228  1161  1540 I chatty  : uid=1000(system) ConnectivitySer expire 1 line
06-16 12:56:14.170  1161  1212 I chatty  : uid=1000(system) PowerManagerSer expire 12 lines
06-16 12:57:36.161  1161  1192 I chatty  : uid=1000(system) ActivityManager expire 12 lines
06-16 12:57:36.520  1161  1225 I chatty  : uid=1000(system) PackageManager expire 14 lines
06-16 12:57:37.513 14362 14362 W ContextImpl: Calling a method in the system process without a qualified user: android.app.ContextImpl.startService:1357 android.content.ContextWrapper.startService:613 android.content.ContextWrapper.startService:613 com.android.keychain.KeyChainBroadcastReceiver.onReceive:12 android.app.ActivityThread.handleReceiver:3041 
06-16 12:57:51.149  1161 14512 I chatty  : uid=1000(system) Binder:1161_14 expire 5 lines
06-16 12:57:51.191  1161  1881 I chatty  : uid=1000(system) Binder:1161_7 expire 1 line
06-16 12:58:30.939  1161 14645 I chatty  : uid=1000(system) Binder:1161_17 expire 2 lines
06-16 12:58:32.284  1161  1180 I chatty  : uid=1000(system) Binder:1161_1 expire 5 lines
06-16 12:58:32.336  1161 10439 I chatty  : uid=1000(system) Binder:1161_13 expire 8 lines
06-16 12:58:32.337  1161 14644 I chatty  : uid=1000(system) Binder:1161_16 expire 2 lines
06-16 12:58:32.706  1161 15251 I chatty  : uid=1000(system) Binder:1161_1E expire 5 lines
06-16 12:58:32.750  1161 14649 I chatty  : uid=1000(system) Binder:1161_1A expire 2 lines
06-16 12:58:32.798  1161 14643 I chatty  : uid=1000(system) Binder:1161_15 expire 4 lines
06-16 12:58:32.805  1161 15253 I chatty  : uid=1000(system) Binder:1161_20 expire 4 lines
06-16 12:58:32.805  1161  2719 I chatty  : uid=1000(system) Binder:1161_E expire 3 lines
06-16 12:58:32.810  1161  1540 I chatty  : uid=1000(system) ConnectivitySer expire 8 lines
06-16 12:58:32.813  1161 14650 I chatty  : uid=1000(system) Binder:1161_1B expire 4 lines
06-16 12:58:33.063  1161  2720 I chatty  : uid=1000(system) Binder:1161_F expire 3 lines
06-16 12:58:33.083  1161  2734 I chatty  : uid=1000(system) Binder:1161_10 expire 2 lines
06-16 12:58:33.097  1161  1598 I chatty  : uid=1000(system) Binder:1161_4 expire 6 lines
06-16 12:58:33.138  1161 15250 I chatty  : uid=1000(system) Binder:1161_1D expire 2 lines
06-16 12:58:33.410  1161 14646 I chatty  : uid=1000(system) Binder:1161_18 expire 4 lines
06-16 12:58:33.411  1161  5152 I chatty  : uid=1000(system) Binder:1161_12 expire 2 lines
06-16 12:58:34.100  1161 15249 I chatty  : uid=1000(system) Binder:1161_1C expire 3 lines
06-16 12:58:34.288  1161  1880 I chatty  : uid=1000(system) Binder:1161_6 expire 2 lines
06-16 12:58:34.320  1161  1194 I chatty  : uid=1000(system) ActivityManager expire 1 line
06-16 13:01:24.641 14362 14362 W ContextImpl: Calling a method in the system process without a qualified user: android.app.ContextImpl.startService:1357 android.content.ContextWrapper.startService:613 android.content.ContextWrapper.startService:613 com.android.keychain.KeyChainBroadcastReceiver.onReceive:12 android.app.ActivityThread.handleReceiver:3041 
06-16 13:01:24.647  1161  1225 I chatty  : uid=1000(system) PackageManager expire 6 lines
06-16 13:01:27.211  1161  2017 I chatty  : uid=1000(system) Binder:1161_8 expire 1 line
06-16 13:01:27.252  1161 14648 I chatty  : uid=1000(system) Binder:1161_19 expire 3 lines
06-16 13:01:28.342  1632  1632 V DeadZone: consuming errant click: (1064.0,13.0)
06-16 13:01:29.131  1632  1632 V DeadZone: consuming errant click: (1070.0,31.0)
06-16 13:01:29.998  1161  1212 I chatty  : uid=1000(system) PowerManagerSer expire 44 lines
06-16 13:01:48.482  1161  5151 I chatty  : uid=1000(system) Binder:1161_11 expire 2 lines
06-16 13:02:36.991  1161  1526 I chatty  : uid=1000(system) InputDispatcher expire 1 line
06-16 13:02:55.003  1161  2718 I chatty  : uid=1000(system) Binder:1161_D expire 1 line
06-16 13:02:55.436  1161  1210 I chatty  : uid=1000(system) android.display expire 1 line
06-16 13:03:57.850  1161  1190 I chatty  : uid=1000(system) android.bg expire 1 line
06-16 13:05:27.070  1161  1161 I chatty  : uid=1000 system_server expire 33 lines
06-16 13:05:28.989  1161  2715 I chatty  : uid=1000(system) Binder:1161_C expire 3 lines
06-16 13:05:29.581  1161 15252 I chatty  : uid=1000(system) Binder:1161_1F expire 2 lines
06-16 13:06:06.997 15507 15507 W ActivityThread: Application com.tivophone.android.debug can be debugged on port 8100...
06-16 13:06:07.421  1161  1549 I chatty  : uid=1000(system) Binder:1161_3 expire 2 lines
06-16 13:06:07.444  1161  1181 I chatty  : uid=1000(system) Binder:1161_2 expire 1 line
06-16 13:06:13.112  1161  1161 I chatty  : uid=1000 system_server expire 1 line
06-16 13:07:05.543  1161  1192 I chatty  : uid=1000(system) ActivityManager expire 4 lines
06-16 13:13:47.796  1161  1225 W PackageManager: Resource path for com.samsung.mygallery.app changing from /data/app/com.samsung.mygallery.app-1 to /data/app/com.samsung.mygallery.app-2
06-16 13:13:48.772  1161  1225 I ActivityManager: Force stopping com.samsung.mygallery.app appid=10167 user=0: pkg removed
06-16 13:13:48.792  1161  1192 I ActivityManager: Start proc 15722:com.android.keychain/1000 for broadcast com.android.keychain/.KeyChainBroadcastReceiver
06-16 13:13:48.800  1161  1225 W ActivityManager: Skipping broadcast of Intent { act=android.intent.action.PACKAGE_REMOVED dat=package:com.samsung.mygallery.app flg=0x4000010 (has extras) }: user 10 is stopped
06-16 13:13:48.827  1161  1225 W ActivityManager: Skipping broadcast of Intent { act=android.intent.action.PACKAGE_ADDED dat=package:com.samsung.mygallery.app flg=0x4000010 (has extras) }: user 10 is stopped
06-16 13:13:48.841  1161  1225 W ActivityManager: Skipping broadcast of Intent { act=android.intent.action.PACKAGE_REPLACED dat=package:com.samsung.mygallery.app flg=0x4000010 (has extras) }: user 10 is stopped
06-16 13:13:48.847  1161  1225 W ActivityManager: Skipping broadcast of Intent { act=android.intent.action.MY_PACKAGE_REPLACED flg=0x4000010 pkg=com.samsung.mygallery.app (has extras) }: user 10 is stopped
06-16 13:13:48.895 15722 15722 W ContextImpl: Calling a method in the system process without a qualified user: android.app.ContextImpl.startService:1357 android.content.ContextWrapper.startService:613 android.content.ContextWrapper.startService:613 com.android.keychain.KeyChainBroadcastReceiver.onReceive:12 android.app.ActivityThread.handleReceiver:3041 
06-16 13:13:48.915  1161  2720 I ActivityManager: Start proc 15737:com.android.musicfx/u0a30 for broadcast com.android.musicfx/.Compatibility$Receiver
06-16 13:13:48.989  1161  2720 I ActivityManager: Start proc 15755:android.process.acore/u0a3 for broadcast com.android.providers.contacts/.PackageIntentReceiver
06-16 13:13:49.140  1161  1818 I ActivityManager: Start proc 15777:com.verizon.vzwavs/u0a111 for broadcast com.verizon.vzwavs/.WakeupReceiver
06-16 13:13:49.265  1161  5151 I ActivityManager: Killing 14459:com.creditkarma.mobile/u0a154 (adj 906): empty #17
06-16 13:13:49.280  1161 15249 D ActivityManager: cleanUpApplicationRecord -- 14459
06-16 13:13:49.324  1161 14644 I ActivityManager: Start proc 15808:com.google.android.partnersetup/u0a26 for broadcast com.google.android.partnersetup/.RlzPingBroadcastReceiver
06-16 13:13:49.426  1161  5151 I ActivityManager: Start proc 15830:com.google.android.apps.photos/u0a82 for broadcast com.google.android.apps.photos/.backgroundsignin.BackgroundSignInBroadcastReceiver
06-16 13:13:49.439  1161  5151 I ActivityManager: Killing 14840:com.instagram.android/u0a117 (adj 906): empty #17
06-16 13:13:49.503  1161  1880 D ActivityManager: cleanUpApplicationRecord -- 14840
06-16 13:13:49.973  1161  2720 I ActivityManager: Start proc 15860:com.creditkarma.mobile/u0a154 for broadcast com.creditkarma.mobile/.push.AppUpgradeReceiver
06-16 13:13:50.521  1161  2715 I ActivityManager: Start proc 15913:com.instagram.android/u0a117 for broadcast com.instagram.android/com.instagram.selfupdate.SelfUpdateUpgradeEventReceiver
06-16 13:13:50.568  1161  1212 D LuxLevels: bright hysteresis constant= 0.1, threshold=49.76983, lux=45.245296
06-16 13:13:50.568  1161  1212 D LuxLevels: dark hysteresis constant= 0.2, threshold=36.19624, lux=45.245296
06-16 13:13:51.295  1161  2719 I ActivityManager: Killing 15156:com.google.android.calendar/u0a52 (adj 906): empty #17
06-16 13:13:51.312  1161  1881 D ActivityManager: cleanUpApplicationRecord -- 15156
06-16 13:13:54.090  1161 14645 I ActivityManager: Killing 15265:com.motricity.verizon.ssodownloadable/u0a46 (adj 906): empty #17
06-16 13:13:54.119  1161  1598 D ActivityManager: cleanUpApplicationRecord -- 15265
06-16 13:13:56.181  1161  5152 I ActivityManager: Killing 15282:com.qualcomm.timeservice/1000 (adj 906): empty #17
06-16 13:13:56.223  1161 14512 D ActivityManager: cleanUpApplicationRecord -- 15282
06-16 13:14:00.232  1161  2718 I ActivityManager: Killing 15324:com.android.cellbroadcastreceiver/u0a6 (adj 906): empty #17
06-16 13:14:00.266  1161 14648 D ActivityManager: cleanUpApplicationRecord -- 15324
06-16 13:14:00.868  1161  2705 I ActivityManager: START u0 {act=android.intent.action.MAIN cat=[android.intent.category.LAUNCHER] flg=0x10200000 cmp=com.samsung.mygallery.app/.MainActivity bnds=[437,929][644,1207] (has extras)} from uid 10031 on display 0
06-16 13:14:00.905  1161 15253 I ActivityManager: Start proc 15990:com.samsung.mygallery.app/u0a167 for activity com.samsung.mygallery.app/.MainActivity
06-16 13:14:03.030  1161  1161 I EntropyMixer: Writing entropy...
06-16 13:14:05.705 15990 15990 E AndroidRuntime: FATAL EXCEPTION: main
06-16 13:14:05.705 15990 15990 E AndroidRuntime: Process: com.samsung.mygallery.app, PID: 15990
06-16 13:14:05.705 15990 15990 E AndroidRuntime: java.lang.ClassCastException: android.widget.FrameLayout cannot be cast to android.widget.LinearLayout
06-16 13:14:05.705 15990 15990 E AndroidRuntime: 	at com.samsung.mygallery.app.ui.AlbumDetailsFragment$AlbumDetailesPagerAdapter.destroyItem(AlbumDetailsFragment.java:69)
06-16 13:14:05.705 15990 15990 E AndroidRuntime: 	at android.support.v4.view.ViewPager.populate(ViewPager.java:1173)
06-16 13:14:05.705 15990 15990 E AndroidRuntime: 	at android.support.v4.view.ViewPager.populate(ViewPager.java:1087)
06-16 13:14:05.705 15990 15990 E AndroidRuntime: 	at android.support.v4.view.ViewPager$3.run(ViewPager.java:270)
06-16 13:14:05.705 15990 15990 E AndroidRuntime: 	at android.view.Choreographer$CallbackRecord.run(Choreographer.java:874)
06-16 13:14:05.705 15990 15990 E AndroidRuntime: 	at android.view.Choreographer.doCallbacks(Choreographer.java:686)
06-16 13:14:05.705 15990 15990 E AndroidRuntime: 	at android.view.Choreographer.doFrame(Choreographer.java:618)
06-16 13:14:05.705 15990 15990 E AndroidRuntime: 	at android.view.Choreographer$FrameDisplayEventReceiver.run(Choreographer.java:860)
06-16 13:14:05.705 15990 15990 E AndroidRuntime: 	at android.os.Handler.handleCallback(Handler.java:751)
06-16 13:14:05.705 15990 15990 E AndroidRuntime: 	at android.os.Handler.dispatchMessage(Handler.java:95)
06-16 13:14:05.705 15990 15990 E AndroidRuntime: 	at android.os.Looper.loop(Looper.java:154)
06-16 13:14:05.705 15990 15990 E AndroidRuntime: 	at android.app.ActivityThread.main(ActivityThread.java:6121)
06-16 13:14:05.705 15990 15990 E AndroidRuntime: 	at java.lang.reflect.Method.invoke(Native Method)
06-16 13:14:05.705 15990 15990 E AndroidRuntime: 	at com.android.internal.os.ZygoteInit$MethodAndArgsCaller.run(ZygoteInit.java:889)
06-16 13:14:05.705 15990 15990 E AndroidRuntime: 	at com.android.internal.os.ZygoteInit.main(ZygoteInit.java:779)
06-16 13:14:05.709  1161  2705 W ActivityManager:   Force finishing activity com.samsung.mygallery.app/.MainActivity
06-16 13:14:06.216  1161  1192 W ActivityManager: Activity pause timeout for ActivityRecord{9b46ab3 u0 com.samsung.mygallery.app/.MainActivity t6009 f}
06-16 13:14:06.701  1161  1192 I ActivityManager: Killing 15140:com.android.providers.calendar/u0a4 (adj 906): empty #17
06-16 13:14:06.734  1161 14643 D ActivityManager: cleanUpApplicationRecord -- 15140
06-16 13:14:12.917  1161  1212 D LuxLevels: bright hysteresis constant= 0.1, threshold=39.445095, lux=35.859177
06-16 13:14:12.918  1161  1212 D LuxLevels: dark hysteresis constant= 0.2, threshold=28.687342, lux=35.859177
06-16 13:14:16.712  1161  1192 W ActivityManager: Activity destroy timeout for ActivityRecord{9b46ab3 u0 com.samsung.mygallery.app/.MainActivity t6009 f}
06-16 13:14:17.498  1161  2705 I ActivityManager: Killing 15990:com.samsung.mygallery.app/u0a167 (adj 900): crash
06-16 13:14:17.522  1161  2705 D ActivityManager: cleanUpApplicationRecord -- 15990
06-16 13:14:17.523  1161  2705 I ActivityManager: START u0 {act=android.intent.action.MAIN cat=[android.intent.category.LAUNCHER] flg=0x10300000 cmp=com.samsung.mygallery.app/.MainActivity (has extras)} from uid 10031 on display 0
06-16 13:14:17.562  1161 10439 E ActivityManager: applyOptionsLocked: Unknown animationType=0
06-16 13:14:17.572  1161 10439 I ActivityManager: Start proc 16060:com.samsung.mygallery.app/u0a167 for activity com.samsung.mygallery.app/.MainActivity
06-16 13:14:17.695  1161  1210 W AppOps  : Finishing op nesting under-run: uid 1000 pkg android code 24 time=0 duration=0 nesting=0
06-16 13:14:19.094  1161  1212 D LuxLevels: bright hysteresis constant= 0.1, threshold=45.30085, lux=41.18259
06-16 13:14:19.095  1161  1212 D LuxLevels: dark hysteresis constant= 0.2, threshold=32.94607, lux=41.18259
06-16 13:14:20.087  1161  1212 D LuxLevels: bright hysteresis constant= 0.1, threshold=50.278545, lux=45.707767
06-16 13:14:20.087  1161  1212 D LuxLevels: dark hysteresis constant= 0.2, threshold=36.566216, lux=45.707767
06-16 13:14:20.884  1161  1212 D LuxLevels: bright hysteresis constant= 0.1, threshold=55.912117, lux=50.829197
06-16 13:14:20.884  1161  1212 D LuxLevels: dark hysteresis constant= 0.2, threshold=40.663357, lux=50.829197
06-16 13:14:21.885  1161  1212 D LuxLevels: bright hysteresis constant= 0.1, threshold=61.546436, lux=55.951305
06-16 13:14:21.885  1161  1212 D LuxLevels: dark hysteresis constant= 0.2, threshold=44.761044, lux=55.951305
06-16 13:14:23.278  1161  1212 D LuxLevels: bright hysteresis constant= 0.1, threshold=68.19604, lux=61.996395
06-16 13:14:23.278  1161  1212 D LuxLevels: dark hysteresis constant= 0.2, threshold=49.59712, lux=61.996395
06-16 13:14:25.075  1161  1212 D LuxLevels: bright hysteresis constant= 0.1, threshold=75.56312, lux=68.69374
06-16 13:14:25.075  1161  1212 D LuxLevels: dark hysteresis constant= 0.2, threshold=54.954994, lux=68.69374
06-16 13:14:30.463  1161  1212 D LuxLevels: bright hysteresis constant= 0.1, threshold=83.145386, lux=75.586716
06-16 13:14:30.464  1161  1212 D LuxLevels: dark hysteresis constant= 0.2, threshold=60.46937, lux=75.586716
06-16 13:14:40.250  1161  1212 D LuxLevels: bright hysteresis constant= 0.1, threshold=53.554462, lux=48.685875
06-16 13:14:40.250  1161  1212 D LuxLevels: dark hysteresis constant= 0.2, threshold=38.9487, lux=48.685875
06-16 13:14:48.024  1161  1212 D LuxLevels: bright hysteresis constant= 0.1, threshold=61.507034, lux=55.915485
06-16 13:14:48.024  1161  1212 D LuxLevels: dark hysteresis constant= 0.2, threshold=44.732388, lux=55.915485
06-16 13:14:49.317  1161  1212 D LuxLevels: bright hysteresis constant= 0.1, threshold=68.32603, lux=62.11457
06-16 13:14:49.318  1161  1212 D LuxLevels: dark hysteresis constant= 0.2, threshold=49.691658, lux=62.11457
06-16 13:14:51.164  1161  1212 D LuxLevels: bright hysteresis constant= 0.1, threshold=75.86541, lux=68.96855
06-16 13:14:51.164  1161  1212 D LuxLevels: dark hysteresis constant= 0.2, threshold=55.174843, lux=68.96855
06-16 13:15:06.585  1161  1212 D LuxLevels: bright hysteresis constant= 0.1, threshold=51.796913, lux=47.0881
06-16 13:15:06.585  1161  1212 D LuxLevels: dark hysteresis constant= 0.2, threshold=37.670483, lux=47.0881
06-16 13:15:08.566 16060 16060 E AndroidRuntime: FATAL EXCEPTION: main
06-16 13:15:08.566 16060 16060 E AndroidRuntime: Process: com.samsung.mygallery.app, PID: 16060
06-16 13:15:08.566 16060 16060 E AndroidRuntime: java.lang.ClassCastException: android.widget.FrameLayout cannot be cast to android.widget.LinearLayout
06-16 13:15:08.566 16060 16060 E AndroidRuntime: 	at com.samsung.mygallery.app.ui.AlbumDetailsFragment$AlbumDetailesPagerAdapter.destroyItem(AlbumDetailsFragment.java:69)
06-16 13:15:08.566 16060 16060 E AndroidRuntime: 	at android.support.v4.view.ViewPager.populate(ViewPager.java:1207)
06-16 13:15:08.566 16060 16060 E AndroidRuntime: 	at android.support.v4.view.ViewPager.populate(ViewPager.java:1087)
06-16 13:15:08.566 16060 16060 E AndroidRuntime: 	at android.support.v4.view.ViewPager$3.run(ViewPager.java:270)
06-16 13:15:08.566 16060 16060 E AndroidRuntime: 	at android.view.Choreographer$CallbackRecord.run(Choreographer.java:874)
06-16 13:15:08.566 16060 16060 E AndroidRuntime: 	at android.view.Choreographer.doCallbacks(Choreographer.java:686)
06-16 13:15:08.566 16060 16060 E AndroidRuntime: 	at android.view.Choreographer.doFrame(Choreographer.java:618)
06-16 13:15:08.566 16060 16060 E AndroidRuntime: 	at android.view.Choreographer$FrameDisplayEventReceiver.run(Choreographer.java:860)
06-16 13:15:08.566 16060 16060 E AndroidRuntime: 	at android.os.Handler.handleCallback(Handler.java:751)
06-16 13:15:08.566 16060 16060 E AndroidRuntime: 	at android.os.Handler.dispatchMessage(Handler.java:95)
06-16 13:15:08.566 16060 16060 E AndroidRuntime: 	at android.os.Looper.loop(Looper.java:154)
06-16 13:15:08.566 16060 16060 E AndroidRuntime: 	at android.app.ActivityThread.main(ActivityThread.java:6121)
06-16 13:15:08.566 16060 16060 E AndroidRuntime: 	at java.lang.reflect.Method.invoke(Native Method)
06-16 13:15:08.566 16060 16060 E AndroidRuntime: 	at com.android.internal.os.ZygoteInit$MethodAndArgsCaller.run(ZygoteInit.java:889)
06-16 13:15:08.566 16060 16060 E AndroidRuntime: 	at com.android.internal.os.ZygoteInit.main(ZygoteInit.java:779)
06-16 13:15:08.575  1161  1180 W ActivityManager:   Force finishing activity com.samsung.mygallery.app/.MainActivity
06-16 13:15:09.086  1161  1192 W ActivityManager: Activity pause timeout for ActivityRecord{f8dc369 u0 com.samsung.mygallery.app/.MainActivity t6009 f}
06-16 13:15:09.530  1161  1192 I ActivityManager: Killing 15507:com.tivophone.android.debug/u0a136 (adj 906): empty #17
06-16 13:15:09.550  1161  2701 D ActivityManager: cleanUpApplicationRecord -- 15507
06-16 13:15:09.764  1161  1212 D LuxLevels: bright hysteresis constant= 0.1, threshold=41.060425, lux=37.32766
06-16 13:15:09.764  1161  1212 D LuxLevels: dark hysteresis constant= 0.2, threshold=29.862127, lux=37.32766
06-16 13:15:14.358  1161  1212 D LuxLevels: bright hysteresis constant= 0.1, threshold=46.98853, lux=42.716843
06-16 13:15:14.358  1161  1212 D LuxLevels: dark hysteresis constant= 0.2, threshold=34.173473, lux=42.716843
06-16 13:15:15.557  1161  1212 D LuxLevels: bright hysteresis constant= 0.1, threshold=56.059196, lux=50.962906
06-16 13:15:15.557  1161  1212 D LuxLevels: dark hysteresis constant= 0.2, threshold=40.770325, lux=50.962906
06-16 13:15:16.459  1161  1212 D LuxLevels: bright hysteresis constant= 0.1, threshold=61.974598, lux=56.34054
06-16 13:15:16.459  1161  1212 D LuxLevels: dark hysteresis constant= 0.2, threshold=45.072433, lux=56.34054
06-16 13:15:17.798  1161  1212 D LuxLevels: bright hysteresis constant= 0.1, threshold=69.404915, lux=63.095375
06-16 13:15:17.798  1161  1212 D LuxLevels: dark hysteresis constant= 0.2, threshold=50.4763, lux=63.095375
06-16 13:15:19.532  1161  1192 W ActivityManager: Activity destroy timeout for ActivityRecord{f8dc369 u0 com.samsung.mygallery.app/.MainActivity t6009 f}
06-16 13:15:19.593  1161  1212 D LuxLevels: bright hysteresis constant= 0.1, threshold=76.92264, lux=69.92967
06-16 13:15:19.593  1161  1212 D LuxLevels: dark hysteresis constant= 0.2, threshold=55.943737, lux=69.92967
06-16 13:15:38.729  1161  1192 I ActivityManager: Waited long enough for: ServiceRecord{918fee9 u0 com.google.android.apps.fireball/.networkservice.NetworkServiceImpl}
06-16 13:17:27.504  1161  1180 I ActivityManager: Killing 16060:com.samsung.mygallery.app/u0a167 (adj 900): crash
06-16 13:17:27.504  1161  1180 D ActivityManager: cleanUpApplicationRecord -- 16060
06-16 13:17:27.510  1161  1180 I ActivityManager: START u0 {act=android.intent.action.MAIN cat=[android.intent.category.LAUNCHER] flg=0x10300000 cmp=com.samsung.mygallery.app/.MainActivity (has extras)} from uid 10031 on display 0
06-16 13:17:27.558  1161  2707 E ActivityManager: applyOptionsLocked: Unknown animationType=0
06-16 13:17:27.570  1161  2707 I ActivityManager: Start proc 16148:com.samsung.mygallery.app/u0a167 for activity com.samsung.mygallery.app/.MainActivity
06-16 13:17:27.743  1161  1210 W AppOps  : Finishing op nesting under-run: uid 1000 pkg android code 24 time=0 duration=0 nesting=0
06-16 13:17:27.864  1161  1212 D LuxLevels: bright hysteresis constant= 0.1, threshold=44.097202, lux=40.088364
06-16 13:17:27.865  1161  1212 D LuxLevels: dark hysteresis constant= 0.2, threshold=32.07069, lux=40.088364
06-16 13:17:34.896 16148 16148 E AndroidRuntime: FATAL EXCEPTION: main
06-16 13:17:34.896 16148 16148 E AndroidRuntime: Process: com.samsung.mygallery.app, PID: 16148
06-16 13:17:34.896 16148 16148 E AndroidRuntime: java.lang.ClassCastException: android.widget.FrameLayout cannot be cast to android.widget.LinearLayout
06-16 13:17:34.896 16148 16148 E AndroidRuntime: 	at com.samsung.mygallery.app.ui.AlbumDetailsFragment$AlbumDetailesPagerAdapter.destroyItem(AlbumDetailsFragment.java:69)
06-16 13:17:34.896 16148 16148 E AndroidRuntime: 	at android.support.v4.view.ViewPager.populate(ViewPager.java:1207)
06-16 13:17:34.896 16148 16148 E AndroidRuntime: 	at android.support.v4.view.ViewPager.populate(ViewPager.java:1087)
06-16 13:17:34.896 16148 16148 E AndroidRuntime: 	at android.support.v4.view.ViewPager$3.run(ViewPager.java:270)
06-16 13:17:34.896 16148 16148 E AndroidRuntime: 	at android.view.Choreographer$CallbackRecord.run(Choreographer.java:874)
06-16 13:17:34.896 16148 16148 E AndroidRuntime: 	at android.view.Choreographer.doCallbacks(Choreographer.java:686)
06-16 13:17:34.896 16148 16148 E AndroidRuntime: 	at android.view.Choreographer.doFrame(Choreographer.java:618)
06-16 13:17:34.896 16148 16148 E AndroidRuntime: 	at android.view.Choreographer$FrameDisplayEventReceiver.run(Choreographer.java:860)
06-16 13:17:34.896 16148 16148 E AndroidRuntime: 	at android.os.Handler.handleCallback(Handler.java:751)
06-16 13:17:34.896 16148 16148 E AndroidRuntime: 	at android.os.Handler.dispatchMessage(Handler.java:95)
06-16 13:17:34.896 16148 16148 E AndroidRuntime: 	at android.os.Looper.loop(Looper.java:154)
06-16 13:17:34.896 16148 16148 E AndroidRuntime: 	at android.app.ActivityThread.main(ActivityThread.java:6121)
06-16 13:17:34.896 16148 16148 E AndroidRuntime: 	at java.lang.reflect.Method.invoke(Native Method)
06-16 13:17:34.896 16148 16148 E AndroidRuntime: 	at com.android.internal.os.ZygoteInit$MethodAndArgsCaller.run(ZygoteInit.java:889)
06-16 13:17:34.896 16148 16148 E AndroidRuntime: 	at com.android.internal.os.ZygoteInit.main(ZygoteInit.java:779)
06-16 13:17:34.900  1161  1181 W ActivityManager:   Force finishing activity com.samsung.mygallery.app/.MainActivity
06-16 13:17:35.408  1161  1192 W ActivityManager: Activity pause timeout for ActivityRecord{c78861b u0 com.samsung.mygallery.app/.MainActivity t6009 f}
06-16 13:17:36.358  1161  1181 I ActivityManager: Killing 16148:com.samsung.mygallery.app/u0a167 (adj 900): crash
06-16 13:17:36.358  1161  1181 D ActivityManager: cleanUpApplicationRecord -- 16148
06-16 13:17:36.377  1161  1181 I ActivityManager: START u0 {act=android.intent.action.MAIN cat=[android.intent.category.LAUNCHER] flg=0x10300000 cmp=com.samsung.mygallery.app/.MainActivity (has extras)} from uid 10031 on display 0
06-16 13:17:36.410  1161  2720 E ActivityManager: applyOptionsLocked: Unknown animationType=0
06-16 13:17:36.421  1161  2720 I ActivityManager: Start proc 16198:com.samsung.mygallery.app/u0a167 for activity com.samsung.mygallery.app/.MainActivity
06-16 13:17:36.577  1161  1210 W AppOps  : Finishing op nesting under-run: uid 1000 pkg android code 24 time=0 duration=0 nesting=0
06-16 13:17:40.824  1161  1212 D LuxLevels: bright hysteresis constant= 0.1, threshold=59.271862, lux=53.88351
06-16 13:17:40.824  1161  1212 D LuxLevels: dark hysteresis constant= 0.2, threshold=43.106808, lux=53.88351
06-16 13:17:42.022  1161  1212 D LuxLevels: bright hysteresis constant= 0.1, threshold=66.60737, lux=60.552155
06-16 13:17:42.022  1161  1212 D LuxLevels: dark hysteresis constant= 0.2, threshold=48.441723, lux=60.552155
06-16 13:17:43.415  1161  1212 D LuxLevels: bright hysteresis constant= 0.1, threshold=73.33314, lux=66.66649
06-16 13:17:43.416  1161  1212 D LuxLevels: dark hysteresis constant= 0.2, threshold=53.33319, lux=66.66649
06-16 13:17:45.810  1161  1212 D LuxLevels: bright hysteresis constant= 0.1, threshold=81.02604, lux=73.660034
06-16 13:17:45.810  1161  1212 D LuxLevels: dark hysteresis constant= 0.2, threshold=58.92803, lux=73.660034
06-16 13:19:00.021  1161  1192 I ProcessStatsService: Prepared write state in 12ms
06-16 13:19:03.568  1161  1190 I ActivityManager: Start proc 16239:com.google.android.gm/u0a86 for service com.google.android.gm/.provider.MailSyncAdapterService
06-16 13:19:03.793 16239 16257 D ActivityThread: Loading provider com.google.android.gmail.provider;com.android.mail.notifier;com.google.android.gm.email.provider;com.google.android.gm.tasks.provider;com.google.android.gm.email.notifier: com.android.email.provider.EmailProvider
06-16 13:19:04.023  1161  2719 W ActivityManager: Unable to start service Intent { cmp=com.google.android.gm.exchange/com.android.exchange.service.EasService } U=0: not found
06-16 13:19:04.068  1161 14648 W ActivityManager: Unable to start service Intent { cmp=com.google.android.gm/com.android.email.service.AttachmentService } U=0: not found
06-16 13:19:04.097  1161 15250 W ActivityManager: Unable to start service Intent { cmp=com.google.android.gm.exchange/com.android.exchange.service.EasService } U=0: not found
06-16 13:19:15.364  1161  1192 I ActivityManager: Start proc 16328:com.skype.raider/u0a116 for broadcast com.skype.raider/com.google.android.gms.gcm.GcmReceiver
06-16 13:19:55.112  1161 14646 I ActivityManager: Killing 15525:com.tivophone.android.debug:acra/u0a136 (adj 906): empty #17
06-16 13:19:55.166  1161 15252 D ActivityManager: cleanUpApplicationRecord -- 15525
06-16 13:23:56.801  1161  1192 I ActivityManager: Start proc 16460:com.google.android.apps.maps/u0a76 for broadcast com.google.android.apps.maps/com.google.android.gms.gcm.GcmReceiver
06-16 13:23:57.083  1161  1818 D ConnectivityService: Returning unblocked NetworkInfo to uid=10076
06-16 13:23:58.444  1161  1190 I UsageStatsService: User[0] Flushing usage stats to disk
06-16 13:24:40.358  1161  2705 I ActivityManager: Killing 15298:com.google.android.keep/u0a103 (adj 906): empty #17
06-16 13:24:40.405  1161  1880 D ActivityManager: cleanUpApplicationRecord -- 15298
06-16 13:28:42.091  1161  1161 D ConditionProviders.SCP: onReceive android.intent.action.TIME_SET
06-16 13:28:42.128  1161  1192 I ActivityManager: Start proc 16662:com.google.android.calendar/u0a52 for broadcast com.google.android.calendar/com.android.calendar.widget.CalendarAppWidgetProvider
06-16 13:28:42.152  1161  1161 D ConditionProviders.SCP: notifyCondition condition://android/schedule?days=6.7&start=23.30&end=10.0&exitAtAlarm=false STATE_FALSE reason=!meetsSchedule
06-16 13:28:42.154  1161  1161 D ConditionProviders.SCP: notifyCondition condition://android/schedule?days=1.2.3.4.5&start=22.0&end=7.0&exitAtAlarm=false STATE_FALSE reason=!meetsSchedule
06-16 13:28:42.161  1161  1161 D ConditionProviders.SCP: Scheduling evaluate for Fri Jun 16 22:00:00 PDT 2017 (1497675600000), in +8h31m17s909ms, now=Fri Jun 16 13:28:42 PDT 2017 (1497644922091)
06-16 13:28:42.183  1161  1546 I ActivityManager: Start proc 16673:com.android.providers.calendar/u0a4 for content provider com.android.providers.calendar/.CalendarProvider2
06-16 13:28:42.185  1161  1161 D ConditionProviders.SCP: onReceive android.intent.action.TIME_SET
06-16 13:28:42.185  1161  1161 D ConditionProviders.SCP: notifyCondition condition://android/schedule?days=6.7&start=23.30&end=10.0&exitAtAlarm=false STATE_FALSE reason=!meetsSchedule
06-16 13:28:42.186  1161  1161 D ConditionProviders.SCP: notifyCondition condition://android/schedule?days=1.2.3.4.5&start=22.0&end=7.0&exitAtAlarm=false STATE_FALSE reason=!meetsSchedule
06-16 13:28:42.187  1161  1161 D ConditionProviders.SCP: Scheduling evaluate for Fri Jun 16 22:00:00 PDT 2017 (1497675600000), in +8h31m17s815ms, now=Fri Jun 16 13:28:42 PDT 2017 (1497644922185)
06-16 13:28:42.504  1161  1161 D ConditionProviders.SCP: onReceive android.app.action.NEXT_ALARM_CLOCK_CHANGED
06-16 13:28:42.504  1161  1161 D ConditionProviders.SCP: notifyCondition condition://android/schedule?days=6.7&start=23.30&end=10.0&exitAtAlarm=false STATE_FALSE reason=!meetsSchedule
06-16 13:28:42.504  1161  1161 D ConditionProviders.SCP: notifyCondition condition://android/schedule?days=1.2.3.4.5&start=22.0&end=7.0&exitAtAlarm=false STATE_FALSE reason=!meetsSchedule
06-16 13:28:42.510  1161  1161 D ConditionProviders.SCP: Scheduling evaluate for Fri Jun 16 22:00:00 PDT 2017 (1497675600000), in +8h31m17s496ms, now=Fri Jun 16 13:28:42 PDT 2017 (1497644922504)
06-16 13:28:42.618  1161  2720 I ActivityManager: Start proc 16720:com.motricity.verizon.ssodownloadable/u0a46 for broadcast com.motricity.verizon.ssodownloadable/com.motricity.verizon.ssoengine.library.OnTimeChangeReceiver
06-16 13:28:42.682  1161  1818 I ActivityManager: Start proc 16737:com.qualcomm.timeservice/1000 for broadcast com.qualcomm.timeservice/.TimeServiceBroadcastReceiver
06-16 13:28:42.686  1161  1881 I ActivityManager: Killing 15478:com.google.android.apps.gcs/u0a16 (adj 906): empty #17
06-16 13:28:42.708  1161 14643 D ActivityManager: cleanUpApplicationRecord -- 15478
06-16 13:28:42.751  1161  2719 I ActivityManager: Start proc 16753:com.google.android.keep/u0a103 for broadcast com.google.android.keep/.notification.AlertReceiver
06-16 13:28:42.752  1161  2719 I ActivityManager: Killing 15722:com.android.keychain/1000 (adj 906): empty #17
06-16 13:28:42.762  1161  2017 D ActivityManager: cleanUpApplicationRecord -- 15722
06-16 13:28:43.008  1161 15250 I ActivityManager: Killing 15808:com.google.android.partnersetup/u0a26 (adj 906): empty #17
06-16 13:28:43.069  1161  2701 D ActivityManager: cleanUpApplicationRecord -- 15808
06-16 13:28:43.116  1161  1161 D ConditionProviders.SCP: onReceive android.app.action.NEXT_ALARM_CLOCK_CHANGED
06-16 13:28:43.119  1161  1161 D ConditionProviders.SCP: notifyCondition condition://android/schedule?days=6.7&start=23.30&end=10.0&exitAtAlarm=false STATE_FALSE reason=!meetsSchedule
06-16 13:28:43.119  1161  1161 D ConditionProviders.SCP: notifyCondition condition://android/schedule?days=1.2.3.4.5&start=22.0&end=7.0&exitAtAlarm=false STATE_FALSE reason=!meetsSchedule
06-16 13:28:43.121  1161  1161 D ConditionProviders.SCP: Scheduling evaluate for Fri Jun 16 22:00:00 PDT 2017 (1497675600000), in +8h31m16s884ms, now=Fri Jun 16 13:28:43 PDT 2017 (1497644923116)
06-16 13:28:43.304  1161  1181 I ActivityManager: Start proc 16779:com.android.cellbroadcastreceiver/u0a6 for broadcast com.android.cellbroadcastreceiver/.CellBroadcastReceiver
06-16 13:28:46.077  1161  1161 D ConditionProviders.SCP: onReceive android.intent.action.TIME_SET
06-16 13:28:46.109  1161  1161 D ConditionProviders.SCP: notifyCondition condition://android/schedule?days=6.7&start=23.30&end=10.0&exitAtAlarm=false STATE_FALSE reason=!meetsSchedule
06-16 13:28:46.110  1161  1161 D ConditionProviders.SCP: notifyCondition condition://android/schedule?days=1.2.3.4.5&start=22.0&end=7.0&exitAtAlarm=false STATE_FALSE reason=!meetsSchedule
06-16 13:28:46.125  1161  1161 D ConditionProviders.SCP: Scheduling evaluate for Fri Jun 16 22:00:00 PDT 2017 (1497675600000), in +8h31m13s923ms, now=Fri Jun 16 13:28:46 PDT 2017 (1497644926077)
06-16 13:28:46.175  1161  1161 D ConditionProviders.SCP: onReceive android.app.action.NEXT_ALARM_CLOCK_CHANGED
06-16 13:28:46.175  1161  1161 D ConditionProviders.SCP: notifyCondition condition://android/schedule?days=6.7&start=23.30&end=10.0&exitAtAlarm=false STATE_FALSE reason=!meetsSchedule
06-16 13:28:46.178  1161  1161 D ConditionProviders.SCP: notifyCondition condition://android/schedule?days=1.2.3.4.5&start=22.0&end=7.0&exitAtAlarm=false STATE_FALSE reason=!meetsSchedule
06-16 13:28:46.181  1161  1161 D ConditionProviders.SCP: Scheduling evaluate for Fri Jun 16 22:00:00 PDT 2017 (1497675600000), in +8h31m13s825ms, now=Fri Jun 16 13:28:46 PDT 2017 (1497644926175)
06-16 13:28:47.703  1161  5152 I ActivityManager: Killing 15737:com.android.musicfx/u0a30 (adj 906): empty #17
06-16 13:28:47.724  1161  1598 D ActivityManager: cleanUpApplicationRecord -- 15737
06-16 13:28:56.073  1161  1161 D ConditionProviders.SCP: onReceive android.intent.action.TIME_SET
06-16 13:28:56.087  1161  1161 D ConditionProviders.SCP: notifyCondition condition://android/schedule?days=6.7&start=23.30&end=10.0&exitAtAlarm=false STATE_FALSE reason=!meetsSchedule
06-16 13:28:56.112  1161  1161 D ConditionProviders.SCP: notifyCondition condition://android/schedule?days=1.2.3.4.5&start=22.0&end=7.0&exitAtAlarm=false STATE_FALSE reason=!meetsSchedule
06-16 13:28:56.115  1161  1161 D ConditionProviders.SCP: Scheduling evaluate for Fri Jun 16 22:00:00 PDT 2017 (1497675600000), in +8h31m3s926ms, now=Fri Jun 16 13:28:56 PDT 2017 (1497644936074)
06-16 13:28:56.246  1161  1161 D ConditionProviders.SCP: onReceive android.app.action.NEXT_ALARM_CLOCK_CHANGED
06-16 13:28:56.246  1161  1161 D ConditionProviders.SCP: notifyCondition condition://android/schedule?days=6.7&start=23.30&end=10.0&exitAtAlarm=false STATE_FALSE reason=!meetsSchedule
06-16 13:28:56.247  1161  1161 D ConditionProviders.SCP: notifyCondition condition://android/schedule?days=1.2.3.4.5&start=22.0&end=7.0&exitAtAlarm=false STATE_FALSE reason=!meetsSchedule
06-16 13:28:56.249  1161  1161 D ConditionProviders.SCP: Scheduling evaluate for Fri Jun 16 22:00:00 PDT 2017 (1497675600000), in +8h31m3s754ms, now=Fri Jun 16 13:28:56 PDT 2017 (1497644936246)
06-16 13:28:57.625  1161  1192 I ActivityManager: Waited long enough for: ServiceRecord{32a0457 u0 com.google.android.deskclock/com.android.deskclock.WearableSyncService}
06-16 13:28:58.061  1161  1161 D ConditionProviders.SCP: onReceive android.intent.action.TIME_SET
06-16 13:28:58.104  1161  1161 D ConditionProviders.SCP: notifyCondition condition://android/schedule?days=6.7&start=23.30&end=10.0&exitAtAlarm=false STATE_FALSE reason=!meetsSchedule
06-16 13:28:58.105  1161  1161 D ConditionProviders.SCP: notifyCondition condition://android/schedule?days=1.2.3.4.5&start=22.0&end=7.0&exitAtAlarm=false STATE_FALSE reason=!meetsSchedule
