06-16 13:28:58.124  1161  1161 D ConditionProviders.SCP: Scheduling evaluate for Fri Jun 16 22:00:00 PDT 2017 (1497675600000), in +8h31m1s939ms, now=Fri Jun 16 13:28:58 PDT 2017 (1497644938061)
06-16 13:28:58.262  1161  1161 D ConditionProviders.SCP: onReceive android.app.action.NEXT_ALARM_CLOCK_CHANGED
06-16 13:28:58.263  1161  1161 D ConditionProviders.SCP: notifyCondition condition://android/schedule?days=6.7&start=23.30&end=10.0&exitAtAlarm=false STATE_FALSE reason=!meetsSchedule
06-16 13:28:58.267  1161  1161 D ConditionProviders.SCP: notifyCondition condition://android/schedule?days=1.2.3.4.5&start=22.0&end=7.0&exitAtAlarm=false STATE_FALSE reason=!meetsSchedule
06-16 13:28:58.268  1161  1161 D ConditionProviders.SCP: Scheduling evaluate for Fri Jun 16 22:00:00 PDT 2017 (1497675600000), in +8h31m1s738ms, now=Fri Jun 16 13:28:58 PDT 2017 (1497644938262)
06-16 13:29:04.983  1161  1161 I ActivityManager: Killing 15830:com.google.android.apps.photos/u0a82 (adj 906): empty #17
06-16 13:29:05.096  1161  2734 D ActivityManager: cleanUpApplicationRecord -- 15830
06-16 13:29:06.086  1161  1161 D ConditionProviders.SCP: onReceive android.intent.action.TIME_SET
06-16 13:29:06.097  1161  1161 D ConditionProviders.SCP: notifyCondition condition://android/schedule?days=6.7&start=23.30&end=10.0&exitAtAlarm=false STATE_FALSE reason=!meetsSchedule
06-16 13:29:06.098  1161  1161 D ConditionProviders.SCP: notifyCondition condition://android/schedule?days=1.2.3.4.5&start=22.0&end=7.0&exitAtAlarm=false STATE_FALSE reason=!meetsSchedule
06-16 13:29:06.101  1161  1161 D ConditionProviders.SCP: Scheduling evaluate for Fri Jun 16 22:00:00 PDT 2017 (1497675600000), in +8h30m53s914ms, now=Fri Jun 16 13:29:06 PDT 2017 (1497644946086)
06-16 13:29:06.198  1161  1161 D ConditionProviders.SCP: onReceive android.app.action.NEXT_ALARM_CLOCK_CHANGED
06-16 13:29:06.202  1161  1161 D ConditionProviders.SCP: notifyCondition condition://android/schedule?days=6.7&start=23.30&end=10.0&exitAtAlarm=false STATE_FALSE reason=!meetsSchedule
06-16 13:29:06.202  1161  1161 D ConditionProviders.SCP: notifyCondition condition://android/schedule?days=1.2.3.4.5&start=22.0&end=7.0&exitAtAlarm=false STATE_FALSE reason=!meetsSchedule
06-16 13:29:06.204  1161  1161 D ConditionProviders.SCP: Scheduling evaluate for Fri Jun 16 22:00:00 PDT 2017 (1497675600000), in +8h30m53s802ms, now=Fri Jun 16 13:29:06 PDT 2017 (1497644946198)
06-16 13:29:08.050  1161  1161 D ConditionProviders.SCP: onReceive android.intent.action.TIME_SET
06-16 13:29:08.084  1161  1161 D ConditionProviders.SCP: notifyCondition condition://android/schedule?days=6.7&start=23.30&end=10.0&exitAtAlarm=false STATE_FALSE reason=!meetsSchedule
06-16 13:29:08.085  1161  1161 D ConditionProviders.SCP: notifyCondition condition://android/schedule?days=1.2.3.4.5&start=22.0&end=7.0&exitAtAlarm=false STATE_FALSE reason=!meetsSchedule
06-16 13:29:08.106  1161  1161 D ConditionProviders.SCP: Scheduling evaluate for Fri Jun 16 22:00:00 PDT 2017 (1497675600000), in +8h30m51s950ms, now=Fri Jun 16 13:29:08 PDT 2017 (1497644948050)
06-16 13:29:08.157  1161  1161 D ConditionProviders.SCP: onReceive android.app.action.NEXT_ALARM_CLOCK_CHANGED
06-16 13:29:08.157  1161  1161 D ConditionProviders.SCP: notifyCondition condition://android/schedule?days=6.7&start=23.30&end=10.0&exitAtAlarm=false STATE_FALSE reason=!meetsSchedule
06-16 13:29:08.157  1161  1161 D ConditionProviders.SCP: notifyCondition condition://android/schedule?days=1.2.3.4.5&start=22.0&end=7.0&exitAtAlarm=false STATE_FALSE reason=!meetsSchedule
06-16 13:29:08.161  1161  1161 D ConditionProviders.SCP: Scheduling evaluate for Fri Jun 16 22:00:00 PDT 2017 (1497675600000), in +8h30m51s843ms, now=Fri Jun 16 13:29:08 PDT 2017 (1497644948157)
06-16 13:29:29.319  1161  1549 I ActivityManager: Start proc 17020:com.google.android.gms.ui/u0a18 for service com.google.android.gms/.chimera.UiIntentOperationService
06-16 13:29:29.363  1161 14643 I ActivityManager: Start proc 17032:com.google.android.dialer/u0a21 for broadcast com.google.android.dialer/com.google.android.apps.dialer.phenotype.UpdateBroadcastReceiver
06-16 13:29:30.096  1161  1180 I ActivityManager: Start proc 17073:com.google.android.apps.photos/u0a82 for broadcast com.google.android.apps.photos/.experiments.phenotype.full.PhenotypeUpdateBroadcastReceiver
06-16 13:29:30.212  1161  2715 I ActivityManager: Killing 15777:com.verizon.vzwavs/u0a111 (adj 906): empty #17
06-16 13:29:30.238  1161  1180 D ActivityManager: cleanUpApplicationRecord -- 15777
06-16 13:29:30.461  1161  1524 I ActivityManager: Start proc 17099:com.yelp.android/u0a132 for service com.yelp.android/.services.backgroundlocation.WatchDogTimerService
06-16 13:29:30.938  1161  2705 D ConnectivityService: Returning unblocked NetworkInfo to uid=10132
06-16 13:29:30.966  1161 14650 I ActivityManager: Killing 15860:com.creditkarma.mobile/u0a154 (adj 906): empty #17
06-16 13:29:31.004  1161  2017 D ActivityManager: cleanUpApplicationRecord -- 15860
06-16 13:29:31.306  1161  2707 I ActivityManager: Start proc 17176:android.process.media/u0a13 for content provider com.android.providers.downloads/.DownloadProvider
06-16 13:29:36.942  1161  1880 I ActivityManager: Killing 14492:com.android.printspooler/u0a87 (adj 906): empty #17
06-16 13:29:36.985  1161  2715 D ActivityManager: cleanUpApplicationRecord -- 14492
06-16 13:29:40.883  1161  2715 I ActivityManager: Killing 14321:com.android.defcontainer/u0a11 (adj 906): empty #17
06-16 13:29:40.927  1161  2701 D ActivityManager: cleanUpApplicationRecord -- 14321
06-16 13:29:43.591  1161  2719 D ConnectivityService: Returning unblocked NetworkInfo to uid=10082
06-16 13:30:04.736  1161  1598 I ActivityManager: Killing 14207:com.google.android.apps.fireball/u0a102 (adj 906): empty #17
06-16 13:30:04.760  1161  2719 D ConnectivityService: ConnectivityService NetworkRequestInfo binderDied(NetworkRequest [ LISTEN id=597, [ Capabilities: INTERNET&NOT_RESTRICTED&TRUSTED&FOREGROUND] ], android.os.BinderProxy@c5f8ba6)
06-16 13:30:04.761  1161 15250 D ActivityManager: cleanUpApplicationRecord -- 14207
06-16 13:30:04.762  1161  1540 E ConnectivityService: RemoteException caught trying to send a callback msg for NetworkRequest [ LISTEN id=597, [ Capabilities: INTERNET&NOT_RESTRICTED&TRUSTED&FOREGROUND] ]
06-16 13:30:05.706  1161  1225 I ActivityManager: Start proc 17248:com.android.defcontainer/u0a11 for service com.android.defcontainer/.DefaultContainerService
06-16 13:30:05.837  1161  1225 W PackageParser: Unknown element under <manifest>: meta-data at /data/app/vmdl691537957.tmp/base.apk Binary XML file line #14
06-16 13:30:07.129  1161  1192 I ActivityManager: Force stopping com.samsung.mygallery.app appid=10167 user=-1: installPackageLI
06-16 13:30:07.130  1161  1192 I ActivityManager: Killing 16198:com.samsung.mygallery.app/u0a167 (adj 0): stop com.samsung.mygallery.app
06-16 13:30:07.132  1161  1192 D ActivityManager: cleanUpApplicationRecord -- 16198
06-16 13:30:07.151  1161  1192 W ActivityManager: Force removing ActivityRecord{77de52 u0 com.samsung.mygallery.app/.MainActivity t6009}: app died, no saved state
06-16 13:30:07.228  1161  5151 W WindowManager: Failed looking up window
06-16 13:30:07.228  1161  5151 W WindowManager: java.lang.IllegalArgumentException: Requested window android.os.BinderProxy@45ba76f does not exist
06-16 13:30:07.228  1161  5151 W WindowManager: 	at com.android.server.wm.WindowManagerService.windowForClientLocked(WindowManagerService.java:9415)
06-16 13:30:07.228  1161  5151 W WindowManager: 	at com.android.server.wm.WindowManagerService.windowForClientLocked(WindowManagerService.java:9406)
06-16 13:30:07.228  1161  5151 W WindowManager: 	at com.android.server.wm.WindowState$DeathRecipient.binderDied(WindowState.java:1800)
06-16 13:30:07.228  1161  5151 W WindowManager: 	at android.os.BinderProxy.sendDeathNotice(Binder.java:688)
06-16 13:30:07.228  1161  5151 I WindowManager: WIN DEATH: null
06-16 13:30:07.427  1161  1225 I PackageManager: Package com.samsung.mygallery.app codePath changed from /data/app/com.samsung.mygallery.app-2 to /data/app/com.samsung.mygallery.app-1; Retaining data and using new
06-16 13:30:07.429  1161  1225 W PackageManager: Code path for com.samsung.mygallery.app changing from /data/app/com.samsung.mygallery.app-2 to /data/app/com.samsung.mygallery.app-1
06-16 13:30:07.429  1161  1225 W PackageManager: Resource path for com.samsung.mygallery.app changing from /data/app/com.samsung.mygallery.app-2 to /data/app/com.samsung.mygallery.app-1
06-16 13:30:08.298  1161  1225 I ActivityManager: Force stopping com.samsung.mygallery.app appid=10167 user=0: pkg removed
06-16 13:30:08.335  1161  1225 W ActivityManager: Skipping broadcast of Intent { act=android.intent.action.PACKAGE_REMOVED dat=package:com.samsung.mygallery.app flg=0x4000010 (has extras) }: user 10 is stopped
06-16 13:30:08.356  1161  1225 W ActivityManager: Skipping broadcast of Intent { act=android.intent.action.PACKAGE_ADDED dat=package:com.samsung.mygallery.app flg=0x4000010 (has extras) }: user 10 is stopped
06-16 13:30:08.374  1161  1225 W ActivityManager: Skipping broadcast of Intent { act=android.intent.action.PACKAGE_REPLACED dat=package:com.samsung.mygallery.app flg=0x4000010 (has extras) }: user 10 is stopped
06-16 13:30:08.387  1161  1225 W ActivityManager: Skipping broadcast of Intent { act=android.intent.action.MY_PACKAGE_REPLACED flg=0x4000010 pkg=com.samsung.mygallery.app (has extras) }: user 10 is stopped
06-16 13:30:08.572  1161  1190 I ActivityManager: Start proc 17273:com.android.printspooler/u0a87 for service com.android.printspooler/.model.PrintSpoolerService
06-16 13:30:09.189  1161  2718 I ActivityManager: START u0 {act=android.intent.action.MAIN cat=[android.intent.category.LAUNCHER] flg=0x10200000 cmp=com.samsung.mygallery.app/.MainActivity bnds=[437,929][644,1207] (has extras)} from uid 10031 on display 0
06-16 13:30:09.229  1161 14649 I ActivityManager: Start proc 17293:com.samsung.mygallery.app/u0a167 for activity com.samsung.mygallery.app/.MainActivity
06-16 13:30:10.802  1161  1212 D LuxLevels: bright hysteresis constant= 0.1, threshold=52.85565, lux=48.05059
06-16 13:30:10.802  1161  1212 D LuxLevels: dark hysteresis constant= 0.2, threshold=38.44047, lux=48.05059
06-16 13:30:13.667  1161 14643 I ActivityManager: Killing 15755:android.process.acore/u0a3 (adj 906): empty #17
06-16 13:30:13.743  1161  1549 D ActivityManager: cleanUpApplicationRecord -- 15755
06-16 13:30:14.442  1161  1161 W WindowManager: Attempted to remove non-existing token: android.os.Binder@b5f109d
06-16 13:30:15.863  1161 14643 I ActivityManager: Killing 15913:com.instagram.android/u0a117 (adj 906): empty #17
06-16 13:30:15.894  1161 14644 D ActivityManager: cleanUpApplicationRecord -- 15913
06-16 13:30:36.902  1161  1181 I ActivityManager: Start proc 17345:com.android.keychain/1000 for broadcast com.android.keychain/.KeyChainBroadcastReceiver
06-16 13:30:37.024 17345 17345 W ContextImpl: Calling a method in the system process without a qualified user: android.app.ContextImpl.startService:1357 android.content.ContextWrapper.startService:613 android.content.ContextWrapper.startService:613 com.android.keychain.KeyChainBroadcastReceiver.onReceive:12 android.app.ActivityThread.handleReceiver:3041 
06-16 13:30:37.047  1161 15249 I ActivityManager: Start proc 17361:com.android.musicfx/u0a30 for broadcast com.android.musicfx/.Compatibility$Receiver
06-16 13:30:37.055  1161  1180 I ActivityManager: Killing 16328:com.skype.raider/u0a116 (adj 906): empty #17
06-16 13:30:37.087  1161 14646 D ActivityManager: cleanUpApplicationRecord -- 16328
06-16 13:30:37.142  1161  2701 I ActivityManager: Start proc 17378:android.process.acore/u0a3 for broadcast com.android.providers.contacts/.PackageIntentReceiver
06-16 13:30:37.152  1161 14648 I ActivityManager: Killing 16460:com.google.android.apps.maps/u0a76 (adj 906): empty #17
06-16 13:30:37.180  1161 15252 D ConnectivityService: ConnectivityService NetworkRequestInfo binderDied(NetworkRequest [ LISTEN id=600, [ Capabilities: INTERNET&NOT_RESTRICTED&TRUSTED&FOREGROUND] ], android.os.BinderProxy@b4aa37a)
06-16 13:30:37.182  1161  1540 E ConnectivityService: RemoteException caught trying to send a callback msg for NetworkRequest [ LISTEN id=600, [ Capabilities: INTERNET&NOT_RESTRICTED&TRUSTED&FOREGROUND] ]
06-16 13:30:37.183  1161 15252 D ActivityManager: cleanUpApplicationRecord -- 16460
06-16 13:30:37.294  1161  2720 I ActivityManager: Killing 16239:com.google.android.gm/u0a86 (adj 906): empty #17
06-16 13:30:37.319  1161 15252 D ActivityManager: cleanUpApplicationRecord -- 16239
06-16 13:30:37.359  1161  2718 I ActivityManager: Start proc 17408:com.verizon.vzwavs/u0a111 for broadcast com.verizon.vzwavs/.WakeupReceiver
06-16 13:30:37.473  1161 14650 I ActivityManager: Killing 16662:com.google.android.calendar/u0a52 (adj 906): empty #17
06-16 13:30:37.488  1161  2705 D ActivityManager: cleanUpApplicationRecord -- 16662
06-16 13:30:37.541  1161  1818 I ActivityManager: Start proc 17430:com.google.android.partnersetup/u0a26 for broadcast com.google.android.partnersetup/.RlzPingBroadcastReceiver
06-16 13:30:37.745  1161  5152 I ActivityManager: Start proc 17455:com.creditkarma.mobile/u0a154 for broadcast com.creditkarma.mobile/.push.AppUpgradeReceiver
06-16 13:30:38.272  1161  1880 I ActivityManager: Killing 16720:com.motricity.verizon.ssodownloadable/u0a46 (adj 906): empty #17
06-16 13:30:38.297  1161  1880 I ActivityManager: Start proc 17509:com.instagram.android/u0a117 for broadcast com.instagram.android/com.instagram.selfupdate.SelfUpdateUpgradeEventReceiver
06-16 13:30:38.298  1161 15249 D ActivityManager: cleanUpApplicationRecord -- 16720
06-16 13:30:38.777  1161 14512 I ActivityManager: Start proc 17552:com.google.android.apps.gcs/u0a16 for broadcast com.google.android.apps.gcs/.steen.receiver.ScoreNetworksReceiver
06-16 13:30:39.758  1161  1181 I ActivityManager: Killing 16737:com.qualcomm.timeservice/1000 (adj 906): empty #17
06-16 13:30:39.776  1161  2719 D ActivityManager: cleanUpApplicationRecord -- 16737
06-16 13:30:40.124  1161  1212 D LuxLevels: bright hysteresis constant= 0.1, threshold=58.164516, lux=52.87683
06-16 13:30:40.124  1161  1212 D LuxLevels: dark hysteresis constant= 0.2, threshold=42.301464, lux=52.87683
06-16 13:30:44.141  1161  2017 D ConnectivityService: pendingRequest for uid/pid:10016/17552 NetworkRequest [ REQUEST id=601, [ Transports: WIFI Capabilities: INTERNET&NOT_RESTRICTED&NOT_VPN] ] to trigger PendingIntent{87daf3e: PendingIntentRecord{dcb19f com.google.android.apps.gcs broadcastIntent}}
06-16 13:30:44.156  1161  1540 D ConnectivityService: Sending PendingIntent{87daf3e: PendingIntentRecord{dcb19f com.google.android.apps.gcs broadcastIntent}}
06-16 13:30:44.195  1161  1161 D ConnectivityService: Finished sending PendingIntent{87daf3e: PendingIntentRecord{dcb19f com.google.android.apps.gcs broadcastIntent}}
06-16 13:30:44.210  1161 14643 D ConnectivityService: requestNetwork for uid/pid:10016/17552 NetworkRequest [ REQUEST id=602, [ Transports: WIFI Capabilities: INTERNET&NOT_RESTRICTED&NOT_VPN] ]
06-16 13:30:44.281  1161  1540 D ConnectivityService: releasing NetworkRequest [ REQUEST id=602, [ Transports: WIFI Capabilities: INTERNET&NOT_RESTRICTED&NOT_VPN] ]
06-16 13:30:48.072  1161  2734 I ActivityManager: Killing 16779:com.android.cellbroadcastreceiver/u0a6 (adj 906): empty #17
06-16 13:30:48.115  1161  1598 D ActivityManager: cleanUpApplicationRecord -- 16779
06-16 13:30:49.201  1161  1540 D ConnectivityService: releasing NetworkRequest [ REQUEST id=601, [ Transports: WIFI Capabilities: INTERNET&NOT_RESTRICTED&NOT_VPN] ]
06-16 13:30:59.965  1161  5151 I ActivityManager: Killing 16753:com.google.android.keep/u0a103 (adj 906): empty #17
06-16 13:30:59.966  1161  5151 I ActivityManager: Killing 16673:com.android.providers.calendar/u0a4 (adj 906): empty #18
06-16 13:31:00.077  1161  2718 D ActivityManager: cleanUpApplicationRecord -- 16673
06-16 13:31:00.089  1161 14644 D ActivityManager: cleanUpApplicationRecord -- 16753
06-16 13:31:11.654  1161  1212 D LuxLevels: bright hysteresis constant= 0.1, threshold=68.11597, lux=61.923607
06-16 13:31:11.655  1161  1212 D LuxLevels: dark hysteresis constant= 0.2, threshold=49.538887, lux=61.923607
06-16 13:31:13.848  1161  1212 D LuxLevels: bright hysteresis constant= 0.1, threshold=75.60666, lux=68.73332
06-16 13:31:13.849  1161  1212 D LuxLevels: dark hysteresis constant= 0.2, threshold=54.98666, lux=68.73332
06-16 13:31:15.433  1161 14512 D ConnectivityService: pendingRequest for uid/pid:10016/17552 NetworkRequest [ REQUEST id=603, [ Transports: WIFI Capabilities: INTERNET&NOT_RESTRICTED&NOT_VPN] ] to trigger PendingIntent{2728d69: PendingIntentRecord{a1263ee com.google.android.apps.gcs broadcastIntent}}
06-16 13:31:15.439  1161  1540 D ConnectivityService: Sending PendingIntent{2728d69: PendingIntentRecord{a1263ee com.google.android.apps.gcs broadcastIntent}}
06-16 13:31:15.488  1161  1161 D ConnectivityService: Finished sending PendingIntent{2728d69: PendingIntentRecord{a1263ee com.google.android.apps.gcs broadcastIntent}}
06-16 13:31:15.499  1161  1549 D ConnectivityService: requestNetwork for uid/pid:10016/17552 NetworkRequest [ REQUEST id=604, [ Transports: WIFI Capabilities: INTERNET&NOT_RESTRICTED&NOT_VPN] ]
06-16 13:31:15.545  1161  1540 D ConnectivityService: releasing NetworkRequest [ REQUEST id=604, [ Transports: WIFI Capabilities: INTERNET&NOT_RESTRICTED&NOT_VPN] ]
06-16 13:31:17.833  1161  1212 D LuxLevels: bright hysteresis constant= 0.1, threshold=83.250305, lux=75.68209
06-16 13:31:17.833  1161  1212 D LuxLevels: dark hysteresis constant= 0.2, threshold=60.545673, lux=75.68209
06-16 13:31:20.494  1161  1540 D ConnectivityService: releasing NetworkRequest [ REQUEST id=603, [ Transports: WIFI Capabilities: INTERNET&NOT_RESTRICTED&NOT_VPN] ]
06-16 13:32:33.131  1161  5151 I ActivityManager: Start proc 17644:com.google.android.apps.fireball/u0a102 for service com.google.android.apps.fireball/.tasks.ScheduledTaskService
06-16 13:32:33.166  1161  1190 I ActivityManager: Start proc 17652:com.google.android.gm/u0a86 for service com.google.android.gm/.provider.MailSyncAdapterService
06-16 13:32:33.327 17652 17689 D ActivityThread: Loading provider com.google.android.gmail.provider;com.android.mail.notifier;com.google.android.gm.email.provider;com.google.android.gm.tasks.provider;com.google.android.gm.email.notifier: com.android.email.provider.EmailProvider
06-16 13:32:33.442  1161 15251 W ActivityManager: Unable to start service Intent { cmp=com.google.android.gm.exchange/com.android.exchange.service.EasService } U=0: not found
06-16 13:32:33.616  1161 14644 W ActivityManager: Unable to start service Intent { cmp=com.google.android.gm/com.android.email.service.AttachmentService } U=0: not found
06-16 13:32:48.848  1161  1192 I ActivityManager: Waited long enough for: ServiceRecord{6217941 u0 com.google.android.apps.fireball/.networkservice.NetworkServiceImpl}
06-16 13:33:00.014  1161  1161 I ActivityManager: Killing 17020:com.google.android.gms.ui/u0a18 (adj 906): empty #17
06-16 13:33:00.114  1161  2701 D ActivityManager: cleanUpApplicationRecord -- 17020
06-16 13:33:04.205  1161 10439 I ActivityManager: Killing 17032:com.google.android.dialer/u0a21 (adj 906): empty #17
06-16 13:33:04.264  1161  2720 D ActivityManager: cleanUpApplicationRecord -- 17032
06-16 13:33:39.700  1161  1192 I ActivityManager: Waited long enough for: ServiceRecord{f80bf85 u0 com.google.android.apps.fireball/.networkservice.NetworkServiceImpl}
06-16 13:34:15.972  1161  1192 I ActivityManager: Waited long enough for: ServiceRecord{6a3f7e u0 com.google.android.apps.fireball/.networkservice.NetworkServiceImpl}
06-16 13:34:46.144  1161  1192 I ActivityManager: Waited long enough for: ServiceRecord{94993f5 u0 com.google.android.apps.fireball/.networkservice.NetworkServiceImpl}
06-16 13:35:16.384  1161  1192 I ActivityManager: Waited long enough for: ServiceRecord{26c7a71 u0 com.google.android.apps.fireball/.networkservice.NetworkServiceImpl}
06-16 13:35:56.711  1161  1192 I ActivityManager: Waited long enough for: ServiceRecord{8010daf u0 com.google.android.apps.fireball/.networkservice.NetworkServiceImpl}
06-16 13:36:06.063  1161 14650 I ActivityManager: Start proc 17833:com.tivophone.android.debug/u0a136 for broadcast com.tivophone.android.debug/com.tivo.net.NetworkStatusMonitor
06-16 13:36:06.101 17833 17833 W ActivityThread: Application com.tivophone.android.debug can be debugged on port 8100...
06-16 13:36:06.262  1161  2701 I ActivityManager: Start proc 17850:com.tivophone.android.debug:acra/u0a136 for service com.tivophone.android.debug/org.acra.sender.SenderService
06-16 13:36:06.555  1161 15252 I ActivityManager: Killing 17099:com.yelp.android/u0a132 (adj 906): empty #17
06-16 13:36:06.575  1161  2718 D ActivityManager: cleanUpApplicationRecord -- 17099
06-16 13:36:11.792  1161  1598 I ActivityManager: Killing 17273:com.android.printspooler/u0a87 (adj 906): empty #17
06-16 13:36:11.839  1161 14645 D ActivityManager: cleanUpApplicationRecord -- 17273
06-16 13:36:27.176  1161  1192 I ActivityManager: Waited long enough for: ServiceRecord{2c234d8 u0 com.google.android.apps.fireball/.networkservice.NetworkServiceImpl}
06-16 13:37:11.183  1161  1192 I ActivityManager: Waited long enough for: ServiceRecord{2322bfa u0 com.google.android.apps.fireball/.networkservice.NetworkServiceImpl}
06-16 13:38:23.591  1161  1192 I ActivityManager: Waited long enough for: ServiceRecord{542f086 u0 com.google.android.apps.fireball/.networkservice.NetworkServiceImpl}
06-16 13:39:33.277  1161  1225 W PackageParser: Unknown element under <manifest>: meta-data at /data/app/vmdl1951846545.tmp/base.apk Binary XML file line #14
06-16 13:39:34.151  1161  1192 I ActivityManager: Force stopping com.samsung.mygallery.app appid=10167 user=-1: installPackageLI
06-16 13:39:34.152  1161  1192 I ActivityManager: Killing 17293:com.samsung.mygallery.app/u0a167 (adj 0): stop com.samsung.mygallery.app
06-16 13:39:34.153  1161  1192 D ActivityManager: cleanUpApplicationRecord -- 17293
06-16 13:39:34.154  1161  1192 W ActivityManager: Force removing ActivityRecord{75f17f1 u0 com.samsung.mygallery.app/.MainActivity t6010}: app died, no saved state
06-16 13:39:34.238  1161  1225 I PackageManager: Package com.samsung.mygallery.app codePath changed from /data/app/com.samsung.mygallery.app-1 to /data/app/com.samsung.mygallery.app-2; Retaining data and using new
06-16 13:39:34.238  1161  1225 W PackageManager: Code path for com.samsung.mygallery.app changing from /data/app/com.samsung.mygallery.app-1 to /data/app/com.samsung.mygallery.app-2
06-16 13:39:34.238  1161  1225 W PackageManager: Resource path for com.samsung.mygallery.app changing from /data/app/com.samsung.mygallery.app-1 to /data/app/com.samsung.mygallery.app-2
06-16 13:39:34.600  1161  1225 I ActivityManager: Force stopping com.samsung.mygallery.app appid=10167 user=0: pkg removed
06-16 13:39:34.616 17345 17345 W ContextImpl: Calling a method in the system process without a qualified user: android.app.ContextImpl.startService:1357 android.content.ContextWrapper.startService:613 android.content.ContextWrapper.startService:613 com.android.keychain.KeyChainBroadcastReceiver.onReceive:12 android.app.ActivityThread.handleReceiver:3041 
06-16 13:39:34.649  1161  1225 W ActivityManager: Skipping broadcast of Intent { act=android.intent.action.PACKAGE_REMOVED dat=package:com.samsung.mygallery.app flg=0x4000010 (has extras) }: user 10 is stopped
06-16 13:39:34.677  1161  1225 W ActivityManager: Skipping broadcast of Intent { act=android.intent.action.PACKAGE_ADDED dat=package:com.samsung.mygallery.app flg=0x4000010 (has extras) }: user 10 is stopped
06-16 13:39:34.741  1161  1225 W ActivityManager: Skipping broadcast of Intent { act=android.intent.action.PACKAGE_REPLACED dat=package:com.samsung.mygallery.app flg=0x4000010 (has extras) }: user 10 is stopped
06-16 13:39:34.774  1161  1225 W ActivityManager: Skipping broadcast of Intent { act=android.intent.action.MY_PACKAGE_REPLACED flg=0x4000010 pkg=com.samsung.mygallery.app (has extras) }: user 10 is stopped
06-16 13:39:35.398  1161  1190 I ActivityManager: Start proc 18018:com.android.printspooler/u0a87 for service com.android.printspooler/.model.PrintSpoolerService
06-16 13:39:37.048  1161  1549 I ActivityManager: START u0 {act=android.intent.action.MAIN cat=[android.intent.category.LAUNCHER] flg=0x10200000 cmp=com.samsung.mygallery.app/.MainActivity bnds=[437,929][644,1207] (has extras)} from uid 10031 on display 0
06-16 13:39:37.099  1161 14648 I ActivityManager: Start proc 18037:com.samsung.mygallery.app/u0a167 for activity com.samsung.mygallery.app/.MainActivity
06-16 13:39:39.664  1161  1212 D LuxLevels: bright hysteresis constant= 0.1, threshold=61.86599, lux=56.241806
06-16 13:39:39.664  1161  1212 D LuxLevels: dark hysteresis constant= 0.2, threshold=44.993446, lux=56.241806
06-16 13:39:40.790  1161  1818 I ActivityManager: START u0 {cmp=com.samsung.mygallery.app/.AlbumActivity (has extras)} from uid 10167 on display 0
06-16 13:39:45.281  1161 15249 I ActivityManager: Killing 17176:android.process.media/u0a13 (adj 906): empty #17
06-16 13:39:45.299  1161  1818 D ActivityManager: cleanUpApplicationRecord -- 17176
06-16 13:39:51.503  1161  1161 W WindowManager: Attempted to remove non-existing token: android.os.Binder@27dbdba
06-16 13:40:00.272  1161  1161 W WindowManager: Attempted to remove non-existing token: android.os.Binder@d156d10
06-16 13:40:03.402  1161  1212 D LuxLevels: bright hysteresis constant= 0.1, threshold=68.119225, lux=61.926563
06-16 13:40:03.402  1161  1212 D LuxLevels: dark hysteresis constant= 0.2, threshold=49.541252, lux=61.926563
06-16 13:40:07.991  1161  1212 D LuxLevels: bright hysteresis constant= 0.1, threshold=74.93415, lux=68.121956
06-16 13:40:07.991  1161  1212 D LuxLevels: dark hysteresis constant= 0.2, threshold=54.497566, lux=68.121956
06-16 13:40:32.811  1161  1192 I ActivityManager: Waited long enough for: ServiceRecord{44c4a3c u0 com.google.android.apps.fireball/.networkservice.NetworkServiceImpl}
06-16 13:44:18.132  1161  1161 W WindowManager: Attempted to remove non-existing token: android.os.Binder@ff492fc
06-16 13:44:56.145  1161  1192 I ActivityManager: Waited long enough for: ServiceRecord{debe1f5 u0 com.google.android.apps.fireball/.networkservice.NetworkServiceImpl}
06-16 13:45:05.775  1161  1190 I UsageStatsService: User[0] Flushing usage stats to disk
06-16 13:46:01.095  1161  1161 D ConditionProviders.SCP: onReceive android.intent.action.TIME_SET
06-16 13:46:01.123  1161  1192 I ActivityManager: Start proc 18245:com.google.android.calendar/u0a52 for broadcast com.google.android.calendar/com.android.calendar.widget.CalendarAppWidgetProvider
06-16 13:46:01.125  1161  1161 D ConditionProviders.SCP: notifyCondition condition://android/schedule?days=6.7&start=23.30&end=10.0&exitAtAlarm=false STATE_FALSE reason=!meetsSchedule
06-16 13:46:01.125  1161  1161 D ConditionProviders.SCP: notifyCondition condition://android/schedule?days=1.2.3.4.5&start=22.0&end=7.0&exitAtAlarm=false STATE_FALSE reason=!meetsSchedule
06-16 13:46:01.127  1161  1161 D ConditionProviders.SCP: Scheduling evaluate for Fri Jun 16 22:00:00 PDT 2017 (1497675600000), in +8h13m58s905ms, now=Fri Jun 16 13:46:01 PDT 2017 (1497645961095)
06-16 13:46:01.187  1161  1546 I ActivityManager: Start proc 18260:com.android.providers.calendar/u0a4 for content provider com.android.providers.calendar/.CalendarProvider2
06-16 13:46:01.442  1161  1161 D ConditionProviders.SCP: onReceive android.app.action.NEXT_ALARM_CLOCK_CHANGED
06-16 13:46:01.443  1161  1161 D ConditionProviders.SCP: notifyCondition condition://android/schedule?days=6.7&start=23.30&end=10.0&exitAtAlarm=false STATE_FALSE reason=!meetsSchedule
06-16 13:46:01.443  1161  1161 D ConditionProviders.SCP: notifyCondition condition://android/schedule?days=1.2.3.4.5&start=22.0&end=7.0&exitAtAlarm=false STATE_FALSE reason=!meetsSchedule
06-16 13:46:01.444  1161  1161 D ConditionProviders.SCP: Scheduling evaluate for Fri Jun 16 22:00:00 PDT 2017 (1497675600000), in +8h13m58s558ms, now=Fri Jun 16 13:46:01 PDT 2017 (1497645961442)
06-16 13:46:01.513  1161  2701 I ActivityManager: Start proc 18301:com.motricity.verizon.ssodownloadable/u0a46 for broadcast com.motricity.verizon.ssodownloadable/com.motricity.verizon.ssoengine.library.OnTimeChangeReceiver
06-16 13:46:01.597  1161 15250 I ActivityManager: Start proc 18318:com.qualcomm.timeservice/1000 for broadcast com.qualcomm.timeservice/.TimeServiceBroadcastReceiver
06-16 13:46:01.601  1161  1180 I ActivityManager: Killing 17833:com.tivophone.android.debug/u0a136 (adj 906): empty #17
06-16 13:46:01.612  1161  1881 D ActivityManager: cleanUpApplicationRecord -- 17833
06-16 13:46:01.667  1161  5151 I ActivityManager: Start proc 18335:com.google.android.keep/u0a103 for broadcast com.google.android.keep/.notification.AlertReceiver
06-16 13:46:01.668  1161  5151 I ActivityManager: Killing 17850:com.tivophone.android.debug:acra/u0a136 (adj 906): empty #17
06-16 13:46:01.678  1161 14512 D ActivityManager: cleanUpApplicationRecord -- 17850
06-16 13:46:01.948  1161  2715 I ActivityManager: Killing 17652:com.google.android.gm/u0a86 (adj 906): empty #17
06-16 13:46:01.986  1161 14643 I ActivityManager: Start proc 18358:com.android.cellbroadcastreceiver/u0a6 for broadcast com.android.cellbroadcastreceiver/.CellBroadcastReceiver
06-16 13:46:02.026  1161  2719 D ActivityManager: cleanUpApplicationRecord -- 17652
06-16 13:46:07.510  1161 15251 I ActivityManager: Killing 17345:com.android.keychain/1000 (adj 906): empty #17
06-16 13:46:07.527  1161 10439 D ActivityManager: cleanUpApplicationRecord -- 17345
06-16 13:46:16.427  1161  1192 I ActivityManager: Waited long enough for: ServiceRecord{2204916 u0 com.google.android.deskclock/com.android.deskclock.WearableSyncService}
06-16 13:46:31.448  1161 14643 I ActivityManager: Killing 17361:com.android.musicfx/u0a30 (adj 906): empty #17
06-16 13:46:31.471  1161 14643 I ActivityManager: Killing 17430:com.google.android.partnersetup/u0a26 (adj 906): empty #18
06-16 13:46:31.533  1161 14512 D ActivityManager: cleanUpApplicationRecord -- 17361
06-16 13:46:31.539  1161 10439 D ActivityManager: cleanUpApplicationRecord -- 17430
06-16 13:49:30.662  1161  1192 I ProcessStatsService: Prepared write state in 15ms
06-16 13:49:30.676  1161  1192 I ProcessStatsService: Prepared write state in 14ms
06-16 13:52:54.930  1161  1190 I ActivityManager: Start proc 18507:com.google.android.gm/u0a86 for service com.google.android.gm/.provider.MailSyncAdapterService
06-16 13:52:55.021 18507 18526 D ActivityThread: Loading provider com.google.android.gmail.provider;com.android.mail.notifier;com.google.android.gm.email.provider;com.google.android.gm.tasks.provider;com.google.android.gm.email.notifier: com.android.email.provider.EmailProvider
06-16 13:52:55.155  1161  1598 W ActivityManager: Unable to start service Intent { cmp=com.google.android.gm.exchange/com.android.exchange.service.EasService } U=0: not found
06-16 13:52:55.231  1161 14648 W ActivityManager: Unable to start service Intent { cmp=com.google.android.gm/com.android.email.service.AttachmentService } U=0: not found
06-16 13:52:55.251  1161 14512 W ActivityManager: Unable to start service Intent { cmp=com.google.android.gm.exchange/com.android.exchange.service.EasService } U=0: not found
06-16 13:53:27.830  1161  1192 I ActivityManager: Killing 17378:android.process.acore/u0a3 (adj 906): empty #17
06-16 13:53:27.884  1161  1880 D ActivityManager: cleanUpApplicationRecord -- 17378
06-16 13:53:42.928  1161  1192 I ActivityManager: Waited long enough for: ServiceRecord{5085378 u0 com.google.android.apps.fireball/.networkservice.NetworkServiceImpl}
06-16 13:53:51.222  1161  1212 D LuxLevels: bright hysteresis constant= 0.1, threshold=54.1143, lux=49.194817
06-16 13:53:51.222  1161  1212 D LuxLevels: dark hysteresis constant= 0.2, threshold=39.355854, lux=49.194817
06-16 13:53:51.761  1161  1161 W WindowManager: Attempted to remove non-existing token: android.os.Binder@4cb4bb7
06-16 13:53:55.851  1161  1212 D LuxLevels: bright hysteresis constant= 0.1, threshold=60.689983, lux=55.17271
06-16 13:53:55.851  1161  1212 D LuxLevels: dark hysteresis constant= 0.2, threshold=44.13817, lux=55.17271
06-16 13:53:57.049  1161  1212 D LuxLevels: bright hysteresis constant= 0.1, threshold=67.098015, lux=60.998196
06-16 13:53:57.049  1161  1212 D LuxLevels: dark hysteresis constant= 0.2, threshold=48.798557, lux=60.998196
06-16 13:53:58.592  1161  1212 D LuxLevels: bright hysteresis constant= 0.1, threshold=74.05836, lux=67.325775
06-16 13:53:58.592  1161  1212 D LuxLevels: dark hysteresis constant= 0.2, threshold=53.860622, lux=67.325775
06-16 13:54:01.351  1161  1212 D LuxLevels: bright hysteresis constant= 0.1, threshold=81.52519, lux=74.11381
06-16 13:54:01.352  1161  1212 D LuxLevels: dark hysteresis constant= 0.2, threshold=59.291046, lux=74.11381
06-16 13:57:18.680  1161  5152 D ConnectivityService: Returning unblocked NetworkInfo to uid=10113
06-16 13:57:18.716  1161 14643 W ActivityManager: Unable to start service Intent { act=com.google.firebase.MESSAGING_EVENT pkg=com.vkontakte.android (has extras) } U=0: not found
06-16 14:03:49.132  1161  1161 D ConditionProviders.SCP: onReceive android.intent.action.TIME_SET
06-16 14:03:49.157  1161  1161 D ConditionProviders.SCP: notifyCondition condition://android/schedule?days=6.7&start=23.30&end=10.0&exitAtAlarm=false STATE_FALSE reason=!meetsSchedule
06-16 14:03:49.157  1161  1161 D ConditionProviders.SCP: notifyCondition condition://android/schedule?days=1.2.3.4.5&start=22.0&end=7.0&exitAtAlarm=false STATE_FALSE reason=!meetsSchedule
06-16 14:03:49.159  1161  1161 D ConditionProviders.SCP: Scheduling evaluate for Fri Jun 16 22:00:00 PDT 2017 (1497675600000), in +7h56m10s868ms, now=Fri Jun 16 14:03:49 PDT 2017 (1497647029132)
06-16 14:03:49.239  1161  1161 D ConditionProviders.SCP: onReceive android.app.action.NEXT_ALARM_CLOCK_CHANGED
06-16 14:03:49.239  1161  1161 D ConditionProviders.SCP: notifyCondition condition://android/schedule?days=6.7&start=23.30&end=10.0&exitAtAlarm=false STATE_FALSE reason=!meetsSchedule
06-16 14:03:49.240  1161  1161 D ConditionProviders.SCP: notifyCondition condition://android/schedule?days=1.2.3.4.5&start=22.0&end=7.0&exitAtAlarm=false STATE_FALSE reason=!meetsSchedule
06-16 14:03:49.241  1161  1161 D ConditionProviders.SCP: Scheduling evaluate for Fri Jun 16 22:00:00 PDT 2017 (1497675600000), in +7h56m10s761ms, now=Fri Jun 16 14:03:49 PDT 2017 (1497647029239)
06-16 14:03:51.034  1161  1161 D ConditionProviders.SCP: onReceive android.intent.action.TIME_SET
06-16 14:03:51.046  1161  1161 D ConditionProviders.SCP: notifyCondition condition://android/schedule?days=6.7&start=23.30&end=10.0&exitAtAlarm=false STATE_FALSE reason=!meetsSchedule
06-16 14:03:51.047  1161  1161 D ConditionProviders.SCP: notifyCondition condition://android/schedule?days=1.2.3.4.5&start=22.0&end=7.0&exitAtAlarm=false STATE_FALSE reason=!meetsSchedule
06-16 14:03:51.051  1161  1161 D ConditionProviders.SCP: Scheduling evaluate for Fri Jun 16 22:00:00 PDT 2017 (1497675600000), in +7h56m8s966ms, now=Fri Jun 16 14:03:51 PDT 2017 (1497647031034)
06-16 14:03:51.118  1161  1161 D ConditionProviders.SCP: onReceive android.app.action.NEXT_ALARM_CLOCK_CHANGED
06-16 14:03:51.121  1161  1161 D ConditionProviders.SCP: notifyCondition condition://android/schedule?days=6.7&start=23.30&end=10.0&exitAtAlarm=false STATE_FALSE reason=!meetsSchedule
06-16 14:03:51.122  1161  1161 D ConditionProviders.SCP: notifyCondition condition://android/schedule?days=1.2.3.4.5&start=22.0&end=7.0&exitAtAlarm=false STATE_FALSE reason=!meetsSchedule
06-16 14:03:51.123  1161  1161 D ConditionProviders.SCP: Scheduling evaluate for Fri Jun 16 22:00:00 PDT 2017 (1497675600000), in +7h56m8s882ms, now=Fri Jun 16 14:03:51 PDT 2017 (1497647031118)
06-16 14:04:00.137  1161  1161 D ConditionProviders.SCP: onReceive android.intent.action.TIME_SET
06-16 14:04:00.163  1161  1161 D ConditionProviders.SCP: notifyCondition condition://android/schedule?days=6.7&start=23.30&end=10.0&exitAtAlarm=false STATE_FALSE reason=!meetsSchedule
06-16 14:04:00.180  1161  1161 D ConditionProviders.SCP: notifyCondition condition://android/schedule?days=1.2.3.4.5&start=22.0&end=7.0&exitAtAlarm=false STATE_FALSE reason=!meetsSchedule
06-16 14:04:00.189  1161  1161 D ConditionProviders.SCP: Scheduling evaluate for Fri Jun 16 22:00:00 PDT 2017 (1497675600000), in +7h55m59s863ms, now=Fri Jun 16 14:04:00 PDT 2017 (1497647040137)
06-16 14:04:00.191  1161  1161 D ConditionProviders.SCP: onReceive android.intent.action.TIME_SET
06-16 14:04:00.192  1161  1161 D ConditionProviders.SCP: notifyCondition condition://android/schedule?days=6.7&start=23.30&end=10.0&exitAtAlarm=false STATE_FALSE reason=!meetsSchedule
06-16 14:04:00.192  1161  1161 D ConditionProviders.SCP: notifyCondition condition://android/schedule?days=1.2.3.4.5&start=22.0&end=7.0&exitAtAlarm=false STATE_FALSE reason=!meetsSchedule
06-16 14:04:00.194  1161  1161 D ConditionProviders.SCP: Scheduling evaluate for Fri Jun 16 22:00:00 PDT 2017 (1497675600000), in +7h55m59s809ms, now=Fri Jun 16 14:04:00 PDT 2017 (1497647040191)
06-16 14:04:00.288  1161  1161 D ConditionProviders.SCP: onReceive android.app.action.NEXT_ALARM_CLOCK_CHANGED
06-16 14:04:00.289  1161  1161 D ConditionProviders.SCP: notifyCondition condition://android/schedule?days=6.7&start=23.30&end=10.0&exitAtAlarm=false STATE_FALSE reason=!meetsSchedule
06-16 14:04:00.290  1161  1161 D ConditionProviders.SCP: notifyCondition condition://android/schedule?days=1.2.3.4.5&start=22.0&end=7.0&exitAtAlarm=false STATE_FALSE reason=!meetsSchedule
06-16 14:04:00.291  1161  1161 D ConditionProviders.SCP: Scheduling evaluate for Fri Jun 16 22:00:00 PDT 2017 (1497675600000), in +7h55m59s712ms, now=Fri Jun 16 14:04:00 PDT 2017 (1497647040288)
06-16 14:04:00.433  1161  1161 D ConditionProviders.SCP: onReceive android.app.action.NEXT_ALARM_CLOCK_CHANGED
06-16 14:04:00.433  1161  1161 D ConditionProviders.SCP: notifyCondition condition://android/schedule?days=6.7&start=23.30&end=10.0&exitAtAlarm=false STATE_FALSE reason=!meetsSchedule
06-16 14:04:00.434  1161  1161 D ConditionProviders.SCP: notifyCondition condition://android/schedule?days=1.2.3.4.5&start=22.0&end=7.0&exitAtAlarm=false STATE_FALSE reason=!meetsSchedule
06-16 14:04:00.439  1161  1161 D ConditionProviders.SCP: Scheduling evaluate for Fri Jun 16 22:00:00 PDT 2017 (1497675600000), in +7h55m59s567ms, now=Fri Jun 16 14:04:00 PDT 2017 (1497647040433)
06-16 14:04:03.921  1161  1192 I ActivityManager: Waited long enough for: ServiceRecord{dc090b1 u0 com.google.android.deskclock/com.android.deskclock.WearableSyncService}
06-16 14:04:20.123  1161  1161 D ConditionProviders.SCP: onReceive android.intent.action.TIME_SET
06-16 14:04:20.189  1161  1161 D ConditionProviders.SCP: notifyCondition condition://android/schedule?days=6.7&start=23.30&end=10.0&exitAtAlarm=false STATE_FALSE reason=!meetsSchedule
06-16 14:04:20.192  1161  1161 D ConditionProviders.SCP: notifyCondition condition://android/schedule?days=1.2.3.4.5&start=22.0&end=7.0&exitAtAlarm=false STATE_FALSE reason=!meetsSchedule
06-16 14:04:20.195  1161  1161 D ConditionProviders.SCP: Scheduling evaluate for Fri Jun 16 22:00:00 PDT 2017 (1497675600000), in +7h55m39s876ms, now=Fri Jun 16 14:04:20 PDT 2017 (1497647060124)
06-16 14:04:21.181  1161  1161 D ConditionProviders.SCP: onReceive android.intent.action.TIME_SET
06-16 14:04:21.182  1161  1161 D ConditionProviders.SCP: notifyCondition condition://android/schedule?days=6.7&start=23.30&end=10.0&exitAtAlarm=false STATE_FALSE reason=!meetsSchedule
06-16 14:04:21.182  1161  1161 D ConditionProviders.SCP: notifyCondition condition://android/schedule?days=1.2.3.4.5&start=22.0&end=7.0&exitAtAlarm=false STATE_FALSE reason=!meetsSchedule
06-16 14:04:21.192  1161  1161 D ConditionProviders.SCP: Scheduling evaluate for Fri Jun 16 22:00:00 PDT 2017 (1497675600000), in +7h55m38s819ms, now=Fri Jun 16 14:04:21 PDT 2017 (1497647061181)
06-16 14:04:21.287  1161  1161 D ConditionProviders.SCP: onReceive android.app.action.NEXT_ALARM_CLOCK_CHANGED
06-16 14:04:21.287  1161  1161 D ConditionProviders.SCP: notifyCondition condition://android/schedule?days=6.7&start=23.30&end=10.0&exitAtAlarm=false STATE_FALSE reason=!meetsSchedule
06-16 14:04:21.287  1161  1161 D ConditionProviders.SCP: notifyCondition condition://android/schedule?days=1.2.3.4.5&start=22.0&end=7.0&exitAtAlarm=false STATE_FALSE reason=!meetsSchedule
06-16 14:04:21.289  1161  1161 D ConditionProviders.SCP: Scheduling evaluate for Fri Jun 16 22:00:00 PDT 2017 (1497675600000), in +7h55m38s713ms, now=Fri Jun 16 14:04:21 PDT 2017 (1497647061287)
06-16 14:04:21.459  1161  1161 D ConditionProviders.SCP: onReceive android.app.action.NEXT_ALARM_CLOCK_CHANGED
06-16 14:04:21.459  1161  1161 D ConditionProviders.SCP: notifyCondition condition://android/schedule?days=6.7&start=23.30&end=10.0&exitAtAlarm=false STATE_FALSE reason=!meetsSchedule
06-16 14:04:21.459  1161  1161 D ConditionProviders.SCP: notifyCondition condition://android/schedule?days=1.2.3.4.5&start=22.0&end=7.0&exitAtAlarm=false STATE_FALSE reason=!meetsSchedule
06-16 14:04:21.461  1161  1161 D ConditionProviders.SCP: Scheduling evaluate for Fri Jun 16 22:00:00 PDT 2017 (1497675600000), in +7h55m38s541ms, now=Fri Jun 16 14:04:21 PDT 2017 (1497647061459)
06-16 14:05:08.049  1161  1161 D ConditionProviders.SCP: onReceive android.intent.action.TIME_SET
06-16 14:05:08.065  1161  1161 D ConditionProviders.SCP: notifyCondition condition://android/schedule?days=6.7&start=23.30&end=10.0&exitAtAlarm=false STATE_FALSE reason=!meetsSchedule
06-16 14:05:08.066  1161  1161 D ConditionProviders.SCP: notifyCondition condition://android/schedule?days=1.2.3.4.5&start=22.0&end=7.0&exitAtAlarm=false STATE_FALSE reason=!meetsSchedule
06-16 14:05:08.073  1161  1161 D ConditionProviders.SCP: Scheduling evaluate for Fri Jun 16 22:00:00 PDT 2017 (1497675600000), in +7h54m51s951ms, now=Fri Jun 16 14:05:08 PDT 2017 (1497647108049)
06-16 14:05:08.207  1161  1161 D ConditionProviders.SCP: onReceive android.app.action.NEXT_ALARM_CLOCK_CHANGED
06-16 14:05:08.208  1161  1161 D ConditionProviders.SCP: notifyCondition condition://android/schedule?days=6.7&start=23.30&end=10.0&exitAtAlarm=false STATE_FALSE reason=!meetsSchedule
06-16 14:05:08.213  1161  1161 D ConditionProviders.SCP: notifyCondition condition://android/schedule?days=1.2.3.4.5&start=22.0&end=7.0&exitAtAlarm=false STATE_FALSE reason=!meetsSchedule
06-16 14:05:08.215  1161  1161 D ConditionProviders.SCP: Scheduling evaluate for Fri Jun 16 22:00:00 PDT 2017 (1497675600000), in +7h54m51s793ms, now=Fri Jun 16 14:05:08 PDT 2017 (1497647108207)
06-16 14:06:00.943  1161  1190 I UsageStatsService: User[0] Flushing usage stats to disk
06-16 14:06:06.496  1161  2707 I ActivityManager: Start proc 19068:com.tivophone.android.debug/u0a136 for broadcast com.tivophone.android.debug/com.tivo.net.NetworkStatusMonitor
06-16 14:06:06.540 19068 19068 W ActivityThread: Application com.tivophone.android.debug can be debugged on port 8100...
06-16 14:06:06.721  1161  1180 I ActivityManager: Start proc 19085:com.tivophone.android.debug:acra/u0a136 for service com.tivophone.android.debug/org.acra.sender.SenderService
06-16 14:06:07.050  1161  2017 I ActivityManager: Killing 17073:com.google.android.apps.photos/u0a82 (adj 906): empty #17
06-16 14:06:07.069  1161 14646 D ActivityManager: cleanUpApplicationRecord -- 17073
06-16 14:06:11.093  1161  1161 D ConditionProviders.SCP: onReceive android.intent.action.TIME_SET
06-16 14:06:13.103  1161  1161 D ConditionProviders.SCP: notifyCondition condition://android/schedule?days=6.7&start=23.30&end=10.0&exitAtAlarm=false STATE_FALSE reason=!meetsSchedule
06-16 14:06:13.110  1161  1161 D ConditionProviders.SCP: notifyCondition condition://android/schedule?days=1.2.3.4.5&start=22.0&end=7.0&exitAtAlarm=false STATE_FALSE reason=!meetsSchedule
06-16 14:06:13.124  1161  1161 D ConditionProviders.SCP: Scheduling evaluate for Fri Jun 16 22:00:00 PDT 2017 (1497675600000), in +7h53m48s907ms, now=Fri Jun 16 14:06:11 PDT 2017 (1497647171093)
06-16 14:06:13.126  1161  1161 D ConditionProviders.SCP: onReceive android.intent.action.TIME_SET
06-16 14:06:13.142  1161  1161 D ConditionProviders.SCP: notifyCondition condition://android/schedule?days=6.7&start=23.30&end=10.0&exitAtAlarm=false STATE_FALSE reason=!meetsSchedule
06-16 14:06:13.156  1161  1161 D ConditionProviders.SCP: notifyCondition condition://android/schedule?days=1.2.3.4.5&start=22.0&end=7.0&exitAtAlarm=false STATE_FALSE reason=!meetsSchedule
06-16 14:06:13.168  1161  1161 D ConditionProviders.SCP: Scheduling evaluate for Fri Jun 16 22:00:00 PDT 2017 (1497675600000), in +7h53m46s874ms, now=Fri Jun 16 14:06:13 PDT 2017 (1497647173126)
06-16 14:06:13.212  1161  1161 D ConditionProviders.SCP: onReceive android.app.action.NEXT_ALARM_CLOCK_CHANGED
06-16 14:06:13.212  1161  1161 D ConditionProviders.SCP: notifyCondition condition://android/schedule?days=6.7&start=23.30&end=10.0&exitAtAlarm=false STATE_FALSE reason=!meetsSchedule
06-16 14:06:13.212  1161  1161 D ConditionProviders.SCP: notifyCondition condition://android/schedule?days=1.2.3.4.5&start=22.0&end=7.0&exitAtAlarm=false STATE_FALSE reason=!meetsSchedule
06-16 14:06:13.215  1161  1161 D ConditionProviders.SCP: Scheduling evaluate for Fri Jun 16 22:00:00 PDT 2017 (1497675600000), in +7h53m46s788ms, now=Fri Jun 16 14:06:13 PDT 2017 (1497647173212)
06-16 14:06:13.339  1161  1161 D ConditionProviders.SCP: onReceive android.app.action.NEXT_ALARM_CLOCK_CHANGED
06-16 14:06:13.339  1161  1161 D ConditionProviders.SCP: notifyCondition condition://android/schedule?days=6.7&start=23.30&end=10.0&exitAtAlarm=false STATE_FALSE reason=!meetsSchedule
06-16 14:06:13.339  1161  1161 D ConditionProviders.SCP: notifyCondition condition://android/schedule?days=1.2.3.4.5&start=22.0&end=7.0&exitAtAlarm=false STATE_FALSE reason=!meetsSchedule
06-16 14:06:13.343  1161  1161 D ConditionProviders.SCP: Scheduling evaluate for Fri Jun 16 22:00:00 PDT 2017 (1497675600000), in +7h53m46s661ms, now=Fri Jun 16 14:06:13 PDT 2017 (1497647173339)
06-16 14:06:14.045  1161  1161 D ConditionProviders.SCP: onReceive android.intent.action.TIME_SET
06-16 14:06:14.051  1161  1161 D ConditionProviders.SCP: notifyCondition condition://android/schedule?days=6.7&start=23.30&end=10.0&exitAtAlarm=false STATE_FALSE reason=!meetsSchedule
06-16 14:06:14.052  1161  1161 D ConditionProviders.SCP: notifyCondition condition://android/schedule?days=1.2.3.4.5&start=22.0&end=7.0&exitAtAlarm=false STATE_FALSE reason=!meetsSchedule
06-16 14:06:14.065  1161  1161 D ConditionProviders.SCP: Scheduling evaluate for Fri Jun 16 22:00:00 PDT 2017 (1497675600000), in +7h53m45s955ms, now=Fri Jun 16 14:06:14 PDT 2017 (1497647174045)
06-16 14:06:14.154  1161  1161 D ConditionProviders.SCP: onReceive android.app.action.NEXT_ALARM_CLOCK_CHANGED
06-16 14:06:14.155  1161  1161 D ConditionProviders.SCP: notifyCondition condition://android/schedule?days=6.7&start=23.30&end=10.0&exitAtAlarm=false STATE_FALSE reason=!meetsSchedule
06-16 14:06:14.157  1161  1161 D ConditionProviders.SCP: notifyCondition condition://android/schedule?days=1.2.3.4.5&start=22.0&end=7.0&exitAtAlarm=false STATE_FALSE reason=!meetsSchedule
06-16 14:06:14.159  1161  1161 D ConditionProviders.SCP: Scheduling evaluate for Fri Jun 16 22:00:00 PDT 2017 (1497675600000), in +7h53m45s846ms, now=Fri Jun 16 14:06:14 PDT 2017 (1497647174154)
06-16 14:06:23.094  1161  1161 D ConditionProviders.SCP: onReceive android.intent.action.TIME_SET
06-16 14:06:23.117  1161  1161 D ConditionProviders.SCP: notifyCondition condition://android/schedule?days=6.7&start=23.30&end=10.0&exitAtAlarm=false STATE_FALSE reason=!meetsSchedule
06-16 14:06:23.118  1161  1161 D ConditionProviders.SCP: notifyCondition condition://android/schedule?days=1.2.3.4.5&start=22.0&end=7.0&exitAtAlarm=false STATE_FALSE reason=!meetsSchedule
06-16 14:06:23.129  1161  1161 D ConditionProviders.SCP: Scheduling evaluate for Fri Jun 16 22:00:00 PDT 2017 (1497675600000), in +7h53m36s906ms, now=Fri Jun 16 14:06:23 PDT 2017 (1497647183094)
06-16 14:06:25.174  1161  1161 D ConditionProviders.SCP: onReceive android.intent.action.TIME_SET
06-16 14:06:25.181  1161  1161 D ConditionProviders.SCP: notifyCondition condition://android/schedule?days=6.7&start=23.30&end=10.0&exitAtAlarm=false STATE_FALSE reason=!meetsSchedule
06-16 14:06:25.182  1161  1161 D ConditionProviders.SCP: notifyCondition condition://android/schedule?days=1.2.3.4.5&start=22.0&end=7.0&exitAtAlarm=false STATE_FALSE reason=!meetsSchedule
06-16 14:06:25.187  1161  1161 D ConditionProviders.SCP: Scheduling evaluate for Fri Jun 16 22:00:00 PDT 2017 (1497675600000), in +7h53m34s826ms, now=Fri Jun 16 14:06:25 PDT 2017 (1497647185174)
06-16 14:06:25.283  1161  1161 D ConditionProviders.SCP: onReceive android.app.action.NEXT_ALARM_CLOCK_CHANGED
06-16 14:06:25.283  1161  1161 D ConditionProviders.SCP: notifyCondition condition://android/schedule?days=6.7&start=23.30&end=10.0&exitAtAlarm=false STATE_FALSE reason=!meetsSchedule
06-16 14:06:25.283  1161  1161 D ConditionProviders.SCP: notifyCondition condition://android/schedule?days=1.2.3.4.5&start=22.0&end=7.0&exitAtAlarm=false STATE_FALSE reason=!meetsSchedule
06-16 14:06:25.286  1161  1161 D ConditionProviders.SCP: Scheduling evaluate for Fri Jun 16 22:00:00 PDT 2017 (1497675600000), in +7h53m34s717ms, now=Fri Jun 16 14:06:25 PDT 2017 (1497647185283)
06-16 14:06:25.550  1161  1161 D ConditionProviders.SCP: onReceive android.app.action.NEXT_ALARM_CLOCK_CHANGED
