06-16 12:58:33.792  1161  1540 E ConnectivityService: RemoteException caught trying to send a callback msg for NetworkRequest [ LISTEN id=338, [ Capabilities: INTERNET&NOT_RESTRICTED&TRUSTED&FOREGROUND] ]
06-16 12:58:33.795  1161  1540 E ConnectivityService: RemoteException caught trying to send a callback msg for NetworkRequest [ LISTEN id=530, [ Capabilities: INTERNET&NOT_RESTRICTED&TRUSTED&FOREGROUND] ]
06-16 12:58:33.795  1161  2719 D ActivityManager: cleanUpApplicationRecord -- 13310
06-16 12:58:34.097  1161  5152 I ActivityManager: Killing 16728:com.skype.raider/u0a116 (adj 900): remove task
06-16 12:58:34.100  1161 15249 I ActivityManager: START u0 {act=android.intent.action.MAIN cat=[android.intent.category.HOME] flg=0x10200000 cmp=com.google.android.apps.nexuslauncher/.NexusLauncherActivity} from uid 10041 on display 0
06-16 12:58:34.288  1161  1880 I WindowManager: WIN DEATH: Window{a45ce4e u0 com.skype.raider/com.skype4life.MainActivity}
06-16 12:58:34.289  1161 10439 D ActivityManager: cleanUpApplicationRecord -- 16728
06-16 12:58:34.320  1161  1194 E libprocessgroup: failed to kill 1 processes for processgroup 16728
06-16 12:58:37.779  1161  1212 D LuxLevels: bright hysteresis constant= 0.1, threshold=67.700676, lux=61.54607
06-16 12:58:37.779  1161  1212 D LuxLevels: dark hysteresis constant= 0.2, threshold=49.23686, lux=61.54607
06-16 12:58:39.774  1161  1212 D LuxLevels: bright hysteresis constant= 0.1, threshold=74.98549, lux=68.168625
06-16 12:58:39.774  1161  1212 D LuxLevels: dark hysteresis constant= 0.2, threshold=54.5349, lux=68.168625
06-16 12:58:42.966  1161  1212 D LuxLevels: bright hysteresis constant= 0.1, threshold=82.68287, lux=75.166245
06-16 12:58:42.967  1161  1212 D LuxLevels: dark hysteresis constant= 0.2, threshold=60.132996, lux=75.166245
06-16 12:58:43.911  1161  1192 I ActivityManager: Start proc 14807:com.instagram.android:mqtt/u0a117 for service com.instagram.android/com.facebook.rti.push.service.FbnsService
06-16 12:58:44.296  1161  1192 I ActivityManager: Waited long enough for: ServiceRecord{5ce3055 u0 com.google.android.apps.fireball/.networkservice.NetworkServiceImpl}
06-16 12:58:44.819  1161  1192 I ActivityManager: Start proc 14840:com.instagram.android/u0a117 for broadcast com.instagram.android/com.instagram.push.fbns.FbnsInitBroadcastReceiver
06-16 12:59:12.754  1161 15249 D ConnectivityService: Returning unblocked NetworkInfo to uid=10097
06-16 12:59:59.700  1161  1192 I ActivityManager: Waited long enough for: ServiceRecord{ae339b7 u0 com.google.android.apps.fireball/.networkservice.NetworkServiceImpl}
06-16 13:01:23.347  1161  1225 W PackageParser: Unknown element under <manifest>: meta-data at /data/app/vmdl537677.tmp/base.apk Binary XML file line #14
06-16 13:01:24.138  1161  1192 I ActivityManager: Force stopping com.samsung.mygallery.app appid=10167 user=-1: installPackageLI
06-16 13:01:24.238  1161  1225 I PackageManager: Package com.samsung.mygallery.app codePath changed from /data/app/com.samsung.mygallery.app-2 to /data/app/com.samsung.mygallery.app-1; Retaining data and using new
06-16 13:01:24.239  1161  1225 W PackageManager: Code path for com.samsung.mygallery.app changing from /data/app/com.samsung.mygallery.app-2 to /data/app/com.samsung.mygallery.app-1
06-16 13:01:24.239  1161  1225 W PackageManager: Resource path for com.samsung.mygallery.app changing from /data/app/com.samsung.mygallery.app-2 to /data/app/com.samsung.mygallery.app-1
06-16 13:01:24.575  1161  1225 I ActivityManager: Force stopping com.samsung.mygallery.app appid=10167 user=0: pkg removed
06-16 13:01:24.641  1161  1225 W ActivityManager: Skipping broadcast of Intent { act=android.intent.action.PACKAGE_REMOVED dat=package:com.samsung.mygallery.app flg=0x4000010 (has extras) }: user 10 is stopped
06-16 13:01:24.641 14362 14362 W ContextImpl: Calling a method in the system process without a qualified user: android.app.ContextImpl.startService:1357 android.content.ContextWrapper.startService:613 android.content.ContextWrapper.startService:613 com.android.keychain.KeyChainBroadcastReceiver.onReceive:12 android.app.ActivityThread.handleReceiver:3041 
06-16 13:01:24.647  1161  1225 W ActivityManager: Skipping broadcast of Intent { act=android.intent.action.PACKAGE_ADDED dat=package:com.samsung.mygallery.app flg=0x4000010 (has extras) }: user 10 is stopped
06-16 13:01:24.667  1161  1225 W ActivityManager: Skipping broadcast of Intent { act=android.intent.action.PACKAGE_REPLACED dat=package:com.samsung.mygallery.app flg=0x4000010 (has extras) }: user 10 is stopped
06-16 13:01:24.688  1161  1225 W ActivityManager: Skipping broadcast of Intent { act=android.intent.action.MY_PACKAGE_REPLACED flg=0x4000010 pkg=com.samsung.mygallery.app (has extras) }: user 10 is stopped
06-16 13:01:27.211  1161  2017 I ActivityManager: START u0 {act=android.intent.action.MAIN cat=[android.intent.category.LAUNCHER] flg=0x10200000 cmp=com.samsung.mygallery.app/.MainActivity bnds=[437,929][644,1207] (has extras)} from uid 10031 on display 0
06-16 13:01:27.252  1161 14648 I ActivityManager: Start proc 14990:com.samsung.mygallery.app/u0a167 for activity com.samsung.mygallery.app/.MainActivity
06-16 13:01:28.342  1632  1632 V DeadZone: consuming errant click: (1064.0,13.0)
06-16 13:01:29.131  1632  1632 V DeadZone: consuming errant click: (1070.0,31.0)
06-16 13:01:29.998  1161  1212 D LuxLevels: bright hysteresis constant= 0.1, threshold=55.534393, lux=50.48581
06-16 13:01:29.998  1161  1212 D LuxLevels: dark hysteresis constant= 0.2, threshold=40.38865, lux=50.48581
06-16 13:01:35.979  1161  1212 D LuxLevels: bright hysteresis constant= 0.1, threshold=61.405483, lux=55.823166
06-16 13:01:35.979  1161  1212 D LuxLevels: dark hysteresis constant= 0.2, threshold=44.658535, lux=55.823166
06-16 13:01:38.418  1161  1212 D LuxLevels: bright hysteresis constant= 0.1, threshold=67.546104, lux=61.40555
06-16 13:01:38.418  1161  1212 D LuxLevels: dark hysteresis constant= 0.2, threshold=49.12444, lux=61.40555
06-16 13:01:48.482  1161  5151 I ActivityManager: START u0 {flg=0x10804000 cmp=com.android.systemui/.recents.RecentsActivity} from uid 10041 on display 0
06-16 13:01:49.578  1161 14648 I ActivityManager: Killing 12809:com.yelp.android/u0a132 (adj 906): empty #17
06-16 13:01:49.590  1161 14648 I ActivityManager: Killing 14990:com.samsung.mygallery.app/u0a167 (adj 900): remove task
06-16 13:01:49.594  1161  1880 I ActivityManager: START u0 {act=android.intent.action.MAIN cat=[android.intent.category.HOME] flg=0x10200000 cmp=com.google.android.apps.nexuslauncher/.NexusLauncherActivity} from uid 10041 on display 0
06-16 13:01:49.633  1161  1598 D ActivityManager: cleanUpApplicationRecord -- 12809
06-16 13:01:49.649  1161 14512 D ActivityManager: cleanUpApplicationRecord -- 14990
06-16 13:01:50.751  1161  1598 I ActivityManager: START u0 {act=android.intent.action.MAIN cat=[android.intent.category.LAUNCHER] flg=0x10200000 cmp=com.samsung.mygallery.app/.MainActivity bnds=[437,929][644,1207] (has extras)} from uid 10031 on display 0
06-16 13:01:50.783  1161 14645 I ActivityManager: Start proc 15102:com.samsung.mygallery.app/u0a167 for activity com.samsung.mygallery.app/.MainActivity
06-16 13:02:16.645  1161  1192 I ActivityManager: Waited long enough for: ServiceRecord{14644f9 u0 com.google.android.apps.fireball/.networkservice.NetworkServiceImpl}
06-16 13:02:27.698  1161 15249 I ActivityManager: Start proc 15140:com.android.providers.calendar/u0a4 for content provider com.android.providers.calendar/.CalendarProvider2
06-16 13:02:28.995  1161 10439 I ActivityManager: Start proc 15156:com.google.android.calendar/u0a52 for broadcast com.google.android.calendar/.alerts.AlertReceiver
06-16 13:02:36.991  1161  1526 I WindowManager: Input event dispatching timed out sending to com.samsung.mygallery.app/com.samsung.mygallery.app.ui.MainGalleryActivity.  Reason: Waiting to send non-key event because the touched window has not finished processing certain input events that were delivered to it over 500.0ms ago.  Wait queue length: 25.  Wait queue head age: 32954.4ms.
06-16 13:02:42.535  1161  1192 E ActivityManager: ANR in com.samsung.mygallery.app (com.samsung.mygallery.app/.MainActivity)
06-16 13:02:42.535  1161  1192 E ActivityManager: PID: 15102
06-16 13:02:42.535  1161  1192 E ActivityManager: Reason: Input dispatching timed out (Waiting to send non-key event because the touched window has not finished processing certain input events that were delivered to it over 500.0ms ago.  Wait queue length: 25.  Wait queue head age: 32954.4ms.)
06-16 13:02:42.535  1161  1192 E ActivityManager: Load: 6.31 / 7.89 / 8.31
06-16 13:02:42.535  1161  1192 E ActivityManager: CPU usage from 0ms to 5452ms later (2017-06-16 13:02:37.040 to 2017-06-16 13:02:42.492):
06-16 13:02:42.535  1161  1192 E ActivityManager:   20% 1161/system_server: 10% user + 9.7% kernel / faults: 1745 minor 166 major
06-16 13:02:42.535  1161  1192 E ActivityManager:   9.9% 3089/com.android.bluetooth: 6.6% user + 3.3% kernel / faults: 89 minor 7 major
06-16 13:02:42.535  1161  1192 E ActivityManager:   0% 2680/com.qualcomm.qti.rcsbootstraputil: 0% user + 0% kernel / faults: 1773 minor 414 major
06-16 13:02:42.535  1161  1192 E ActivityManager:   2.7% 25229/com.cvs.launchers.cvs: 1.8% user + 0.9% kernel / faults: 40 minor
06-16 13:02:42.535  1161  1192 E ActivityManager:   2.1% 1778/com.android.phone: 1.2% user + 0.9% kernel / faults: 1206 minor 66 major
06-16 13:02:42.535  1161  1192 E ActivityManager:   2.2% 12722/kworker/u9:2: 0% user + 2.2% kernel
06-16 13:02:42.535  1161  1192 E ActivityManager:   0% 2694/com.google.SSRestartDetector: 0% user + 0% kernel / faults: 1379 minor 205 major
06-16 13:02:42.535  1161  1192 E ActivityManager:   1.8% 505/surfaceflinger: 0.7% user + 1.1% kernel / faults: 27 minor 1 major
06-16 13:02:42.535  1161  1192 E ActivityManager:   1.8% 1632/com.android.systemui: 1.6% user + 0.1% kernel / faults: 1151 minor 27 major
06-16 13:02:42.535  1161  1192 E ActivityManager:   1.8% 2653/com.android.nfc: 0.7% user + 1.1% kernel / faults: 1095 minor 58 major
06-16 13:02:42.535  1161  1192 E ActivityManager:   1.8% 12723/kworker/u9:3: 0% user + 1.8% kernel
06-16 13:02:42.535  1161  1192 E ActivityManager:   0% 2665/com.android.ims.rcsservice: 0% user + 0% kernel / faults: 1340 minor 52 major
06-16 13:02:42.535  1161  1192 E ActivityManager:   1.4% 50/smem_native_rpm: 0% user + 1.4% kernel
06-16 13:02:42.535  1161  1192 E ActivityManager:   1.4% 634/adbd: 0.3% user + 1% kernel / faults: 235 minor
06-16 13:02:42.535  1161  1192 E ActivityManager:   1.4% 13432/kworker/u8:13: 0% user + 1.4% kernel
06-16 13:02:42.535  1161  1192 E ActivityManager:   1.2% 7/rcu_preempt: 0% user + 1.2% kernel
06-16 13:02:42.535  1161  1192 E ActivityManager:   1.2% 617/kschedfreq:0: 0% user + 1.2% kernel
06-16 13:02:42.535  1161  1192 E ActivityManager:   1.2% 13429/kworker/u8:10: 0% user + 1.2% kernel
06-16 13:02:42.535  1161  1192 E ActivityManager:   0% 570/debuggerd64: 0% user + 0% kernel / faults: 186 minor 25 major
06-16 13:02:42.535  1161  1192 E ActivityManager:   1% 1772/com.quicinc.cne.CNEService: 0.5% user + 0.5% kernel / faults: 1166 minor 33 major
06-16 13:02:42.535  1161  1192 E ActivityManager:   1.1% 3125/wcnss_filter: 0.1% user + 0.9% kernel
06-16 13:02:42.535  1161  1192 E ActivityManager:   1.1% 14085/kworker/0:4: 0% user + 1.1% kernel
06-16 13:02:42.535  1161  1192 E ActivityManager:   0.9% 14185/kschedfreq:2: 0% user + 0.9% kernel
06-16 13:02:42.535  1161  1192 E ActivityManager:   0.7% 436/logd: 0.1% user + 0.5% kernel / faults: 1 minor
06-16 13:02:42.535  1161  1192 E ActivityManager:   0.7% 2468/com.google.android.gms.persistent: 0.5% user + 0.1% kernel / faults: 22 minor
06-16 13:02:42.535  1161  1192 E ActivityManager:   0.7% 12721/kworker/u9:0: 0% user + 0.7% kernel
06-16 13:02:42.535  1161  1192 E ActivityManager:   0.5% 17/ksoftirqd/1: 0% user + 0.5% kernel
06-16 13:02:42.535  1161  1192 E ActivityManager:   0.5% 23/ksoftirqd/2: 0% user + 0.5% kernel
06-16 13:02:42.535  1161  1192 E ActivityManager:   0.5% 54/irq/260-cpr3: 0% user + 0.5% kernel
06-16 13:02:42.535  1161  1192 E ActivityManager:   0% 569/debuggerd: 0% user + 0% kernel / faults: 279 minor 34 major
06-16 13:02:42.535  1161  1192 E ActivityManager:   0.5% 12497/kworker/u9:1: 0% user + 0.5% kernel
06-16 13:02:42.535  1161  1192 E ActivityManager:   0.5% 12610/kworker/1:3: 0% user + 0.5% kernel
06-16 13:02:42.535  1161  1192 E ActivityManager:   0.3% 3/ksoftirqd/0: 0% user + 0.3% kernel
06-16 13:02:42.535  1161  1192 E ActivityManager:   0.3% 168/msm_serial_hs_0: 0% user + 0.3% kernel
06-16 13:02:42.535  1161  1192 E ActivityManager:   0.3% 12493/kworker/0:2: 0% user + 0.3% kernel
06-16 13:02:42.535  1161  1192 E ActivityManager:   0.3% 13419/kworker/2:1: 0% user + 0.3% kernel
06-16 13:02:42.535  1161  1192 E ActivityManager:   0.3% 14292/logcat: 0.1% user + 0.1% kernel
06-16 13:02:42.535  1161  1192 E ActivityManager:   0.3% 32221/com.google.android.calculator: 0.3% user + 0% kernel
06-16 13:02:42.535  1161  1192 E ActivityManager:   0.1% 10/rcuc/0: 0% user + 0.1% kernel
06-16 13:02:42.535  1161  1192 E ActivityManager:   0.1% 22/rcuc/2: 0% user + 0.1% kernel
06-16 13:02:42.535  1161  1192 E ActivityManager:   0.1% 169/msm_serial_hs_0: 0% user + 0.1% kernel
06-16 13:02:42.535  1161  1192 E ActivityManager:   0.1% 250/spi6: 0% user + 0.1% kernel
06-16 13:02:42.535  1161  1192 E ActivityManager:   0.1% 328/nanohub: 0% user + 0.1% kernel
06-16 13:02:42.535  1161  1192 E ActivityManager:   0.1% 614/msm_irqbalance: 0% user + 0.1% kernel
06-16 13:02:42.535  1161  1192 E ActivityManager:   0.1% 620/irq/19-408000.q: 0% user + 0.1% kernel
06-16 13:02:42.535  1161  1192 E ActivityManager:   0.1% 665/perfd: 0.1% user + 0% kernel / faults: 1 minor
06-16 13:02:42.535  1161  1192 E ActivityManager:   0% 668/cameraserver: 0% user + 0% kernel / faults: 77 minor 33 major
06-16 13:02:42.535  1161  1192 E ActivityManager:   0.1% 683/cnss-daemon: 0% user + 0.1% kernel
06-16 13:02:42.535  1161  1192 E ActivityManager:   0.1% 1564/VosMCThread: 0% user + 0.1% kernel
06-16 13:02:42.535  1161  1192 E ActivityManager:   0.1% 1577/wpa_supplicant: 0.1% user + 0% kernel
06-16 13:02:42.535  1161  1192 E ActivityManager:   0.1% 6697/kworker/0:2H: 0% user + 0.1% kernel
06-16 13:02:42.535  1161  1192 E ActivityManager:   0.1% 11153/kworker/2:2: 0% user + 0.1% kernel
06-16 13:02:42.535  1161  1192 E ActivityManager:   0.1% 12596/kworker/u9:5: 0% user + 0.1% kernel
06-16 13:02:42.535  1161  1192 E ActivityManager:   0.1% 12695/kworker/u8:16: 0% user + 0.1% kernel
06-16 13:02:42.535  1161  1192 E ActivityManager:   0.1% 13420/kworker/3:3: 0% user + 0.1% kernel
06-16 13:02:42.535  1161  1192 E ActivityManager:   0.1% 14933/kworker/2:3: 0% user + 0.1% kernel
06-16 13:02:42.535  1161  1192 E ActivityManager:   0.1% 15087/kworker/0:5: 0% user + 0.1% kernel
06-16 13:02:42.535  1161  1192 E ActivityManager:   0.1% 32283/com.viber.voip: 0.1% user + 0% kernel
06-16 13:02:42.535  1161  1192 E ActivityManager:  +0% 15196/kworker/u9:4: 0% user + 0% kernel
06-16 13:02:42.535  1161  1192 E ActivityManager: 26% TOTAL: 10% user + 12% kernel + 1.4% iowait + 1.2% irq + 0.9% softirq
06-16 13:02:42.535  1161  1192 E ActivityManager: CPU usage from 4835ms to 5370ms later (2017-06-16 13:02:41.876 to 2017-06-16 13:02:42.410):
06-16 13:02:42.535  1161  1192 E ActivityManager:   12% 1161/system_server: 3.4% user + 8.7% kernel
06-16 13:02:42.535  1161  1192 E ActivityManager:     12% 119
06-16 13:02:55.003  1161  2718 I ActivityManager: Killing 5449:com.google.android.apps.gcs/u0a16 (adj 906): empty #17
06-16 13:02:55.071  1161 14644 D ActivityManager: cleanUpApplicationRecord -- 5449
06-16 13:02:55.436  1161  1210 W AppOps  : Finishing op nesting under-run: uid 1000 pkg android code 24 time=0 duration=0 nesting=0
06-16 13:03:35.443  1161 10439 W InputMethodManagerService: Window already focused, ignoring focus gain of: com.android.internal.view.IInputMethodClient$Stub$Proxy@9b048d3 attribute=null, token = android.os.BinderProxy@f19f7af
06-16 13:03:57.654  1161  1212 D LuxLevels: bright hysteresis constant= 0.1, threshold=53.030586, lux=48.20962
06-16 13:03:57.655  1161  1212 D LuxLevels: dark hysteresis constant= 0.2, threshold=38.5677, lux=48.20962
06-16 13:03:57.850  1161  1190 I UsageStatsService: User[0] Flushing usage stats to disk
06-16 13:03:58.665  1161  1192 I ActivityManager: Killing 14087:com.orbitz/u0a121 (adj 906): empty #17
06-16 13:03:58.719  1161 10439 D ActivityManager: cleanUpApplicationRecord -- 14087
06-16 13:04:05.233  1161  1212 D LuxLevels: bright hysteresis constant= 0.1, threshold=25.6846, lux=23.349636
06-16 13:04:05.233  1161  1212 D LuxLevels: dark hysteresis constant= 0.2, threshold=18.679708, lux=23.349636
06-16 13:04:06.222  1161  1212 D LuxLevels: bright hysteresis constant= 0.1, threshold=19.38828, lux=17.62571
06-16 13:04:06.222  1161  1212 D LuxLevels: dark hysteresis constant= 0.2, threshold=14.100568, lux=17.62571
06-16 13:04:07.020  1161  1212 D LuxLevels: bright hysteresis constant= 0.1, threshold=14.906593, lux=13.551448
06-16 13:04:07.020  1161  1212 D LuxLevels: dark hysteresis constant= 0.2, threshold=10.841159, lux=13.551448
06-16 13:04:07.868  1161  1212 D LuxLevels: bright hysteresis constant= 0.1, threshold=10.903377, lux=9.91216
06-16 13:04:07.869  1161  1212 D LuxLevels: dark hysteresis constant= 0.2, threshold=7.929728, lux=9.91216
06-16 13:04:08.415  1161  1212 D LuxLevels: bright hysteresis constant= 0.1, threshold=8.673933, lux=7.8853936
06-16 13:04:08.415  1161  1212 D LuxLevels: dark hysteresis constant= 0.2, threshold=6.308315, lux=7.8853936
06-16 13:04:09.167  1161  1212 D LuxLevels: bright hysteresis constant= 0.1, threshold=6.1898613, lux=5.6271467
06-16 13:04:09.167  1161  1212 D LuxLevels: dark hysteresis constant= 0.2, threshold=4.5017176, lux=5.6271467
06-16 13:04:09.662  1161  1212 D LuxLevels: bright hysteresis constant= 0.1, threshold=4.887367, lux=4.4430604
06-16 13:04:09.663  1161  1212 D LuxLevels: dark hysteresis constant= 0.2, threshold=3.5544484, lux=4.4430604
06-16 13:04:10.211  1161  1212 D LuxLevels: bright hysteresis constant= 0.1, threshold=3.7978652, lux=3.4526045
06-16 13:04:10.212  1161  1212 D LuxLevels: dark hysteresis constant= 0.2, threshold=2.7620838, lux=3.4526045
06-16 13:04:10.861  1161  1212 D LuxLevels: bright hysteresis constant= 0.1, threshold=2.903512, lux=2.6395564
06-16 13:04:10.861  1161  1212 D LuxLevels: dark hysteresis constant= 0.2, threshold=2.1116452, lux=2.6395564
06-16 13:04:15.403  1161  1212 D LuxLevels: bright hysteresis constant= 0.1, threshold=27.512548, lux=25.011408
06-16 13:04:15.403  1161  1212 D LuxLevels: dark hysteresis constant= 0.2, threshold=20.009127, lux=25.011408
06-16 13:04:15.808  1161  1212 D LuxLevels: bright hysteresis constant= 0.1, threshold=32.585613, lux=29.623283
06-16 13:04:15.808  1161  1212 D LuxLevels: dark hysteresis constant= 0.2, threshold=23.698627, lux=29.623283
06-16 13:04:16.197  1161  1212 D LuxLevels: bright hysteresis constant= 0.1, threshold=37.152115, lux=33.77465
06-16 13:04:16.198  1161  1212 D LuxLevels: dark hysteresis constant= 0.2, threshold=27.01972, lux=33.77465
06-16 13:04:16.647  1161  1212 D LuxLevels: bright hysteresis constant= 0.1, threshold=42.072735, lux=38.24794
06-16 13:04:16.647  1161  1212 D LuxLevels: dark hysteresis constant= 0.2, threshold=30.598352, lux=38.24794
06-16 13:04:17.295  1161  1212 D LuxLevels: bright hysteresis constant= 0.1, threshold=48.5969, lux=44.179
06-16 13:04:17.296  1161  1212 D LuxLevels: dark hysteresis constant= 0.2, threshold=35.3432, lux=44.179
06-16 13:04:18.043  1161  1212 D LuxLevels: bright hysteresis constant= 0.1, threshold=55.32739, lux=50.297626
06-16 13:04:18.043  1161  1212 D LuxLevels: dark hysteresis constant= 0.2, threshold=40.238102, lux=50.297626
06-16 13:04:18.794  1161  1212 D LuxLevels: bright hysteresis constant= 0.1, threshold=61.23779, lux=55.670715
06-16 13:04:18.797  1161  1212 D LuxLevels: dark hysteresis constant= 0.2, threshold=44.53657, lux=55.670715
06-16 13:04:19.892  1161  1212 D LuxLevels: bright hysteresis constant= 0.1, threshold=68.38764, lux=62.170586
06-16 13:04:19.892  1161  1212 D LuxLevels: dark hysteresis constant= 0.2, threshold=49.73647, lux=62.170586
06-16 13:04:21.539  1161  1212 D LuxLevels: bright hysteresis constant= 0.1, threshold=75.69828, lux=68.81662
06-16 13:04:21.539  1161  1212 D LuxLevels: dark hysteresis constant= 0.2, threshold=55.053295, lux=68.81662
06-16 13:05:27.070  1161  1161 D ConditionProviders.SCP: onReceive android.intent.action.TIME_SET
06-16 13:05:27.111  1161  1161 D ConditionProviders.SCP: notifyCondition condition://android/schedule?days=6.7&start=23.30&end=10.0&exitAtAlarm=false STATE_FALSE reason=!meetsSchedule
06-16 13:05:27.111  1161  1161 D ConditionProviders.SCP: notifyCondition condition://android/schedule?days=1.2.3.4.5&start=22.0&end=7.0&exitAtAlarm=false STATE_FALSE reason=!meetsSchedule
06-16 13:05:27.113  1161  1161 D ConditionProviders.SCP: Scheduling evaluate for Fri Jun 16 22:00:00 PDT 2017 (1497675600000), in +8h54m32s930ms, now=Fri Jun 16 13:05:27 PDT 2017 (1497643527070)
06-16 13:05:28.136  1161  1161 D ConditionProviders.SCP: onReceive android.intent.action.TIME_SET
06-16 13:05:28.154  1161  1161 D ConditionProviders.SCP: notifyCondition condition://android/schedule?days=6.7&start=23.30&end=10.0&exitAtAlarm=false STATE_FALSE reason=!meetsSchedule
06-16 13:05:28.155  1161  1161 D ConditionProviders.SCP: notifyCondition condition://android/schedule?days=1.2.3.4.5&start=22.0&end=7.0&exitAtAlarm=false STATE_FALSE reason=!meetsSchedule
06-16 13:05:28.169  1161  1161 D ConditionProviders.SCP: Scheduling evaluate for Fri Jun 16 22:00:00 PDT 2017 (1497675600000), in +8h54m31s864ms, now=Fri Jun 16 13:05:28 PDT 2017 (1497643528136)
06-16 13:05:28.256  1161  1161 D ConditionProviders.SCP: onReceive android.app.action.NEXT_ALARM_CLOCK_CHANGED
06-16 13:05:28.257  1161  1161 D ConditionProviders.SCP: notifyCondition condition://android/schedule?days=6.7&start=23.30&end=10.0&exitAtAlarm=false STATE_FALSE reason=!meetsSchedule
06-16 13:05:28.257  1161  1161 D ConditionProviders.SCP: notifyCondition condition://android/schedule?days=1.2.3.4.5&start=22.0&end=7.0&exitAtAlarm=false STATE_FALSE reason=!meetsSchedule
06-16 13:05:28.260  1161  1161 D ConditionProviders.SCP: Scheduling evaluate for Fri Jun 16 22:00:00 PDT 2017 (1497675600000), in +8h54m31s744ms, now=Fri Jun 16 13:05:28 PDT 2017 (1497643528256)
06-16 13:05:28.315  1161  1598 I ActivityManager: Start proc 15265:com.motricity.verizon.ssodownloadable/u0a46 for broadcast com.motricity.verizon.ssodownloadable/com.motricity.verizon.ssoengine.library.OnTimeChangeReceiver
06-16 13:05:28.436  1161 10439 I ActivityManager: Start proc 15282:com.qualcomm.timeservice/1000 for broadcast com.qualcomm.timeservice/.TimeServiceBroadcastReceiver
06-16 13:05:28.521  1161 14646 I ActivityManager: Start proc 15298:com.google.android.keep/u0a103 for broadcast com.google.android.keep/.notification.AlertReceiver
06-16 13:05:28.525  1161 14646 I ActivityManager: Killing 12659:android.process.media/u0a13 (adj 906): empty #17
06-16 13:05:28.574  1161  2720 D ActivityManager: cleanUpApplicationRecord -- 12659
06-16 13:05:28.989  1161  2715 I ActivityManager: Killing 14362:com.android.keychain/1000 (adj 906): empty #17
06-16 13:05:29.022  1161 10439 D ActivityManager: cleanUpApplicationRecord -- 14362
06-16 13:05:29.090  1161  1161 D ConditionProviders.SCP: onReceive android.app.action.NEXT_ALARM_CLOCK_CHANGED
06-16 13:05:29.096  1161  1161 D ConditionProviders.SCP: notifyCondition condition://android/schedule?days=6.7&start=23.30&end=10.0&exitAtAlarm=false STATE_FALSE reason=!meetsSchedule
06-16 13:05:29.096  1161  1161 D ConditionProviders.SCP: notifyCondition condition://android/schedule?days=1.2.3.4.5&start=22.0&end=7.0&exitAtAlarm=false STATE_FALSE reason=!meetsSchedule
06-16 13:05:29.098  1161  1161 D ConditionProviders.SCP: Scheduling evaluate for Fri Jun 16 22:00:00 PDT 2017 (1497675600000), in +8h54m30s910ms, now=Fri Jun 16 13:05:29 PDT 2017 (1497643529090)
06-16 13:05:29.188  1161 14643 I ActivityManager: Start proc 15324:com.android.cellbroadcastreceiver/u0a6 for broadcast com.android.cellbroadcastreceiver/.CellBroadcastReceiver
06-16 13:05:29.581  1161 15252 I ActivityManager: Killing 14418:com.google.android.partnersetup/u0a26 (adj 906): empty #17
06-16 13:05:29.593  1161  2715 D ActivityManager: cleanUpApplicationRecord -- 14418
06-16 13:05:30.067  1161  1161 D ConditionProviders.SCP: onReceive android.intent.action.TIME_SET
06-16 13:05:30.087  1161  1161 D ConditionProviders.SCP: notifyCondition condition://android/schedule?days=6.7&start=23.30&end=10.0&exitAtAlarm=false STATE_FALSE reason=!meetsSchedule
06-16 13:05:30.087  1161  1161 D ConditionProviders.SCP: notifyCondition condition://android/schedule?days=1.2.3.4.5&start=22.0&end=7.0&exitAtAlarm=false STATE_FALSE reason=!meetsSchedule
06-16 13:05:30.100  1161  1161 D ConditionProviders.SCP: Scheduling evaluate for Fri Jun 16 22:00:00 PDT 2017 (1497675600000), in +8h54m29s933ms, now=Fri Jun 16 13:05:30 PDT 2017 (1497643530067)
06-16 13:05:30.144  1161  1161 D ConditionProviders.SCP: onReceive android.app.action.NEXT_ALARM_CLOCK_CHANGED
06-16 13:05:30.146  1161  1161 D ConditionProviders.SCP: notifyCondition condition://android/schedule?days=6.7&start=23.30&end=10.0&exitAtAlarm=false STATE_FALSE reason=!meetsSchedule
06-16 13:05:30.146  1161  1161 D ConditionProviders.SCP: notifyCondition condition://android/schedule?days=1.2.3.4.5&start=22.0&end=7.0&exitAtAlarm=false STATE_FALSE reason=!meetsSchedule
06-16 13:05:30.147  1161  1161 D ConditionProviders.SCP: Scheduling evaluate for Fri Jun 16 22:00:00 PDT 2017 (1497675600000), in +8h54m29s856ms, now=Fri Jun 16 13:05:30 PDT 2017 (1497643530144)
06-16 13:05:41.064  1161  1161 D ConditionProviders.SCP: onReceive android.intent.action.TIME_SET
06-16 13:05:41.079  1161  1161 D ConditionProviders.SCP: notifyCondition condition://android/schedule?days=6.7&start=23.30&end=10.0&exitAtAlarm=false STATE_FALSE reason=!meetsSchedule
06-16 13:05:41.079  1161  1161 D ConditionProviders.SCP: notifyCondition condition://android/schedule?days=1.2.3.4.5&start=22.0&end=7.0&exitAtAlarm=false STATE_FALSE reason=!meetsSchedule
06-16 13:05:41.082  1161  1161 D ConditionProviders.SCP: Scheduling evaluate for Fri Jun 16 22:00:00 PDT 2017 (1497675600000), in +8h54m18s936ms, now=Fri Jun 16 13:05:41 PDT 2017 (1497643541064)
06-16 13:05:41.168  1161  1161 D ConditionProviders.SCP: onReceive android.app.action.NEXT_ALARM_CLOCK_CHANGED
06-16 13:05:41.169  1161  1161 D ConditionProviders.SCP: notifyCondition condition://android/schedule?days=6.7&start=23.30&end=10.0&exitAtAlarm=false STATE_FALSE reason=!meetsSchedule
06-16 13:05:41.169  1161  1161 D ConditionProviders.SCP: notifyCondition condition://android/schedule?days=1.2.3.4.5&start=22.0&end=7.0&exitAtAlarm=false STATE_FALSE reason=!meetsSchedule
06-16 13:05:41.171  1161  1161 D ConditionProviders.SCP: Scheduling evaluate for Fri Jun 16 22:00:00 PDT 2017 (1497675600000), in +8h54m18s832ms, now=Fri Jun 16 13:05:41 PDT 2017 (1497643541168)
06-16 13:05:43.107  1161  1192 I ActivityManager: Waited long enough for: ServiceRecord{36bd1e8 u0 com.google.android.deskclock/com.android.deskclock.WearableSyncService}
06-16 13:06:04.532  1161  1161 I ActivityManager: Killing 14378:com.android.musicfx/u0a30 (adj 906): empty #17
06-16 13:06:04.577  1161  5151 D ActivityManager: cleanUpApplicationRecord -- 14378
06-16 13:06:06.455  1161  1192 I ActivityManager: Start proc 15478:com.google.android.apps.gcs/u0a16 for broadcast com.google.android.apps.gcs/.receiver.WifiConnectionChangeReceiver
06-16 13:06:06.884  1161  2720 I ActivityManager: Killing 13489:android.process.acore/u0a3 (adj 906): empty #17
06-16 13:06:06.948  1161  1598 I ActivityManager: Start proc 15507:com.tivophone.android.debug/u0a136 for broadcast com.tivophone.android.debug/com.tivo.net.NetworkStatusMonitor
06-16 13:06:06.951  1161 14512 D ActivityManager: cleanUpApplicationRecord -- 13489
06-16 13:06:06.997 15507 15507 W ActivityThread: Application com.tivophone.android.debug can be debugged on port 8100...
06-16 13:06:07.296  1161 15250 I ActivityManager: Start proc 15525:com.tivophone.android.debug:acra/u0a136 for service com.tivophone.android.debug/org.acra.sender.SenderService
06-16 13:06:07.409  1161  2715 D ConnectivityService: Returning unblocked NetworkInfo to uid=10136
06-16 13:06:07.421  1161  1549 I ActivityManager: Killing 12629:com.google.android.apps.photos/u0a82 (adj 906): empty #17
06-16 13:06:07.444  1161  1181 D ActivityManager: cleanUpApplicationRecord -- 12629
06-16 13:06:07.692  1161 15252 I ActivityManager: Killing 14399:com.verizon.vzwavs/u0a111 (adj 906): empty #17
06-16 13:06:07.711  1161  1549 D ActivityManager: cleanUpApplicationRecord -- 14399
06-16 13:06:13.073  1161 15253 D ConnectivityService: pendingRequest for uid/pid:10016/15478 NetworkRequest [ REQUEST id=598, [ Transports: WIFI Capabilities: INTERNET&NOT_RESTRICTED&NOT_VPN] ] to trigger PendingIntent{756f37f: PendingIntentRecord{1708f4c com.google.android.apps.gcs broadcastIntent}}
06-16 13:06:13.077  1161  1540 D ConnectivityService: Sending PendingIntent{756f37f: PendingIntentRecord{1708f4c com.google.android.apps.gcs broadcastIntent}}
06-16 13:06:13.112  1161  1161 D ConnectivityService: Finished sending PendingIntent{756f37f: PendingIntentRecord{1708f4c com.google.android.apps.gcs broadcastIntent}}
06-16 13:06:13.120  1161 14650 D ConnectivityService: requestNetwork for uid/pid:10016/15478 NetworkRequest [ REQUEST id=599, [ Transports: WIFI Capabilities: INTERNET&NOT_RESTRICTED&NOT_VPN] ]
06-16 13:06:13.163  1161  1540 D ConnectivityService: releasing NetworkRequest [ REQUEST id=599, [ Transports: WIFI Capabilities: INTERNET&NOT_RESTRICTED&NOT_VPN] ]
06-16 13:06:18.118  1161  1540 D ConnectivityService: releasing NetworkRequest [ REQUEST id=598, [ Transports: WIFI Capabilities: INTERNET&NOT_RESTRICTED&NOT_VPN] ]
06-16 13:07:05.543  1161  1192 I ActivityManager: Waited long enough for: ServiceRecord{c252b81 u0 com.google.android.apps.fireball/.networkservice.NetworkServiceImpl}
06-16 13:13:46.136  1161  1225 W PackageParser: Unknown element under <manifest>: meta-data at /data/app/vmdl491798370.tmp/base.apk Binary XML file line #14
06-16 13:13:47.531  1161  1192 I ActivityManager: Force stopping com.samsung.mygallery.app appid=10167 user=-1: installPackageLI
06-16 13:13:47.536  1161  1192 I ActivityManager: Killing 15102:com.samsung.mygallery.app/u0a167 (adj 906): stop com.samsung.mygallery.app
06-16 13:13:47.588  1161  1192 D ActivityManager: cleanUpApplicationRecord -- 15102
06-16 13:13:47.792  1161  1225 I PackageManager: Package com.samsung.mygallery.app codePath changed from /data/app/com.samsung.mygallery.app-1 to /data/app/com.samsung.mygallery.app-2; Retaining data and using new
06-16 13:13:47.796  1161  1225 W PackageManager: Code path for com.samsung.mygallery.app changing from /data/app/com.samsung.mygallery.app-1 to /data/app/com.samsung.mygallery.app-2
06-16 13:13:47.796  1161  1225 W PackageManager: Resource path for com.samsung.mygallery.app changing from /data/app/com.samsung.mygallery.app-1 to /data/app/com.samsung.mygallery.app-2
06-16 13:13:48.772  1161  1225 I ActivityManager: Force stopping com.samsung.mygallery.app appid=10167 user=0: pkg removed
06-16 13:13:48.792  1161  1192 I ActivityManager: Start proc 15722:com.android.keychain/1000 for broadcast com.android.keychain/.KeyChainBroadcastReceiver
06-16 13:13:48.800  1161  1225 W ActivityManager: Skipping broadcast of Intent { act=android.intent.action.PACKAGE_REMOVED dat=package:com.samsung.mygallery.app flg=0x4000010 (has extras) }: user 10 is stopped
06-16 13:13:48.827  1161  1225 W ActivityManager: Skipping broadcast of Intent { act=android.intent.action.PACKAGE_ADDED dat=package:com.samsung.mygallery.app flg=0x4000010 (has extras) }: user 10 is stopped
06-16 13:13:48.841  1161  1225 W ActivityManager: Skipping broadcast of Intent { act=android.intent.action.PACKAGE_REPLACED dat=package:com.samsung.mygallery.app flg=0x4000010 (has extras) }: user 10 is stopped
06-16 13:13:48.847  1161  1225 W ActivityManager: Skipping broadcast of Intent { act=android.intent.action.MY_PACKAGE_REPLACED flg=0x4000010 pkg=com.samsung.mygallery.app (has extras) }: user 10 is stopped
06-16 13:13:48.895 15722 15722 W ContextImpl: Calling a method in the system process without a qualified user: android.app.ContextImpl.startService:1357 android.content.ContextWrapper.startService:613 android.content.ContextWrapper.startService:613 com.android.keychain.KeyChainBroadcastReceiver.onReceive:12 android.app.ActivityThread.handleReceiver:3041 
06-16 13:13:48.915  1161  2720 I ActivityManager: Start proc 15737:com.android.musicfx/u0a30 for broadcast com.android.musicfx/.Compatibility$Receiver
06-16 13:13:48.989  1161  2720 I ActivityManager: Start proc 15755:android.process.acore/u0a3 for broadcast com.android.providers.contacts/.PackageIntentReceiver
06-16 13:13:49.140  1161  1818 I ActivityManager: Start proc 15777:com.verizon.vzwavs/u0a111 for broadcast com.verizon.vzwavs/.WakeupReceiver
06-16 13:13:49.265  1161  5151 I ActivityManager: Killing 14459:com.creditkarma.mobile/u0a154 (adj 906): empty #17
06-16 13:13:49.280  1161 15249 D ActivityManager: cleanUpApplicationRecord -- 14459
06-16 13:13:49.324  1161 14644 I ActivityManager: Start proc 15808:com.google.android.partnersetup/u0a26 for broadcast com.google.android.partnersetup/.RlzPingBroadcastReceiver
06-16 13:13:49.426  1161  5151 I ActivityManager: Start proc 15830:com.google.android.apps.photos/u0a82 for broadcast com.google.android.apps.photos/.backgroundsignin.BackgroundSignInBroadcastReceiver
06-16 13:13:49.439  1161  5151 I ActivityManager: Killing 14840:com.instagram.android/u0a117 (adj 906): empty #17
06-16 13:13:49.503  1161  1880 D ActivityManager: cleanUpApplicationRecord -- 14840
06-16 13:13:49.973  1161  2720 I ActivityManager: Start proc 15860:com.creditkarma.mobile/u0a154 for broadcast com.creditkarma.mobile/.push.AppUpgradeReceiver
06-16 13:13:50.521  1161  2715 I ActivityManager: Start proc 15913:com.instagram.android/u0a117 for broadcast com.instagram.android/com.instagram.selfupdate.SelfUpdateUpgradeEventReceiver
06-16 13:13:50.568  1161  1212 D LuxLevels: bright hysteresis constant= 0.1, threshold=49.76983, lux=45.245296
06-16 13:13:50.568  1161  1212 D LuxLevels: dark hysteresis constant= 0.2, threshold=36.19624, lux=45.245296
06-16 13:13:51.295  1161  2719 I ActivityManager: Killing 15156:com.google.android.calendar/u0a52 (adj 906): empty #17
06-16 13:13:51.312  1161  1881 D ActivityManager: cleanUpApplicationRecord -- 15156
06-16 13:13:54.090  1161 14645 I ActivityManager: Killing 15265:com.motricity.verizon.ssodownloadable/u0a46 (adj 906): empty #17
06-16 13:13:54.119  1161  1598 D ActivityManager: cleanUpApplicationRecord -- 15265
06-16 13:13:56.181  1161  5152 I ActivityManager: Killing 15282:com.qualcomm.timeservice/1000 (adj 906): empty #17
06-16 13:13:56.223  1161 14512 D ActivityManager: cleanUpApplicationRecord -- 15282
06-16 13:14:00.232  1161  2718 I ActivityManager: Killing 15324:com.android.cellbroadcastreceiver/u0a6 (adj 906): empty #17
06-16 13:14:00.266  1161 14648 D ActivityManager: cleanUpApplicationRecord -- 15324
06-16 13:14:00.868  1161  2705 I ActivityManager: START u0 {act=android.intent.action.MAIN cat=[android.intent.category.LAUNCHER] flg=0x10200000 cmp=com.samsung.mygallery.app/.MainActivity bnds=[437,929][644,1207] (has extras)} from uid 10031 on display 0
06-16 13:14:00.905  1161 15253 I ActivityManager: Start proc 15990:com.samsung.mygallery.app/u0a167 for activity com.samsung.mygallery.app/.MainActivity
06-16 13:14:03.030  1161  1161 I EntropyMixer: Writing entropy...
06-16 13:14:05.705 15990 15990 E AndroidRuntime: FATAL EXCEPTION: main
06-16 13:14:05.705 15990 15990 E AndroidRuntime: Process: com.samsung.mygallery.app, PID: 15990
06-16 13:14:05.705 15990 15990 E AndroidRuntime: java.lang.ClassCastException: android.widget.FrameLayout cannot be cast to android.widget.LinearLayout
06-16 13:14:05.705 15990 15990 E AndroidRuntime: 	at com.samsung.mygallery.app.ui.AlbumDetailsFragment$AlbumDetailesPagerAdapter.destroyItem(AlbumDetailsFragment.java:69)
06-16 13:14:05.705 15990 15990 E AndroidRuntime: 	at android.support.v4.view.ViewPager.populate(ViewPager.java:1173)
06-16 13:14:05.705 15990 15990 E AndroidRuntime: 	at android.support.v4.view.ViewPager.populate(ViewPager.java:1087)
06-16 13:14:05.705 15990 15990 E AndroidRuntime: 	at android.support.v4.view.ViewPager$3.run(ViewPager.java:270)
06-16 13:14:05.705 15990 15990 E AndroidRuntime: 	at android.view.Choreographer$CallbackRecord.run(Choreographer.java:874)
06-16 13:14:05.705 15990 15990 E AndroidRuntime: 	at android.view.Choreographer.doCallbacks(Choreographer.java:686)
06-16 13:14:05.705 15990 15990 E AndroidRuntime: 	at android.view.Choreographer.doFrame(Choreographer.java:618)
06-16 13:14:05.705 15990 15990 E AndroidRuntime: 	at android.view.Choreographer$FrameDisplayEventReceiver.run(Choreographer.java:860)
06-16 13:14:05.705 15990 15990 E AndroidRuntime: 	at android.os.Handler.handleCallback(Handler.java:751)
06-16 13:14:05.705 15990 15990 E AndroidRuntime: 	at android.os.Handler.dispatchMessage(Handler.java:95)
06-16 13:14:05.705 15990 15990 E AndroidRuntime: 	at android.os.Looper.loop(Looper.java:154)
06-16 13:14:05.705 15990 15990 E AndroidRuntime: 	at android.app.ActivityThread.main(ActivityThread.java:6121)
06-16 13:14:05.705 15990 15990 E AndroidRuntime: 	at java.lang.reflect.Method.invoke(Native Method)
06-16 13:14:05.705 15990 15990 E AndroidRuntime: 	at com.android.internal.os.ZygoteInit$MethodAndArgsCaller.run(ZygoteInit.java:889)
06-16 13:14:05.705 15990 15990 E AndroidRuntime: 	at com.android.internal.os.ZygoteInit.main(ZygoteInit.java:779)
06-16 13:14:05.709  1161  2705 W ActivityManager:   Force finishing activity com.samsung.mygallery.app/.MainActivity
06-16 13:14:06.216  1161  1192 W ActivityManager: Activity pause timeout for ActivityRecord{9b46ab3 u0 com.samsung.mygallery.app/.MainActivity t6009 f}
06-16 13:14:06.701  1161  1192 I ActivityManager: Killing 15140:com.android.providers.calendar/u0a4 (adj 906): empty #17
06-16 13:14:06.734  1161 14643 D ActivityManager: cleanUpApplicationRecord -- 15140
06-16 13:14:12.917  1161  1212 D LuxLevels: bright hysteresis constant= 0.1, threshold=39.445095, lux=35.859177
06-16 13:14:12.918  1161  1212 D LuxLevels: dark hysteresis constant= 0.2, threshold=28.687342, lux=35.859177
06-16 13:14:16.712  1161  1192 W ActivityManager: Activity destroy timeout for ActivityRecord{9b46ab3 u0 com.samsung.mygallery.app/.MainActivity t6009 f}
06-16 13:14:17.498  1161  2705 I ActivityManager: Killing 15990:com.samsung.mygallery.app/u0a167 (adj 900): crash
06-16 13:14:17.522  1161  2705 D ActivityManager: cleanUpApplicationRecord -- 15990
06-16 13:14:17.523  1161  2705 I ActivityManager: START u0 {act=android.intent.action.MAIN cat=[android.intent.category.LAUNCHER] flg=0x10300000 cmp=com.samsung.mygallery.app/.MainActivity (has extras)} from uid 10031 on display 0
06-16 13:14:17.562  1161 10439 E ActivityManager: applyOptionsLocked: Unknown animationType=0
06-16 13:14:17.572  1161 10439 I ActivityManager: Start proc 16060:com.samsung.mygallery.app/u0a167 for activity com.samsung.mygallery.app/.MainActivity
06-16 13:14:17.695  1161  1210 W AppOps  : Finishing op nesting under-run: uid 1000 pkg android code 24 time=0 duration=0 nesting=0
06-16 13:14:19.094  1161  1212 D LuxLevels: bright hysteresis constant= 0.1, threshold=45.30085, lux=41.18259
06-16 13:14:19.095  1161  1212 D LuxLevels: dark hysteresis constant= 0.2, threshold=32.94607, lux=41.18259
06-16 13:14:20.087  1161  1212 D LuxLevels: bright hysteresis constant= 0.1, threshold=50.278545, lux=45.707767
06-16 13:14:20.087  1161  1212 D LuxLevels: dark hysteresis constant= 0.2, threshold=36.566216, lux=45.707767
06-16 13:14:20.884  1161  1212 D LuxLevels: bright hysteresis constant= 0.1, threshold=55.912117, lux=50.829197
06-16 13:14:20.884  1161  1212 D LuxLevels: dark hysteresis constant= 0.2, threshold=40.663357, lux=50.829197
06-16 13:14:21.885  1161  1212 D LuxLevels: bright hysteresis constant= 0.1, threshold=61.546436, lux=55.951305
06-16 13:14:21.885  1161  1212 D LuxLevels: dark hysteresis constant= 0.2, threshold=44.761044, lux=55.951305
06-16 13:14:23.278  1161  1212 D LuxLevels: bright hysteresis constant= 0.1, threshold=68.19604, lux=61.996395
06-16 13:14:23.278  1161  1212 D LuxLevels: dark hysteresis constant= 0.2, threshold=49.59712, lux=61.996395
06-16 13:14:25.075  1161  1212 D LuxLevels: bright hysteresis constant= 0.1, threshold=75.56312, lux=68.69374
06-16 13:14:25.075  1161  1212 D LuxLevels: dark hysteresis constant= 0.2, threshold=54.954994, lux=68.69374
06-16 13:14:30.463  1161  1212 D LuxLevels: bright hysteresis constant= 0.1, threshold=83.145386, lux=75.586716
06-16 13:14:30.464  1161  1212 D LuxLevels: dark hysteresis constant= 0.2, threshold=60.46937, lux=75.586716
06-16 13:14:40.250  1161  1212 D LuxLevels: bright hysteresis constant= 0.1, threshold=53.554462, lux=48.685875
06-16 13:14:40.250  1161  1212 D LuxLevels: dark hysteresis constant= 0.2, threshold=38.9487, lux=48.685875
06-16 13:14:48.024  1161  1212 D LuxLevels: bright hysteresis constant= 0.1, threshold=61.507034, lux=55.915485
06-16 13:14:48.024  1161  1212 D LuxLevels: dark hysteresis constant= 0.2, threshold=44.732388, lux=55.915485
06-16 13:14:49.317  1161  1212 D LuxLevels: bright hysteresis constant= 0.1, threshold=68.32603, lux=62.11457
06-16 13:14:49.318  1161  1212 D LuxLevels: dark hysteresis constant= 0.2, threshold=49.691658, lux=62.11457
06-16 13:14:51.164  1161  1212 D LuxLevels: bright hysteresis constant= 0.1, threshold=75.86541, lux=68.96855
06-16 13:14:51.164  1161  1212 D LuxLevels: dark hysteresis constant= 0.2, threshold=55.174843, lux=68.96855
06-16 13:15:06.585  1161  1212 D LuxLevels: bright hysteresis constant= 0.1, threshold=51.796913, lux=47.0881
06-16 13:15:06.585  1161  1212 D LuxLevels: dark hysteresis constant= 0.2, threshold=37.670483, lux=47.0881
06-16 13:15:08.566 16060 16060 E AndroidRuntime: FATAL EXCEPTION: main
06-16 13:15:08.566 16060 16060 E AndroidRuntime: Process: com.samsung.mygallery.app, PID: 16060
06-16 13:15:08.566 16060 16060 E AndroidRuntime: java.lang.ClassCastException: android.widget.FrameLayout cannot be cast to android.widget.LinearLayout
06-16 13:15:08.566 16060 16060 E AndroidRuntime: 	at com.samsung.mygallery.app.ui.AlbumDetailsFragment$AlbumDetailesPagerAdapter.destroyItem(AlbumDetailsFragment.java:69)
06-16 13:15:08.566 16060 16060 E AndroidRuntime: 	at android.support.v4.view.ViewPager.populate(ViewPager.java:1207)
06-16 13:15:08.566 16060 16060 E AndroidRuntime: 	at android.support.v4.view.ViewPager.populate(ViewPager.java:1087)
06-16 13:15:08.566 16060 16060 E AndroidRuntime: 	at android.support.v4.view.ViewPager$3.run(ViewPager.java:270)
06-16 13:15:08.566 16060 16060 E AndroidRuntime: 	at android.view.Choreographer$CallbackRecord.run(Choreographer.java:874)
06-16 13:15:08.566 16060 16060 E AndroidRuntime: 	at android.view.Choreographer.doCallbacks(Choreographer.java:686)
06-16 13:15:08.566 16060 16060 E AndroidRuntime: 	at android.view.Choreographer.doFrame(Choreographer.java:618)
06-16 13:15:08.566 16060 16060 E AndroidRuntime: 	at android.view.Choreographer$FrameDisplayEventReceiver.run(Choreographer.java:860)
06-16 13:15:08.566 16060 16060 E AndroidRuntime: 	at android.os.Handler.handleCallback(Handler.java:751)
06-16 13:15:08.566 16060 16060 E AndroidRuntime: 	at android.os.Handler.dispatchMessage(Handler.java:95)
06-16 13:15:08.566 16060 16060 E AndroidRuntime: 	at android.os.Looper.loop(Looper.java:154)
06-16 13:15:08.566 16060 16060 E AndroidRuntime: 	at android.app.ActivityThread.main(ActivityThread.java:6121)
06-16 13:15:08.566 16060 16060 E AndroidRuntime: 	at java.lang.reflect.Method.invoke(Native Method)
06-16 13:15:08.566 16060 16060 E AndroidRuntime: 	at com.android.internal.os.ZygoteInit$MethodAndArgsCaller.run(ZygoteInit.java:889)
06-16 13:15:08.566 16060 16060 E AndroidRuntime: 	at com.android.internal.os.ZygoteInit.main(ZygoteInit.java:779)
06-16 13:15:08.575  1161  1180 W ActivityManager:   Force finishing activity com.samsung.mygallery.app/.MainActivity
06-16 13:15:09.086  1161  1192 W ActivityManager: Activity pause timeout for ActivityRecord{f8dc369 u0 com.samsung.mygallery.app/.MainActivity t6009 f}
06-16 13:15:09.530  1161  1192 I ActivityManager: Killing 15507:com.tivophone.android.debug/u0a136 (adj 906): empty #17
06-16 13:15:09.550  1161  2701 D ActivityManager: cleanUpApplicationRecord -- 15507
06-16 13:15:09.764  1161  1212 D LuxLevels: bright hysteresis constant= 0.1, threshold=41.060425, lux=37.32766
06-16 13:15:09.764  1161  1212 D LuxLevels: dark hysteresis constant= 0.2, threshold=29.862127, lux=37.32766
06-16 13:15:14.358  1161  1212 D LuxLevels: bright hysteresis constant= 0.1, threshold=46.98853, lux=42.716843
06-16 13:15:14.358  1161  1212 D LuxLevels: dark hysteresis constant= 0.2, threshold=34.173473, lux=42.716843
06-16 13:15:15.557  1161  1212 D LuxLevels: bright hysteresis constant= 0.1, threshold=56.059196, lux=50.962906
06-16 13:15:15.557  1161  1212 D LuxLevels: dark hysteresis constant= 0.2, threshold=40.770325, lux=50.962906
06-16 13:15:16.459  1161  1212 D LuxLevels: bright hysteresis constant= 0.1, threshold=61.974598, lux=56.34054
06-16 13:15:16.459  1161  1212 D LuxLevels: dark hysteresis constant= 0.2, threshold=45.072433, lux=56.34054
06-16 13:15:17.798  1161  1212 D LuxLevels: bright hysteresis constant= 0.1, threshold=69.404915, lux=63.095375
06-16 13:15:17.798  1161  1212 D LuxLevels: dark hysteresis constant= 0.2, threshold=50.4763, lux=63.095375
06-16 13:15:19.532  1161  1192 W ActivityManager: Activity destroy timeout for ActivityRecord{f8dc369 u0 com.samsung.mygallery.app/.MainActivity t6009 f}
06-16 13:15:19.593  1161  1212 D LuxLevels: bright hysteresis constant= 0.1, threshold=76.92264, lux=69.92967
06-16 13:15:19.593  1161  1212 D LuxLevels: dark hysteresis constant= 0.2, threshold=55.943737, lux=69.92967
06-16 13:15:38.729  1161  1192 I ActivityManager: Waited long enough for: ServiceRecord{918fee9 u0 com.google.android.apps.fireball/.networkservice.NetworkServiceImpl}
06-16 13:17:27.504  1161  1180 I ActivityManager: Killing 16060:com.samsung.mygallery.app/u0a167 (adj 900): crash
06-16 13:17:27.504  1161  1180 D ActivityManager: cleanUpApplicationRecord -- 16060
06-16 13:17:27.510  1161  1180 I ActivityManager: START u0 {act=android.intent.action.MAIN cat=[android.intent.category.LAUNCHER] flg=0x10300000 cmp=com.samsung.mygallery.app/.MainActivity (has extras)} from uid 10031 on display 0
06-16 13:17:27.558  1161  2707 E ActivityManager: applyOptionsLocked: Unknown animationType=0
06-16 13:17:27.570  1161  2707 I ActivityManager: Start proc 16148:com.samsung.mygallery.app/u0a167 for activity com.samsung.mygallery.app/.MainActivity
06-16 13:17:27.743  1161  1210 W AppOps  : Finishing op nesting under-run: uid 1000 pkg android code 24 time=0 duration=0 nesting=0
06-16 13:17:27.864  1161  1212 D LuxLevels: bright hysteresis constant= 0.1, threshold=44.097202, lux=40.088364
06-16 13:17:27.865  1161  1212 D LuxLevels: dark hysteresis constant= 0.2, threshold=32.07069, lux=40.088364
06-16 13:17:34.896 16148 16148 E AndroidRuntime: FATAL EXCEPTION: main
06-16 13:17:34.896 16148 16148 E AndroidRuntime: Process: com.samsung.mygallery.app, PID: 16148
06-16 13:17:34.896 16148 16148 E AndroidRuntime: java.lang.ClassCastException: android.widget.FrameLayout cannot be cast to android.widget.LinearLayout
06-16 13:17:34.896 16148 16148 E AndroidRuntime: 	at com.samsung.mygallery.app.ui.AlbumDetailsFragment$AlbumDetailesPagerAdapter.destroyItem(AlbumDetailsFragment.java:69)
06-16 13:17:34.896 16148 16148 E AndroidRuntime: 	at android.support.v4.view.ViewPager.populate(ViewPager.java:1207)
06-16 13:17:34.896 16148 16148 E AndroidRuntime: 	at android.support.v4.view.ViewPager.populate(ViewPager.java:1087)
06-16 13:17:34.896 16148 16148 E AndroidRuntime: 	at android.support.v4.view.ViewPager$3.run(ViewPager.java:270)
06-16 13:17:34.896 16148 16148 E AndroidRuntime: 	at android.view.Choreographer$CallbackRecord.run(Choreographer.java:874)
06-16 13:17:34.896 16148 16148 E AndroidRuntime: 	at android.view.Choreographer.doCallbacks(Choreographer.java:686)
06-16 13:17:34.896 16148 16148 E AndroidRuntime: 	at android.view.Choreographer.doFrame(Choreographer.java:618)
06-16 13:17:34.896 16148 16148 E AndroidRuntime: 	at android.view.Choreographer$FrameDisplayEventReceiver.run(Choreographer.java:860)
06-16 13:17:34.896 16148 16148 E AndroidRuntime: 	at android.os.Handler.handleCallback(Handler.java:751)
06-16 13:17:34.896 16148 16148 E AndroidRuntime: 	at android.os.Handler.dispatchMessage(Handler.java:95)
06-16 13:17:34.896 16148 16148 E AndroidRuntime: 	at android.os.Looper.loop(Looper.java:154)
06-16 13:17:34.896 16148 16148 E AndroidRuntime: 	at android.app.ActivityThread.main(ActivityThread.java:6121)
06-16 13:17:34.896 16148 16148 E AndroidRuntime: 	at java.lang.reflect.Method.invoke(Native Method)
06-16 13:17:34.896 16148 16148 E AndroidRuntime: 	at com.android.internal.os.ZygoteInit$MethodAndArgsCaller.run(ZygoteInit.java:889)
06-16 13:17:34.896 16148 16148 E AndroidRuntime: 	at com.android.internal.os.ZygoteInit.main(ZygoteInit.java:779)
06-16 13:17:34.900  1161  1181 W ActivityManager:   Force finishing activity com.samsung.mygallery.app/.MainActivity
06-16 13:17:35.408  1161  1192 W ActivityManager: Activity pause timeout for ActivityRecord{c78861b u0 com.samsung.mygallery.app/.MainActivity t6009 f}
