06-15 19:07:31.885  1161  1195 I chatty  : uid=1000(system) batterystats-sy expire 1 line
06-15 19:07:31.924  1161  1192 I chatty  : uid=1000(system) ActivityManager expire 6 lines
06-15 19:07:32.054  1161 15251 I chatty  : uid=1000(system) Binder:1161_1E expire 3 lines
06-15 19:07:32.940  1161  2701 I chatty  : uid=1000(system) Binder:1161_9 expire 6 lines
06-15 19:07:37.629  1161  1212 I chatty  : uid=1000(system) PowerManagerSer expire 22 lines
06-15 19:08:01.870  1161  1161 I chatty  : uid=1000 system_server expire 12 lines
06-15 19:08:02.501  1161  1210 I chatty  : uid=1000(system) android.display expire 4 lines
06-15 19:09:56.429  1161  2017 I chatty  : uid=1000(system) Binder:1161_8 expire 4 lines
06-15 19:09:56.510  1161  1549 I chatty  : uid=1000(system) Binder:1161_3 expire 1 line
06-15 19:09:58.794  1161  1180 I chatty  : uid=1000(system) Binder:1161_1 expire 2 lines
06-15 19:09:59.153  1161  2707 I chatty  : uid=1000(system) Binder:1161_B expire 1 line
06-15 19:10:00.662  1161 15250 I chatty  : uid=1000(system) Binder:1161_1D expire 3 lines
06-15 19:10:03.664  1161 14646 I chatty  : uid=1000(system) Binder:1161_18 expire 2 lines
06-15 19:10:10.407  1161 14648 I chatty  : uid=1000(system) Binder:1161_19 expire 2 lines
06-15 19:10:14.881  1161  1852 I chatty  : uid=1000(system) uteStateMachine expire 5 lines
06-15 19:10:17.588  1161  2537 I chatty  : uid=1000(system) backup expire 1 line
06-15 19:10:56.569  1161  2734 I chatty  : uid=1000(system) Binder:1161_10 expire 2 lines
06-15 19:10:56.626  1161  1540 I chatty  : uid=1000(system) ConnectivitySer expire 23 lines
06-15 19:10:57.127  1161 10439 I chatty  : uid=1000(system) Binder:1161_13 expire 1 line
06-15 19:11:01.439   677  1231 D NetlinkEvent: Unknown ifindex 69 in RTM_DELADDR
06-15 19:11:01.442  1161  1208 I chatty  : uid=1000(system) android.fg expire 3 lines
06-15 19:11:05.470  1161  1527 I chatty  : uid=1000(system) InputReader expire 1 line
06-15 19:11:06.296  1161  1212 I chatty  : uid=1000(system) PowerManagerSer expire 2 lines
06-15 19:12:00.044  1161  1524 I chatty  : uid=1000(system) AlarmManager expire 1 line
06-15 19:12:38.257  1161  1533 I chatty  : uid=1000(system) NetworkPolicy expire 1 line
06-15 19:16:06.277  1161 15249 I chatty  : uid=1000(system) Binder:1161_1C expire 1 line
06-15 19:16:06.303  1161  5151 I chatty  : uid=1000(system) Binder:1161_11 expire 4 lines
06-15 19:16:06.316  1161 14643 I chatty  : uid=1000(system) Binder:1161_15 expire 3 lines
06-15 19:16:34.338  1161  1540 I chatty  : uid=1000(system) ConnectivitySer expire 20 lines
06-15 19:16:35.253  1161  1208 I chatty  : uid=1000(system) android.fg expire 14 lines
06-15 19:20:27.522  1161  1190 I chatty  : uid=1000(system) android.bg expire 8 lines
06-15 19:20:27.551  1161  1549 I chatty  : uid=1000(system) Binder:1161_3 expire 5 lines
06-15 19:20:28.491  1161 15250 I chatty  : uid=1000(system) Binder:1161_1D expire 4 lines
06-15 19:20:28.556  1161  1533 I chatty  : uid=1000(system) NetworkPolicy expire 3 lines
06-15 19:20:28.599  1161  2705 I chatty  : uid=1000(system) Binder:1161_A expire 2 lines
06-15 19:20:28.600  1161 14649 I chatty  : uid=1000(system) Binder:1161_1A expire 3 lines
06-15 19:20:28.677  1161  1818 I chatty  : uid=1000(system) Binder:1161_5 expire 3 lines
06-15 19:20:31.420  1161  1192 I chatty  : uid=1000(system) ActivityManager expire 10 lines
06-15 19:22:00.205  1161  2017 I chatty  : uid=1000(system) Binder:1161_8 expire 2 lines
06-15 19:22:03.150  1161  5152 I chatty  : uid=1000(system) Binder:1161_12 expire 2 lines
06-15 19:23:03.342  1161  2707 I chatty  : uid=1000(system) Binder:1161_B expire 2 lines
06-15 19:27:41.208  1161 14644 I chatty  : uid=1000(system) Binder:1161_16 expire 5 lines
06-15 19:32:07.774  1161  2715 I chatty  : uid=1000(system) Binder:1161_C expire 2 lines
06-15 19:36:52.752  1161 15252 I chatty  : uid=1000(system) Binder:1161_1F expire 1 line
06-15 19:40:30.616  1161  1880 I chatty  : uid=1000(system) Binder:1161_6 expire 2 lines
06-15 19:40:57.232  1161 10439 I chatty  : uid=1000(system) Binder:1161_13 expire 3 lines
06-15 19:40:57.311  1161  1881 I chatty  : uid=1000(system) Binder:1161_7 expire 1 line
06-15 19:42:00.246   677  1231 D NetlinkEvent: Unknown ifindex 71 in RTM_DELADDR
06-15 19:42:00.312  1161 15251 I chatty  : uid=1000(system) Binder:1161_1E expire 1 line
06-15 19:42:00.346  1161  1540 I chatty  : uid=1000(system) ConnectivitySer expire 17 lines
06-15 19:42:12.675  1161 14645 I chatty  : uid=1000(system) Binder:1161_17 expire 3 lines
06-15 19:42:35.162   677  8325 W SocketClient: write error (Broken pipe)
06-15 19:42:53.786  1161 14648 I chatty  : uid=1000(system) Binder:1161_19 expire 3 lines
06-15 19:43:29.400  1161 15253 I chatty  : uid=1000(system) Binder:1161_20 expire 2 lines
06-15 19:43:29.487  8447  8469 D ActivityThread: Loading provider com.google.android.gmail.provider;com.android.mail.notifier;com.google.android.gm.email.provider;com.google.android.gm.tasks.provider;com.google.android.gm.email.notifier: com.android.email.provider.EmailProvider
06-15 19:43:29.719  1161  2701 I chatty  : uid=1000(system) Binder:1161_9 expire 2 lines
06-15 19:43:33.239  1161 14650 I chatty  : uid=1000(system) Binder:1161_1B expire 1 line
06-15 19:44:02.671  1161 14646 I chatty  : uid=1000(system) Binder:1161_18 expire 2 lines
06-15 19:44:57.258  1161  1161 I chatty  : uid=1000 system_server expire 41 lines
06-15 19:44:57.265  1161  1852 I chatty  : uid=1000(system) uteStateMachine expire 9 lines
06-15 19:45:26.976  1161  1212 I chatty  : uid=1000(system) PowerManagerSer expire 24 lines
06-15 19:45:26.978  1161  1210 I chatty  : uid=1000(system) android.display expire 7 lines
06-15 19:45:28.742  1161  2719 I chatty  : uid=1000(system) Binder:1161_E expire 1 line
06-15 19:45:28.743  1161  1208 I chatty  : uid=1000(system) android.fg expire 3 lines
06-15 19:45:31.368  1161  1526 I chatty  : uid=1000(system) InputDispatcher expire 2 lines
06-15 19:45:34.370  1161 14512 I chatty  : uid=1000(system) Binder:1161_14 expire 1 line
06-15 19:45:35.213  1161  1181 I chatty  : uid=1000(system) Binder:1161_2 expire 1 line
06-15 19:45:48.282  1161  1527 I chatty  : uid=1000(system) InputReader expire 1 line
06-15 19:50:34.144  1161  1853 I chatty  : uid=1000(system) CallAudioModeSt expire 15 lines
06-15 19:50:34.291  1161  1161 I chatty  : uid=1000 system_server expire 47 lines
06-15 19:50:34.296  1161  2734 I chatty  : uid=1000(system) Binder:1161_10 expire 2 lines
06-15 19:50:34.368  1161  1852 I chatty  : uid=1000(system) uteStateMachine expire 28 lines
06-15 19:50:34.428  1161  1192 I chatty  : uid=1000(system) ActivityManager expire 6 lines
06-15 19:50:34.473  1161 14643 I chatty  : uid=1000(system) Binder:1161_15 expire 31 lines
06-15 19:50:37.033  1161  1212 I chatty  : uid=1000(system) PowerManagerSer expire 8 lines
06-15 19:50:38.280  1161  1210 I chatty  : uid=1000(system) android.display expire 4 lines
06-15 19:50:39.455  1161 14646 I chatty  : uid=1000(system) Binder:1161_18 expire 27 lines
06-15 19:51:13.607  1161 14649 I chatty  : uid=1000(system) Binder:1161_1A expire 19 lines
06-15 19:51:15.090  1161  5151 I chatty  : uid=1000(system) Binder:1161_11 expire 10 lines
06-15 19:51:15.095  1161 14644 I chatty  : uid=1000(system) Binder:1161_16 expire 2 lines
06-15 19:51:15.215  1161 10439 I chatty  : uid=1000(system) Binder:1161_13 expire 3 lines
06-15 19:51:15.222  1161 14645 I chatty  : uid=1000(system) Binder:1161_17 expire 2 lines
06-15 19:51:16.954  1161  1526 I chatty  : uid=1000(system) InputDispatcher expire 1 line
06-15 19:51:17.933  1161  1190 I chatty  : uid=1000(system) android.bg expire 1 line
06-15 19:51:19.093  1161 15253 I chatty  : uid=1000(system) Binder:1161_20 expire 1 line
06-15 19:51:19.267  1161 14512 I chatty  : uid=1000(system) Binder:1161_14 expire 1 line
06-15 19:51:19.441  1161  2017 I chatty  : uid=1000(system) Binder:1161_8 expire 2 lines
06-15 19:51:21.228  1161  2715 I chatty  : uid=1000(system) Binder:1161_C expire 2 lines
06-15 19:51:23.365  1161  2701 I chatty  : uid=1000(system) Binder:1161_9 expire 1 line
06-15 19:51:25.762  1161 14648 I chatty  : uid=1000(system) Binder:1161_19 expire 1 line
06-15 19:51:29.653  1161  1549 I chatty  : uid=1000(system) Binder:1161_3 expire 6 lines
06-15 19:51:29.702  1161 15250 I chatty  : uid=1000(system) Binder:1161_1D expire 1 line
06-15 19:51:29.714  1161  9421 I chatty  : uid=1000 system_server expire 1 line
06-15 19:51:29.797  1161  9436 I chatty  : uid=1000 system_server expire 2 lines
06-15 19:51:31.650  1161  1818 I chatty  : uid=1000(system) Binder:1161_5 expire 20 lines
06-15 19:51:31.658  1161  1180 I chatty  : uid=1000(system) Binder:1161_1 expire 3 lines
06-15 19:51:31.659  1161  1853 I chatty  : uid=1000(system) CallAudioModeSt expire 14 lines
06-15 19:51:31.659  1161  1852 I chatty  : uid=1000(system) uteStateMachine expire 21 lines
06-15 19:51:31.663  1161 14646 I chatty  : uid=1000(system) Binder:1161_18 expire 2 lines
06-15 19:51:31.742  1161  2718 I chatty  : uid=1000(system) Binder:1161_D expire 2 lines
06-15 19:51:31.766  1161  1192 I chatty  : uid=1000(system) ActivityManager expire 7 lines
06-15 19:51:31.982  1161  1161 I chatty  : uid=1000 system_server expire 33 lines
06-15 19:51:32.263  1161  1880 I chatty  : uid=1000(system) Binder:1161_6 expire 2 lines
06-15 19:51:32.366  1161  2734 I chatty  : uid=1000(system) Binder:1161_10 expire 1 line
06-15 19:51:32.664  1161  1210 I chatty  : uid=1000(system) android.display expire 8 lines
06-15 19:53:24.339  1161 14648 I chatty  : uid=1000(system) Binder:1161_19 expire 3 lines
06-15 19:53:24.345  1161  2719 I chatty  : uid=1000(system) Binder:1161_E expire 30 lines
06-15 19:53:24.406  1161  1212 I chatty  : uid=1000(system) PowerManagerSer expire 52 lines
06-15 19:53:25.035  1161 14645 I chatty  : uid=1000(system) Binder:1161_17 expire 1 line
06-15 19:53:26.516  1161  1881 I chatty  : uid=1000(system) Binder:1161_7 expire 1 line
06-15 19:53:28.165  1161  1193 I chatty  : uid=1000(system) android.ui expire 2 lines
06-15 19:53:28.700  1161  2705 I chatty  : uid=1000(system) Binder:1161_A expire 2 lines
06-15 19:53:34.923  1161  1527 I chatty  : uid=1000(system) InputReader expire 1 line
06-15 19:53:35.772  1161  1208 I chatty  : uid=1000(system) android.fg expire 4 lines
06-15 19:53:38.591  1161 14644 I chatty  : uid=1000(system) Binder:1161_16 expire 1 line
06-15 19:55:12.289  1161 14649 I chatty  : uid=1000(system) Binder:1161_1A expire 1 line
06-15 19:55:12.305  1161 15249 I chatty  : uid=1000(system) Binder:1161_1C expire 4 lines
06-15 19:55:23.780  1161 15251 I chatty  : uid=1000(system) Binder:1161_1E expire 1 line
06-15 19:56:02.041  1161 15250 I chatty  : uid=1000(system) Binder:1161_1D expire 2 lines
06-15 19:58:55.363  1161  5152 I chatty  : uid=1000(system) Binder:1161_12 expire 1 line
06-15 19:58:55.382  1161  1181 I chatty  : uid=1000(system) Binder:1161_2 expire 1 line
06-15 19:59:48.954  1161  2720 I chatty  : uid=1000(system) Binder:1161_F expire 6 lines
06-15 19:59:49.050  1161  2715 I chatty  : uid=1000(system) Binder:1161_C expire 1 line
06-15 19:59:49.112  1161  9656 I chatty  : uid=1000 system_server expire 1 line
06-15 19:59:49.384  1161  2701 I chatty  : uid=1000(system) Binder:1161_9 expire 2 lines
06-15 19:59:49.744  1161  1161 I chatty  : uid=1000 system_server expire 28 lines
06-15 19:59:49.810  1161  1210 I chatty  : uid=1000(system) android.display expire 5 lines
06-15 19:59:49.939  1161  1212 I chatty  : uid=1000(system) PowerManagerSer expire 126 lines
06-15 20:00:20.100  1161 10439 I chatty  : uid=1000(system) Binder:1161_13 expire 24 lines
06-15 20:00:20.153  1161  1192 I chatty  : uid=1000(system) ActivityManager expire 6 lines
06-15 20:00:20.155  1161  1852 I chatty  : uid=1000(system) uteStateMachine expire 4 lines
06-15 20:00:20.156  1161  1853 I chatty  : uid=1000(system) CallAudioModeSt expire 3 lines
06-15 20:00:20.358  1161  2719 I chatty  : uid=1000(system) Binder:1161_E expire 2 lines
06-15 20:00:20.360  1161  2734 I chatty  : uid=1000(system) Binder:1161_10 expire 2 lines
06-15 20:00:28.813  1161 14648 I chatty  : uid=1000(system) Binder:1161_19 expire 1 line
06-15 20:00:31.624  1161  1208 I chatty  : uid=1000(system) android.fg expire 3 lines
06-15 20:00:32.993  1161  1181 I chatty  : uid=1000(system) Binder:1161_2 expire 3 lines
06-15 20:00:33.105  1161 14649 I chatty  : uid=1000(system) Binder:1161_1A expire 3 lines
06-15 20:00:33.230  1161 15253 I chatty  : uid=1000(system) Binder:1161_20 expire 1 line
06-15 20:00:33.388  1161  2715 I chatty  : uid=1000(system) Binder:1161_C expire 3 lines
06-15 20:00:33.459  1161 14650 I chatty  : uid=1000(system) Binder:1161_1B expire 2 lines
06-15 20:00:33.492  1161  1598 I chatty  : uid=1000(system) Binder:1161_4 expire 2 lines
06-15 20:00:41.542  1161 15250 I chatty  : uid=1000(system) Binder:1161_1D expire 3 lines
06-15 20:00:42.678  1161 14645 I chatty  : uid=1000(system) Binder:1161_17 expire 2 lines
06-15 20:00:42.684  1161  5151 I chatty  : uid=1000(system) Binder:1161_11 expire 3 lines
06-15 20:00:53.004  1161  2720 I chatty  : uid=1000(system) Binder:1161_F expire 2 lines
06-15 20:00:57.462  1161 14512 I chatty  : uid=1000(system) Binder:1161_14 expire 3 lines
06-15 20:00:58.768  1161  2718 I chatty  : uid=1000(system) Binder:1161_D expire 1 line
06-15 20:01:00.429  1161  2017 I chatty  : uid=1000(system) Binder:1161_8 expire 1 line
06-15 20:01:02.949  1161 14643 I chatty  : uid=1000(system) Binder:1161_15 expire 1 line
06-15 20:01:05.229  1161  1881 I chatty  : uid=1000(system) Binder:1161_7 expire 1 line
06-15 20:01:47.524  1161  1180 I chatty  : uid=1000(system) Binder:1161_1 expire 1 line
06-15 20:01:49.034  1161  1193 I chatty  : uid=1000(system) android.ui expire 1 line
06-15 20:01:56.645  1161 15249 I chatty  : uid=1000(system) Binder:1161_1C expire 1 line
06-15 20:01:57.240  1161 15252 I chatty  : uid=1000(system) Binder:1161_1F expire 1 line
06-15 20:01:57.252  1161  5152 I chatty  : uid=1000(system) Binder:1161_12 expire 3 lines
06-15 20:02:31.730  1161  2715 I chatty  : uid=1000(system) Binder:1161_C expire 2 lines
06-15 20:02:31.881  1161  1598 I chatty  : uid=1000(system) Binder:1161_4 expire 2 lines
06-15 20:02:31.914  1161 14512 I chatty  : uid=1000(system) Binder:1161_14 expire 5 lines
06-15 20:02:40.511  1161 14645 I chatty  : uid=1000(system) Binder:1161_17 expire 3 lines
06-15 20:03:06.184  1161  1212 I chatty  : uid=1000(system) PowerManagerSer expire 13 lines
06-15 20:03:06.185  1161  1210 I chatty  : uid=1000(system) android.display expire 32 lines
06-15 20:03:07.494  1161 14646 I chatty  : uid=1000(system) Binder:1161_18 expire 3 lines
06-15 20:03:07.562  1161 10439 I chatty  : uid=1000(system) Binder:1161_13 expire 2 lines
06-15 20:03:07.562  1161  1208 I chatty  : uid=1000(system) android.fg expire 18 lines
06-15 20:03:23.113  1161  1540 I chatty  : uid=1000(system) ConnectivitySer expire 17 lines
06-15 20:03:23.206   677  1231 D NetlinkEvent: Unknown ifindex 72 in RTM_DELADDR
06-15 20:03:23.526  1161  1212 I chatty  : uid=1000(system) PowerManagerSer expire 61 lines
06-15 20:03:31.690  1161 14649 I chatty  : uid=1000(system) Binder:1161_1A expire 3 lines
06-15 20:03:31.717  1161  1161 I chatty  : uid=1000 system_server expire 23 lines
06-15 20:03:31.768  1161  1881 I chatty  : uid=1000(system) Binder:1161_7 expire 2 lines
06-15 20:03:41.518  1161  2719 I chatty  : uid=1000(system) Binder:1161_E expire 2 lines
06-15 20:03:41.598  1161 15252 I chatty  : uid=1000(system) Binder:1161_1F expire 4 lines
06-15 20:03:41.625  1161  2705 I chatty  : uid=1000(system) Binder:1161_A expire 2 lines
06-15 20:03:42.342  1161  1880 I chatty  : uid=1000(system) Binder:1161_6 expire 1 line
06-15 20:03:42.594  1161  2720 I chatty  : uid=1000(system) Binder:1161_F expire 2 lines
06-15 20:03:46.188  1161  1192 I chatty  : uid=1000(system) ActivityManager expire 7 lines
06-15 20:04:04.813  1161  1549 I chatty  : uid=1000(system) Binder:1161_3 expire 4 lines
06-15 20:04:27.850  1161  1524 I chatty  : uid=1000(system) AlarmManager expire 1 line
06-15 20:04:28.440  1161  1180 I chatty  : uid=1000(system) Binder:1161_1 expire 1 line
06-15 20:05:45.937  1161  1852 I chatty  : uid=1000(system) uteStateMachine expire 11 lines
06-15 20:05:48.287  1161 14648 I chatty  : uid=1000(system) Binder:1161_19 expire 3 lines
06-15 20:05:52.475  1161  1818 I chatty  : uid=1000(system) Binder:1161_5 expire 1 line
06-15 20:06:52.716  1161  2017 I chatty  : uid=1000(system) Binder:1161_8 expire 2 lines
06-15 20:07:33.465  1161 14643 I chatty  : uid=1000(system) Binder:1161_15 expire 2 lines
06-15 20:09:53.432  1161  2734 I chatty  : uid=1000(system) Binder:1161_10 expire 3 lines
06-15 20:11:19.391  1161  2718 I chatty  : uid=1000(system) Binder:1161_D expire 2 lines
06-15 20:11:53.702  1161  5151 I chatty  : uid=1000(system) Binder:1161_11 expire 1 line
06-15 20:12:54.037  1161 15249 I chatty  : uid=1000(system) Binder:1161_1C expire 1 line
06-15 20:15:40.141  1161  1533 I chatty  : uid=1000(system) NetworkPolicy expire 1 line
06-15 20:18:42.141  1161  1190 I chatty  : uid=1000(system) android.bg expire 4 lines
06-15 20:19:12.479  1161 14644 I chatty  : uid=1000(system) Binder:1161_16 expire 2 lines
06-15 20:19:13.376  1161  1526 I chatty  : uid=1000(system) InputDispatcher expire 4 lines
06-15 20:19:13.420  1161  2705 I chatty  : uid=1000(system) Binder:1161_A expire 5 lines
06-15 20:19:14.406  1161  1161 I chatty  : uid=1000 system_server expire 17 lines
06-15 20:19:14.598  1161 14648 I chatty  : uid=1000(system) Binder:1161_19 expire 7 lines
06-15 20:19:15.344  1161  2715 I chatty  : uid=1000(system) Binder:1161_C expire 3 lines
06-15 20:19:15.706  1161 14646 I chatty  : uid=1000(system) Binder:1161_18 expire 1 line
06-15 20:19:17.552  1161  2707 I chatty  : uid=1000(system) Binder:1161_B expire 1 line
06-15 20:19:33.932  1161  1212 I chatty  : uid=1000(system) PowerManagerSer expire 75 lines
06-15 20:19:34.055  1161  1527 I chatty  : uid=1000(system) InputReader expire 1 line
06-15 20:19:34.550  1161  1192 I chatty  : uid=1000(system) ActivityManager expire 8 lines
06-15 20:19:34.587  1161  1210 I chatty  : uid=1000(system) android.display expire 11 lines
06-15 20:19:34.824  1161  1208 I chatty  : uid=1000(system) android.fg expire 4 lines
06-15 20:19:34.888  1161 14512 I chatty  : uid=1000(system) Binder:1161_14 expire 3 lines
06-15 20:19:34.962  1161  1181 I chatty  : uid=1000(system) Binder:1161_2 expire 3 lines
06-15 20:19:49.305  1161  2718 I chatty  : uid=1000(system) Binder:1161_D expire 3 lines
06-15 20:19:49.374  1161 14649 I chatty  : uid=1000(system) Binder:1161_1A expire 4 lines
06-15 20:20:03.024  1161  2719 I chatty  : uid=1000(system) Binder:1161_E expire 3 lines
06-15 20:20:49.080  1161  1881 I chatty  : uid=1000(system) Binder:1161_7 expire 5 lines
06-15 20:20:49.702  1161  2017 I chatty  : uid=1000(system) Binder:1161_8 expire 3 lines
06-15 20:20:49.713  1161  2701 I chatty  : uid=1000(system) Binder:1161_9 expire 3 lines
06-15 20:20:49.881  1161  5151 I chatty  : uid=1000(system) Binder:1161_11 expire 1 line
06-15 20:20:49.919  1161 15253 I chatty  : uid=1000(system) Binder:1161_20 expire 1 line
06-15 20:20:49.953  1161 15251 I chatty  : uid=1000(system) Binder:1161_1E expire 1 line
06-15 20:20:50.179  1161 15250 I chatty  : uid=1000(system) Binder:1161_1D expire 2 lines
06-15 20:20:51.128  1161  1190 I chatty  : uid=1000(system) android.bg expire 3 lines
06-15 20:20:56.528  1161 10439 I chatty  : uid=1000(system) Binder:1161_13 expire 2 lines
06-15 20:21:01.595  1161  5152 I chatty  : uid=1000(system) Binder:1161_12 expire 2 lines
06-15 20:21:17.810  1161  1852 I chatty  : uid=1000(system) uteStateMachine expire 5 lines
06-15 20:21:18.815  1161  1818 I chatty  : uid=1000(system) Binder:1161_5 expire 4 lines
06-15 20:21:26.305  1161  1193 I chatty  : uid=1000(system) android.ui expire 4 lines
06-15 20:21:27.170  1161 14643 I chatty  : uid=1000(system) Binder:1161_15 expire 2 lines
06-15 20:21:27.666  1161 15249 I chatty  : uid=1000(system) Binder:1161_1C expire 1 line
06-15 20:21:27.671  1161  1180 I chatty  : uid=1000(system) Binder:1161_1 expire 2 lines
06-15 20:21:46.514  1632  1632 V DeadZone: consuming errant click: (73.0,1064.0)
06-15 20:21:52.535  1161  1210 I chatty  : uid=1000(system) android.display expire 6 lines
06-15 20:21:56.063  1161  1212 I chatty  : uid=1000(system) PowerManagerSer expire 13 lines
06-15 20:22:16.160  1161  1161 I chatty  : uid=1000 system_server expire 6 lines
06-15 20:22:21.362  1161  2734 I chatty  : uid=1000(system) Binder:1161_10 expire 3 lines
06-15 20:27:40.922 11408 11430 D ActivityThread: Loading provider com.google.android.gmail.provider;com.android.mail.notifier;com.google.android.gm.email.provider;com.google.android.gm.tasks.provider;com.google.android.gm.email.notifier: com.android.email.provider.EmailProvider
06-15 20:36:56.200  1161  1212 I chatty  : uid=1000(system) PowerManagerSer expire 7 lines
06-15 20:42:04.427  1161  1598 I chatty  : uid=1000(system) Binder:1161_4 expire 2 lines
06-15 20:48:08.320  1161  2720 I chatty  : uid=1000(system) Binder:1161_F expire 1 line
06-15 20:48:08.410  1161 15252 I chatty  : uid=1000(system) Binder:1161_1F expire 4 lines
06-15 20:48:16.824  1161 15251 I chatty  : uid=1000(system) Binder:1161_1E expire 4 lines
06-15 20:48:16.862 12118 12118 W ActivityThread: Application com.tivophone.android.debug can be debugged on port 8100...
06-15 20:48:17.192  1161 14645 I chatty  : uid=1000(system) Binder:1161_17 expire 5 lines
06-15 20:48:17.274  1161  5151 I chatty  : uid=1000(system) Binder:1161_11 expire 4 lines
06-15 20:48:19.086  1161  1535 I chatty  : uid=1000(system) WifiService expire 2 lines
06-15 20:48:19.451  1161  1536 I chatty  : uid=1000(system) WifiStateMachin expire 1 line
06-15 20:48:19.451  1161  1540 I chatty  : uid=1000(system) ConnectivitySer expire 31 lines
06-15 20:48:19.544  1161 15253 I chatty  : uid=1000(system) Binder:1161_20 expire 1 line
06-15 20:48:20.648  1161  1161 I chatty  : uid=1000 system_server expire 20 lines
06-15 20:48:20.654  1161 14649 I chatty  : uid=1000(system) Binder:1161_1A expire 4 lines
06-15 20:48:20.790  2468  2536 W FileUtils: Failed to chmod(/data/user/0/com.google.android.gms/shared_prefs/herrevad.xml): android.system.ErrnoException: chmod failed: ENOENT (No such file or directory)
06-15 20:48:20.968  1161 12167 I chatty  : uid=1000 system_server expire 1 line
06-15 20:48:20.975  1161  1181 I chatty  : uid=1000(system) Binder:1161_2 expire 5 lines
06-15 20:48:21.019  1161  1549 I chatty  : uid=1000(system) Binder:1161_3 expire 3 lines
06-15 20:48:21.503  1161 14646 I chatty  : uid=1000(system) Binder:1161_18 expire 3 lines
06-15 20:48:24.549  1161  1533 I chatty  : uid=1000(system) NetworkPolicy expire 2 lines
06-15 20:48:24.559  1161  2017 I chatty  : uid=1000(system) Binder:1161_8 expire 1 line
06-15 20:48:24.559  1161  1598 I chatty  : uid=1000(system) Binder:1161_4 expire 7 lines
06-15 20:48:26.543  1161  2734 I chatty  : uid=1000(system) Binder:1161_10 expire 4 lines
06-15 20:48:27.403  1161  1527 I chatty  : uid=1000(system) InputReader expire 2 lines
06-15 20:48:27.917  1161  1192 I chatty  : uid=1000(system) ActivityManager expire 7 lines
06-15 20:48:27.936  1161  1210 I chatty  : uid=1000(system) android.display expire 10 lines
06-15 20:48:28.177  1161  1212 I chatty  : uid=1000(system) PowerManagerSer expire 12 lines
06-15 20:48:28.182  1161  1208 I chatty  : uid=1000(system) android.fg expire 14 lines
06-15 20:48:28.323  1161 15249 I chatty  : uid=1000(system) Binder:1161_1C expire 3 lines
06-15 20:48:28.534  1161 14512 I chatty  : uid=1000(system) Binder:1161_14 expire 2 lines
06-15 20:48:46.862  1161  2719 I chatty  : uid=1000(system) Binder:1161_E expire 4 lines
06-15 20:48:54.554   677  1231 D NetlinkEvent: Unknown ifindex 70 in RTM_DELADDR
06-15 20:49:00.395  1161  1880 I chatty  : uid=1000(system) Binder:1161_6 expire 2 lines
06-15 20:51:01.408  1161  1194 I chatty  : uid=1000(system) ActivityManager expire 1 line
06-15 20:51:01.417  1161  2720 I chatty  : uid=1000(system) Binder:1161_F expire 2 lines
06-15 20:51:05.851  1161  1180 I chatty  : uid=1000(system) Binder:1161_1 expire 1 line
06-15 20:51:05.917  1161  2715 I chatty  : uid=1000(system) Binder:1161_C expire 3 lines
06-15 20:54:02.140  1161 14643 I chatty  : uid=1000(system) Binder:1161_15 expire 3 lines
06-15 20:54:02.141  1161 14644 I chatty  : uid=1000(system) Binder:1161_16 expire 3 lines
06-15 20:54:02.148  1161  2701 I chatty  : uid=1000(system) Binder:1161_9 expire 1 line
06-15 20:57:52.284  1161 10439 I chatty  : uid=1000(system) Binder:1161_13 expire 3 lines
06-15 21:02:20.579  1161  1881 I chatty  : uid=1000(system) Binder:1161_7 expire 5 lines
06-15 21:02:50.442  1161  5152 I chatty  : uid=1000(system) Binder:1161_12 expire 7 lines
06-15 21:02:50.595  1161 14648 I chatty  : uid=1000(system) Binder:1161_19 expire 3 lines
06-15 21:02:59.363  1161  1818 I chatty  : uid=1000(system) Binder:1161_5 expire 2 lines
06-15 21:03:36.287  1632  1632 V DeadZone: consuming errant click: (549.0,7.0)
06-15 21:03:45.840  1161  1526 I chatty  : uid=1000(system) InputDispatcher expire 4 lines
06-15 21:03:47.435  1161  1212 I chatty  : uid=1000(system) PowerManagerSer expire 16 lines
06-15 21:03:53.321  1161  2718 I chatty  : uid=1000(system) Binder:1161_D expire 2 lines
06-15 21:03:53.455 13310 13329 D ActivityThread: Loading provider com.google.android.gmail.provider;com.android.mail.notifier;com.google.android.gm.email.provider;com.google.android.gm.tasks.provider;com.google.android.gm.email.notifier: com.android.email.provider.EmailProvider
06-15 21:04:04.120  1161  1190 I chatty  : uid=1000(system) android.bg expire 1 line
06-15 21:04:53.651  1161  1193 I chatty  : uid=1000(system) android.ui expire 4 lines
06-15 21:09:00.829  1161  2707 I chatty  : uid=1000(system) Binder:1161_B expire 1 line
06-15 21:09:00.832  1161  1540 I chatty  : uid=1000(system) ConnectivitySer expire 2 lines
06-15 21:11:19.564  1161 15250 I chatty  : uid=1000(system) Binder:1161_1D expire 1 line
06-15 21:20:03.788  1161  1208 I chatty  : uid=1000(system) android.fg expire 2 lines
06-15 21:20:03.855  1161  2705 I chatty  : uid=1000(system) Binder:1161_A expire 1 line
06-15 21:20:15.242  1161  1852 I chatty  : uid=1000(system) uteStateMachine expire 17 lines
06-15 21:20:22.127  1161  1212 I chatty  : uid=1000(system) PowerManagerSer expire 2 lines
06-15 21:20:22.134  1161  1208 I chatty  : uid=1000(system) android.fg expire 11 lines
06-15 21:21:05.367  1161  1540 I chatty  : uid=1000(system) ConnectivitySer expire 12 lines
06-15 21:21:18.657  1161  1180 I chatty  : uid=1000(system) Binder:1161_1 expire 1 line
06-15 21:21:18.709 14154 14154 W ActivityThread: Application com.tivophone.android.debug can be debugged on port 8100...
06-15 21:21:18.908  1161  1880 I chatty  : uid=1000(system) Binder:1161_6 expire 4 lines
06-15 21:21:21.616  1161  1540 I chatty  : uid=1000(system) ConnectivitySer expire 34 lines
06-15 21:21:21.954  1161  1181 I chatty  : uid=1000(system) Binder:1161_2 expire 4 lines
06-15 21:21:21.978  1161 14643 I chatty  : uid=1000(system) Binder:1161_15 expire 4 lines
06-15 21:21:22.014  1161  1818 I chatty  : uid=1000(system) Binder:1161_5 expire 6 lines
06-15 21:21:22.080  1161 15252 I chatty  : uid=1000(system) Binder:1161_1F expire 1 line
06-15 21:21:24.010  1161  2720 I chatty  : uid=1000(system) Binder:1161_F expire 2 lines
06-15 21:21:24.544  1161  1536 I chatty  : uid=1000(system) WifiStateMachin expire 3 lines
06-15 21:21:27.354  1161  1533 I chatty  : uid=1000(system) NetworkPolicy expire 7 lines
06-15 21:21:27.730  1161  1161 I chatty  : uid=1000 system_server expire 10 lines
06-15 21:21:27.738  1161 14644 I chatty  : uid=1000(system) Binder:1161_16 expire 4 lines
06-15 21:21:58.714   677  1231 D NetlinkEvent: Unknown ifindex 74 in RTM_DELADDR
06-15 21:21:59.110  1161  1540 I chatty  : uid=1000(system) ConnectivitySer expire 55 lines
06-15 21:23:31.062  1161  2705 I chatty  : uid=1000(system) Binder:1161_A expire 2 lines
06-15 21:23:32.421  1161  1192 I chatty  : uid=1000(system) ActivityManager expire 4 lines
06-15 21:23:32.627  1161 15250 I chatty  : uid=1000(system) Binder:1161_1D expire 1 line
06-15 21:24:05.551  1161 14646 I chatty  : uid=1000(system) Binder:1161_18 expire 3 lines
06-15 21:24:07.591  1161  5151 I chatty  : uid=1000(system) Binder:1161_11 expire 1 line
06-15 21:25:07.835  1161 14645 I chatty  : uid=1000(system) Binder:1161_17 expire 2 lines
06-15 21:26:22.309  1161  1598 I chatty  : uid=1000(system) Binder:1161_4 expire 1 line
06-15 21:27:08.408  1161  1549 I chatty  : uid=1000(system) Binder:1161_3 expire 1 line
06-15 21:29:08.875  1161 10439 I chatty  : uid=1000(system) Binder:1161_13 expire 2 lines
06-15 21:29:09.541  1161  1190 I chatty  : uid=1000(system) android.bg expire 1 line
06-15 21:31:22.320  1161  2017 I chatty  : uid=1000(system) Binder:1161_8 expire 2 lines
06-15 21:33:09.992  1161  2719 I chatty  : uid=1000(system) Binder:1161_E expire 2 lines
06-15 21:34:10.418  1161  2701 I chatty  : uid=1000(system) Binder:1161_9 expire 3 lines
06-15 21:35:10.561  1161 14512 I chatty  : uid=1000(system) Binder:1161_14 expire 1 line
06-15 21:41:43.813  1161 14650 I chatty  : uid=1000(system) Binder:1161_1B expire 3 lines
06-15 21:41:43.815  1161  2715 I chatty  : uid=1000(system) Binder:1161_C expire 1 line
06-15 21:41:43.816  1161 15251 I chatty  : uid=1000(system) Binder:1161_1E expire 1 line
06-15 21:41:43.819  1161  2718 I chatty  : uid=1000(system) Binder:1161_D expire 1 line
06-15 21:41:43.828  1161  5152 I chatty  : uid=1000(system) Binder:1161_12 expire 3 lines
06-15 21:41:58.769  1161 14649 I chatty  : uid=1000(system) Binder:1161_1A expire 2 lines
06-15 21:42:14.476   677  1231 D NetlinkEvent: Unknown ifindex 75 in RTM_DELADDR
06-15 21:42:14.480  1161  1208 I chatty  : uid=1000(system) android.fg expire 2 lines
06-15 21:43:09.374  1161  1540 I chatty  : uid=1000(system) ConnectivitySer expire 16 lines
06-15 21:43:10.023  1161  1161 I chatty  : uid=1000 system_server expire 9 lines
06-15 21:43:12.511  1161  1540 I chatty  : uid=1000(system) ConnectivitySer expire 33 lines
06-15 21:43:41.947  1161  2718 I chatty  : uid=1000(system) Binder:1161_D expire 2 lines
06-15 21:43:44.098  1161 15250 I chatty  : uid=1000(system) Binder:1161_1D expire 3 lines
06-15 21:43:44.483  1161  1208 I chatty  : uid=1000(system) android.fg expire 13 lines
06-15 21:45:09.109  1161  1212 I chatty  : uid=1000(system) PowerManagerSer expire 35 lines
06-15 21:45:09.111  1161  1210 I chatty  : uid=1000(system) android.display expire 8 lines
06-15 21:45:09.221  1161 14512 I chatty  : uid=1000(system) Binder:1161_14 expire 4 lines
06-15 21:45:09.256  1161  1881 I chatty  : uid=1000(system) Binder:1161_7 expire 1 line
06-15 21:45:09.456  1161  2705 I chatty  : uid=1000(system) Binder:1161_A expire 2 lines
06-15 21:45:09.569   677 15732 W SocketClient: write error (Broken pipe)
06-15 21:45:09.595  1161 15249 I chatty  : uid=1000(system) Binder:1161_1C expire 1 line
06-15 21:45:10.541  1161  1598 I chatty  : uid=1000(system) Binder:1161_4 expire 3 lines
06-15 21:45:21.757  1161  1192 I chatty  : uid=1000(system) ActivityManager expire 3 lines
06-15 21:45:21.823  1161 15253 I chatty  : uid=1000(system) Binder:1161_20 expire 3 lines
06-15 21:45:21.828  1161  2707 I chatty  : uid=1000(system) Binder:1161_B expire 3 lines
06-15 21:45:22.762  1161  5151 I chatty  : uid=1000(system) Binder:1161_11 expire 3 lines
06-15 21:45:24.280  1161  5152 I chatty  : uid=1000(system) Binder:1161_12 expire 2 lines
06-15 21:45:24.286  1161 14649 I chatty  : uid=1000(system) Binder:1161_1A expire 1 line
06-15 21:45:24.303  1161 14643 I chatty  : uid=1000(system) Binder:1161_15 expire 4 lines
06-15 21:45:24.786  1161  1180 I chatty  : uid=1000(system) Binder:1161_1 expire 2 lines
06-15 21:46:46.480  1161 14645 I chatty  : uid=1000(system) Binder:1161_17 expire 2 lines
06-15 21:47:07.902  1632  1632 V DeadZone: consuming errant click: (548.0,6.0)
06-15 21:47:12.792  1161  1536 I chatty  : uid=1000(system) WifiStateMachin expire 1 line
06-15 21:47:12.792  1161  1540 I chatty  : uid=1000(system) ConnectivitySer expire 40 lines
06-15 21:47:14.695  1161  2720 I chatty  : uid=1000(system) Binder:1161_F expire 3 lines
06-15 21:47:18.399  1161  1212 I chatty  : uid=1000(system) PowerManagerSer expire 48 lines
06-15 21:47:19.985  1161  1533 I chatty  : uid=1000(system) NetworkPolicy expire 5 lines
06-15 21:47:20.002  1161 10439 I chatty  : uid=1000(system) Binder:1161_13 expire 2 lines
06-15 21:47:20.003  1161  1549 I chatty  : uid=1000(system) Binder:1161_3 expire 1 line
06-15 21:47:20.005  1161 14648 I chatty  : uid=1000(system) Binder:1161_19 expire 1 line
06-15 21:47:20.010  1161  2017 I chatty  : uid=1000(system) Binder:1161_8 expire 2 lines
06-15 21:47:20.032  1161  2719 I chatty  : uid=1000(system) Binder:1161_E expire 2 lines
06-15 21:47:20.324  1632  1632 V DeadZone: consuming errant click: (592.0,6.0)
06-15 21:47:26.576  1161  1526 I chatty  : uid=1000(system) InputDispatcher expire 1 line
06-15 21:47:35.491  1161 14644 I chatty  : uid=1000(system) Binder:1161_16 expire 2 lines
06-15 21:47:35.732  1161  1527 I chatty  : uid=1000(system) InputReader expire 1 line
06-15 21:47:36.790  1161  1181 I chatty  : uid=1000(system) Binder:1161_2 expire 1 line
06-15 21:47:37.555  1161  2715 I chatty  : uid=1000(system) Binder:1161_C expire 1 line
06-15 21:48:39.840  1161 15251 I chatty  : uid=1000(system) Binder:1161_1E expire 3 lines
06-15 21:48:42.205  1161  1212 I chatty  : uid=1000(system) PowerManagerSer expire 46 lines
06-15 21:48:48.902  1161 14649 I chatty  : uid=1000(system) Binder:1161_1A expire 5 lines
06-15 21:48:48.921  1161 15252 I chatty  : uid=1000(system) Binder:1161_1F expire 18 lines
06-15 21:48:48.947  1161 15249 I chatty  : uid=1000(system) Binder:1161_1C expire 2 lines
06-15 21:48:49.396  1161 14644 I chatty  : uid=1000(system) Binder:1161_16 expire 1 line
06-15 21:49:01.435  1161  1536 I chatty  : uid=1000(system) WifiStateMachin expire 1 line
06-15 21:49:01.435  1161  1540 I chatty  : uid=1000(system) ConnectivitySer expire 26 lines
06-15 21:49:04.730  1161  1161 I chatty  : uid=1000 system_server expire 32 lines
06-15 21:49:04.738  1161  1180 I chatty  : uid=1000(system) Binder:1161_1 expire 8 lines
06-15 21:49:06.616  1161  1533 I chatty  : uid=1000(system) NetworkPolicy expire 2 lines
06-15 21:49:09.399   677 17010 W SocketClient: write error (Broken pipe)
06-15 21:49:13.765  1161  1881 I chatty  : uid=1000(system) Binder:1161_7 expire 1 line
06-15 21:49:14.768  1161  2734 I chatty  : uid=1000(system) Binder:1161_10 expire 2 lines
06-15 21:49:14.790  1161 15250 I chatty  : uid=1000(system) Binder:1161_1D expire 2 lines
06-15 21:49:15.249  1161  2715 I chatty  : uid=1000(system) Binder:1161_C expire 2 lines
06-15 21:49:36.845   677  1231 D NetlinkEvent: Unknown ifindex 76 in RTM_DELADDR
06-15 21:49:36.856  1161  1208 I chatty  : uid=1000(system) android.fg expire 5 lines
06-15 21:49:39.920  1161  5151 I chatty  : uid=1000(system) Binder:1161_11 expire 1 line
06-15 21:49:39.934  1161  1818 I chatty  : uid=1000(system) Binder:1161_5 expire 8 lines
06-15 21:49:39.938  1161 17248 I chatty  : uid=1000 system_server expire 1 line
06-15 21:49:39.980  1161  1192 I chatty  : uid=1000(system) ActivityManager expire 8 lines
06-15 21:49:39.982  1161  1852 I chatty  : uid=1000(system) uteStateMachine expire 22 lines
06-15 21:49:39.983  1161  1853 I chatty  : uid=1000(system) CallAudioModeSt expire 15 lines
06-15 21:49:40.243  1161  1598 I chatty  : uid=1000(system) Binder:1161_4 expire 1 line
06-15 21:49:44.151  1161  1540 I chatty  : uid=1000(system) ConnectivitySer expire 13 lines
06-15 21:49:44.728  1161  2718 I chatty  : uid=1000(system) Binder:1161_D expire 26 lines
06-15 21:49:45.196  1161  2701 I chatty  : uid=1000(system) Binder:1161_9 expire 2 lines
06-15 21:49:45.914  1161  1210 I chatty  : uid=1000(system) android.display expire 2 lines
06-15 21:50:42.461  1161  1190 I chatty  : uid=1000(system) android.bg expire 1 line
06-15 21:51:09.395  1161  1540 I chatty  : uid=1000(system) ConnectivitySer expire 2 lines
06-15 21:51:09.533  1161  1208 I chatty  : uid=1000(system) android.fg expire 7 lines
06-15 21:51:14.029  1161  1212 I chatty  : uid=1000(system) PowerManagerSer expire 200 lines
06-15 21:51:21.424  1632  1632 V DeadZone: consuming errant click: (555.0,8.0)
06-15 21:51:36.484  1161  1192 I chatty  : uid=1000(system) ActivityManager expire 3 lines
06-15 21:51:36.528  1161  1181 I chatty  : uid=1000(system) Binder:1161_2 expire 2 lines
06-15 21:52:08.709  1161  1193 I chatty  : uid=1000(system) android.ui expire 3 lines
06-15 21:52:09.557  1161  1210 I chatty  : uid=1000(system) android.display expire 9 lines
06-15 21:52:10.820  1161  1161 I chatty  : uid=1000 system_server expire 10 lines
06-15 21:52:13.364  1161 14643 I chatty  : uid=1000(system) Binder:1161_15 expire 1 line
06-15 21:52:13.544  1161 15252 I chatty  : uid=1000(system) Binder:1161_1F expire 1 line
06-15 21:52:13.648  1161  2718 I chatty  : uid=1000(system) Binder:1161_D expire 1 line
06-15 21:53:30.620  1161 14648 I chatty  : uid=1000(system) Binder:1161_19 expire 1 line
06-15 21:53:30.905  1161 14650 I chatty  : uid=1000(system) Binder:1161_1B expire 2 lines
06-15 21:54:03.936  1161  1526 I chatty  : uid=1000(system) InputDispatcher expire 2 lines
06-15 21:54:05.662  1161 15253 I chatty  : uid=1000(system) Binder:1161_20 expire 1 line
06-15 21:54:07.295  1161 15251 I chatty  : uid=1000(system) Binder:1161_1E expire 2 lines
06-15 21:54:07.307  1161  2715 I chatty  : uid=1000(system) Binder:1161_C expire 1 line
06-15 21:54:07.344  1161  2734 I chatty  : uid=1000(system) Binder:1161_10 expire 1 line
06-15 21:54:07.568  1161  1598 I chatty  : uid=1000(system) Binder:1161_4 expire 2 lines
06-15 21:54:07.755  1161  2719 I chatty  : uid=1000(system) Binder:1161_E expire 1 line
06-15 21:54:24.996  1161 15249 I chatty  : uid=1000(system) Binder:1161_1C expire 2 lines
06-15 21:54:25.283  1161  1880 I chatty  : uid=1000(system) Binder:1161_6 expire 1 line
06-15 21:54:25.526  1161 14512 I chatty  : uid=1000(system) Binder:1161_14 expire 2 lines
06-15 21:54:25.561  1161  1180 I chatty  : uid=1000(system) Binder:1161_1 expire 2 lines
06-15 21:54:26.480  1161  1212 I chatty  : uid=1000(system) PowerManagerSer expire 203 lines
06-15 21:54:28.757  1161 14646 I chatty  : uid=1000(system) Binder:1161_18 expire 2 lines
06-15 21:54:50.497  1161  1192 I chatty  : uid=1000(system) ActivityManager expire 3 lines
06-15 21:54:50.512  1161  2715 I chatty  : uid=1000(system) Binder:1161_C expire 2 lines
06-15 21:55:13.988  1161  2705 I chatty  : uid=1000(system) Binder:1161_A expire 1 line
06-15 21:55:14.011  1161  1818 I chatty  : uid=1000(system) Binder:1161_5 expire 1 line
06-15 21:56:05.586  1161  1161 I chatty  : uid=1000 system_server expire 9 lines
06-15 21:56:06.179  1161  1210 I chatty  : uid=1000(system) android.display expire 9 lines
06-15 21:56:06.426  1161  1208 I chatty  : uid=1000(system) android.fg expire 5 lines
06-15 21:56:10.570  1161  5151 I chatty  : uid=1000(system) Binder:1161_11 expire 1 line
06-15 21:56:10.806  1161  1881 I chatty  : uid=1000(system) Binder:1161_7 expire 2 lines
06-15 21:57:23.970  1161 14644 I chatty  : uid=1000(system) Binder:1161_16 expire 1 line
06-15 21:57:24.089  1161 14648 I chatty  : uid=1000(system) Binder:1161_19 expire 1 line
06-15 21:57:53.270  1161  1527 I chatty  : uid=1000(system) InputReader expire 1 line
06-15 21:57:54.235  1161  2734 I chatty  : uid=1000(system) Binder:1161_10 expire 1 line
06-15 21:57:55.729  1161 14643 I chatty  : uid=1000(system) Binder:1161_15 expire 1 line
06-15 21:58:32.663  2542 18307 E ActivityThread: Failed to find provider info for com.google.android.wearable.settings
06-15 21:58:35.368  1161  1536 I chatty  : uid=1000(system) WifiStateMachin expire 1 line
06-15 21:58:35.368  1161  1540 I chatty  : uid=1000(system) ConnectivitySer expire 35 lines
06-15 21:58:36.625  2542 18307 E ActivityThread: Failed to find provider info for com.google.android.wearable.settings
06-15 21:58:38.763  1161  2720 I chatty  : uid=1000(system) Binder:1161_F expire 1 line
06-15 21:58:53.250  1161  1190 I chatty  : uid=1000(system) android.bg expire 7 lines
06-15 21:59:01.323  1161  2719 I chatty  : uid=1000(system) Binder:1161_E expire 1 line
06-15 21:59:01.337  1161  2715 I chatty  : uid=1000(system) Binder:1161_C expire 3 lines
06-15 21:59:01.353  1161  2017 I chatty  : uid=1000(system) Binder:1161_8 expire 3 lines
06-15 21:59:04.325  1161  1212 I chatty  : uid=1000(system) PowerManagerSer expire 73 lines
06-15 21:59:04.331  1161  1210 I chatty  : uid=1000(system) android.display expire 12 lines
06-15 21:59:05.311  1161  2734 I chatty  : uid=1000(system) Binder:1161_10 expire 5 lines
06-15 21:59:05.416  1161  1208 I chatty  : uid=1000(system) android.fg expire 10 lines
06-15 21:59:05.475  1161  1524 I chatty  : uid=1000(system) AlarmManager expire 1 line
06-15 21:59:05.999  1161 15253 I chatty  : uid=1000(system) Binder:1161_20 expire 3 lines
06-15 21:59:06.012  1161 14646 I chatty  : uid=1000(system) Binder:1161_18 expire 2 lines
06-15 21:59:07.169  1161  1161 I chatty  : uid=1000 system_server expire 10 lines
06-15 21:59:07.465  1161  1192 I chatty  : uid=1000(system) ActivityManager expire 17 lines
06-15 21:59:07.537  1161  2718 I chatty  : uid=1000(system) Binder:1161_D expire 2 lines
06-15 21:59:07.909  1161 15250 I chatty  : uid=1000(system) Binder:1161_1D expire 3 lines
06-15 21:59:08.171  1161  1880 I chatty  : uid=1000(system) Binder:1161_6 expire 2 lines
06-15 21:59:09.029  1161  1193 I chatty  : uid=1000(system) android.ui expire 2 lines
06-15 21:59:11.398  1161  5151 I chatty  : uid=1000(system) Binder:1161_11 expire 6 lines
06-15 21:59:11.442  1161  1818 I chatty  : uid=1000(system) Binder:1161_5 expire 2 lines
06-15 21:59:20.078  1161  2705 I chatty  : uid=1000(system) Binder:1161_A expire 1 line
06-15 21:59:20.092  1161 10439 I chatty  : uid=1000(system) Binder:1161_13 expire 1 line
06-15 21:59:27.895  1161  2707 I chatty  : uid=1000(system) Binder:1161_B expire 3 lines
06-15 21:59:51.776  1161  1527 I chatty  : uid=1000(system) InputReader expire 1 line
06-15 21:59:52.961  1161 14645 I chatty  : uid=1000(system) Binder:1161_17 expire 5 lines
06-15 21:59:53.134  1161 14649 I chatty  : uid=1000(system) Binder:1161_1A expire 2 lines
06-15 21:59:53.751  1161 14644 I chatty  : uid=1000(system) Binder:1161_16 expire 2 lines
06-15 21:59:53.762  1161  1181 I chatty  : uid=1000(system) Binder:1161_2 expire 1 line
06-15 21:59:53.974  1161 14512 I chatty  : uid=1000(system) Binder:1161_14 expire 1 line
06-15 22:01:13.845  1161 14650 I chatty  : uid=1000(system) Binder:1161_1B expire 4 lines
06-15 22:02:13.319  1161 15249 I chatty  : uid=1000(system) Binder:1161_1C expire 1 line
06-15 22:02:13.460  1161  1536 I chatty  : uid=1000(system) WifiStateMachin expire 1 line
06-15 22:02:19.520  1161  1533 I chatty  : uid=1000(system) NetworkPolicy expire 3 lines
06-15 22:02:50.590   677  1231 D NetlinkEvent: Unknown ifindex 77 in RTM_DELADDR
06-15 22:02:52.393  1161 14648 I chatty  : uid=1000(system) Binder:1161_19 expire 1 line
06-15 22:04:23.568  1161  5152 I chatty  : uid=1000(system) Binder:1161_12 expire 2 lines
06-15 22:05:25.618  1161 15251 I chatty  : uid=1000(system) Binder:1161_1E expire 1 line
06-15 22:15:34.573  1161  1540 I chatty  : uid=1000(system) ConnectivitySer expire 15 lines
06-15 22:15:35.738   677  1231 D NetlinkEvent: Unknown ifindex 78 in RTM_DELADDR
06-15 22:15:35.744  1161  1208 I chatty  : uid=1000(system) android.fg expire 2 lines
06-15 22:48:32.613  1161  1161 I chatty  : uid=1000 system_server expire 7 lines
06-15 23:47:02.114  1161  1549 I chatty  : uid=1000(system) Binder:1161_3 expire 1 line
06-15 23:47:02.659  1161 15252 I chatty  : uid=1000(system) Binder:1161_1F expire 1 line
06-15 23:47:20.980  1161  1225 I chatty  : uid=1000(system) PackageManager expire 31 lines
06-15 23:47:25.622  1161  1192 I chatty  : uid=1000(system) ActivityManager expire 12 lines
06-15 23:47:25.651  1161 15253 I chatty  : uid=1000(system) Binder:1161_20 expire 2 lines
06-15 23:47:25.652  1161  1540 I chatty  : uid=1000(system) ConnectivitySer expire 18 lines
06-15 23:47:25.688   677 20897 W SocketClient: write error (Broken pipe)
06-15 23:47:26.620 20903 20903 W ContextImpl: Calling a method in the system process without a qualified user: android.app.ContextImpl.startService:1357 android.content.ContextWrapper.startService:613 android.content.ContextWrapper.startService:613 com.android.keychain.KeyChainBroadcastReceiver.onReceive:12 android.app.ActivityThread.handleReceiver:3041 
06-15 23:47:26.635  1161 14646 I chatty  : uid=1000(system) Binder:1161_18 expire 5 lines
06-15 23:47:26.723  1161  1818 I chatty  : uid=1000(system) Binder:1161_5 expire 7 lines
06-15 23:47:26.736  1161  1598 I chatty  : uid=1000(system) Binder:1161_4 expire 3 lines
06-15 23:47:27.469  1161  2017 I chatty  : uid=1000(system) Binder:1161_8 expire 6 lines
06-15 23:47:28.328  1161 14645 I chatty  : uid=1000(system) Binder:1161_17 expire 5 lines
06-15 23:47:28.533  1161 15251 I chatty  : uid=1000(system) Binder:1161_1E expire 5 lines
06-15 23:47:28.726  1161  1880 I chatty  : uid=1000(system) Binder:1161_6 expire 2 lines
06-15 23:47:30.322  1161  1180 I chatty  : uid=1000(system) Binder:1161_1 expire 1 line
06-15 23:47:30.364  1161  2719 I chatty  : uid=1000(system) Binder:1161_E expire 10 lines
06-15 23:47:31.419  1161  2715 I chatty  : uid=1000(system) Binder:1161_C expire 2 lines
06-15 23:47:32.255  1161  2707 I chatty  : uid=1000(system) Binder:1161_B expire 3 lines
06-15 23:47:32.292  1161 15252 I chatty  : uid=1000(system) Binder:1161_1F expire 5 lines
06-15 23:47:33.216  1161 15249 I chatty  : uid=1000(system) Binder:1161_1C expire 4 lines
06-15 23:47:33.218  1161  2718 I chatty  : uid=1000(system) Binder:1161_D expire 2 lines
06-15 23:47:35.219  1161  1549 I chatty  : uid=1000(system) Binder:1161_3 expire 3 lines
06-15 23:47:35.531  1161 14650 I chatty  : uid=1000(system) Binder:1161_1B expire 7 lines
06-15 23:47:35.731  1161  5151 I chatty  : uid=1000(system) Binder:1161_11 expire 1 line
06-15 23:47:35.791  1161  1881 I chatty  : uid=1000(system) Binder:1161_7 expire 2 lines
06-15 23:47:48.096  1161 14648 I chatty  : uid=1000(system) Binder:1161_19 expire 1 line
06-15 23:47:53.644  1161  2705 I chatty  : uid=1000(system) Binder:1161_A expire 2 lines
06-15 23:48:03.266  1161  2734 I chatty  : uid=1000(system) Binder:1161_10 expire 6 lines
06-16 00:08:44.450  1161  1190 I chatty  : uid=1000(system) android.bg expire 5 lines
06-16 00:17:07.979  1161 14649 I chatty  : uid=1000(system) Binder:1161_1A expire 2 lines
06-16 00:17:08.155  1161  1161 I chatty  : uid=1000 system_server expire 7 lines
06-16 00:17:08.478  1161  2701 I chatty  : uid=1000(system) Binder:1161_9 expire 5 lines
06-16 00:17:09.449  1161  2720 I chatty  : uid=1000(system) Binder:1161_F expire 2 lines
06-16 00:17:09.534  1161 14512 I chatty  : uid=1000(system) Binder:1161_14 expire 4 lines
06-16 00:17:09.699  1161  1194 I chatty  : uid=1000(system) ActivityManager expire 1 line
06-16 00:17:38.140  1161 14643 I chatty  : uid=1000(system) Binder:1161_15 expire 1 line
06-16 00:17:43.432  1161  1181 I chatty  : uid=1000(system) Binder:1161_2 expire 2 lines
06-16 00:19:17.259  1161  1208 I chatty  : uid=1000(system) android.fg expire 9 lines
06-16 00:19:18.122   677  1231 D NetlinkEvent: Unknown ifindex 79 in RTM_DELADDR
06-16 00:19:24.738  1161  1212 I chatty  : uid=1000(system) PowerManagerSer expire 14 lines
06-16 00:19:24.876  1161  1210 I chatty  : uid=1000(system) android.display expire 2 lines
06-16 00:19:24.960  1161  1540 I chatty  : uid=1000(system) ConnectivitySer expire 1 line
06-16 00:19:25.222  1161  5152 I chatty  : uid=1000(system) Binder:1161_12 expire 1 line
06-16 00:19:40.531  1161  1527 I chatty  : uid=1000(system) InputReader expire 1 line
06-16 00:21:07.718  1161  2537 I chatty  : uid=1000(system) backup expire 43 lines
06-16 00:21:28.050  1161 14645 I chatty  : uid=1000(system) Binder:1161_17 expire 4 lines
06-16 00:21:36.124  1161 15249 I chatty  : uid=1000(system) Binder:1161_1C expire 7 lines
06-16 00:21:36.188  1161 15252 I chatty  : uid=1000(system) Binder:1161_1F expire 2 lines
06-16 00:21:36.208  1161  5151 I chatty  : uid=1000(system) Binder:1161_11 expire 4 lines
06-16 00:21:42.953  1161  2734 I chatty  : uid=1000(system) Binder:1161_10 expire 8 lines
06-16 00:21:43.014  1161 14644 I chatty  : uid=1000(system) Binder:1161_16 expire 4 lines
06-16 00:22:15.207  1161  1192 I chatty  : uid=1000(system) ActivityManager expire 12 lines
06-16 00:28:32.927  1161  1880 I chatty  : uid=1000(system) Binder:1161_6 expire 2 lines
06-16 00:33:50.932  1161  2715 I chatty  : uid=1000(system) Binder:1161_C expire 3 lines
06-16 00:38:45.569  1161  1190 I chatty  : uid=1000(system) android.bg expire 11 lines
06-16 00:43:32.455  1161  2701 I chatty  : uid=1000(system) Binder:1161_9 expire 2 lines
06-16 00:43:32.456  1161  1540 I chatty  : uid=1000(system) ConnectivitySer expire 24 lines
06-16 00:43:32.853  1161  1208 I chatty  : uid=1000(system) android.fg expire 10 lines
06-16 00:43:33.616   677  1231 D NetlinkEvent: Unknown ifindex 80 in RTM_DELADDR
06-16 00:48:45.500  1161  1818 I chatty  : uid=1000(system) Binder:1161_5 expire 2 lines
06-16 00:49:23.631  1161  2705 I chatty  : uid=1000(system) Binder:1161_A expire 6 lines
06-16 00:49:23.781  1161 14512 I chatty  : uid=1000(system) Binder:1161_14 expire 3 lines
06-16 00:49:23.784  1161 15253 I chatty  : uid=1000(system) Binder:1161_20 expire 2 lines
06-16 00:49:23.788  1161 14650 I chatty  : uid=1000(system) Binder:1161_1B expire 4 lines
06-16 00:49:27.863  1161  2017 I chatty  : uid=1000(system) Binder:1161_8 expire 4 lines
