06-16 14:06:25.552  1161  1161 D ConditionProviders.SCP: notifyCondition condition://android/schedule?days=6.7&start=23.30&end=10.0&exitAtAlarm=false STATE_FALSE reason=!meetsSchedule
06-16 14:06:25.552  1161  1161 D ConditionProviders.SCP: notifyCondition condition://android/schedule?days=1.2.3.4.5&start=22.0&end=7.0&exitAtAlarm=false STATE_FALSE reason=!meetsSchedule
06-16 14:06:25.554  1161  1161 D ConditionProviders.SCP: Scheduling evaluate for Fri Jun 16 22:00:00 PDT 2017 (1497675600000), in +7h53m34s450ms, now=Fri Jun 16 14:06:25 PDT 2017 (1497647185550)
06-16 14:06:27.069  1161  1161 D ConditionProviders.SCP: onReceive android.intent.action.TIME_SET
06-16 14:06:27.078  1161  1161 D ConditionProviders.SCP: notifyCondition condition://android/schedule?days=6.7&start=23.30&end=10.0&exitAtAlarm=false STATE_FALSE reason=!meetsSchedule
06-16 14:06:27.079  1161  1161 D ConditionProviders.SCP: notifyCondition condition://android/schedule?days=1.2.3.4.5&start=22.0&end=7.0&exitAtAlarm=false STATE_FALSE reason=!meetsSchedule
06-16 14:06:27.087  1161  1161 D ConditionProviders.SCP: Scheduling evaluate for Fri Jun 16 22:00:00 PDT 2017 (1497675600000), in +7h53m32s931ms, now=Fri Jun 16 14:06:27 PDT 2017 (1497647187069)
06-16 14:06:27.294  1161  1161 D ConditionProviders.SCP: onReceive android.app.action.NEXT_ALARM_CLOCK_CHANGED
06-16 14:06:27.295  1161  1161 D ConditionProviders.SCP: notifyCondition condition://android/schedule?days=6.7&start=23.30&end=10.0&exitAtAlarm=false STATE_FALSE reason=!meetsSchedule
06-16 14:06:27.296  1161  1161 D ConditionProviders.SCP: notifyCondition condition://android/schedule?days=1.2.3.4.5&start=22.0&end=7.0&exitAtAlarm=false STATE_FALSE reason=!meetsSchedule
06-16 14:06:27.303  1161  1161 D ConditionProviders.SCP: Scheduling evaluate for Fri Jun 16 22:00:00 PDT 2017 (1497675600000), in +7h53m32s706ms, now=Fri Jun 16 14:06:27 PDT 2017 (1497647187294)
06-16 14:06:34.086  1161  1161 D ConditionProviders.SCP: onReceive android.intent.action.TIME_SET
06-16 14:06:34.134  1161  1161 D ConditionProviders.SCP: notifyCondition condition://android/schedule?days=6.7&start=23.30&end=10.0&exitAtAlarm=false STATE_FALSE reason=!meetsSchedule
06-16 14:06:34.135  1161  1161 D ConditionProviders.SCP: notifyCondition condition://android/schedule?days=1.2.3.4.5&start=22.0&end=7.0&exitAtAlarm=false STATE_FALSE reason=!meetsSchedule
06-16 14:06:34.144  1161  1161 D ConditionProviders.SCP: Scheduling evaluate for Fri Jun 16 22:00:00 PDT 2017 (1497675600000), in +7h53m25s914ms, now=Fri Jun 16 14:06:34 PDT 2017 (1497647194086)
06-16 14:06:34.289  1161  1161 D ConditionProviders.SCP: onReceive android.app.action.NEXT_ALARM_CLOCK_CHANGED
06-16 14:06:34.289  1161  1161 D ConditionProviders.SCP: notifyCondition condition://android/schedule?days=6.7&start=23.30&end=10.0&exitAtAlarm=false STATE_FALSE reason=!meetsSchedule
06-16 14:06:34.294  1161  1161 D ConditionProviders.SCP: notifyCondition condition://android/schedule?days=1.2.3.4.5&start=22.0&end=7.0&exitAtAlarm=false STATE_FALSE reason=!meetsSchedule
06-16 14:06:34.296  1161  1161 D ConditionProviders.SCP: Scheduling evaluate for Fri Jun 16 22:00:00 PDT 2017 (1497675600000), in +7h53m25s711ms, now=Fri Jun 16 14:06:34 PDT 2017 (1497647194289)
06-16 14:06:42.077  1161  1161 D ConditionProviders.SCP: onReceive android.intent.action.TIME_SET
06-16 14:06:42.103  1161  1161 D ConditionProviders.SCP: notifyCondition condition://android/schedule?days=6.7&start=23.30&end=10.0&exitAtAlarm=false STATE_FALSE reason=!meetsSchedule
06-16 14:06:42.118  1161  1161 D ConditionProviders.SCP: notifyCondition condition://android/schedule?days=1.2.3.4.5&start=22.0&end=7.0&exitAtAlarm=false STATE_FALSE reason=!meetsSchedule
06-16 14:06:42.128  1161  1161 D ConditionProviders.SCP: Scheduling evaluate for Fri Jun 16 22:00:00 PDT 2017 (1497675600000), in +7h53m17s923ms, now=Fri Jun 16 14:06:42 PDT 2017 (1497647202077)
06-16 14:06:43.108  1161  1161 D ConditionProviders.SCP: onReceive android.intent.action.TIME_SET
06-16 14:06:43.111  1161  1161 D ConditionProviders.SCP: notifyCondition condition://android/schedule?days=6.7&start=23.30&end=10.0&exitAtAlarm=false STATE_FALSE reason=!meetsSchedule
06-16 14:06:43.111  1161  1161 D ConditionProviders.SCP: notifyCondition condition://android/schedule?days=1.2.3.4.5&start=22.0&end=7.0&exitAtAlarm=false STATE_FALSE reason=!meetsSchedule
06-16 14:06:43.113  1161  1161 D ConditionProviders.SCP: Scheduling evaluate for Fri Jun 16 22:00:00 PDT 2017 (1497675600000), in +7h53m16s892ms, now=Fri Jun 16 14:06:43 PDT 2017 (1497647203108)
06-16 14:06:43.229  1161  1161 D ConditionProviders.SCP: onReceive android.app.action.NEXT_ALARM_CLOCK_CHANGED
06-16 14:06:43.229  1161  1161 D ConditionProviders.SCP: notifyCondition condition://android/schedule?days=6.7&start=23.30&end=10.0&exitAtAlarm=false STATE_FALSE reason=!meetsSchedule
06-16 14:06:43.230  1161  1161 D ConditionProviders.SCP: notifyCondition condition://android/schedule?days=1.2.3.4.5&start=22.0&end=7.0&exitAtAlarm=false STATE_FALSE reason=!meetsSchedule
06-16 14:06:43.233  1161  1161 D ConditionProviders.SCP: Scheduling evaluate for Fri Jun 16 22:00:00 PDT 2017 (1497675600000), in +7h53m16s771ms, now=Fri Jun 16 14:06:43 PDT 2017 (1497647203229)
06-16 14:06:43.431  1161  1161 D ConditionProviders.SCP: onReceive android.app.action.NEXT_ALARM_CLOCK_CHANGED
06-16 14:06:43.431  1161  1161 D ConditionProviders.SCP: notifyCondition condition://android/schedule?days=6.7&start=23.30&end=10.0&exitAtAlarm=false STATE_FALSE reason=!meetsSchedule
06-16 14:06:43.432  1161  1161 D ConditionProviders.SCP: notifyCondition condition://android/schedule?days=1.2.3.4.5&start=22.0&end=7.0&exitAtAlarm=false STATE_FALSE reason=!meetsSchedule
06-16 14:06:43.436  1161  1161 D ConditionProviders.SCP: Scheduling evaluate for Fri Jun 16 22:00:00 PDT 2017 (1497675600000), in +7h53m16s569ms, now=Fri Jun 16 14:06:43 PDT 2017 (1497647203431)
06-16 14:06:45.080  1161  1161 D ConditionProviders.SCP: onReceive android.intent.action.TIME_SET
06-16 14:06:45.111  1161  1161 D ConditionProviders.SCP: notifyCondition condition://android/schedule?days=6.7&start=23.30&end=10.0&exitAtAlarm=false STATE_FALSE reason=!meetsSchedule
06-16 14:06:45.112  1161  1161 D ConditionProviders.SCP: notifyCondition condition://android/schedule?days=1.2.3.4.5&start=22.0&end=7.0&exitAtAlarm=false STATE_FALSE reason=!meetsSchedule
06-16 14:06:45.130  1161  1161 D ConditionProviders.SCP: Scheduling evaluate for Fri Jun 16 22:00:00 PDT 2017 (1497675600000), in +7h53m14s920ms, now=Fri Jun 16 14:06:45 PDT 2017 (1497647205080)
06-16 14:06:45.266  1161  1161 D ConditionProviders.SCP: onReceive android.app.action.NEXT_ALARM_CLOCK_CHANGED
06-16 14:06:45.273  1161  1161 D ConditionProviders.SCP: notifyCondition condition://android/schedule?days=6.7&start=23.30&end=10.0&exitAtAlarm=false STATE_FALSE reason=!meetsSchedule
06-16 14:06:45.279  1161  1161 D ConditionProviders.SCP: notifyCondition condition://android/schedule?days=1.2.3.4.5&start=22.0&end=7.0&exitAtAlarm=false STATE_FALSE reason=!meetsSchedule
06-16 14:06:45.288  1161  1161 D ConditionProviders.SCP: Scheduling evaluate for Fri Jun 16 22:00:00 PDT 2017 (1497675600000), in +7h53m14s734ms, now=Fri Jun 16 14:06:45 PDT 2017 (1497647205266)
06-16 14:07:15.096  1161  1161 D ConditionProviders.SCP: onReceive android.intent.action.TIME_SET
06-16 14:07:15.112  1161  1161 D ConditionProviders.SCP: notifyCondition condition://android/schedule?days=6.7&start=23.30&end=10.0&exitAtAlarm=false STATE_FALSE reason=!meetsSchedule
06-16 14:07:15.114  1161  1161 D ConditionProviders.SCP: notifyCondition condition://android/schedule?days=1.2.3.4.5&start=22.0&end=7.0&exitAtAlarm=false STATE_FALSE reason=!meetsSchedule
06-16 14:07:15.130  1161  1161 D ConditionProviders.SCP: Scheduling evaluate for Fri Jun 16 22:00:00 PDT 2017 (1497675600000), in +7h52m44s904ms, now=Fri Jun 16 14:07:15 PDT 2017 (1497647235096)
06-16 14:07:15.275  1161  1161 D ConditionProviders.SCP: onReceive android.app.action.NEXT_ALARM_CLOCK_CHANGED
06-16 14:07:15.281  1161  1161 D ConditionProviders.SCP: notifyCondition condition://android/schedule?days=6.7&start=23.30&end=10.0&exitAtAlarm=false STATE_FALSE reason=!meetsSchedule
06-16 14:07:15.281  1161  1161 D ConditionProviders.SCP: notifyCondition condition://android/schedule?days=1.2.3.4.5&start=22.0&end=7.0&exitAtAlarm=false STATE_FALSE reason=!meetsSchedule
06-16 14:07:15.283  1161  1161 D ConditionProviders.SCP: Scheduling evaluate for Fri Jun 16 22:00:00 PDT 2017 (1497675600000), in +7h52m44s725ms, now=Fri Jun 16 14:07:15 PDT 2017 (1497647235275)
06-16 14:07:17.082  1161  1161 D ConditionProviders.SCP: onReceive android.intent.action.TIME_SET
06-16 14:07:17.092  1161  1161 D ConditionProviders.SCP: notifyCondition condition://android/schedule?days=6.7&start=23.30&end=10.0&exitAtAlarm=false STATE_FALSE reason=!meetsSchedule
06-16 14:07:17.094  1161  1161 D ConditionProviders.SCP: notifyCondition condition://android/schedule?days=1.2.3.4.5&start=22.0&end=7.0&exitAtAlarm=false STATE_FALSE reason=!meetsSchedule
06-16 14:07:17.100  1161  1161 D ConditionProviders.SCP: Scheduling evaluate for Fri Jun 16 22:00:00 PDT 2017 (1497675600000), in +7h52m42s918ms, now=Fri Jun 16 14:07:17 PDT 2017 (1497647237082)
06-16 14:07:17.255  1161  1161 D ConditionProviders.SCP: onReceive android.app.action.NEXT_ALARM_CLOCK_CHANGED
06-16 14:07:17.259  1161  1161 D ConditionProviders.SCP: notifyCondition condition://android/schedule?days=6.7&start=23.30&end=10.0&exitAtAlarm=false STATE_FALSE reason=!meetsSchedule
06-16 14:07:17.260  1161  1161 D ConditionProviders.SCP: notifyCondition condition://android/schedule?days=1.2.3.4.5&start=22.0&end=7.0&exitAtAlarm=false STATE_FALSE reason=!meetsSchedule
06-16 14:07:17.262  1161  1161 D ConditionProviders.SCP: Scheduling evaluate for Fri Jun 16 22:00:00 PDT 2017 (1497675600000), in +7h52m42s745ms, now=Fri Jun 16 14:07:17 PDT 2017 (1497647237255)
06-16 14:07:24.085  1161  1161 D ConditionProviders.SCP: onReceive android.intent.action.TIME_SET
06-16 14:07:24.102  1161  1161 D ConditionProviders.SCP: notifyCondition condition://android/schedule?days=6.7&start=23.30&end=10.0&exitAtAlarm=false STATE_FALSE reason=!meetsSchedule
06-16 14:07:24.108  1161  1161 D ConditionProviders.SCP: notifyCondition condition://android/schedule?days=1.2.3.4.5&start=22.0&end=7.0&exitAtAlarm=false STATE_FALSE reason=!meetsSchedule
06-16 14:07:24.112  1161  1161 D ConditionProviders.SCP: Scheduling evaluate for Fri Jun 16 22:00:00 PDT 2017 (1497675600000), in +7h52m35s915ms, now=Fri Jun 16 14:07:24 PDT 2017 (1497647244085)
06-16 14:07:24.300  1161  1161 D ConditionProviders.SCP: onReceive android.app.action.NEXT_ALARM_CLOCK_CHANGED
06-16 14:07:24.300  1161  1161 D ConditionProviders.SCP: notifyCondition condition://android/schedule?days=6.7&start=23.30&end=10.0&exitAtAlarm=false STATE_FALSE reason=!meetsSchedule
06-16 14:07:24.301  1161  1161 D ConditionProviders.SCP: notifyCondition condition://android/schedule?days=1.2.3.4.5&start=22.0&end=7.0&exitAtAlarm=false STATE_FALSE reason=!meetsSchedule
06-16 14:07:24.302  1161  1161 D ConditionProviders.SCP: Scheduling evaluate for Fri Jun 16 22:00:00 PDT 2017 (1497675600000), in +7h52m35s700ms, now=Fri Jun 16 14:07:24 PDT 2017 (1497647244300)
06-16 14:08:00.179  1161  1161 I ActivityManager: Killing 17408:com.verizon.vzwavs/u0a111 (adj 906): empty #17
06-16 14:08:00.275  1161  1598 D ActivityManager: cleanUpApplicationRecord -- 17408
06-16 14:08:03.064  1161  1161 D ConditionProviders.SCP: onReceive android.intent.action.TIME_SET
06-16 14:08:03.090  1161  1161 D ConditionProviders.SCP: notifyCondition condition://android/schedule?days=6.7&start=23.30&end=10.0&exitAtAlarm=false STATE_FALSE reason=!meetsSchedule
06-16 14:08:03.091  1161  1161 D ConditionProviders.SCP: notifyCondition condition://android/schedule?days=1.2.3.4.5&start=22.0&end=7.0&exitAtAlarm=false STATE_FALSE reason=!meetsSchedule
06-16 14:08:03.095  1161  1161 D ConditionProviders.SCP: Scheduling evaluate for Fri Jun 16 22:00:00 PDT 2017 (1497675600000), in +7h51m56s935ms, now=Fri Jun 16 14:08:03 PDT 2017 (1497647283065)
06-16 14:08:03.227  1161  1161 D ConditionProviders.SCP: onReceive android.app.action.NEXT_ALARM_CLOCK_CHANGED
06-16 14:08:03.229  1161  1161 D ConditionProviders.SCP: notifyCondition condition://android/schedule?days=6.7&start=23.30&end=10.0&exitAtAlarm=false STATE_FALSE reason=!meetsSchedule
06-16 14:08:03.229  1161  1161 D ConditionProviders.SCP: notifyCondition condition://android/schedule?days=1.2.3.4.5&start=22.0&end=7.0&exitAtAlarm=false STATE_FALSE reason=!meetsSchedule
06-16 14:08:03.234  1161  1161 D ConditionProviders.SCP: Scheduling evaluate for Fri Jun 16 22:00:00 PDT 2017 (1497675600000), in +7h51m56s773ms, now=Fri Jun 16 14:08:03 PDT 2017 (1497647283227)
06-16 14:08:35.624  1161  1192 I ActivityManager: Start proc 19548:com.google.android.apps.maps/u0a76 for broadcast com.google.android.apps.maps/com.google.android.gms.gcm.GcmReceiver
06-16 14:08:47.085  1161  1161 D ConditionProviders.SCP: onReceive android.intent.action.TIME_SET
06-16 14:08:47.124  1161  1161 D ConditionProviders.SCP: notifyCondition condition://android/schedule?days=6.7&start=23.30&end=10.0&exitAtAlarm=false STATE_FALSE reason=!meetsSchedule
06-16 14:08:47.125  1161  1161 D ConditionProviders.SCP: notifyCondition condition://android/schedule?days=1.2.3.4.5&start=22.0&end=7.0&exitAtAlarm=false STATE_FALSE reason=!meetsSchedule
06-16 14:08:47.131  1161  1161 D ConditionProviders.SCP: Scheduling evaluate for Fri Jun 16 22:00:00 PDT 2017 (1497675600000), in +7h51m12s915ms, now=Fri Jun 16 14:08:47 PDT 2017 (1497647327085)
06-16 14:08:47.158  1161  1161 D ConditionProviders.SCP: onReceive android.intent.action.TIME_SET
06-16 14:08:47.164  1161  1161 D ConditionProviders.SCP: notifyCondition condition://android/schedule?days=6.7&start=23.30&end=10.0&exitAtAlarm=false STATE_FALSE reason=!meetsSchedule
06-16 14:08:47.171  1161  1161 D ConditionProviders.SCP: notifyCondition condition://android/schedule?days=1.2.3.4.5&start=22.0&end=7.0&exitAtAlarm=false STATE_FALSE reason=!meetsSchedule
06-16 14:08:47.173  1161  1161 D ConditionProviders.SCP: Scheduling evaluate for Fri Jun 16 22:00:00 PDT 2017 (1497675600000), in +7h51m12s842ms, now=Fri Jun 16 14:08:47 PDT 2017 (1497647327158)
06-16 14:08:47.270  1161  1161 D ConditionProviders.SCP: onReceive android.app.action.NEXT_ALARM_CLOCK_CHANGED
06-16 14:08:47.272  1161  1161 D ConditionProviders.SCP: notifyCondition condition://android/schedule?days=6.7&start=23.30&end=10.0&exitAtAlarm=false STATE_FALSE reason=!meetsSchedule
06-16 14:08:47.273  1161  1161 D ConditionProviders.SCP: notifyCondition condition://android/schedule?days=1.2.3.4.5&start=22.0&end=7.0&exitAtAlarm=false STATE_FALSE reason=!meetsSchedule
06-16 14:08:47.276  1161  1161 D ConditionProviders.SCP: Scheduling evaluate for Fri Jun 16 22:00:00 PDT 2017 (1497675600000), in +7h51m12s730ms, now=Fri Jun 16 14:08:47 PDT 2017 (1497647327270)
06-16 14:08:47.464  1161  1161 D ConditionProviders.SCP: onReceive android.app.action.NEXT_ALARM_CLOCK_CHANGED
06-16 14:08:47.464  1161  1161 D ConditionProviders.SCP: notifyCondition condition://android/schedule?days=6.7&start=23.30&end=10.0&exitAtAlarm=false STATE_FALSE reason=!meetsSchedule
06-16 14:08:47.464  1161  1161 D ConditionProviders.SCP: notifyCondition condition://android/schedule?days=1.2.3.4.5&start=22.0&end=7.0&exitAtAlarm=false STATE_FALSE reason=!meetsSchedule
06-16 14:08:47.466  1161  1161 D ConditionProviders.SCP: Scheduling evaluate for Fri Jun 16 22:00:00 PDT 2017 (1497675600000), in +7h51m12s536ms, now=Fri Jun 16 14:08:47 PDT 2017 (1497647327464)
06-16 14:09:00.077  1161  1161 D ConditionProviders.SCP: onReceive android.intent.action.TIME_SET
06-16 14:09:00.083  1161  1161 D ConditionProviders.SCP: notifyCondition condition://android/schedule?days=6.7&start=23.30&end=10.0&exitAtAlarm=false STATE_FALSE reason=!meetsSchedule
06-16 14:09:00.084  1161  1161 D ConditionProviders.SCP: notifyCondition condition://android/schedule?days=1.2.3.4.5&start=22.0&end=7.0&exitAtAlarm=false STATE_FALSE reason=!meetsSchedule
06-16 14:09:00.089  1161  1161 D ConditionProviders.SCP: Scheduling evaluate for Fri Jun 16 22:00:00 PDT 2017 (1497675600000), in +7h50m59s923ms, now=Fri Jun 16 14:09:00 PDT 2017 (1497647340077)
06-16 14:09:00.104  1161  1161 D ConditionProviders.SCP: onReceive android.app.action.NEXT_ALARM_CLOCK_CHANGED
06-16 14:09:00.106  1161  1161 D ConditionProviders.SCP: notifyCondition condition://android/schedule?days=6.7&start=23.30&end=10.0&exitAtAlarm=false STATE_FALSE reason=!meetsSchedule
06-16 14:09:00.106  1161  1161 D ConditionProviders.SCP: notifyCondition condition://android/schedule?days=1.2.3.4.5&start=22.0&end=7.0&exitAtAlarm=false STATE_FALSE reason=!meetsSchedule
06-16 14:09:00.107  1161  1161 D ConditionProviders.SCP: Scheduling evaluate for Fri Jun 16 22:00:00 PDT 2017 (1497675600000), in +7h50m59s896ms, now=Fri Jun 16 14:09:00 PDT 2017 (1497647340104)
06-16 14:09:07.061  1161  1161 D ConditionProviders.SCP: onReceive android.intent.action.TIME_SET
06-16 14:09:07.079  1161  1161 D ConditionProviders.SCP: notifyCondition condition://android/schedule?days=6.7&start=23.30&end=10.0&exitAtAlarm=false STATE_FALSE reason=!meetsSchedule
06-16 14:09:07.079  1161  1161 D ConditionProviders.SCP: notifyCondition condition://android/schedule?days=1.2.3.4.5&start=22.0&end=7.0&exitAtAlarm=false STATE_FALSE reason=!meetsSchedule
06-16 14:09:07.084  1161  1161 D ConditionProviders.SCP: Scheduling evaluate for Fri Jun 16 22:00:00 PDT 2017 (1497675600000), in +7h50m52s939ms, now=Fri Jun 16 14:09:07 PDT 2017 (1497647347061)
06-16 14:09:07.095  1161  1161 D ConditionProviders.SCP: onReceive android.intent.action.TIME_SET
06-16 14:09:07.102  1161  1161 D ConditionProviders.SCP: notifyCondition condition://android/schedule?days=6.7&start=23.30&end=10.0&exitAtAlarm=false STATE_FALSE reason=!meetsSchedule
06-16 14:09:07.102  1161  1161 D ConditionProviders.SCP: notifyCondition condition://android/schedule?days=1.2.3.4.5&start=22.0&end=7.0&exitAtAlarm=false STATE_FALSE reason=!meetsSchedule
06-16 14:09:07.104  1161  1161 D ConditionProviders.SCP: Scheduling evaluate for Fri Jun 16 22:00:00 PDT 2017 (1497675600000), in +7h50m52s905ms, now=Fri Jun 16 14:09:07 PDT 2017 (1497647347095)
06-16 14:09:07.179  1161  1161 D ConditionProviders.SCP: onReceive android.app.action.NEXT_ALARM_CLOCK_CHANGED
06-16 14:09:07.179  1161  1161 D ConditionProviders.SCP: notifyCondition condition://android/schedule?days=6.7&start=23.30&end=10.0&exitAtAlarm=false STATE_FALSE reason=!meetsSchedule
06-16 14:09:07.179  1161  1161 D ConditionProviders.SCP: notifyCondition condition://android/schedule?days=1.2.3.4.5&start=22.0&end=7.0&exitAtAlarm=false STATE_FALSE reason=!meetsSchedule
06-16 14:09:07.180  1161  1161 D ConditionProviders.SCP: Scheduling evaluate for Fri Jun 16 22:00:00 PDT 2017 (1497675600000), in +7h50m52s821ms, now=Fri Jun 16 14:09:07 PDT 2017 (1497647347179)
06-16 14:09:07.509  1161  1161 D ConditionProviders.SCP: onReceive android.app.action.NEXT_ALARM_CLOCK_CHANGED
06-16 14:09:07.510  1161  1161 D ConditionProviders.SCP: notifyCondition condition://android/schedule?days=6.7&start=23.30&end=10.0&exitAtAlarm=false STATE_FALSE reason=!meetsSchedule
06-16 14:09:07.511  1161  1161 D ConditionProviders.SCP: notifyCondition condition://android/schedule?days=1.2.3.4.5&start=22.0&end=7.0&exitAtAlarm=false STATE_FALSE reason=!meetsSchedule
06-16 14:09:07.517  1161  1161 D ConditionProviders.SCP: Scheduling evaluate for Fri Jun 16 22:00:00 PDT 2017 (1497675600000), in +7h50m52s491ms, now=Fri Jun 16 14:09:07 PDT 2017 (1497647347509)
06-16 14:09:09.063  1161  1161 D ConditionProviders.SCP: onReceive android.intent.action.TIME_SET
06-16 14:09:09.068  1161  1161 D ConditionProviders.SCP: Scheduling evaluate for Fri Jun 16 22:00:00 PDT 2017 (1497675600000), in +7h50m50s937ms, now=Fri Jun 16 14:09:09 PDT 2017 (1497647349063)
06-16 14:09:09.095  1161  1161 D ConditionProviders.SCP: notifyCondition condition://android/schedule?days=6.7&start=23.30&end=10.0&exitAtAlarm=false STATE_FALSE reason=!meetsSchedule
06-16 14:09:09.097  1161  1161 D ConditionProviders.SCP: notifyCondition condition://android/schedule?days=1.2.3.4.5&start=22.0&end=7.0&exitAtAlarm=false STATE_FALSE reason=!meetsSchedule
06-16 14:09:09.269  1161  1161 D ConditionProviders.SCP: onReceive android.app.action.NEXT_ALARM_CLOCK_CHANGED
06-16 14:09:09.270  1161  1161 D ConditionProviders.SCP: notifyCondition condition://android/schedule?days=6.7&start=23.30&end=10.0&exitAtAlarm=false STATE_FALSE reason=!meetsSchedule
06-16 14:09:09.270  1161  1161 D ConditionProviders.SCP: notifyCondition condition://android/schedule?days=1.2.3.4.5&start=22.0&end=7.0&exitAtAlarm=false STATE_FALSE reason=!meetsSchedule
06-16 14:09:09.285  1161  1161 D ConditionProviders.SCP: Scheduling evaluate for Fri Jun 16 22:00:00 PDT 2017 (1497675600000), in +7h50m50s731ms, now=Fri Jun 16 14:09:09 PDT 2017 (1497647349269)
06-16 14:09:44.920  1161 14645 I ActivityManager: Killing 17248:com.android.defcontainer/u0a11 (adj 906): empty for 1801s
06-16 14:09:44.931  1161 14645 I ActivityManager: Killing 18018:com.android.printspooler/u0a87 (adj 906): empty for 1804s
06-16 14:09:44.943  1161 14645 I ActivityManager: Killing 17509:com.instagram.android/u0a117 (adj 906): empty for 1809s
06-16 14:09:44.945  1161 14645 I ActivityManager: Killing 17455:com.creditkarma.mobile/u0a154 (adj 906): empty for 1809s
06-16 14:09:45.023  1161  2707 D ActivityManager: cleanUpApplicationRecord -- 18018
06-16 14:09:45.027  1161  1880 D ActivityManager: cleanUpApplicationRecord -- 17455
06-16 14:09:45.034  1161  2017 D ActivityManager: cleanUpApplicationRecord -- 17248
06-16 14:09:45.049  1161  2734 D ActivityManager: cleanUpApplicationRecord -- 17509
06-16 14:10:25.022  1161  1161 D ConditionProviders.SCP: onReceive android.intent.action.TIME_SET
06-16 14:10:25.025  1161  1161 D ConditionProviders.SCP: notifyCondition condition://android/schedule?days=6.7&start=23.30&end=10.0&exitAtAlarm=false STATE_FALSE reason=!meetsSchedule
06-16 14:10:25.025  1161  1161 D ConditionProviders.SCP: notifyCondition condition://android/schedule?days=1.2.3.4.5&start=22.0&end=7.0&exitAtAlarm=false STATE_FALSE reason=!meetsSchedule
06-16 14:10:25.026  1161  1161 D ConditionProviders.SCP: Scheduling evaluate for Fri Jun 16 22:00:00 PDT 2017 (1497675600000), in +7h49m34s978ms, now=Fri Jun 16 14:10:25 PDT 2017 (1497647425022)
06-16 14:10:25.044  1161  1161 D ConditionProviders.SCP: onReceive android.intent.action.TIME_SET
06-16 14:10:25.045  1161  1161 D ConditionProviders.SCP: notifyCondition condition://android/schedule?days=6.7&start=23.30&end=10.0&exitAtAlarm=false STATE_FALSE reason=!meetsSchedule
06-16 14:10:25.046  1161  1161 D ConditionProviders.SCP: notifyCondition condition://android/schedule?days=1.2.3.4.5&start=22.0&end=7.0&exitAtAlarm=false STATE_FALSE reason=!meetsSchedule
06-16 14:10:25.047  1161  1161 D ConditionProviders.SCP: Scheduling evaluate for Fri Jun 16 22:00:00 PDT 2017 (1497675600000), in +7h49m34s956ms, now=Fri Jun 16 14:10:25 PDT 2017 (1497647425044)
06-16 14:10:25.177  1161  1161 D ConditionProviders.SCP: onReceive android.app.action.NEXT_ALARM_CLOCK_CHANGED
06-16 14:10:25.177  1161  1161 D ConditionProviders.SCP: notifyCondition condition://android/schedule?days=6.7&start=23.30&end=10.0&exitAtAlarm=false STATE_FALSE reason=!meetsSchedule
06-16 14:10:25.181  1161  1161 D ConditionProviders.SCP: notifyCondition condition://android/schedule?days=1.2.3.4.5&start=22.0&end=7.0&exitAtAlarm=false STATE_FALSE reason=!meetsSchedule
06-16 14:10:25.183  1161  1161 D ConditionProviders.SCP: Scheduling evaluate for Fri Jun 16 22:00:00 PDT 2017 (1497675600000), in +7h49m34s823ms, now=Fri Jun 16 14:10:25 PDT 2017 (1497647425177)
06-16 14:10:25.384  1161  1161 D ConditionProviders.SCP: onReceive android.app.action.NEXT_ALARM_CLOCK_CHANGED
06-16 14:10:25.384  1161  1161 D ConditionProviders.SCP: notifyCondition condition://android/schedule?days=6.7&start=23.30&end=10.0&exitAtAlarm=false STATE_FALSE reason=!meetsSchedule
06-16 14:10:25.384  1161  1161 D ConditionProviders.SCP: notifyCondition condition://android/schedule?days=1.2.3.4.5&start=22.0&end=7.0&exitAtAlarm=false STATE_FALSE reason=!meetsSchedule
06-16 14:10:25.385  1161  1161 D ConditionProviders.SCP: Scheduling evaluate for Fri Jun 16 22:00:00 PDT 2017 (1497675600000), in +7h49m34s616ms, now=Fri Jun 16 14:10:25 PDT 2017 (1497647425384)
06-16 14:11:11.409  1161  1192 I ActivityManager: Waited long enough for: ServiceRecord{a916644 u0 com.google.android.apps.fireball/.networkservice.NetworkServiceImpl}
06-16 14:13:31.023  1161  1161 D ConditionProviders.SCP: onReceive android.intent.action.TIME_SET
06-16 14:13:31.035  1161  1161 D ConditionProviders.SCP: notifyCondition condition://android/schedule?days=6.7&start=23.30&end=10.0&exitAtAlarm=false STATE_FALSE reason=!meetsSchedule
06-16 14:13:31.035  1161  1161 D ConditionProviders.SCP: notifyCondition condition://android/schedule?days=1.2.3.4.5&start=22.0&end=7.0&exitAtAlarm=false STATE_FALSE reason=!meetsSchedule
06-16 14:13:31.038  1161  1161 D ConditionProviders.SCP: Scheduling evaluate for Fri Jun 16 22:00:00 PDT 2017 (1497675600000), in +7h46m28s976ms, now=Fri Jun 16 14:13:31 PDT 2017 (1497647611024)
06-16 14:13:32.013  1161  1161 D ConditionProviders.SCP: onReceive android.intent.action.TIME_SET
06-16 14:13:32.013  1161  1161 D ConditionProviders.SCP: notifyCondition condition://android/schedule?days=6.7&start=23.30&end=10.0&exitAtAlarm=false STATE_FALSE reason=!meetsSchedule
06-16 14:13:32.013  1161  1161 D ConditionProviders.SCP: notifyCondition condition://android/schedule?days=1.2.3.4.5&start=22.0&end=7.0&exitAtAlarm=false STATE_FALSE reason=!meetsSchedule
06-16 14:13:32.015  1161  1161 D ConditionProviders.SCP: Scheduling evaluate for Fri Jun 16 22:00:00 PDT 2017 (1497675600000), in +7h46m27s987ms, now=Fri Jun 16 14:13:32 PDT 2017 (1497647612013)
06-16 14:13:32.048  1161  1161 D ConditionProviders.SCP: onReceive android.app.action.NEXT_ALARM_CLOCK_CHANGED
06-16 14:13:32.059  1161  1161 D ConditionProviders.SCP: notifyCondition condition://android/schedule?days=6.7&start=23.30&end=10.0&exitAtAlarm=false STATE_FALSE reason=!meetsSchedule
06-16 14:13:32.060  1161  1161 D ConditionProviders.SCP: notifyCondition condition://android/schedule?days=1.2.3.4.5&start=22.0&end=7.0&exitAtAlarm=false STATE_FALSE reason=!meetsSchedule
06-16 14:13:32.061  1161  1161 D ConditionProviders.SCP: Scheduling evaluate for Fri Jun 16 22:00:00 PDT 2017 (1497675600000), in +7h46m27s952ms, now=Fri Jun 16 14:13:32 PDT 2017 (1497647612048)
06-16 14:13:32.200  1161  1161 D ConditionProviders.SCP: onReceive android.app.action.NEXT_ALARM_CLOCK_CHANGED
06-16 14:13:32.200  1161  1161 D ConditionProviders.SCP: notifyCondition condition://android/schedule?days=6.7&start=23.30&end=10.0&exitAtAlarm=false STATE_FALSE reason=!meetsSchedule
06-16 14:13:32.201  1161  1161 D ConditionProviders.SCP: notifyCondition condition://android/schedule?days=1.2.3.4.5&start=22.0&end=7.0&exitAtAlarm=false STATE_FALSE reason=!meetsSchedule
06-16 14:13:32.203  1161  1161 D ConditionProviders.SCP: Scheduling evaluate for Fri Jun 16 22:00:00 PDT 2017 (1497675600000), in +7h46m27s800ms, now=Fri Jun 16 14:13:32 PDT 2017 (1497647612200)
06-16 14:13:35.031  1161  1161 D ConditionProviders.SCP: notifyCondition condition://android/schedule?days=6.7&start=23.30&end=10.0&exitAtAlarm=false STATE_FALSE reason=!meetsSchedule
06-16 14:13:35.031  1161  1161 D ConditionProviders.SCP: notifyCondition condition://android/schedule?days=1.2.3.4.5&start=22.0&end=7.0&exitAtAlarm=false STATE_FALSE reason=!meetsSchedule
06-16 14:13:35.033  1161  1161 D ConditionProviders.SCP: Scheduling evaluate for Fri Jun 16 22:00:00 PDT 2017 (1497675600000), in +7h46m24s955ms, now=Fri Jun 16 14:13:35 PDT 2017 (1497647615045)
06-16 14:13:35.045  1161  1161 D ConditionProviders.SCP: onReceive android.intent.action.TIME_SET
06-16 14:13:35.154  1161  1161 D ConditionProviders.SCP: onReceive android.app.action.NEXT_ALARM_CLOCK_CHANGED
06-16 14:13:35.160  1161  1161 D ConditionProviders.SCP: notifyCondition condition://android/schedule?days=6.7&start=23.30&end=10.0&exitAtAlarm=false STATE_FALSE reason=!meetsSchedule
06-16 14:13:35.161  1161  1161 D ConditionProviders.SCP: notifyCondition condition://android/schedule?days=1.2.3.4.5&start=22.0&end=7.0&exitAtAlarm=false STATE_FALSE reason=!meetsSchedule
06-16 14:13:35.171  1161  1161 D ConditionProviders.SCP: Scheduling evaluate for Fri Jun 16 22:00:00 PDT 2017 (1497675600000), in +7h46m24s846ms, now=Fri Jun 16 14:13:35 PDT 2017 (1497647615154)
06-16 14:13:44.076  1161  1161 D ConditionProviders.SCP: onReceive android.intent.action.TIME_SET
06-16 14:13:44.087  1161  1161 D ConditionProviders.SCP: notifyCondition condition://android/schedule?days=6.7&start=23.30&end=10.0&exitAtAlarm=false STATE_FALSE reason=!meetsSchedule
06-16 14:13:44.087  1161  1161 D ConditionProviders.SCP: notifyCondition condition://android/schedule?days=1.2.3.4.5&start=22.0&end=7.0&exitAtAlarm=false STATE_FALSE reason=!meetsSchedule
06-16 14:13:44.089  1161  1161 D ConditionProviders.SCP: Scheduling evaluate for Fri Jun 16 22:00:00 PDT 2017 (1497675600000), in +7h46m15s924ms, now=Fri Jun 16 14:13:44 PDT 2017 (1497647624076)
06-16 14:13:44.193  1161  1161 D ConditionProviders.SCP: onReceive android.app.action.NEXT_ALARM_CLOCK_CHANGED
06-16 14:13:44.194  1161  1161 D ConditionProviders.SCP: notifyCondition condition://android/schedule?days=6.7&start=23.30&end=10.0&exitAtAlarm=false STATE_FALSE reason=!meetsSchedule
06-16 14:13:44.194  1161  1161 D ConditionProviders.SCP: notifyCondition condition://android/schedule?days=1.2.3.4.5&start=22.0&end=7.0&exitAtAlarm=false STATE_FALSE reason=!meetsSchedule
06-16 14:13:44.195  1161  1161 D ConditionProviders.SCP: Scheduling evaluate for Fri Jun 16 22:00:00 PDT 2017 (1497675600000), in +7h46m15s807ms, now=Fri Jun 16 14:13:44 PDT 2017 (1497647624193)
06-16 14:14:52.063  1161  1161 D ConditionProviders.SCP: onReceive android.intent.action.TIME_SET
06-16 14:14:52.072  1161  1161 D ConditionProviders.SCP: notifyCondition condition://android/schedule?days=6.7&start=23.30&end=10.0&exitAtAlarm=false STATE_FALSE reason=!meetsSchedule
06-16 14:14:52.072  1161  1161 D ConditionProviders.SCP: notifyCondition condition://android/schedule?days=1.2.3.4.5&start=22.0&end=7.0&exitAtAlarm=false STATE_FALSE reason=!meetsSchedule
06-16 14:14:52.087  1161  1161 D ConditionProviders.SCP: Scheduling evaluate for Fri Jun 16 22:00:00 PDT 2017 (1497675600000), in +7h45m7s937ms, now=Fri Jun 16 14:14:52 PDT 2017 (1497647692063)
06-16 14:14:52.179  1161  1161 D ConditionProviders.SCP: onReceive android.app.action.NEXT_ALARM_CLOCK_CHANGED
06-16 14:14:52.179  1161  1161 D ConditionProviders.SCP: notifyCondition condition://android/schedule?days=6.7&start=23.30&end=10.0&exitAtAlarm=false STATE_FALSE reason=!meetsSchedule
06-16 14:14:52.179  1161  1161 D ConditionProviders.SCP: notifyCondition condition://android/schedule?days=1.2.3.4.5&start=22.0&end=7.0&exitAtAlarm=false STATE_FALSE reason=!meetsSchedule
06-16 14:14:52.181  1161  1161 D ConditionProviders.SCP: Scheduling evaluate for Fri Jun 16 22:00:00 PDT 2017 (1497675600000), in +7h45m7s821ms, now=Fri Jun 16 14:14:52 PDT 2017 (1497647692179)
06-16 14:16:45.755  1161  1211 W ProcessCpuTracker: Skipping unknown process pid 20147
06-16 14:18:26.069  1161  1161 D ConditionProviders.SCP: onReceive android.intent.action.TIME_SET
06-16 14:18:26.077  1161  1161 D ConditionProviders.SCP: notifyCondition condition://android/schedule?days=6.7&start=23.30&end=10.0&exitAtAlarm=false STATE_FALSE reason=!meetsSchedule
06-16 14:18:26.078  1161  1161 D ConditionProviders.SCP: notifyCondition condition://android/schedule?days=1.2.3.4.5&start=22.0&end=7.0&exitAtAlarm=false STATE_FALSE reason=!meetsSchedule
06-16 14:18:26.080  1161  1161 D ConditionProviders.SCP: Scheduling evaluate for Fri Jun 16 22:00:00 PDT 2017 (1497675600000), in +7h41m33s931ms, now=Fri Jun 16 14:18:26 PDT 2017 (1497647906069)
06-16 14:18:27.116  1161  1161 D ConditionProviders.SCP: onReceive android.intent.action.TIME_SET
06-16 14:18:27.122  1161  1161 D ConditionProviders.SCP: notifyCondition condition://android/schedule?days=6.7&start=23.30&end=10.0&exitAtAlarm=false STATE_FALSE reason=!meetsSchedule
06-16 14:18:27.122  1161  1161 D ConditionProviders.SCP: notifyCondition condition://android/schedule?days=1.2.3.4.5&start=22.0&end=7.0&exitAtAlarm=false STATE_FALSE reason=!meetsSchedule
06-16 14:18:27.128  1161  1161 D ConditionProviders.SCP: Scheduling evaluate for Fri Jun 16 22:00:00 PDT 2017 (1497675600000), in +7h41m32s884ms, now=Fri Jun 16 14:18:27 PDT 2017 (1497647907116)
06-16 14:18:27.201  1161  1161 D ConditionProviders.SCP: onReceive android.app.action.NEXT_ALARM_CLOCK_CHANGED
06-16 14:18:27.202  1161  1161 D ConditionProviders.SCP: notifyCondition condition://android/schedule?days=6.7&start=23.30&end=10.0&exitAtAlarm=false STATE_FALSE reason=!meetsSchedule
06-16 14:18:27.204  1161  1161 D ConditionProviders.SCP: notifyCondition condition://android/schedule?days=1.2.3.4.5&start=22.0&end=7.0&exitAtAlarm=false STATE_FALSE reason=!meetsSchedule
06-16 14:18:27.206  1161  1161 D ConditionProviders.SCP: Scheduling evaluate for Fri Jun 16 22:00:00 PDT 2017 (1497675600000), in +7h41m32s799ms, now=Fri Jun 16 14:18:27 PDT 2017 (1497647907201)
06-16 14:18:27.357  1161  1161 D ConditionProviders.SCP: onReceive android.app.action.NEXT_ALARM_CLOCK_CHANGED
06-16 14:18:27.363  1161  1161 D ConditionProviders.SCP: notifyCondition condition://android/schedule?days=6.7&start=23.30&end=10.0&exitAtAlarm=false STATE_FALSE reason=!meetsSchedule
06-16 14:18:27.363  1161  1161 D ConditionProviders.SCP: notifyCondition condition://android/schedule?days=1.2.3.4.5&start=22.0&end=7.0&exitAtAlarm=false STATE_FALSE reason=!meetsSchedule
06-16 14:18:27.370  1161  1161 D ConditionProviders.SCP: Scheduling evaluate for Fri Jun 16 22:00:00 PDT 2017 (1497675600000), in +7h41m32s643ms, now=Fri Jun 16 14:18:27 PDT 2017 (1497647907357)
06-16 14:18:29.028  1161  1161 D ConditionProviders.SCP: onReceive android.intent.action.TIME_SET
06-16 14:18:29.032  1161  1161 D ConditionProviders.SCP: notifyCondition condition://android/schedule?days=6.7&start=23.30&end=10.0&exitAtAlarm=false STATE_FALSE reason=!meetsSchedule
06-16 14:18:29.033  1161  1161 D ConditionProviders.SCP: notifyCondition condition://android/schedule?days=1.2.3.4.5&start=22.0&end=7.0&exitAtAlarm=false STATE_FALSE reason=!meetsSchedule
06-16 14:18:29.035  1161  1161 D ConditionProviders.SCP: Scheduling evaluate for Fri Jun 16 22:00:00 PDT 2017 (1497675600000), in +7h41m30s972ms, now=Fri Jun 16 14:18:29 PDT 2017 (1497647909028)
06-16 14:18:29.137  1161  1161 D ConditionProviders.SCP: onReceive android.app.action.NEXT_ALARM_CLOCK_CHANGED
06-16 14:18:29.139  1161  1161 D ConditionProviders.SCP: notifyCondition condition://android/schedule?days=6.7&start=23.30&end=10.0&exitAtAlarm=false STATE_FALSE reason=!meetsSchedule
06-16 14:18:29.140  1161  1161 D ConditionProviders.SCP: notifyCondition condition://android/schedule?days=1.2.3.4.5&start=22.0&end=7.0&exitAtAlarm=false STATE_FALSE reason=!meetsSchedule
06-16 14:18:29.142  1161  1161 D ConditionProviders.SCP: Scheduling evaluate for Fri Jun 16 22:00:00 PDT 2017 (1497675600000), in +7h41m30s863ms, now=Fri Jun 16 14:18:29 PDT 2017 (1497647909137)
06-16 14:18:54.066  1161  1161 D ConditionProviders.SCP: onReceive android.intent.action.TIME_SET
06-16 14:18:54.131  1161  1161 D ConditionProviders.SCP: notifyCondition condition://android/schedule?days=6.7&start=23.30&end=10.0&exitAtAlarm=false STATE_FALSE reason=!meetsSchedule
06-16 14:18:54.131  1161  1161 D ConditionProviders.SCP: notifyCondition condition://android/schedule?days=1.2.3.4.5&start=22.0&end=7.0&exitAtAlarm=false STATE_FALSE reason=!meetsSchedule
06-16 14:18:54.138  1161  1161 D ConditionProviders.SCP: Scheduling evaluate for Fri Jun 16 22:00:00 PDT 2017 (1497675600000), in +7h41m5s933ms, now=Fri Jun 16 14:18:54 PDT 2017 (1497647934067)
06-16 14:18:54.254  1161  1161 D ConditionProviders.SCP: onReceive android.app.action.NEXT_ALARM_CLOCK_CHANGED
06-16 14:18:54.255  1161  1161 D ConditionProviders.SCP: notifyCondition condition://android/schedule?days=6.7&start=23.30&end=10.0&exitAtAlarm=false STATE_FALSE reason=!meetsSchedule
06-16 14:18:54.255  1161  1161 D ConditionProviders.SCP: notifyCondition condition://android/schedule?days=1.2.3.4.5&start=22.0&end=7.0&exitAtAlarm=false STATE_FALSE reason=!meetsSchedule
06-16 14:18:54.257  1161  1161 D ConditionProviders.SCP: Scheduling evaluate for Fri Jun 16 22:00:00 PDT 2017 (1497675600000), in +7h41m5s746ms, now=Fri Jun 16 14:18:54 PDT 2017 (1497647934254)
06-16 14:18:56.078  1161  1161 D ConditionProviders.SCP: onReceive android.intent.action.TIME_SET
06-16 14:18:56.129  1161  1161 D ConditionProviders.SCP: Scheduling evaluate for Fri Jun 16 22:00:00 PDT 2017 (1497675600000), in +7h41m3s921ms, now=Fri Jun 16 14:18:56 PDT 2017 (1497647936079)
06-16 14:18:56.153  1161  1161 D ConditionProviders.SCP: notifyCondition condition://android/schedule?days=6.7&start=23.30&end=10.0&exitAtAlarm=false STATE_FALSE reason=!meetsSchedule
06-16 14:18:56.154  1161  1161 D ConditionProviders.SCP: notifyCondition condition://android/schedule?days=1.2.3.4.5&start=22.0&end=7.0&exitAtAlarm=false STATE_FALSE reason=!meetsSchedule
06-16 14:18:56.207  1161  1161 D ConditionProviders.SCP: onReceive android.app.action.NEXT_ALARM_CLOCK_CHANGED
06-16 14:18:56.209  1161  1161 D ConditionProviders.SCP: notifyCondition condition://android/schedule?days=6.7&start=23.30&end=10.0&exitAtAlarm=false STATE_FALSE reason=!meetsSchedule
06-16 14:18:56.209  1161  1161 D ConditionProviders.SCP: notifyCondition condition://android/schedule?days=1.2.3.4.5&start=22.0&end=7.0&exitAtAlarm=false STATE_FALSE reason=!meetsSchedule
06-16 14:18:56.214  1161  1161 D ConditionProviders.SCP: Scheduling evaluate for Fri Jun 16 22:00:00 PDT 2017 (1497675600000), in +7h41m3s793ms, now=Fri Jun 16 14:18:56 PDT 2017 (1497647936207)
06-16 14:19:35.160  1161  1192 I ProcessStatsService: Prepared write state in 13ms
06-16 14:19:35.175  1161  1192 I ProcessStatsService: Prepared write state in 13ms
06-16 14:19:43.099  1161  1161 D ConditionProviders.SCP: onReceive android.intent.action.TIME_SET
06-16 14:19:43.163  1161  1161 D ConditionProviders.SCP: notifyCondition condition://android/schedule?days=6.7&start=23.30&end=10.0&exitAtAlarm=false STATE_FALSE reason=!meetsSchedule
06-16 14:19:43.164  1161  1161 D ConditionProviders.SCP: notifyCondition condition://android/schedule?days=1.2.3.4.5&start=22.0&end=7.0&exitAtAlarm=false STATE_FALSE reason=!meetsSchedule
06-16 14:19:43.168  1161  1161 D ConditionProviders.SCP: Scheduling evaluate for Fri Jun 16 22:00:00 PDT 2017 (1497675600000), in +7h40m16s901ms, now=Fri Jun 16 14:19:43 PDT 2017 (1497647983099)
06-16 14:19:43.254  1161  1161 D ConditionProviders.SCP: onReceive android.app.action.NEXT_ALARM_CLOCK_CHANGED
06-16 14:19:43.257  1161  1161 D ConditionProviders.SCP: notifyCondition condition://android/schedule?days=6.7&start=23.30&end=10.0&exitAtAlarm=false STATE_FALSE reason=!meetsSchedule
06-16 14:19:43.257  1161  1161 D ConditionProviders.SCP: notifyCondition condition://android/schedule?days=1.2.3.4.5&start=22.0&end=7.0&exitAtAlarm=false STATE_FALSE reason=!meetsSchedule
06-16 14:19:43.258  1161  1161 D ConditionProviders.SCP: Scheduling evaluate for Fri Jun 16 22:00:00 PDT 2017 (1497675600000), in +7h40m16s746ms, now=Fri Jun 16 14:19:43 PDT 2017 (1497647983254)
06-16 14:19:50.085  1161  1161 D ConditionProviders.SCP: onReceive android.intent.action.TIME_SET
06-16 14:19:50.096  1161  1161 D ConditionProviders.SCP: notifyCondition condition://android/schedule?days=6.7&start=23.30&end=10.0&exitAtAlarm=false STATE_FALSE reason=!meetsSchedule
06-16 14:19:50.097  1161  1161 D ConditionProviders.SCP: notifyCondition condition://android/schedule?days=1.2.3.4.5&start=22.0&end=7.0&exitAtAlarm=false STATE_FALSE reason=!meetsSchedule
06-16 14:19:50.100  1161  1161 D ConditionProviders.SCP: Scheduling evaluate for Fri Jun 16 22:00:00 PDT 2017 (1497675600000), in +7h40m9s915ms, now=Fri Jun 16 14:19:50 PDT 2017 (1497647990085)
06-16 14:19:50.265  1161  1161 D ConditionProviders.SCP: onReceive android.app.action.NEXT_ALARM_CLOCK_CHANGED
06-16 14:19:50.267  1161  1161 D ConditionProviders.SCP: notifyCondition condition://android/schedule?days=6.7&start=23.30&end=10.0&exitAtAlarm=false STATE_FALSE reason=!meetsSchedule
06-16 14:19:50.269  1161  1161 D ConditionProviders.SCP: notifyCondition condition://android/schedule?days=1.2.3.4.5&start=22.0&end=7.0&exitAtAlarm=false STATE_FALSE reason=!meetsSchedule
06-16 14:19:50.271  1161  1161 D ConditionProviders.SCP: Scheduling evaluate for Fri Jun 16 22:00:00 PDT 2017 (1497675600000), in +7h40m9s735ms, now=Fri Jun 16 14:19:50 PDT 2017 (1497647990265)
06-16 14:20:14.165  1161  1180 I ActivityManager: Start proc 20459:com.google.android.music:main/u0a77 for service com.google.android.music/.sync.google.MusicGcmTaskService
06-16 14:20:19.056  1161  1161 D ConditionProviders.SCP: notifyCondition condition://android/schedule?days=1.2.3.4.5&start=22.0&end=7.0&exitAtAlarm=false STATE_FALSE reason=!meetsSchedule
06-16 14:20:19.061  1161  1161 D ConditionProviders.SCP: Scheduling evaluate for Fri Jun 16 22:00:00 PDT 2017 (1497675600000), in +7h39m40s925ms, now=Fri Jun 16 14:20:19 PDT 2017 (1497648019075)
06-16 14:20:19.075  1161  1161 D ConditionProviders.SCP: onReceive android.intent.action.TIME_SET
06-16 14:20:19.085  1161  1161 D ConditionProviders.SCP: notifyCondition condition://android/schedule?days=6.7&start=23.30&end=10.0&exitAtAlarm=false STATE_FALSE reason=!meetsSchedule
06-16 14:20:19.187  1161  1161 D ConditionProviders.SCP: onReceive android.app.action.NEXT_ALARM_CLOCK_CHANGED
06-16 14:20:19.187  1161  1161 D ConditionProviders.SCP: notifyCondition condition://android/schedule?days=6.7&start=23.30&end=10.0&exitAtAlarm=false STATE_FALSE reason=!meetsSchedule
06-16 14:20:19.187  1161  1161 D ConditionProviders.SCP: notifyCondition condition://android/schedule?days=1.2.3.4.5&start=22.0&end=7.0&exitAtAlarm=false STATE_FALSE reason=!meetsSchedule
06-16 14:20:19.189  1161  1161 D ConditionProviders.SCP: Scheduling evaluate for Fri Jun 16 22:00:00 PDT 2017 (1497675600000), in +7h39m40s813ms, now=Fri Jun 16 14:20:19 PDT 2017 (1497648019187)
06-16 14:20:19.852  1161 15253 I ActivityManager: Start proc 20556:android.process.media/u0a13 for content provider com.android.providers.media/.MediaProvider
06-16 14:20:26.102  1161  1161 D ConditionProviders.SCP: onReceive android.intent.action.TIME_SET
06-16 14:20:26.110  1161  1161 D ConditionProviders.SCP: notifyCondition condition://android/schedule?days=6.7&start=23.30&end=10.0&exitAtAlarm=false STATE_FALSE reason=!meetsSchedule
06-16 14:20:26.112  1161  1161 D ConditionProviders.SCP: notifyCondition condition://android/schedule?days=1.2.3.4.5&start=22.0&end=7.0&exitAtAlarm=false STATE_FALSE reason=!meetsSchedule
06-16 14:20:26.136  1161  1161 D ConditionProviders.SCP: Scheduling evaluate for Fri Jun 16 22:00:00 PDT 2017 (1497675600000), in +7h39m33s897ms, now=Fri Jun 16 14:20:26 PDT 2017 (1497648026103)
06-16 14:20:26.260  1161  1161 D ConditionProviders.SCP: onReceive android.app.action.NEXT_ALARM_CLOCK_CHANGED
06-16 14:20:26.260  1161  1161 D ConditionProviders.SCP: notifyCondition condition://android/schedule?days=6.7&start=23.30&end=10.0&exitAtAlarm=false STATE_FALSE reason=!meetsSchedule
06-16 14:20:26.260  1161  1161 D ConditionProviders.SCP: notifyCondition condition://android/schedule?days=1.2.3.4.5&start=22.0&end=7.0&exitAtAlarm=false STATE_FALSE reason=!meetsSchedule
06-16 14:20:26.262  1161  1161 D ConditionProviders.SCP: Scheduling evaluate for Fri Jun 16 22:00:00 PDT 2017 (1497675600000), in +7h39m33s740ms, now=Fri Jun 16 14:20:26 PDT 2017 (1497648026260)
06-16 14:20:30.059  1161  1161 D ConditionProviders.SCP: onReceive android.intent.action.TIME_SET
06-16 14:20:30.073  1161  1161 D ConditionProviders.SCP: notifyCondition condition://android/schedule?days=6.7&start=23.30&end=10.0&exitAtAlarm=false STATE_FALSE reason=!meetsSchedule
06-16 14:20:30.073  1161  1161 D ConditionProviders.SCP: notifyCondition condition://android/schedule?days=1.2.3.4.5&start=22.0&end=7.0&exitAtAlarm=false STATE_FALSE reason=!meetsSchedule
06-16 14:20:30.075  1161  1161 D ConditionProviders.SCP: Scheduling evaluate for Fri Jun 16 22:00:00 PDT 2017 (1497675600000), in +7h39m29s941ms, now=Fri Jun 16 14:20:30 PDT 2017 (1497648030059)
06-16 14:20:30.221  1161  1161 D ConditionProviders.SCP: onReceive android.app.action.NEXT_ALARM_CLOCK_CHANGED
06-16 14:20:30.222  1161  1161 D ConditionProviders.SCP: notifyCondition condition://android/schedule?days=6.7&start=23.30&end=10.0&exitAtAlarm=false STATE_FALSE reason=!meetsSchedule
06-16 14:20:30.222  1161  1161 D ConditionProviders.SCP: notifyCondition condition://android/schedule?days=1.2.3.4.5&start=22.0&end=7.0&exitAtAlarm=false STATE_FALSE reason=!meetsSchedule
06-16 14:20:30.229  1161  1161 D ConditionProviders.SCP: Scheduling evaluate for Fri Jun 16 22:00:00 PDT 2017 (1497675600000), in +7h39m29s779ms, now=Fri Jun 16 14:20:30 PDT 2017 (1497648030221)
06-16 14:20:37.102  1161  1161 D ConditionProviders.SCP: onReceive android.intent.action.TIME_SET
06-16 14:20:37.159  1161  1161 D ConditionProviders.SCP: notifyCondition condition://android/schedule?days=6.7&start=23.30&end=10.0&exitAtAlarm=false STATE_FALSE reason=!meetsSchedule
06-16 14:20:37.160  1161  1161 D ConditionProviders.SCP: notifyCondition condition://android/schedule?days=1.2.3.4.5&start=22.0&end=7.0&exitAtAlarm=false STATE_FALSE reason=!meetsSchedule
06-16 14:20:37.168  1161  1161 D ConditionProviders.SCP: Scheduling evaluate for Fri Jun 16 22:00:00 PDT 2017 (1497675600000), in +7h39m22s898ms, now=Fri Jun 16 14:20:37 PDT 2017 (1497648037102)
06-16 14:20:37.181  1161  1161 D ConditionProviders.SCP: onReceive android.intent.action.TIME_SET
06-16 14:20:37.190  1161  1161 D ConditionProviders.SCP: notifyCondition condition://android/schedule?days=6.7&start=23.30&end=10.0&exitAtAlarm=false STATE_FALSE reason=!meetsSchedule
06-16 14:20:37.191  1161  1161 D ConditionProviders.SCP: notifyCondition condition://android/schedule?days=1.2.3.4.5&start=22.0&end=7.0&exitAtAlarm=false STATE_FALSE reason=!meetsSchedule
06-16 14:20:37.196  1161  1161 D ConditionProviders.SCP: Scheduling evaluate for Fri Jun 16 22:00:00 PDT 2017 (1497675600000), in +7h39m22s819ms, now=Fri Jun 16 14:20:37 PDT 2017 (1497648037181)
06-16 14:20:37.265  1161  1161 D ConditionProviders.SCP: onReceive android.app.action.NEXT_ALARM_CLOCK_CHANGED
06-16 14:20:37.265  1161  1161 D ConditionProviders.SCP: notifyCondition condition://android/schedule?days=6.7&start=23.30&end=10.0&exitAtAlarm=false STATE_FALSE reason=!meetsSchedule
06-16 14:20:37.266  1161  1161 D ConditionProviders.SCP: notifyCondition condition://android/schedule?days=1.2.3.4.5&start=22.0&end=7.0&exitAtAlarm=false STATE_FALSE reason=!meetsSchedule
06-16 14:20:37.267  1161  1161 D ConditionProviders.SCP: Scheduling evaluate for Fri Jun 16 22:00:00 PDT 2017 (1497675600000), in +7h39m22s735ms, now=Fri Jun 16 14:20:37 PDT 2017 (1497648037265)
06-16 14:20:37.417  1161  1161 D ConditionProviders.SCP: onReceive android.app.action.NEXT_ALARM_CLOCK_CHANGED
06-16 14:20:37.417  1161  1161 D ConditionProviders.SCP: notifyCondition condition://android/schedule?days=6.7&start=23.30&end=10.0&exitAtAlarm=false STATE_FALSE reason=!meetsSchedule
06-16 14:20:37.418  1161  1161 D ConditionProviders.SCP: notifyCondition condition://android/schedule?days=1.2.3.4.5&start=22.0&end=7.0&exitAtAlarm=false STATE_FALSE reason=!meetsSchedule
06-16 14:20:37.419  1161  1161 D ConditionProviders.SCP: Scheduling evaluate for Fri Jun 16 22:00:00 PDT 2017 (1497675600000), in +7h39m22s583ms, now=Fri Jun 16 14:20:37 PDT 2017 (1497648037417)
06-16 14:21:02.093  1161  1161 D ConditionProviders.SCP: onReceive android.intent.action.TIME_SET
06-16 14:21:02.103  1161  1161 D ConditionProviders.SCP: notifyCondition condition://android/schedule?days=6.7&start=23.30&end=10.0&exitAtAlarm=false STATE_FALSE reason=!meetsSchedule
06-16 14:21:02.104  1161  1161 D ConditionProviders.SCP: notifyCondition condition://android/schedule?days=1.2.3.4.5&start=22.0&end=7.0&exitAtAlarm=false STATE_FALSE reason=!meetsSchedule
06-16 14:21:02.123  1161  1161 D ConditionProviders.SCP: Scheduling evaluate for Fri Jun 16 22:00:00 PDT 2017 (1497675600000), in +7h38m57s907ms, now=Fri Jun 16 14:21:02 PDT 2017 (1497648062093)
06-16 14:21:03.210  1161  1161 D ConditionProviders.SCP: onReceive android.intent.action.TIME_SET
06-16 14:21:03.212  1161  1161 D ConditionProviders.SCP: notifyCondition condition://android/schedule?days=6.7&start=23.30&end=10.0&exitAtAlarm=false STATE_FALSE reason=!meetsSchedule
06-16 14:21:03.212  1161  1161 D ConditionProviders.SCP: notifyCondition condition://android/schedule?days=1.2.3.4.5&start=22.0&end=7.0&exitAtAlarm=false STATE_FALSE reason=!meetsSchedule
06-16 14:21:03.214  1161  1161 D ConditionProviders.SCP: Scheduling evaluate for Fri Jun 16 22:00:00 PDT 2017 (1497675600000), in +7h38m56s790ms, now=Fri Jun 16 14:21:03 PDT 2017 (1497648063210)
06-16 14:21:03.286  1161  1161 D ConditionProviders.SCP: onReceive android.app.action.NEXT_ALARM_CLOCK_CHANGED
06-16 14:21:03.286  1161  1161 D ConditionProviders.SCP: notifyCondition condition://android/schedule?days=6.7&start=23.30&end=10.0&exitAtAlarm=false STATE_FALSE reason=!meetsSchedule
06-16 14:21:03.286  1161  1161 D ConditionProviders.SCP: notifyCondition condition://android/schedule?days=1.2.3.4.5&start=22.0&end=7.0&exitAtAlarm=false STATE_FALSE reason=!meetsSchedule
