06-16 10:42:44.397  1161  1549 I chatty  : uid=1000(system) Binder:1161_3 expire 1 line
06-16 10:42:46.216  1161  2017 I chatty  : uid=1000(system) Binder:1161_8 expire 1 line
06-16 10:42:46.252  1161  2537 I chatty  : uid=1000(system) backup expire 27 lines
06-16 10:42:53.125  1161  1161 I chatty  : uid=1000 system_server expire 6 lines
06-16 10:42:53.440  1161  1192 I chatty  : uid=1000(system) ActivityManager expire 13 lines
06-16 10:42:53.446  1161  1881 I chatty  : uid=1000(system) Binder:1161_7 expire 2 lines
06-16 10:42:53.455  1161 14646 I chatty  : uid=1000(system) Binder:1161_18 expire 6 lines
06-16 10:42:53.695  1161  2705 I chatty  : uid=1000(system) Binder:1161_A expire 4 lines
06-16 10:42:53.837  1161  2718 I chatty  : uid=1000(system) Binder:1161_D expire 1 line
06-16 10:43:15.383  1161  1212 I chatty  : uid=1000(system) PowerManagerSer expire 24 lines
06-16 10:43:18.706  1161 14645 I chatty  : uid=1000(system) Binder:1161_17 expire 5 lines
06-16 10:43:18.789  1161  1880 I chatty  : uid=1000(system) Binder:1161_6 expire 2 lines
06-16 10:43:18.809  1161  2720 I chatty  : uid=1000(system) Binder:1161_F expire 2 lines
06-16 10:43:18.816  1161 15252 I chatty  : uid=1000(system) Binder:1161_1F expire 2 lines
06-16 10:43:25.526  1161  1225 I chatty  : uid=1000(system) PackageManager expire 15 lines
06-16 10:43:28.723 10227 10227 W ContextImpl: Calling a method in the system process without a qualified user: android.app.ContextImpl.startService:1357 android.content.ContextWrapper.startService:613 android.content.ContextWrapper.startService:613 com.android.keychain.KeyChainBroadcastReceiver.onReceive:12 android.app.ActivityThread.handleReceiver:3041 
06-16 10:43:28.838  1161 15253 I chatty  : uid=1000(system) Binder:1161_20 expire 2 lines
06-16 10:43:28.997  1161 14512 I chatty  : uid=1000(system) Binder:1161_14 expire 3 lines
06-16 10:43:29.011  1161  5152 I chatty  : uid=1000(system) Binder:1161_12 expire 2 lines
06-16 10:43:29.103  1161  5151 I chatty  : uid=1000(system) Binder:1161_11 expire 1 line
06-16 10:43:29.234  1161  2017 I chatty  : uid=1000(system) Binder:1161_8 expire 2 lines
06-16 10:43:29.270  1161  1598 I chatty  : uid=1000(system) Binder:1161_4 expire 4 lines
06-16 10:43:29.270  1161  1540 I chatty  : uid=1000(system) ConnectivitySer expire 1 line
06-16 10:43:29.344  1161  1190 I chatty  : uid=1000(system) android.bg expire 2 lines
06-16 10:43:29.426  1161  1181 I chatty  : uid=1000(system) Binder:1161_2 expire 2 lines
06-16 10:43:34.433  1161 10439 I chatty  : uid=1000(system) Binder:1161_13 expire 4 lines
06-16 10:43:34.467  1161 14650 I chatty  : uid=1000(system) Binder:1161_1B expire 3 lines
06-16 10:43:48.822  1161 14644 I chatty  : uid=1000(system) Binder:1161_16 expire 1 line
06-16 10:43:58.290  1161  1526 I chatty  : uid=1000(system) InputDispatcher expire 2 lines
06-16 10:43:58.370  1161 14649 I chatty  : uid=1000(system) Binder:1161_1A expire 2 lines
06-16 10:44:12.599  1161  1180 I chatty  : uid=1000(system) Binder:1161_1 expire 1 line
06-16 10:44:18.239  1161  2715 I chatty  : uid=1000(system) Binder:1161_C expire 1 line
06-16 10:44:29.986  1161  2734 I chatty  : uid=1000(system) Binder:1161_10 expire 1 line
06-16 10:49:29.423 10227 10227 W ContextImpl: Calling a method in the system process without a qualified user: android.app.ContextImpl.startService:1357 android.content.ContextWrapper.startService:613 android.content.ContextWrapper.startService:613 com.android.keychain.KeyChainBroadcastReceiver.onReceive:12 android.app.ActivityThread.handleReceiver:3041 
06-16 10:49:29.428  1161  1225 I chatty  : uid=1000(system) PackageManager expire 11 lines
06-16 10:50:19.404 10227 10227 W ContextImpl: Calling a method in the system process without a qualified user: android.app.ContextImpl.startService:1357 android.content.ContextWrapper.startService:613 android.content.ContextWrapper.startService:613 com.android.keychain.KeyChainBroadcastReceiver.onReceive:12 android.app.ActivityThread.handleReceiver:3041 
06-16 10:50:19.440  1161  1225 I chatty  : uid=1000(system) PackageManager expire 11 lines
06-16 10:50:25.401  1161 14643 I chatty  : uid=1000(system) Binder:1161_15 expire 2 lines
06-16 10:50:27.956  1161  1212 I chatty  : uid=1000(system) PowerManagerSer expire 10 lines
06-16 10:51:21.610  1161  1192 I chatty  : uid=1000(system) ActivityManager expire 12 lines
06-16 10:51:22.023  1161 15250 I chatty  : uid=1000(system) Binder:1161_1D expire 1 line
06-16 10:51:22.026  1161  1210 I chatty  : uid=1000(system) android.display expire 4 lines
06-16 10:51:22.081 10227 10227 W ContextImpl: Calling a method in the system process without a qualified user: android.app.ContextImpl.startService:1357 android.content.ContextWrapper.startService:613 android.content.ContextWrapper.startService:613 com.android.keychain.KeyChainBroadcastReceiver.onReceive:12 android.app.ActivityThread.handleReceiver:3041 
06-16 10:51:30.671  1632  1632 V DeadZone: consuming errant click: (1079.0,81.0)
06-16 10:51:41.443  1161  1212 I chatty  : uid=1000(system) PowerManagerSer expire 56 lines
06-16 11:00:49.585  1161 14648 I chatty  : uid=1000(system) Binder:1161_19 expire 2 lines
06-16 11:01:13.698  1161  1208 I chatty  : uid=1000(system) android.fg expire 1 line
06-16 11:01:13.805  1161  1195 I chatty  : uid=1000(system) batterystats-sy expire 1 line
06-16 11:01:16.063  1161  1193 I chatty  : uid=1000(system) android.ui expire 3 lines
06-16 11:01:18.405  1161  2719 I chatty  : uid=1000(system) Binder:1161_E expire 3 lines
06-16 11:02:38.645  1161  1212 I chatty  : uid=1000(system) PowerManagerSer expire 37 lines
06-16 11:02:58.788  1161  1161 I chatty  : uid=1000 system_server expire 13 lines
06-16 11:02:59.400  1161  1192 I chatty  : uid=1000(system) ActivityManager expire 17 lines
06-16 11:02:59.472  1161  1210 I chatty  : uid=1000(system) android.display expire 4 lines
06-16 11:02:59.511  1161  1880 I chatty  : uid=1000(system) Binder:1161_6 expire 3 lines
06-16 11:02:59.514  1161 15249 I chatty  : uid=1000(system) Binder:1161_1C expire 1 line
06-16 11:02:59.515  1161  2701 I chatty  : uid=1000(system) Binder:1161_9 expire 3 lines
06-16 11:02:59.515  1161  1540 I chatty  : uid=1000(system) ConnectivitySer expire 5 lines
06-16 11:02:59.720  1161  1208 I chatty  : uid=1000(system) android.fg expire 5 lines
06-16 11:03:03.962  1161  1180 I chatty  : uid=1000(system) Binder:1161_1 expire 2 lines
06-16 11:03:04.180  1161 10439 I chatty  : uid=1000(system) Binder:1161_13 expire 3 lines
06-16 11:03:04.223  1161  2734 I chatty  : uid=1000(system) Binder:1161_10 expire 3 lines
06-16 11:06:16.298  1161 14650 I chatty  : uid=1000(system) Binder:1161_1B expire 3 lines
06-16 11:06:16.344 11217 11217 W ActivityThread: Application com.tivophone.android.debug can be debugged on port 8100...
06-16 11:06:26.828  1161 15251 I chatty  : uid=1000(system) Binder:1161_1E expire 3 lines
06-16 11:06:26.926  1161  2707 I chatty  : uid=1000(system) Binder:1161_B expire 3 lines
06-16 11:06:27.063  1161  5152 I chatty  : uid=1000(system) Binder:1161_12 expire 2 lines
06-16 11:06:27.104  1161 14645 I chatty  : uid=1000(system) Binder:1161_17 expire 6 lines
06-16 11:09:02.245  1161  1524 I chatty  : uid=1000(system) AlarmManager expire 1 line
06-16 11:09:02.477  1161  2705 I chatty  : uid=1000(system) Binder:1161_A expire 2 lines
06-16 11:09:02.873  1161 15252 I chatty  : uid=1000(system) Binder:1161_1F expire 1 line
06-16 11:09:02.883  1161 15253 I chatty  : uid=1000(system) Binder:1161_20 expire 3 lines
06-16 11:17:11.433  1161  1549 I chatty  : uid=1000(system) Binder:1161_3 expire 3 lines
06-16 11:20:52.215  1161 14643 I chatty  : uid=1000(system) Binder:1161_15 expire 1 line
06-16 11:40:15.764  1161 14649 I chatty  : uid=1000(system) Binder:1161_1A expire 2 lines
06-16 11:42:03.889  1161  1212 I chatty  : uid=1000(system) PowerManagerSer expire 14 lines
06-16 11:42:04.182  1161  2017 I chatty  : uid=1000(system) Binder:1161_8 expire 1 line
06-16 11:42:04.218  1161  1598 I chatty  : uid=1000(system) Binder:1161_4 expire 2 lines
06-16 11:42:07.731  1161 14648 I chatty  : uid=1000(system) Binder:1161_19 expire 2 lines
06-16 11:42:07.973  1161 15250 I chatty  : uid=1000(system) Binder:1161_1D expire 1 line
06-16 11:42:12.736  1161  2715 I chatty  : uid=1000(system) Binder:1161_C expire 9 lines
06-16 11:42:18.829  1161  1225 I chatty  : uid=1000(system) PackageManager expire 14 lines
06-16 11:42:19.735  1161  1818 I chatty  : uid=1000(system) Binder:1161_5 expire 2 lines
06-16 11:42:20.442 11918 11918 W ContextImpl: Calling a method in the system process without a qualified user: android.app.ContextImpl.startService:1357 android.content.ContextWrapper.startService:613 android.content.ContextWrapper.startService:613 com.android.keychain.KeyChainBroadcastReceiver.onReceive:12 android.app.ActivityThread.handleReceiver:3041 
06-16 11:42:23.877  1161  1181 I chatty  : uid=1000(system) Binder:1161_2 expire 3 lines
06-16 11:42:31.068  1161  2718 I chatty  : uid=1000(system) Binder:1161_D expire 1 line
06-16 11:43:50.017  1161  1192 I chatty  : uid=1000(system) ActivityManager expire 14 lines
06-16 11:47:01.603 11918 11918 W ContextImpl: Calling a method in the system process without a qualified user: android.app.ContextImpl.startService:1357 android.content.ContextWrapper.startService:613 android.content.ContextWrapper.startService:613 com.android.keychain.KeyChainBroadcastReceiver.onReceive:12 android.app.ActivityThread.handleReceiver:3041 
06-16 11:47:01.623  1161  1225 I chatty  : uid=1000(system) PackageManager expire 4 lines
06-16 11:48:13.816  1161  1212 I chatty  : uid=1000(system) PowerManagerSer expire 14 lines
06-16 11:50:56.609  1161  1190 I chatty  : uid=1000(system) android.bg expire 2 lines
06-16 11:59:06.357  1161  5151 I chatty  : uid=1000(system) Binder:1161_11 expire 1 line
06-16 12:17:11.646  1161 14644 I chatty  : uid=1000(system) Binder:1161_16 expire 1 line
06-16 12:17:40.193  1161  1195 I chatty  : uid=1000(system) batterystats-sy expire 1 line
06-16 12:17:40.492  1161 14512 I chatty  : uid=1000(system) Binder:1161_14 expire 1 line
06-16 12:17:40.923  1632  1632 V DeadZone: consuming errant click: (1076.0,8.0)
06-16 12:17:41.104  1161  1192 I chatty  : uid=1000(system) ActivityManager expire 2 lines
06-16 12:17:41.276  1161  2720 I chatty  : uid=1000(system) Binder:1161_F expire 1 line
06-16 12:17:41.739  1161  1527 I chatty  : uid=1000(system) InputReader expire 1 line
06-16 12:17:41.748  1161  1161 I chatty  : uid=1000 system_server expire 3 lines
06-16 12:17:42.478  1161  1212 I chatty  : uid=1000(system) PowerManagerSer expire 2 lines
06-16 12:17:42.536  1161 15251 I ActivityManager: Setting hasTopUi=true for pid=1632
06-16 12:17:42.679  1161 14648 W InputMethodManagerService: Starting input on non-focused client com.android.internal.view.IInputMethodClient$Stub$Proxy@3900533 (uid=10041 pid=1632)
06-16 12:18:22.073  1161  1540 D ConnectivityService: updateSignalStrengthThresholds: RELEASE -73, sending [-87, -80, -79] to NetworkAgentInfo [WIFI () - 243]
06-16 12:18:22.077  1161  1540 D ConnectivityService: updateSignalStrengthThresholds: REGISTER -70, sending [-87, -80, -79, -70] to NetworkAgentInfo [WIFI () - 243]
06-16 12:18:22.995  1161  1540 D ConnectivityService: updateSignalStrengthThresholds: RELEASE -79, sending [-87, -80, -70] to NetworkAgentInfo [WIFI () - 243]
06-16 12:18:23.000  1161  1540 D ConnectivityService: updateSignalStrengthThresholds: REGISTER -72, sending [-87, -80, -72, -70] to NetworkAgentInfo [WIFI () - 243]
06-16 12:18:23.313  1161  1540 D ConnectivityService: updateSignalStrengthThresholds: RELEASE -80, sending [-87, -72, -70] to NetworkAgentInfo [WIFI () - 243]
06-16 12:18:23.349  1161  1540 D ConnectivityService: updateSignalStrengthThresholds: REGISTER -75, sending [-87, -75, -72, -70] to NetworkAgentInfo [WIFI () - 243]
06-16 12:19:13.640  1161  1212 I DisplayPowerController: Blocking screen on until initial contents have been drawn.
06-16 12:19:13.644  1161  1210 I DisplayManagerService: Display device changed state: "Built-in Screen", DOZE
06-16 12:19:13.756  1161  1212 I DisplayPowerController: Unblocked screen on after 116 ms
06-16 12:19:15.621  1161  1161 V FingerprintService: onAuthenticated(owner=com.android.systemui, id=-978745207, gp=0)
06-16 12:19:15.623  1161 14644 I PowerManagerService: Waking up from dozing (uid 10041)...
06-16 12:19:15.640  1161  1161 V FingerprintService: Done with client: com.android.systemui
06-16 12:19:15.640  1161  1210 I DisplayManagerService: Display device changed state: "Built-in Screen", ON
06-16 12:19:15.643  1161  1212 I DreamManagerService: Gently waking up from dream.
06-16 12:19:15.676  1161 10439 I DreamManagerService: Leaving dreamland.
06-16 12:19:15.677  1161  1208 I DreamController: Stopping dream: name=ComponentInfo{com.android.systemui/com.android.systemui.doze.DozeService}, isTest=false, canDoze=true, userId=0
06-16 12:19:15.695  1161  1192 I VrManagerService: VR mode is allowed
06-16 12:19:15.756  1161 15249 W InputMethodManagerService: Window already focused, ignoring focus gain of: com.android.internal.view.IInputMethodClient$Stub$Proxy@479edfc attribute=android.view.inputmethod.EditorInfo@b554c85, token = android.os.BinderProxy@f94196f
06-16 12:19:15.782  1161  1540 D ConnectivityService: updateSignalStrengthThresholds: RELEASE -75, sending [-87, -72, -70] to NetworkAgentInfo [WIFI () - 243]
06-16 12:19:15.786  1161  1540 D ConnectivityService: updateSignalStrengthThresholds: REGISTER -80, sending [-87, -80, -72, -70] to NetworkAgentInfo [WIFI () - 243]
06-16 12:19:15.792  1161  1540 D ConnectivityService: updateSignalStrengthThresholds: RELEASE -70, sending [-87, -80, -72] to NetworkAgentInfo [WIFI () - 243]
06-16 12:19:15.799  1161  1540 D ConnectivityService: updateSignalStrengthThresholds: REGISTER -73, sending [-87, -80, -73, -72] to NetworkAgentInfo [WIFI () - 243]
06-16 12:19:15.803  1161  1540 D ConnectivityService: updateSignalStrengthThresholds: RELEASE -72, sending [-87, -80, -73] to NetworkAgentInfo [WIFI () - 243]
06-16 12:19:15.803  1161  1540 D ConnectivityService: updateSignalStrengthThresholds: REGISTER -79, sending [-87, -80, -79, -73] to NetworkAgentInfo [WIFI () - 243]
06-16 12:19:16.010  1161 14645 I ActivityManager: Setting hasTopUi=false for pid=1632
06-16 12:19:16.246  1161  1212 D LuxLevels: bright hysteresis constant= 0.1, threshold=17.543938, lux=15.949034
06-16 12:19:16.246  1161  1212 D LuxLevels: dark hysteresis constant= 0.2, threshold=12.759227, lux=15.949034
06-16 12:19:23.984  1161  1526 I ActivityManager: START u0 {act=android.intent.action.MAIN cat=[android.intent.category.HOME] flg=0x10200000 cmp=com.google.android.apps.nexuslauncher/.NexusLauncherActivity (has extras)} from uid 1000 on display 0
06-16 12:19:25.990  1161  2718 I ActivityManager: START u0 {act=android.intent.action.MAIN cat=[android.intent.category.LAUNCHER] flg=0x10200000 cmp=com.android.chrome/com.google.android.apps.chrome.Main bnds=[644,1584][851,1794] (has extras)} from uid 10031 on display 0
06-16 12:19:26.077  1161  1818 D ConnectivityService: Returning unblocked NetworkInfo to uid=10055
06-16 12:19:26.110  1161  2701 I ActivityManager: START u0 {act=android.intent.action.MAIN cat=[android.intent.category.LAUNCHER] flg=0x14002000 cmp=com.android.chrome/org.chromium.chrome.browser.ChromeTabbedActivity bnds=[644,1584][851,1794] (has extras)} from uid 10055 on display 0
06-16 12:19:27.234  1161  1524 I ActivityManager: Start proc 12809:com.yelp.android/u0a132 for service com.yelp.android/.services.backgroundlocation.WatchDogTimerService
06-16 12:19:31.802  1161  1212 D LuxLevels: bright hysteresis constant= 0.1, threshold=13.438826, lux=12.2171135
06-16 12:19:31.802  1161  1212 D LuxLevels: dark hysteresis constant= 0.2, threshold=9.773691, lux=12.2171135
06-16 12:19:53.388  1161 14512 I ActivityManager: Killing 10207:com.android.defcontainer/u0a11 (adj 906): empty for 1922s
06-16 12:19:53.417  1161 15251 D ActivityManager: cleanUpApplicationRecord -- 10207
06-16 12:20:00.692  1161  1212 D LuxLevels: bright hysteresis constant= 0.1, threshold=8.673017, lux=7.88456
06-16 12:20:00.692  1161  1212 D LuxLevels: dark hysteresis constant= 0.2, threshold=6.307648, lux=7.88456
06-16 12:20:16.424  1161  1212 D LuxLevels: bright hysteresis constant= 0.1, threshold=10.056286, lux=9.142077
06-16 12:20:16.424  1161  1212 D LuxLevels: dark hysteresis constant= 0.2, threshold=7.313662, lux=9.142077
06-16 12:20:18.763  1161  1212 D LuxLevels: bright hysteresis constant= 0.1, threshold=11.091436, lux=10.083124
06-16 12:20:18.763  1161  1212 D LuxLevels: dark hysteresis constant= 0.2, threshold=8.0665, lux=10.083124
06-16 12:20:45.717  1161  1212 D LuxLevels: bright hysteresis constant= 0.1, threshold=7.9926023, lux=7.266002
06-16 12:20:45.717  1161  1212 D LuxLevels: dark hysteresis constant= 0.2, threshold=5.812802, lux=7.266002
06-16 12:20:59.055  1161  1212 D LuxLevels: bright hysteresis constant= 0.1, threshold=8.830656, lux=8.027869
06-16 12:20:59.055  1161  1212 D LuxLevels: dark hysteresis constant= 0.2, threshold=6.4222956, lux=8.027869
06-16 12:21:01.247  1161  1212 D LuxLevels: bright hysteresis constant= 0.1, threshold=9.7258, lux=8.841636
06-16 12:21:01.247  1161  1212 D LuxLevels: dark hysteresis constant= 0.2, threshold=7.0733085, lux=8.841636
06-16 12:21:02.841  1161  1212 D LuxLevels: bright hysteresis constant= 0.1, threshold=10.767164, lux=9.788331
06-16 12:21:02.841  1161  1212 D LuxLevels: dark hysteresis constant= 0.2, threshold=7.830665, lux=9.788331
06-16 12:21:14.560  1161 14645 I ActivityManager: Start proc 13090:com.google.android.inputmethod.latin:train/u0a74 for service com.google.android.inputmethod.latin/com.google.android.apps.inputmethod.libs.dvrnn.trainingservice.DvrnnTrainingRpcService
06-16 12:21:23.209  1161  1212 D LuxLevels: bright hysteresis constant= 0.1, threshold=11.910072, lux=10.827338
06-16 12:21:23.209  1161  1212 D LuxLevels: dark hysteresis constant= 0.2, threshold=8.661871, lux=10.827338
06-16 12:21:36.273  1161  1190 I UsageStatsService: User[0] Flushing usage stats to disk
06-16 12:21:52.862  1161  1212 D LuxLevels: bright hysteresis constant= 0.1, threshold=9.44105, lux=8.582772
06-16 12:21:52.862  1161  1212 D LuxLevels: dark hysteresis constant= 0.2, threshold=6.866218, lux=8.582772
06-16 12:22:04.210  1161  1212 D LuxLevels: bright hysteresis constant= 0.1, threshold=11.853774, lux=10.776158
06-16 12:22:04.210  1161  1212 D LuxLevels: dark hysteresis constant= 0.2, threshold=8.620927, lux=10.776158
06-16 12:22:04.597  1161  1212 D LuxLevels: bright hysteresis constant= 0.1, threshold=13.164034, lux=11.967303
06-16 12:22:04.597  1161  1212 D LuxLevels: dark hysteresis constant= 0.2, threshold=9.573843, lux=11.967303
06-16 12:22:06.002  1161  1212 D LuxLevels: bright hysteresis constant= 0.1, threshold=17.371622, lux=15.792383
06-16 12:22:06.002  1161  1212 D LuxLevels: dark hysteresis constant= 0.2, threshold=12.633906, lux=15.792383
06-16 12:22:10.391  1161  1212 D LuxLevels: bright hysteresis constant= 0.1, threshold=11.230403, lux=10.209457
06-16 12:22:10.391  1161  1212 D LuxLevels: dark hysteresis constant= 0.2, threshold=8.167566, lux=10.209457
06-16 12:22:12.221  1161  1212 D LuxLevels: bright hysteresis constant= 0.1, threshold=8.6763, lux=7.8875456
06-16 12:22:12.221  1161  1212 D LuxLevels: dark hysteresis constant= 0.2, threshold=6.3100367, lux=7.8875456
06-16 12:22:33.902  1161  1212 D LuxLevels: bright hysteresis constant= 0.1, threshold=6.916742, lux=6.287947
06-16 12:22:33.903  1161  1212 D LuxLevels: dark hysteresis constant= 0.2, threshold=5.030358, lux=6.287947
06-16 12:22:43.455  1161  1212 D LuxLevels: bright hysteresis constant= 0.1, threshold=10.595709, lux=9.6324625
06-16 12:22:43.455  1161  1212 D LuxLevels: dark hysteresis constant= 0.2, threshold=7.7059703, lux=9.6324625
06-16 12:22:44.842  1161  1212 D LuxLevels: bright hysteresis constant= 0.1, threshold=11.73373, lux=10.667027
06-16 12:22:44.842  1161  1212 D LuxLevels: dark hysteresis constant= 0.2, threshold=8.533622, lux=10.667027
06-16 12:23:08.560  1161  1212 D LuxLevels: bright hysteresis constant= 0.1, threshold=13.10604, lux=11.914581
06-16 12:23:08.560  1161  1212 D LuxLevels: dark hysteresis constant= 0.2, threshold=9.531665, lux=11.914581
06-16 12:23:18.927  1161  1212 D LuxLevels: bright hysteresis constant= 0.1, threshold=10.276952, lux=9.342683
06-16 12:23:18.927  1161  1212 D LuxLevels: dark hysteresis constant= 0.2, threshold=7.4741464, lux=9.342683
06-16 12:23:55.582  1161  1212 D LuxLevels: bright hysteresis constant= 0.1, threshold=17.455894, lux=15.868995
06-16 12:23:55.582  1161  1212 D LuxLevels: dark hysteresis constant= 0.2, threshold=12.695196, lux=15.868995
06-16 12:23:56.173  1161  1212 D LuxLevels: bright hysteresis constant= 0.1, threshold=19.8788, lux=18.071636
06-16 12:23:56.174  1161  1212 D LuxLevels: dark hysteresis constant= 0.2, threshold=14.457309, lux=18.071636
06-16 12:23:56.769  1161  1212 D LuxLevels: bright hysteresis constant= 0.1, threshold=22.056553, lux=20.05141
06-16 12:23:56.770  1161  1212 D LuxLevels: dark hysteresis constant= 0.2, threshold=16.041128, lux=20.05141
06-16 12:23:57.565  1161  1212 D LuxLevels: bright hysteresis constant= 0.1, threshold=24.785303, lux=22.532093
06-16 12:23:57.565  1161  1212 D LuxLevels: dark hysteresis constant= 0.2, threshold=18.025675, lux=22.532093
06-16 12:23:58.559  1161  1212 D LuxLevels: bright hysteresis constant= 0.1, threshold=27.53688, lux=25.033527
06-16 12:23:58.559  1161  1212 D LuxLevels: dark hysteresis constant= 0.2, threshold=20.026823, lux=25.033527
06-16 12:24:02.861  1161  1526 I ActivityManager: START u0 {act=android.intent.action.MAIN cat=[android.intent.category.HOME] flg=0x10200000 cmp=com.google.android.apps.nexuslauncher/.NexusLauncherActivity (has extras)} from uid 1000 on display 0
06-16 12:24:02.959  1161  1212 D LuxLevels: bright hysteresis constant= 0.1, threshold=20.879974, lux=18.981794
06-16 12:24:02.959  1161  1212 D LuxLevels: dark hysteresis constant= 0.2, threshold=15.185435, lux=18.981794
06-16 12:24:03.753  1161  1527 I PowerManagerService: Going to sleep due to power button (uid 1000)...
06-16 12:24:03.763  1161  1161 V FingerprintService: startAuthentication(com.android.systemui)
06-16 12:24:03.763  1161  1161 V FingerprintService: starting client AuthenticationClient(com.android.systemui), initiatedByClient = true)
06-16 12:24:03.773  1161  1161 W FingerprintService: client com.android.systemui is authenticating...
06-16 12:24:04.251  1161  1192 I VrManagerService: VR mode is disallowed
06-16 12:24:04.261  1161  1210 I DisplayManagerService: Display device changed state: "Built-in Screen", OFF
06-16 12:24:04.522  1161  1212 I DreamManagerService: Entering dreamland.
06-16 12:24:04.523  1161  1212 I PowerManagerService: Dozing...
06-16 12:24:04.524  1161  1208 I DreamController: Starting dream: name=ComponentInfo{com.android.systemui/com.android.systemui.doze.DozeService}, isTest=false, canDoze=true, userId=0
06-16 12:24:04.572  1161  2017 I ActivityManager: Setting hasTopUi=true for pid=1632
06-16 12:24:04.715  1161  2715 W InputMethodManagerService: Starting input on non-focused client com.android.internal.view.IInputMethodClient$Stub$Proxy@3900533 (uid=10041 pid=1632)
06-16 12:25:12.314  1161  1540 D ConnectivityService: updateSignalStrengthThresholds: RELEASE -73, sending [-87, -80, -79] to NetworkAgentInfo [WIFI () - 243]
06-16 12:25:12.324  1161  1540 D ConnectivityService: updateSignalStrengthThresholds: REGISTER -70, sending [-87, -80, -79, -70] to NetworkAgentInfo [WIFI () - 243]
06-16 12:25:16.942  1161  1540 D ConnectivityService: updateSignalStrengthThresholds: RELEASE -70, sending [-87, -80, -79] to NetworkAgentInfo [WIFI () - 243]
06-16 12:25:17.019  1161  1540 D ConnectivityService: updateSignalStrengthThresholds: REGISTER -73, sending [-87, -80, -79, -73] to NetworkAgentInfo [WIFI () - 243]
06-16 12:25:47.844  1161  1540 D ConnectivityService: updateSignalStrengthThresholds: RELEASE -73, sending [-87, -80, -79] to NetworkAgentInfo [WIFI () - 243]
06-16 12:25:47.849  1161  1540 D ConnectivityService: updateSignalStrengthThresholds: REGISTER -70, sending [-87, -80, -79, -70] to NetworkAgentInfo [WIFI () - 243]
06-16 12:25:59.088  1161  1598 I ActivityManager: Start proc 13489:android.process.acore/u0a3 for content provider com.android.providers.contacts/.ContactsProvider2
06-16 12:29:02.244  1161  1192 W ProcessCpuTracker: Skipping unknown process pid 13625
06-16 12:29:11.889  1161  1881 D ConnectivityService: Returning blocked NetworkInfo to uid=10114
06-16 12:29:11.894  1161  2719 D ConnectivityService: Returning blocked NetworkInfo to uid=10117
06-16 12:29:11.924  1161 14643 D ConnectivityService: Returning blocked NetworkInfo to uid=10032
06-16 12:31:16.595  1161  1192 I ProcessStatsService: Prepared write state in 5ms
06-16 12:34:52.349  1161 15250 I ActivityManager: Start proc 13683:com.google.android.apps.maps/u0a76 for service com.google.android.apps.maps/com.google.android.apps.gmm.traffic.notification.service.AreaTrafficNotificationService
06-16 12:34:54.674  1161  1190 D ConnectivityService: requestNetwork for uid/pid:1000/1161 NetworkRequest [ REQUEST id=595, legacyType=3, [ Transports: CELLULAR Capabilities: SUPL&NOT_RESTRICTED&TRUSTED&NOT_VPN] ]
06-16 12:34:54.853  1161  1540 D ConnectivityService: releasing NetworkRequest [ REQUEST id=595, legacyType=3, [ Transports: CELLULAR Capabilities: SUPL&NOT_RESTRICTED&TRUSTED&NOT_VPN] ]
06-16 12:35:32.794  1161  5152 D ConnectivityService: Returning blocked NetworkInfo to uid=10097
06-16 12:36:06.254  1161  1540 D ConnectivityService: updateSignalStrengthThresholds: RELEASE -70, sending [-87, -80, -79] to NetworkAgentInfo [WIFI () - 243]
06-16 12:36:06.257  1161  1540 D ConnectivityService: updateSignalStrengthThresholds: REGISTER -73, sending [-87, -80, -79, -73] to NetworkAgentInfo [WIFI () - 243]
06-16 12:36:06.287  1161  2734 D ConnectivityService: Returning blocked NetworkInfo to uid=10136
06-16 12:40:15.934  1161  1161 V FingerprintService: onAuthenticated(owner=com.android.systemui, id=-978745207, gp=0)
06-16 12:40:15.938  1161  1818 I PowerManagerService: Waking up from dozing (uid 10041)...
06-16 12:40:15.951  1161  1212 I DisplayPowerController: Blocking screen on until initial contents have been drawn.
06-16 12:40:15.953  1161  1161 V FingerprintService: Done with client: com.android.systemui
06-16 12:40:15.960  1161  1210 I DisplayManagerService: Display device changed state: "Built-in Screen", ON
06-16 12:40:16.008  1161  1210 E WindowManager: Timeout waiting for animation to startup
06-16 12:40:16.233  1161  2720 W InputMethodManagerService: Window already focused, ignoring focus gain of: com.android.internal.view.IInputMethodClient$Stub$Proxy@68904d8 attribute=android.view.inputmethod.EditorInfo@ee11031, token = android.os.BinderProxy@30f6864
06-16 12:40:16.345  1161  1212 I DisplayPowerController: Unblocked screen on after 394 ms
06-16 12:40:16.346  1161  1212 I VrManagerService: VR mode is allowed
06-16 12:40:16.347  1161  1212 I DreamManagerService: Gently waking up from dream.
06-16 12:40:16.356  1161  2705 I DreamManagerService: Leaving dreamland.
06-16 12:40:16.357  1161  1208 I DreamController: Stopping dream: name=ComponentInfo{com.android.systemui/com.android.systemui.doze.DozeService}, isTest=false, canDoze=true, userId=0
06-16 12:40:16.371  1161  1212 D LuxLevels: bright hysteresis constant= 0.1, threshold=47.27943, lux=42.9813
06-16 12:40:16.371  1161  1212 D LuxLevels: dark hysteresis constant= 0.2, threshold=34.38504, lux=42.9813
06-16 12:40:16.540  1161  5152 I ActivityManager: Setting hasTopUi=false for pid=1632
06-16 12:40:17.087  1161 15253 I ActivityManager: Setting hasTopUi=true for pid=1632
06-16 12:40:19.571  1161  1212 D LuxLevels: bright hysteresis constant= 0.1, threshold=57.708458, lux=52.462234
06-16 12:40:19.571  1161  1212 D LuxLevels: dark hysteresis constant= 0.2, threshold=41.969788, lux=52.462234
06-16 12:40:21.127  1161  1527 I PowerManagerService: Going to sleep due to power button (uid 1000)...
06-16 12:40:21.132  1161  1161 V FingerprintService: startAuthentication(com.android.systemui)
06-16 12:40:21.133  1161  1161 V FingerprintService: starting client AuthenticationClient(com.android.systemui), initiatedByClient = true)
06-16 12:40:21.142  1161  1161 W FingerprintService: client com.android.systemui is authenticating...
06-16 12:40:21.641  1161  1192 I VrManagerService: VR mode is disallowed
06-16 12:40:21.662  1161  1210 I DisplayManagerService: Display device changed state: "Built-in Screen", OFF
06-16 12:40:21.906  1161  1212 I DreamManagerService: Entering dreamland.
06-16 12:40:21.907  1161  1212 I PowerManagerService: Dozing...
06-16 12:40:21.909  1161  1208 I DreamController: Starting dream: name=ComponentInfo{com.android.systemui/com.android.systemui.doze.DozeService}, isTest=false, canDoze=true, userId=0
06-16 12:40:21.937  1161  2017 W InputMethodManagerService: Window already focused, ignoring focus gain of: com.android.internal.view.IInputMethodClient$Stub$Proxy@c324086 attribute=android.view.inputmethod.EditorInfo@eb27d47, token = android.os.BinderProxy@30f6864
06-16 12:40:22.118  1161  2707 W InputMethodManagerService: Starting input on non-focused client com.android.internal.view.IInputMethodClient$Stub$Proxy@3900533 (uid=10041 pid=1632)
06-16 12:40:42.442  1161  2705 D ConnectivityService: Returning unblocked NetworkInfo to uid=10032
06-16 12:43:23.666  1161  5151 D ConnectivityService: Returning unblocked NetworkInfo to uid=10114
06-16 12:46:40.235  1161 14644 D ConnectivityService: Returning blocked NetworkInfo to uid=10032
06-16 12:51:36.190  1161  1192 I ActivityManager: Start proc 14087:com.orbitz/u0a121 for broadcast com.orbitz/com.expedia.bookings.notification.GCMReceiver
06-16 12:51:41.118  1161 14644 D ConnectivityService: Returning blocked NetworkInfo to uid=10113
06-16 12:51:53.262  1161  2734 I ActivityManager: Killing 12417:com.google.android.calendar/u0a52 (adj 906): empty for 1804s
06-16 12:51:53.263  1161  2734 I ActivityManager: Killing 12401:com.android.providers.calendar/u0a4 (adj 906): empty for 1804s
06-16 12:51:53.339  1161  5152 D ActivityManager: cleanUpApplicationRecord -- 12401
06-16 12:51:53.347  1161 14650 D ActivityManager: cleanUpApplicationRecord -- 12417
06-16 12:51:54.510  1161  2720 D ConnectivityService: Returning blocked NetworkInfo to uid=10114
06-16 12:52:20.620  1161 14650 I ActivityManager: Killing 11777:com.google.android.apps.fireball/u0a102 (adj 906): empty for 1800s
06-16 12:52:20.733  1161  2719 D ConnectivityService: ConnectivityService NetworkRequestInfo binderDied(NetworkRequest [ LISTEN id=581, [ Capabilities: INTERNET&NOT_RESTRICTED&TRUSTED&FOREGROUND] ], android.os.BinderProxy@97f70c0)
06-16 12:52:20.734  1161  1181 D ActivityManager: cleanUpApplicationRecord -- 11777
06-16 12:52:20.736  1161  1540 E ConnectivityService: RemoteException caught trying to send a callback msg for NetworkRequest [ LISTEN id=581, [ Capabilities: INTERNET&NOT_RESTRICTED&TRUSTED&FOREGROUND] ]
06-16 12:53:12.226  1161  1533 E NetdConnector: NDC Command {5161 firewall enable_chain dozable} took too long (10797ms)
06-16 12:55:31.560  1161  1208 I UsbPortManager: USB port changed: port=UsbPort{id=otg_default, supportedModes=dual}, status=UsbPortStatus{connected=true, currentMode=ufp, currentPowerRole=sink, currentDataRole=device, supportedRoleCombinations=[source:host, source:device, sink:host, sink:device]}, canChangeMode=true, canChangePowerRole=true, canChangeDataRole=true
06-16 12:55:32.200  1161  1212 I PowerManagerService: Waking up from dozing (uid 1000)...
06-16 12:55:32.231  1161  1161 I EntropyMixer: Writing entropy...
06-16 12:55:32.293  1161  1212 I DisplayPowerController: Blocking screen on until initial contents have been drawn.
06-16 12:55:32.318  1161  1210 I DisplayManagerService: Display device changed state: "Built-in Screen", ON
06-16 12:55:32.476  1161  1549 I ActivityManager: Start proc 14207:com.google.android.apps.fireball/u0a102 for service com.google.android.apps.fireball/.tasks.ScheduledTaskService
06-16 12:55:32.721  1161  1212 D LuxLevels: bright hysteresis constant= 0.1, threshold=68.67039, lux=62.427624
06-16 12:55:32.721  1161  1212 D LuxLevels: dark hysteresis constant= 0.2, threshold=49.9421, lux=62.427624
06-16 12:55:32.727  1161 14643 D ConnectivityService: Returning unblocked NetworkInfo to uid=10114
06-16 12:55:32.758  1161  1212 I DisplayPowerController: Unblocked screen on after 465 ms
06-16 12:55:32.760  1161  1212 I DreamManagerService: Gently waking up from dream.
06-16 12:55:32.762  1161 14649 I DreamManagerService: Leaving dreamland.
06-16 12:55:32.763  1161  1208 I DreamController: Stopping dream: name=ComponentInfo{com.android.systemui/com.android.systemui.doze.DozeService}, isTest=false, canDoze=true, userId=0
06-16 12:55:37.645  1161  1225 I ActivityManager: Start proc 14321:com.android.defcontainer/u0a11 for service com.android.defcontainer/.DefaultContainerService
06-16 12:55:37.834  1161  1225 W PackageParser: Unknown element under <manifest>: meta-data at /data/app/vmdl1478930311.tmp/base.apk Binary XML file line #14
06-16 12:55:38.967  1161  1161 V FingerprintService: onAuthenticated(owner=com.android.systemui, id=-978745207, gp=0)
06-16 12:55:38.971  1161  1161 V FingerprintService: Done with client: com.android.systemui
06-16 12:55:39.047  1161  1192 I ActivityManager: Force stopping com.samsung.mygallery.app appid=10167 user=-1: installPackageLI
06-16 12:55:39.047  1161  1192 I ActivityManager: Killing 12228:com.samsung.mygallery.app/u0a167 (adj 900): stop com.samsung.mygallery.app
06-16 12:55:39.048  1161  1192 D ActivityManager: cleanUpApplicationRecord -- 12228
06-16 12:55:39.051  1161  1192 I ActivityManager:   Force finishing activity ActivityRecord{cab927f u0 com.samsung.mygallery.app/.MainActivity t6002}
06-16 12:55:39.197  1161  1225 I PackageManager: Package com.samsung.mygallery.app codePath changed from /data/app/com.samsung.mygallery.app-2 to /data/app/com.samsung.mygallery.app-1; Retaining data and using new
06-16 12:55:39.199  1161  1225 W PackageManager: Code path for com.samsung.mygallery.app changing from /data/app/com.samsung.mygallery.app-2 to /data/app/com.samsung.mygallery.app-1
06-16 12:55:39.199  1161  1225 W PackageManager: Resource path for com.samsung.mygallery.app changing from /data/app/com.samsung.mygallery.app-2 to /data/app/com.samsung.mygallery.app-1
06-16 12:55:39.605  1161  1192 I VrManagerService: VR mode is allowed
06-16 12:55:39.656  1161  2705 W InputMethodManagerService: Window already focused, ignoring focus gain of: com.android.internal.view.IInputMethodClient$Stub$Proxy@42247da attribute=null, token = android.os.BinderProxy@30f6864
06-16 12:55:39.814  1161 14645 D ConnectivityService: Returning unblocked NetworkInfo to uid=10117
06-16 12:55:39.988  1161  1225 I ActivityManager: Force stopping com.samsung.mygallery.app appid=10167 user=0: pkg removed
06-16 12:55:40.032  1161  1192 I ActivityManager: Start proc 14362:com.android.keychain/1000 for broadcast com.android.keychain/.KeyChainBroadcastReceiver
06-16 12:55:40.036  1161  1225 W ActivityManager: Skipping broadcast of Intent { act=android.intent.action.PACKAGE_REMOVED dat=package:com.samsung.mygallery.app flg=0x4000010 (has extras) }: user 10 is stopped
06-16 12:55:40.057  1161  1225 W ActivityManager: Skipping broadcast of Intent { act=android.intent.action.PACKAGE_ADDED dat=package:com.samsung.mygallery.app flg=0x4000010 (has extras) }: user 10 is stopped
06-16 12:55:40.073  1161  1225 W ActivityManager: Skipping broadcast of Intent { act=android.intent.action.PACKAGE_REPLACED dat=package:com.samsung.mygallery.app flg=0x4000010 (has extras) }: user 10 is stopped
06-16 12:55:40.093  1161  1225 W ActivityManager: Skipping broadcast of Intent { act=android.intent.action.MY_PACKAGE_REPLACED flg=0x4000010 pkg=com.samsung.mygallery.app (has extras) }: user 10 is stopped
06-16 12:55:40.093  1161 14643 I ActivityManager: Setting hasTopUi=false for pid=1632
06-16 12:55:40.167 14362 14362 W ContextImpl: Calling a method in the system process without a qualified user: android.app.ContextImpl.startService:1357 android.content.ContextWrapper.startService:613 android.content.ContextWrapper.startService:613 com.android.keychain.KeyChainBroadcastReceiver.onReceive:12 android.app.ActivityThread.handleReceiver:3041 
06-16 12:55:40.187  1161  2720 I ActivityManager: Start proc 14378:com.android.musicfx/u0a30 for broadcast com.android.musicfx/.Compatibility$Receiver
06-16 12:55:40.396  1161  1180 I ActivityManager: Start proc 14399:com.verizon.vzwavs/u0a111 for broadcast com.verizon.vzwavs/.WakeupReceiver
06-16 12:55:40.650  1161  1598 I ActivityManager: Start proc 14418:com.google.android.partnersetup/u0a26 for broadcast com.google.android.partnersetup/.RlzPingBroadcastReceiver
06-16 12:55:41.292  1161 14646 I ActivityManager: Start proc 14459:com.creditkarma.mobile/u0a154 for broadcast com.creditkarma.mobile/.push.AppUpgradeReceiver
06-16 12:55:41.294  1161  1881 I ActivityManager: START u0 {act=android.intent.action.MAIN cat=[android.intent.category.LAUNCHER] flg=0x10200000 cmp=com.samsung.mygallery.app/.MainActivity bnds=[437,929][644,1207] (has extras)} from uid 10031 on display 0
06-16 12:55:41.336  1161  2734 I ActivityManager: Start proc 14475:com.samsung.mygallery.app/u0a167 for activity com.samsung.mygallery.app/.MainActivity
06-16 12:55:41.430  1161  1190 I ActivityManager: Start proc 14492:com.android.printspooler/u0a87 for service com.android.printspooler/.model.PrintSpoolerService
06-16 12:55:48.350  1161  1192 I ActivityManager: Waited long enough for: ServiceRecord{e1a236 u0 com.google.android.apps.fireball/.networkservice.NetworkServiceImpl}
06-16 12:55:59.199  1161  2705 I ActivityManager: START u0 {cmp=com.samsung.mygallery.app/.AlbumActivity (has extras)} from uid 10167 on display 0
06-16 12:56:02.799  1161  2715 I ActivityManager: Killing 13090:com.google.android.inputmethod.latin:train/u0a74 (adj 906): empty #17
06-16 12:56:02.840  1161  1880 D ActivityManager: cleanUpApplicationRecord -- 13090
06-16 12:56:03.189  1161  1192 I ActivityManager: Killing 13683:com.google.android.apps.maps/u0a76 (adj 906): empty #17
06-16 12:56:03.227  1161  2707 D ConnectivityService: ConnectivityService NetworkRequestInfo binderDied(NetworkRequest [ LISTEN id=594, [ Capabilities: INTERNET&NOT_RESTRICTED&TRUSTED&FOREGROUND] ], android.os.BinderProxy@8e72378)
06-16 12:56:03.227  1161 14645 D ActivityManager: cleanUpApplicationRecord -- 13683
06-16 12:56:03.228  1161  1540 E ConnectivityService: RemoteException caught trying to send a callback msg for NetworkRequest [ LISTEN id=594, [ Capabilities: INTERNET&NOT_RESTRICTED&TRUSTED&FOREGROUND] ]
06-16 12:56:03.825  1161  1881 I ActivityManager: START u0 {act=android.intent.action.MAIN cat=[android.intent.category.LAUNCHER] flg=0x10200000 cmp=com.samsung.mygallery.app/.MainActivity bnds=[437,929][644,1207] (has extras)} from uid 10031 on display 0
06-16 12:56:14.170  1161  1212 D LuxLevels: bright hysteresis constant= 0.1, threshold=75.70809, lux=68.82554
06-16 12:56:14.170  1161  1212 D LuxLevels: dark hysteresis constant= 0.2, threshold=55.060432, lux=68.82554
06-16 12:56:26.542  1161  1818 D ConnectivityService: Returning unblocked NetworkInfo to uid=10032
06-16 12:56:29.539  1161  1192 I ActivityManager: Waited long enough for: ServiceRecord{7abfd9f u0 com.google.android.apps.fireball/.networkservice.NetworkServiceImpl}
06-16 12:57:34.758  1161  1225 W PackageParser: Unknown element under <manifest>: meta-data at /data/app/vmdl1611769867.tmp/base.apk Binary XML file line #14
06-16 12:57:35.556  1161  1192 I ActivityManager: Waited long enough for: ServiceRecord{ae3b827 u0 com.google.android.apps.fireball/.networkservice.NetworkServiceImpl}
06-16 12:57:36.158  1161  1192 I ActivityManager: Force stopping com.samsung.mygallery.app appid=10167 user=-1: installPackageLI
06-16 12:57:36.159  1161  1192 I ActivityManager: Killing 14475:com.samsung.mygallery.app/u0a167 (adj 0): stop com.samsung.mygallery.app
06-16 12:57:36.161  1161  1192 D ActivityManager: cleanUpApplicationRecord -- 14475
06-16 12:57:36.163  1161  1192 W ActivityManager: Force removing ActivityRecord{e08da51 u0 com.samsung.mygallery.app/.MainActivity t6005}: app died, no saved state
06-16 12:57:36.520  1161  1225 I PackageManager: Package com.samsung.mygallery.app codePath changed from /data/app/com.samsung.mygallery.app-1 to /data/app/com.samsung.mygallery.app-2; Retaining data and using new
06-16 12:57:36.522  1161  1225 W PackageManager: Code path for com.samsung.mygallery.app changing from /data/app/com.samsung.mygallery.app-1 to /data/app/com.samsung.mygallery.app-2
06-16 12:57:36.522  1161  1225 W PackageManager: Resource path for com.samsung.mygallery.app changing from /data/app/com.samsung.mygallery.app-1 to /data/app/com.samsung.mygallery.app-2
06-16 12:57:37.469  1161  1225 I ActivityManager: Force stopping com.samsung.mygallery.app appid=10167 user=0: pkg removed
06-16 12:57:37.513 14362 14362 W ContextImpl: Calling a method in the system process without a qualified user: android.app.ContextImpl.startService:1357 android.content.ContextWrapper.startService:613 android.content.ContextWrapper.startService:613 com.android.keychain.KeyChainBroadcastReceiver.onReceive:12 android.app.ActivityThread.handleReceiver:3041 
06-16 12:57:37.518  1161  1225 W ActivityManager: Skipping broadcast of Intent { act=android.intent.action.PACKAGE_REMOVED dat=package:com.samsung.mygallery.app flg=0x4000010 (has extras) }: user 10 is stopped
06-16 12:57:37.570  1161  1225 W ActivityManager: Skipping broadcast of Intent { act=android.intent.action.PACKAGE_ADDED dat=package:com.samsung.mygallery.app flg=0x4000010 (has extras) }: user 10 is stopped
06-16 12:57:37.628  1161  1225 W ActivityManager: Skipping broadcast of Intent { act=android.intent.action.PACKAGE_REPLACED dat=package:com.samsung.mygallery.app flg=0x4000010 (has extras) }: user 10 is stopped
06-16 12:57:37.636  1161  1225 W ActivityManager: Skipping broadcast of Intent { act=android.intent.action.MY_PACKAGE_REPLACED flg=0x4000010 pkg=com.samsung.mygallery.app (has extras) }: user 10 is stopped
06-16 12:57:51.149  1161 14512 I ActivityManager: START u0 {act=android.intent.action.MAIN cat=[android.intent.category.LAUNCHER] flg=0x10200000 cmp=com.samsung.mygallery.app/.MainActivity bnds=[437,929][644,1207] (has extras)} from uid 10031 on display 0
06-16 12:57:51.191  1161  1881 I ActivityManager: Start proc 14725:com.samsung.mygallery.app/u0a167 for activity com.samsung.mygallery.app/.MainActivity
06-16 12:57:53.563  1161  1212 D LuxLevels: bright hysteresis constant= 0.1, threshold=55.2459, lux=50.223545
06-16 12:57:53.563  1161  1212 D LuxLevels: dark hysteresis constant= 0.2, threshold=40.178837, lux=50.223545
06-16 12:58:23.233  1161  1212 D LuxLevels: bright hysteresis constant= 0.1, threshold=60.799927, lux=55.27266
06-16 12:58:23.234  1161  1212 D LuxLevels: dark hysteresis constant= 0.2, threshold=44.21813, lux=55.27266
06-16 12:58:30.939  1161 14645 I ActivityManager: START u0 {flg=0x10804000 cmp=com.android.systemui/.recents.RecentsActivity} from uid 10041 on display 0
06-16 12:58:32.284  1161  1180 I ActivityManager: Killing 14725:com.samsung.mygallery.app/u0a167 (adj 900): remove task
06-16 12:58:32.336  1161 10439 I WindowManager: WIN DEATH: Window{539fc2d u0 com.samsung.mygallery.app/com.samsung.mygallery.app.ui.MainGalleryActivity}
06-16 12:58:32.337  1161 14644 D ActivityManager: cleanUpApplicationRecord -- 14725
06-16 12:58:32.706  1161 15251 I ActivityManager: Killing 11217:com.tivophone.android.debug/u0a136 (adj 906): empty #17
06-16 12:58:32.708  1161 15251 I ActivityManager: Killing 17938:com.android.chrome:privileged_process2/u0a55 (adj 900): remove task
06-16 12:58:32.708  1161 15251 I ActivityManager: Killing 32696:com.android.chrome/u0a55 (adj 900): remove task
06-16 12:58:32.708  1161 15251 I ActivityManager: Killing 17910:com.android.chrome:sandboxed_process1/u0a55i7 (adj 900): remove task
06-16 12:58:32.750  1161 14649 D ActivityManager: cleanUpApplicationRecord -- 17938
06-16 12:58:32.750  1161 14649 W ActivityManager: Scheduling restart of crashed service com.android.chrome/org.chromium.content.app.PrivilegedProcessService2 in 1000ms
06-16 12:58:32.767  1161 10439 D ActivityManager: cleanUpApplicationRecord -- 11217
06-16 12:58:32.798  1161 14643 D ActivityManager: cleanUpApplicationRecord -- 17910
06-16 12:58:32.798  1161 14643 W ActivityManager: Scheduling restart of crashed service com.android.chrome/org.chromium.content.app.SandboxedProcessService1 in 10952ms
06-16 12:58:32.805  1161 15253 I WindowManager: WIN DEATH: Window{138897c u0 com.android.chrome/org.chromium.chrome.browser.ChromeTabbedActivity}
06-16 12:58:32.805  1161 15253 W WindowManager: Force-removing child win Window{df8e3a4 u0 SurfaceView - com.android.chrome/org.chromium.chrome.browser.ChromeTabbedActivity} from container Window{138897c u0 com.android.chrome/org.chromium.chrome.browser.ChromeTabbedActivity}
06-16 12:58:32.805  1161  2719 D ConnectivityService: ConnectivityService NetworkRequestInfo binderDied(NetworkRequest [ LISTEN id=294, [ Capabilities: INTERNET&NOT_RESTRICTED&TRUSTED&FOREGROUND] ], android.os.BinderProxy@d2d150d)
06-16 12:58:32.810  1161  1540 E ConnectivityService: RemoteException caught trying to send a callback msg for NetworkRequest [ LISTEN id=294, [ Capabilities: INTERNET&NOT_RESTRICTED&TRUSTED&FOREGROUND] ]
06-16 12:58:32.813  1161 14650 D ActivityManager: cleanUpApplicationRecord -- 32696
06-16 12:58:32.814  1161 14650 W ActivityManager: Scheduling restart of crashed service com.android.chrome/org.chromium.chrome.browser.customtabs.CustomTabsConnectionService in 1000ms
06-16 12:58:32.817  1161  1180 W WindowManager: Failed looking up window
06-16 12:58:32.817  1161  1180 W WindowManager: java.lang.IllegalArgumentException: Requested window android.os.BinderProxy@f39125a does not exist
06-16 12:58:32.817  1161  1180 W WindowManager: 	at com.android.server.wm.WindowManagerService.windowForClientLocked(WindowManagerService.java:9415)
06-16 12:58:32.817  1161  1180 W WindowManager: 	at com.android.server.wm.WindowManagerService.windowForClientLocked(WindowManagerService.java:9406)
06-16 12:58:32.817  1161  1180 W WindowManager: 	at com.android.server.wm.WindowState$DeathRecipient.binderDied(WindowState.java:1800)
06-16 12:58:32.817  1161  1180 W WindowManager: 	at android.os.BinderProxy.sendDeathNotice(Binder.java:688)
06-16 12:58:32.817  1161  1180 I WindowManager: WIN DEATH: null
06-16 12:58:33.059  1161 14512 I ActivityManager: Killing 2924:com.instagram.android/u0a117 (adj 900): remove task
06-16 12:58:33.060  1161 14512 I ActivityManager: Killing 4045:com.instagram.android:igplayer/u0a117 (adj 900): remove task
06-16 12:58:33.063  1161  2720 I ActivityManager: Killing 32178:com.instagram.android:mqtt/u0a117 (adj 800): remove task
06-16 12:58:33.083  1161  2734 D ActivityManager: cleanUpApplicationRecord -- 32178
06-16 12:58:33.083  1161  2734 W ActivityManager: Scheduling restart of crashed service com.instagram.android/com.facebook.rti.push.service.FbnsService in 10731ms
06-16 12:58:33.097  1161  1598 D ActivityManager: cleanUpApplicationRecord -- 4045
06-16 12:58:33.097  1161  1598 W ActivityManager: Scheduling restart of crashed service com.instagram.android/com.instagram.exoplayer.service.api.ExoPlayerServiceDelegate in 20717ms
06-16 12:58:33.135  1161 15253 I WindowManager: WIN DEATH: Window{16a9832 u0 com.instagram.android/com.instagram.android.activity.MainTabActivity}
06-16 12:58:33.138  1161 15250 D ActivityManager: cleanUpApplicationRecord -- 2924
06-16 12:58:33.343  1161  1180 I ActivityManager: Killing 32619:com.linkedin.android/u0a128 (adj 900): remove task
06-16 12:58:33.410  1161 14643 I WindowManager: WIN DEATH: Window{d27a0d6 u0 com.linkedin.android/com.linkedin.android.home.HomeActivity}
06-16 12:58:33.410  1161 14646 D ConnectivityService: ConnectivityService NetworkRequestInfo binderDied(NetworkRequest [ LISTEN id=296, [ Capabilities: INTERNET&NOT_RESTRICTED&TRUSTED&FOREGROUND] ], android.os.BinderProxy@63d8ad3)
06-16 12:58:33.411  1161  5152 D ConnectivityService: ConnectivityService NetworkRequestInfo binderDied(NetworkRequest [ LISTEN id=293, [ Capabilities: INTERNET&NOT_RESTRICTED&TRUSTED&FOREGROUND] ], android.os.BinderProxy@ab29610)
06-16 12:58:33.413  1161 15251 D ActivityManager: cleanUpApplicationRecord -- 32619
06-16 12:58:33.414  1161  1540 E ConnectivityService: RemoteException caught trying to send a callback msg for NetworkRequest [ LISTEN id=296, [ Capabilities: INTERNET&NOT_RESTRICTED&TRUSTED&FOREGROUND] ]
06-16 12:58:33.415  1161  1540 E ConnectivityService: RemoteException caught trying to send a callback msg for NetworkRequest [ LISTEN id=293, [ Capabilities: INTERNET&NOT_RESTRICTED&TRUSTED&FOREGROUND] ]
06-16 12:58:33.743  1161  1180 I ActivityManager: Killing 13310:com.google.android.gm/u0a86 (adj 900): remove task
06-16 12:58:33.790  1161 14650 I WindowManager: WIN DEATH: Window{e07a4fe u0 com.google.android.gm/com.google.android.gm.ConversationListActivityGmail}
06-16 12:58:33.790  1161 14646 D ConnectivityService: ConnectivityService NetworkRequestInfo binderDied(NetworkRequest [ LISTEN id=338, [ Capabilities: INTERNET&NOT_RESTRICTED&TRUSTED&FOREGROUND] ], android.os.BinderProxy@822f509)
06-16 12:58:33.790  1161  2719 D ConnectivityService: ConnectivityService NetworkRequestInfo binderDied(NetworkRequest [ LISTEN id=530, [ Capabilities: INTERNET&NOT_RESTRICTED&TRUSTED&FOREGROUND] ], android.os.BinderProxy@b81430e)
