06-16 09:44:40.347  1161  1192 I ActivityManager: Killing 5954:com.android.providers.calendar/u0a4 (adj 700): timeout publishing content providers
06-16 09:44:40.348  1161  1546 W ActivityManager: Unable to launch app com.android.providers.calendar/10004 for provider com.android.calendar: launching app became null
06-16 09:44:40.348  1161  1546 E ActivityThread: Failed to find provider info for com.android.calendar
06-16 09:44:40.355  1161  1192 D ActivityManager: cleanUpApplicationRecord -- 5954
06-16 09:44:40.407  1161  1546 I ActivityManager: Start proc 6084:com.android.providers.calendar/u0a4 for content provider com.android.providers.calendar/.CalendarProvider2
06-16 09:44:49.010  1161  1192 I ActivityManager: Waited long enough for: ServiceRecord{e908f9a u0 com.google.android.deskclock/com.android.deskclock.WearableSyncService}
06-16 09:44:54.033  1161  1161 D ConditionProviders.SCP: onReceive android.intent.action.TIME_SET
06-16 09:44:54.040  1161  1161 D ConditionProviders.SCP: notifyCondition condition://android/schedule?days=6.7&start=23.30&end=10.0&exitAtAlarm=false STATE_FALSE reason=!meetsSchedule
06-16 09:44:54.041  1161  1161 D ConditionProviders.SCP: notifyCondition condition://android/schedule?days=1.2.3.4.5&start=22.0&end=7.0&exitAtAlarm=false STATE_FALSE reason=!meetsSchedule
06-16 09:44:54.042  1161  1161 D ConditionProviders.SCP: Scheduling evaluate for Fri Jun 16 10:00:00 PDT 2017 (1497632400000), in +15m5s967ms, now=Fri Jun 16 09:44:54 PDT 2017 (1497631494033)
06-16 09:44:54.189  1161  1161 D ConditionProviders.SCP: onReceive android.app.action.NEXT_ALARM_CLOCK_CHANGED
06-16 09:44:54.191  1161  1161 D ConditionProviders.SCP: notifyCondition condition://android/schedule?days=6.7&start=23.30&end=10.0&exitAtAlarm=false STATE_FALSE reason=!meetsSchedule
06-16 09:44:54.202  1161  1161 D ConditionProviders.SCP: notifyCondition condition://android/schedule?days=1.2.3.4.5&start=22.0&end=7.0&exitAtAlarm=false STATE_FALSE reason=!meetsSchedule
06-16 09:44:54.208  1161  1161 D ConditionProviders.SCP: Scheduling evaluate for Fri Jun 16 10:00:00 PDT 2017 (1497632400000), in +15m5s810ms, now=Fri Jun 16 09:44:54 PDT 2017 (1497631494190)
06-16 09:45:44.854  1161 15253 D ConnectivityService: Returning unblocked NetworkInfo to uid=10117
06-16 09:47:55.107  1161 14650 D ConnectivityService: Returning unblocked NetworkInfo to uid=10114
06-16 09:48:20.185  1161  1192 I ActivityManager: Waited long enough for: ServiceRecord{c3a87c8 u0 com.facebook.katana/com.facebook.conditionalworker.ConditionalWorkerService}
06-16 09:48:37.515  1161 15249 D ConnectivityService: Returning blocked NetworkInfo to uid=10114
06-16 09:48:38.414  1161  1818 D ConnectivityService: Returning blocked NetworkInfo to uid=10032
06-16 09:48:49.252  1161  2707 D ConnectivityService: Returning blocked NetworkInfo to uid=10117
06-16 09:49:10.238  1161  1540 D ConnectivityService: updateSignalStrengthThresholds: RELEASE -73, sending [-87, -80, -79] to NetworkAgentInfo [WIFI () - 214]
06-16 09:49:10.240  1161  1540 D ConnectivityService: updateSignalStrengthThresholds: REGISTER -70, sending [-87, -80, -79, -70] to NetworkAgentInfo [WIFI () - 214]
06-16 09:49:15.600  1161  1540 D ConnectivityService: updateSignalStrengthThresholds: RELEASE -70, sending [-87, -80, -79] to NetworkAgentInfo [WIFI () - 214]
06-16 09:49:15.604  1161  1540 D ConnectivityService: updateSignalStrengthThresholds: REGISTER -73, sending [-87, -80, -79, -73] to NetworkAgentInfo [WIFI () - 214]
06-16 09:49:20.581  1161  1540 D ConnectivityService: updateSignalStrengthThresholds: RELEASE -73, sending [-87, -80, -79] to NetworkAgentInfo [WIFI () - 214]
06-16 09:49:20.583  1161  1540 D ConnectivityService: updateSignalStrengthThresholds: REGISTER -70, sending [-87, -80, -79, -70] to NetworkAgentInfo [WIFI () - 214]
06-16 09:49:33.414  1161  1540 D ConnectivityService: updateSignalStrengthThresholds: RELEASE -79, sending [-87, -80, -70] to NetworkAgentInfo [WIFI () - 214]
06-16 09:49:33.415  1161  1540 D ConnectivityService: updateSignalStrengthThresholds: REGISTER -72, sending [-87, -80, -72, -70] to NetworkAgentInfo [WIFI () - 214]
06-16 09:49:41.379  1161  1540 D ConnectivityService: NetworkAgentInfo [WIFI () - 214] EVENT_NETWORK_INFO_CHANGED, going from CONNECTED to DISCONNECTED
06-16 09:49:41.380  1161  1540 D ConnectivityService: NetworkAgentInfo [WIFI () - 214] got DISCONNECTED, was satisfying 21
06-16 09:49:41.502  1161  1540 D ConnectivityService: Sending DISCONNECTED broadcast for type 1 NetworkAgentInfo [WIFI () - 214] isDefaultNetwork=true
06-16 09:49:41.707  1161  1540 D Nat464Xlat: clatd running, updating NAI for v4-rmnet_data6
06-16 09:49:41.730  1161  1549 I Telecom : PhoneAccountRegistrar: [ComponentInfo{com.android.phone/com.android.services.telephony.TelephonyConnectionService}, [22e0af2e147a810f510495fe06e5da9816c79115], UserHandle{0}(icon: Icon(typ=BITMAP size=50x63) -> Icon(typ=BITMAP size=50x63))]: TSI.rPA@B7E
06-16 09:49:41.731  1161  1549 I Telecom : : Sending phone-account registered intent as user: TSI.rPA@B7E
06-16 09:49:41.761  1161 14648 I Telecom : PhoneAccountRegistrar: [ComponentInfo{com.android.phone/com.android.services.telephony.TelephonyConnectionService}, [22e0af2e147a810f510495fe06e5da9816c79115], UserHandle{0}(icon: Icon(typ=BITMAP size=50x63) -> Icon(typ=BITMAP size=50x63))]: TSI.rPA@B7Q
06-16 09:49:41.765  1161 14648 I Telecom : : Sending phone-account registered intent as user: TSI.rPA@B7Q
06-16 09:49:41.824  1161  1598 I ActivityManager: Start proc 6274:com.tivophone.android.debug/u0a136 for broadcast com.tivophone.android.debug/com.tivo.net.NetworkStatusMonitor
06-16 09:49:41.874  6274  6274 W ActivityThread: Application com.tivophone.android.debug can be debugged on port 8100...
06-16 09:49:42.239  1161 10439 I ActivityManager: Start proc 6298:com.tivophone.android.debug:acra/u0a136 for service com.tivophone.android.debug/org.acra.sender.SenderService
06-16 09:49:42.425  1161  2719 D ConnectivityService: pendingRequest for uid/pid:10016/5449 NetworkRequest [ REQUEST id=550, [ Transports: WIFI Capabilities: INTERNET&NOT_RESTRICTED&NOT_VPN] ] to trigger PendingIntent{46d20d4: PendingIntentRecord{a6fc27d com.google.android.apps.gcs broadcastIntent}}
06-16 09:49:42.572  1161  1540 D Nat464Xlat: clatd running, updating NAI for v4-rmnet_data6
06-16 09:49:43.234  1161  1180 D ConnectivityService: registerNetworkAgent NetworkAgentInfo{ ni{[type: MOBILE[LTE], state: CONNECTED/CONNECTED, reason: connected, extra: fast.t-mobile.com, failover: false, available: true, roaming: false, metered: true]}  network{234}  nethandle{1005038783198}  lp{{InterfaceName: rmnet_data0 LinkAddresses: [2607:fb90:a761:1f65:3fc7:828c:fb97:ed23/64,]  Routes: [::/0 -> fe80::c53:5677:640d:d32a rmnet_data0,] DnsAddresses: [fd00:976a::9,fd00:976a::10,] Domains: null MTU: 1500 TcpBufferSizes: 786432,1572864,3840000,786432,1572864,3840000}}  nc{[ Transports: CELLULAR Capabilities: SUPL&IA&INTERNET&NOT_RESTRICTED&TRUSTED&NOT_VPN LinkUpBandwidth>=51200Kbps LinkDnBandwidth>=102400Kbps Specifier: <2>]}  Score{10}  everValidated{false}  lastValidated{false}  created{false} lingering{false} explicitlySelected{false} acceptUnvalidated{false} everCaptivePortalDetected{false} lastCaptivePortalDetected{false} }
06-16 09:49:43.235  1161  1540 D ConnectivityService: NetworkAgentInfo [MOBILE (LTE) - 234] EVENT_NETWORK_INFO_CHANGED, going from null to CONNECTED
06-16 09:49:43.238  1161  1540 D ConnectivityService: Adding iface rmnet_data0 to network 234
06-16 09:49:43.289  1161  1540 D ConnectivityService: Setting DNS servers for network 234 to [/fd00:976a::9, /fd00:976a::10]
06-16 09:49:43.291  1161  1540 I Nat464Xlat: Starting clatd on rmnet_data0
06-16 09:49:43.325  1161  1540 D ConnectivityService: Switching to new default network: NetworkAgentInfo{ ni{[type: MOBILE[LTE], state: CONNECTED/CONNECTED, reason: connected, extra: fast.t-mobile.com, failover: false, available: true, roaming: false, metered: true]}  network{234}  nethandle{1005038783198}  lp{{InterfaceName: rmnet_data0 LinkAddresses: [2607:fb90:a761:1f65:3fc7:828c:fb97:ed23/64,]  Routes: [::/0 -> fe80::c53:5677:640d:d32a rmnet_data0,] DnsAddresses: [fd00:976a::9,fd00:976a::10,] Domains: null MTU: 1500 TcpBufferSizes: 786432,1572864,3840000,786432,1572864,3840000}}  nc{[ Transports: CELLULAR Capabilities: SUPL&IA&INTERNET&NOT_RESTRICTED&TRUSTED&NOT_VPN&FOREGROUND LinkUpBandwidth>=51200Kbps LinkDnBandwidth>=102400Kbps Specifier: <2>]}  Score{10}  everValidated{false}  lastValidated{false}  created{true} lingering{false} explicitlySelected{false} acceptUnvalidated{false} everCaptivePortalDetected{false} lastCaptivePortalDetected{false} }
06-16 09:49:43.341  1161  1540 D ConnectivityService: Sending CONNECTED broadcast for type 0 NetworkAgentInfo [MOBILE (LTE) - 234] isDefaultNetwork=true
06-16 09:49:43.351  1161  1598 D ConnectivityService: Returning blocked NetworkInfo to uid=10158
06-16 09:49:43.376  1161 15253 D ConnectivityService: Returning blocked NetworkInfo to uid=10135
06-16 09:49:43.377  1161  2734 D ConnectivityService: Returning blocked NetworkInfo to uid=10113
06-16 09:49:43.379  1161 14646 D ConnectivityService: Returning blocked NetworkInfo to uid=10055
06-16 09:49:43.379  1161 14649 D ConnectivityService: Returning blocked NetworkInfo to uid=10115
06-16 09:49:43.380  1161 14648 D ConnectivityService: Returning blocked NetworkInfo to uid=10086
06-16 09:49:43.381  1161  2707 D ConnectivityService: Returning blocked NetworkInfo to uid=10128
06-16 09:49:43.381  1161  1818 D ConnectivityService: Returning blocked NetworkInfo to uid=10062
06-16 09:49:43.381  1161  1180 D ConnectivityService: Returning blocked NetworkInfo to uid=10097
06-16 09:49:43.381  1161 15251 D ConnectivityService: Returning blocked NetworkInfo to uid=10082
06-16 09:49:43.381  1161 14643 D ConnectivityService: Returning blocked NetworkInfo to uid=10076
06-16 09:49:43.382  1161  2701 D ConnectivityService: Returning blocked NetworkInfo to uid=10122
06-16 09:49:43.383  1161  1881 D ConnectivityService: Returning blocked NetworkInfo to uid=10116
06-16 09:49:43.384  1161  5152 D ConnectivityService: Returning blocked NetworkInfo to uid=10160
06-16 09:49:43.443  1161  1208 I Nat464Xlat: interface v4-rmnet_data0 is up, mIsRunning false->true
06-16 09:49:43.482  1161  1180 D ConnectivityService: Returning blocked NetworkInfo to uid=10136
06-16 09:49:43.585  1161  1208 I Nat464Xlat: Adding stacked link v4-rmnet_data0 on top of rmnet_data0
06-16 09:49:43.586  1161  1208 I Nat464Xlat: sending message to ConnectivityService: { when=-18h57m42s169ms what=528387 obj={InterfaceName: rmnet_data0 LinkAddresses: [2607:fb90:a761:1f65:3fc7:828c:fb97:ed23/64,]  Routes: [::/0 -> fe80::c53:5677:640d:d32a rmnet_data0,] DnsAddresses: [fd00:976a::9,fd00:976a::10,] Domains: null MTU: 1500 TcpBufferSizes: 786432,1572864,3840000,786432,1572864,3840000 Stacked: [ [{InterfaceName: v4-rmnet_data0 LinkAddresses: [192.0.0.5/32,]  Routes: [0.0.0.0/0 -> 192.0.0.5 v4-rmnet_data0,] DnsAddresses: [] Domains: null MTU: 0} ],] } target=com.android.server.ConnectivityService$NetworkStateTrackerHandler }
06-16 09:49:43.586  1161  1208 I Nat464Xlat: interface v4-rmnet_data0 is up, mIsRunning true->true
06-16 09:49:43.587  1161  1540 D ConnectivityService: Adding iface v4-rmnet_data0 to network 234
06-16 09:49:43.637  1161  1540 D ConnectivityService: NetworkAgentInfo [MOBILE (LTE) - 234] validation passed
06-16 09:51:42.109  1161  1536 D ConnectivityService: registerNetworkAgent NetworkAgentInfo{ ni{[type: WIFI[], state: CONNECTING/CONNECTING, reason: (unspecified), extra: "Essex Amenity WiFi", failover: false, available: true, roaming: false, metered: false]}  network{235}  nethandle{1009333750494}  lp{{LinkAddresses: []  Routes: [] DnsAddresses: [] Domains: null MTU: 0}}  nc{[ Transports: WIFI Capabilities: NOT_METERED&INTERNET&NOT_RESTRICTED&TRUSTED&NOT_VPN LinkUpBandwidth>=1048576Kbps LinkDnBandwidth>=1048576Kbps]}  Score{20}  everValidated{false}  lastValidated{false}  created{false} lingering{false} explicitlySelected{false} acceptUnvalidated{false} everCaptivePortalDetected{false} lastCaptivePortalDetected{false} }
06-16 09:51:42.109  1161  1540 D ConnectivityService: NetworkAgentInfo [WIFI () - 235] EVENT_NETWORK_INFO_CHANGED, going from null to CONNECTING
06-16 09:51:42.214  1161  1540 D ConnectivityService: NetworkAgentInfo [WIFI () - 235] EVENT_NETWORK_INFO_CHANGED, going from CONNECTING to CONNECTED
06-16 09:51:42.215  1161  1540 D ConnectivityService: Adding iface wlan0 to network 235
06-16 09:51:42.271  1161  1540 D ConnectivityService: Setting DNS servers for network 235 to [/10.128.128.128]
06-16 09:51:42.327  1161  1540 D ConnectivityService: Sending PendingIntent{46d20d4: PendingIntentRecord{a6fc27d com.google.android.apps.gcs broadcastIntent}}
06-16 09:51:42.384  1161  1540 D ConnectivityService: NetworkAgentInfo [WIFI () - 235] validation failed with redirect to https://n110.network-auth.com/splash/?mac=00%3A18%3A0A%3A7A%3AAA%3A4E&real_ip=10.158.213.34&client_ip=10.158.213.34&client_mac=AC:37:43:49:9D:66&vap=0&a=12c6fc06c99a462375eeb3f43dfd832b08ca9e17&b=1190026&auth_version=5&key=b1b2e2f5a668631af9064f671b40f73765ac4df7&acl_ver=P5601543V2&continue_url=http%3A%2F%2Fconnectivitycheck.gstatic.com%2Fgenerate_204
06-16 09:51:42.387  1161  1540 D NetworkNotificationManager: showNotification tag=ConnectivityNotification:235 event=SIGN_IN transport=Wi-Fi extraInfo="Essex Amenity WiFi" highPrioriy=false
06-16 09:51:43.535  1161  1161 D ConnectivityService: Finished sending PendingIntent{46d20d4: PendingIntentRecord{a6fc27d com.google.android.apps.gcs broadcastIntent}}
06-16 09:51:43.544  1161 15253 D ConnectivityService: requestNetwork for uid/pid:10016/5449 NetworkRequest [ REQUEST id=551, [ Transports: WIFI Capabilities: INTERNET&NOT_RESTRICTED&NOT_VPN] ]
06-16 09:51:43.581  1161  1540 D ConnectivityService: releasing NetworkRequest [ REQUEST id=551, [ Transports: WIFI Capabilities: INTERNET&NOT_RESTRICTED&NOT_VPN] ]
06-16 09:51:54.462  1161  1540 D ConnectivityService: releasing NetworkRequest [ REQUEST id=550, [ Transports: WIFI Capabilities: INTERNET&NOT_RESTRICTED&NOT_VPN] ]
06-16 09:52:47.074  1161  1161 D ConditionProviders.SCP: onReceive android.intent.action.TIME_SET
06-16 09:52:47.082  1161  1161 D ConditionProviders.SCP: notifyCondition condition://android/schedule?days=6.7&start=23.30&end=10.0&exitAtAlarm=false STATE_FALSE reason=!meetsSchedule
06-16 09:52:47.086  1161  1161 D ConditionProviders.SCP: notifyCondition condition://android/schedule?days=1.2.3.4.5&start=22.0&end=7.0&exitAtAlarm=false STATE_FALSE reason=!meetsSchedule
06-16 09:52:47.090  1161  1161 D ConditionProviders.SCP: Scheduling evaluate for Fri Jun 16 10:00:00 PDT 2017 (1497632400000), in +7m12s925ms, now=Fri Jun 16 09:52:47 PDT 2017 (1497631967075)
06-16 09:52:47.127  1161  1540 D ConnectivityService: releasing NetworkRequest [ REQUEST id=502, [ Transports: CELLULAR Capabilities: IMS&TRUSTED&NOT_VPN] ]
06-16 09:52:47.128  1161  1540 D ConnectivityService: no live requests for NetworkAgentInfo [MOBILE (LTE) - 222]; disconnecting
06-16 09:52:47.136  1161  1540 D ConnectivityService: NetworkAgentInfo [MOBILE (LTE) - 222] got DISCONNECTED, was satisfying 4
06-16 09:52:47.221  1161  1161 D ConditionProviders.SCP: onReceive android.app.action.NEXT_ALARM_CLOCK_CHANGED
06-16 09:52:47.222  1161  1161 D ConditionProviders.SCP: notifyCondition condition://android/schedule?days=6.7&start=23.30&end=10.0&exitAtAlarm=false STATE_FALSE reason=!meetsSchedule
06-16 09:52:47.222  1161  1161 D ConditionProviders.SCP: notifyCondition condition://android/schedule?days=1.2.3.4.5&start=22.0&end=7.0&exitAtAlarm=false STATE_FALSE reason=!meetsSchedule
06-16 09:52:47.224  1161  1161 D ConditionProviders.SCP: Scheduling evaluate for Fri Jun 16 10:00:00 PDT 2017 (1497632400000), in +7m12s778ms, now=Fri Jun 16 09:52:47 PDT 2017 (1497631967222)
06-16 09:52:47.241  1161  1540 I Nat464Xlat: Stopping clatd
06-16 09:52:47.282   677  1231 D NetlinkEvent: Unknown ifindex 89 in RTM_DELADDR
06-16 09:52:47.287  1161  1208 I Nat464Xlat: interface v4-rmnet_data6 removed, mIsRunning true->false
06-16 09:52:47.330  1161  1208 I Nat464Xlat: sending message to ConnectivityService: { when=-18h59m13s932ms what=528387 obj={InterfaceName: rmnet_data6 LinkAddresses: [2607:fb90:a45a:bc16:5da4:e5c:e41c:dbf1/64,]  Routes: [::/0 -> fe80::edbf:6dea:3057:e08f rmnet_data6,] DnsAddresses: [fd00:976a::9,fd00:976a::10,] Domains: null MTU: 1500 TcpBufferSizes: 786432,1572864,3840000,786432,1572864,3840000} target=com.android.server.ConnectivityService$NetworkStateTrackerHandler }
06-16 09:52:47.330  1161  1208 I Nat464Xlat: interface v4-rmnet_data6 removed, mIsRunning true->false
06-16 09:52:47.421  1161  1208 I Nat464Xlat: sending message to ConnectivityService: { when=-18h59m14s23ms what=528387 obj={InterfaceName: rmnet_data6 LinkAddresses: [2607:fb90:a516:54e6:7847:7106:d23:2103/64,]  Routes: [::/0 -> fe80::dce0:77f2:ae6f:d34e rmnet_data6,] DnsAddresses: [fd00:976a::9,fd00:976a::10,] Domains: null MTU: 1500} target=com.android.server.ConnectivityService$NetworkStateTrackerHandler }
06-16 09:52:47.422  1161  1540 D Nat464Xlat: clatd running, updating NAI for v4-rmnet_data0
06-16 09:53:20.137  1161  1161 D ConditionProviders.SCP: onReceive android.intent.action.TIME_SET
06-16 09:53:20.146  1161  1161 D ConditionProviders.SCP: notifyCondition condition://android/schedule?days=6.7&start=23.30&end=10.0&exitAtAlarm=false STATE_FALSE reason=!meetsSchedule
06-16 09:53:20.151  1161  1161 D ConditionProviders.SCP: notifyCondition condition://android/schedule?days=1.2.3.4.5&start=22.0&end=7.0&exitAtAlarm=false STATE_FALSE reason=!meetsSchedule
06-16 09:53:20.153  1161  1161 D ConditionProviders.SCP: Scheduling evaluate for Fri Jun 16 10:00:00 PDT 2017 (1497632400000), in +6m39s863ms, now=Fri Jun 16 09:53:20 PDT 2017 (1497632000137)
06-16 09:53:20.266  1161  1540 D Nat464Xlat: clatd running, updating NAI for v4-rmnet_data0
06-16 09:53:20.290  1161  1161 D ConditionProviders.SCP: onReceive android.app.action.NEXT_ALARM_CLOCK_CHANGED
06-16 09:53:20.290  1161  1161 D ConditionProviders.SCP: notifyCondition condition://android/schedule?days=6.7&start=23.30&end=10.0&exitAtAlarm=false STATE_FALSE reason=!meetsSchedule
06-16 09:53:20.290  1161  1161 D ConditionProviders.SCP: notifyCondition condition://android/schedule?days=1.2.3.4.5&start=22.0&end=7.0&exitAtAlarm=false STATE_FALSE reason=!meetsSchedule
06-16 09:53:20.292  1161  1161 D ConditionProviders.SCP: Scheduling evaluate for Fri Jun 16 10:00:00 PDT 2017 (1497632400000), in +6m39s710ms, now=Fri Jun 16 09:53:20 PDT 2017 (1497632000290)
06-16 09:53:20.401  1161  1192 I ActivityManager: Waited long enough for: ServiceRecord{cd9a6dd u0 com.google.android.deskclock/com.android.deskclock.WearableSyncService}
06-16 09:53:20.882  1161  5152 D ConnectivityService: requestNetwork for uid/pid:1000/1772 NetworkRequest [ REQUEST id=552, [ Transports: CELLULAR Capabilities: IMS&TRUSTED&NOT_VPN] ]
06-16 09:53:21.167  1161  5152 D ConnectivityService: registerNetworkAgent NetworkAgentInfo{ ni{[type: MOBILE[LTE], state: CONNECTED/CONNECTED, reason: connected, extra: ims, failover: false, available: true, roaming: false, metered: false]}  network{236}  nethandle{1013628717790}  lp{{InterfaceName: rmnet_data6 LinkAddresses: [2607:fb90:a4eb:8071:c71a:be4e:2366:5d6c/64,]  Routes: [::/0 -> fe80::70f4:d706:4945:9261 rmnet_data6,] DnsAddresses: [fd00:976a::9,fd00:976a::10,] Domains: null MTU: 1500 TcpBufferSizes: 786432,1572864,3840000,786432,1572864,3840000}}  nc{[ Transports: CELLULAR Capabilities: IMS&NOT_METERED&NOT_RESTRICTED&TRUSTED&NOT_VPN LinkUpBandwidth>=51200Kbps LinkDnBandwidth>=102400Kbps Specifier: <2>]}  Score{10}  everValidated{false}  lastValidated{false}  created{false} lingering{false} explicitlySelected{false} acceptUnvalidated{false} everCaptivePortalDetected{false} lastCaptivePortalDetected{false} }
06-16 09:53:21.167  1161  1540 D ConnectivityService: NetworkAgentInfo [MOBILE (LTE) - 236] EVENT_NETWORK_INFO_CHANGED, going from null to CONNECTED
06-16 09:53:21.170  1161  1540 D ConnectivityService: Adding iface rmnet_data6 to network 236
06-16 09:53:21.240  1161  1540 D ConnectivityService: Setting DNS servers for network 236 to [/fd00:976a::9, /fd00:976a::10]
06-16 09:53:21.244  1161  1540 I Nat464Xlat: Starting clatd on rmnet_data6
06-16 09:53:21.292  1161  1540 D ConnectivityService: NetworkAgentInfo [MOBILE (LTE) - 236] validation passed
06-16 09:53:21.418  1161  1208 I Nat464Xlat: interface v4-rmnet_data6 is up, mIsRunning false->true
06-16 09:53:21.421  1161  1208 I Nat464Xlat: Adding stacked link v4-rmnet_data6 on top of rmnet_data6
06-16 09:53:21.422  1161  1208 I Nat464Xlat: sending message to ConnectivityService: { when=-18h59m30s422ms what=528387 obj={InterfaceName: rmnet_data6 LinkAddresses: [2607:fb90:a4eb:8071:c71a:be4e:2366:5d6c/64,]  Routes: [::/0 -> fe80::70f4:d706:4945:9261 rmnet_data6,] DnsAddresses: [fd00:976a::9,fd00:976a::10,] Domains: null MTU: 1500 TcpBufferSizes: 786432,1572864,3840000,786432,1572864,3840000 Stacked: [ [{InterfaceName: v4-rmnet_data6 LinkAddresses: [192.0.0.4/32,]  Routes: [0.0.0.0/0 -> 192.0.0.4 v4-rmnet_data6,] DnsAddresses: [] Domains: null MTU: 0} ],] } target=com.android.server.ConnectivityService$NetworkStateTrackerHandler }
06-16 09:53:21.422  1161  1540 D ConnectivityService: Adding iface v4-rmnet_data6 to network 236
06-16 09:53:21.425  1161  1208 I Nat464Xlat: interface v4-rmnet_data6 is up, mIsRunning true->true
06-16 09:54:17.080  1161  1540 D ConnectivityService: NetworkAgentInfo [WIFI () - 235] EVENT_NETWORK_INFO_CHANGED, going from CONNECTED to DISCONNECTED
06-16 09:54:17.080  1161  1540 D ConnectivityService: NetworkAgentInfo [WIFI () - 235] got DISCONNECTED, was satisfying 18
06-16 09:54:17.250  1161  1540 D NetworkNotificationManager: clearing notification tag=ConnectivityNotification:235 event=SIGN_IN
06-16 09:54:17.267  1161 14648 D ConnectivityService: pendingRequest for uid/pid:10016/5449 NetworkRequest [ REQUEST id=553, [ Transports: WIFI Capabilities: INTERNET&NOT_RESTRICTED&NOT_VPN] ] to trigger PendingIntent{90db62: PendingIntentRecord{5174f3 com.google.android.apps.gcs broadcastIntent}}
06-16 09:55:02.144  1161  1540 D ConnectivityService: releasing NetworkRequest [ REQUEST id=552, [ Transports: CELLULAR Capabilities: IMS&TRUSTED&NOT_VPN] ]
06-16 09:55:02.145  1161  1540 D ConnectivityService: no live requests for NetworkAgentInfo [MOBILE (LTE) - 236]; disconnecting
06-16 09:55:02.146  1161  1540 D ConnectivityService: NetworkAgentInfo [MOBILE (LTE) - 236] got DISCONNECTED, was satisfying 4
06-16 09:55:02.200  1161  1540 I Nat464Xlat: Stopping clatd
06-16 09:55:02.224   677  1231 D NetlinkEvent: Unknown ifindex 95 in RTM_DELADDR
06-16 09:55:02.238  1161  1208 I Nat464Xlat: interface v4-rmnet_data6 removed, mIsRunning true->false
06-16 09:55:02.254  1161  1208 I Nat464Xlat: sending message to ConnectivityService: { when=-19h0m3s708ms what=528387 obj={InterfaceName: rmnet_data6 LinkAddresses: [2607:fb90:a4eb:8071:c71a:be4e:2366:5d6c/64,]  Routes: [::/0 -> fe80::70f4:d706:4945:9261 rmnet_data6,] DnsAddresses: [fd00:976a::9,fd00:976a::10,] Domains: null MTU: 1500 TcpBufferSizes: 786432,1572864,3840000,786432,1572864,3840000} target=com.android.server.ConnectivityService$NetworkStateTrackerHandler }
06-16 09:55:02.419  1161  1540 D Nat464Xlat: clatd running, updating NAI for v4-rmnet_data0
06-16 09:55:18.245  1161  1540 D Nat464Xlat: clatd running, updating NAI for v4-rmnet_data0
06-16 09:55:18.847  1161  1192 W BroadcastQueue: Permission Denial: receiving Intent { act=android.bluetooth.headset.profile.action.CONNECTION_STATE_CHANGED flg=0x10 (has extras) } to ProcessRecord{62771ff 3414:com.google.android.apps.nexuslauncher/u0a31} (pid=3414, uid=10031) requires android.permission.BLUETOOTH due to sender com.android.bluetooth (uid 1002)
06-16 09:55:18.881  1161  1161 I Telecom : : mReceiver: HEADSET_STATE_CHANGED_ACTION: BM.oR@B7U
06-16 09:55:18.881  1161  1161 I Telecom : : ==> new state: 2 : BM.oR@B7U
06-16 09:55:18.894  1161  1852 I Telecom : CallAudioRouteStateMachine: Message received: CONNECT_BLUETOOTH=3, arg1=0: BM.oR->CARSM.pM_CONNECT_BLUETOOTH@B7U_0
06-16 09:55:18.894  1161  1852 I Telecom : Telecom: Non-call EVENT: AUDIO_ROUTE, Bluetooth connected: BM.oR->CARSM.pM_CONNECT_BLUETOOTH@B7U_0
06-16 09:55:18.894  1161  1852 I Telecom : CallAudioRouteStateMachine: Message received: SWITCH_BLUETOOTH=1002, arg1=0: BM.oR->CARSM.pM_CONNECT_BLUETOOTH->CARSM.pM_SWITCH_BLUETOOTH@B7U_0_0
06-16 09:55:18.894  1161  1852 I Telecom : Telecom: Non-call EVENT: AUDIO_ROUTE, Leaving state QuiescentEarpieceRoute: BM.oR->CARSM.pM_CONNECT_BLUETOOTH->CARSM.pM_SWITCH_BLUETOOTH@B7U_0_0
06-16 09:55:18.894  1161  1852 I Telecom : Telecom: Non-call EVENT: AUDIO_ROUTE, Entering state QuiescentBluetoothRoute: BM.oR->CARSM.pM_CONNECT_BLUETOOTH->CARSM.pM_SWITCH_BLUETOOTH@B7U_0_0
06-16 09:55:18.903  1161  1161 I Telecom : WiredHeadsetManager: ACTION_HEADSET_PLUG event, plugged in: false, : WHC.oADA@B7Y
06-16 09:55:19.381  1161  2734 D ConnectivityService: requestNetwork for uid/pid:1000/1772 NetworkRequest [ REQUEST id=554, [ Transports: CELLULAR Capabilities: IMS&TRUSTED&NOT_VPN] ]
06-16 09:55:19.638  1161 15252 D ConnectivityService: registerNetworkAgent NetworkAgentInfo{ ni{[type: MOBILE[LTE], state: CONNECTED/CONNECTED, reason: connected, extra: ims, failover: false, available: true, roaming: false, metered: false]}  network{237}  nethandle{1017923685086}  lp{{InterfaceName: rmnet_data6 LinkAddresses: [2607:fb90:a4a9:6622:42e:ef1e:4e9f:18a5/64,]  Routes: [::/0 -> fe80::8907:a874:596:949f rmnet_data6,] DnsAddresses: [fd00:976a::9,fd00:976a::10,] Domains: null MTU: 1500 TcpBufferSizes: 786432,1572864,3840000,786432,1572864,3840000}}  nc{[ Transports: CELLULAR Capabilities: IMS&NOT_METERED&NOT_RESTRICTED&TRUSTED&NOT_VPN LinkUpBandwidth>=51200Kbps LinkDnBandwidth>=102400Kbps Specifier: <2>]}  Score{10}  everValidated{false}  lastValidated{false}  created{false} lingering{false} explicitlySelected{false} acceptUnvalidated{false} everCaptivePortalDetected{false} lastCaptivePortalDetected{false} }
06-16 09:55:19.639  1161  1540 D ConnectivityService: NetworkAgentInfo [MOBILE (LTE) - 237] EVENT_NETWORK_INFO_CHANGED, going from null to CONNECTED
06-16 09:55:19.644  1161  1540 D ConnectivityService: Adding iface rmnet_data6 to network 237
06-16 09:55:19.763  1161  1540 D ConnectivityService: Setting DNS servers for network 237 to [/fd00:976a::9, /fd00:976a::10]
06-16 09:55:19.764  1161  1540 I Nat464Xlat: Starting clatd on rmnet_data6
06-16 09:55:19.811  1161  1540 D ConnectivityService: NetworkAgentInfo [MOBILE (LTE) - 237] validation passed
06-16 09:55:19.917  1161  1208 I Nat464Xlat: interface v4-rmnet_data6 is up, mIsRunning false->true
06-16 09:55:19.919  1161  1208 I Nat464Xlat: Adding stacked link v4-rmnet_data6 on top of rmnet_data6
06-16 09:55:19.920  1161  1208 I Nat464Xlat: sending message to ConnectivityService: { when=-19h0m14s660ms what=528387 obj={InterfaceName: rmnet_data6 LinkAddresses: [2607:fb90:a4a9:6622:42e:ef1e:4e9f:18a5/64,]  Routes: [::/0 -> fe80::8907:a874:596:949f rmnet_data6,] DnsAddresses: [fd00:976a::9,fd00:976a::10,] Domains: null MTU: 1500 TcpBufferSizes: 786432,1572864,3840000,786432,1572864,3840000 Stacked: [ [{InterfaceName: v4-rmnet_data6 LinkAddresses: [192.0.0.4/32,]  Routes: [0.0.0.0/0 -> 192.0.0.4 v4-rmnet_data6,] DnsAddresses: [] Domains: null MTU: 0} ],] } target=com.android.server.ConnectivityService$NetworkStateTrackerHandler }
06-16 09:55:19.920  1161  1540 D ConnectivityService: Adding iface v4-rmnet_data6 to network 237
06-16 09:55:19.924  1161  1208 I Nat464Xlat: interface v4-rmnet_data6 is up, mIsRunning true->true
06-16 09:55:20.835  1161  2705 I Telecom : BluetoothPhoneService: queryPhoneState: BPSI.qPS@B7c
06-16 09:55:20.838  1161  2705 I Telecom : BluetoothPhoneService: updateHeadsetWithCallState numActive 0, numHeld 0, callState 6, ringing number [da39a3ee5e6b4b0d3255bfef95601890afd80709], ringing type 128: BPSI.qPS@B7c
06-16 09:55:23.018  1161  1181 I Telecom : BluetoothPhoneService: listcurrentCalls: BPSI.lCC@B7g
06-16 09:55:25.027  1161 10439 I Telecom : BluetoothPhoneService: getNetworkOperator: BPSI.gNO@B7k
06-16 09:55:25.598  1161  1161 I Telecom : WiredHeadsetManager: ACTION_HEADSET_PLUG event, plugged in: false, : WHC.oADA@B7o
06-16 09:56:25.333  1161 14649 I Telecom : BluetoothPhoneService: getNetworkOperator: BPSI.gNO@B70
06-16 09:57:10.398  1161  1192 I ActivityManager: Killing 3145:com.google.android.apps.photos/u0a82 (adj 906): empty for 1811s
06-16 09:57:10.481  1161  1881 D ActivityManager: cleanUpApplicationRecord -- 3145
06-16 09:57:15.025  1161  1161 D ConditionProviders.SCP: onReceive android.intent.action.TIME_SET
06-16 09:57:15.030  1161  1161 D ConditionProviders.SCP: onReceive android.app.action.NEXT_ALARM_CLOCK_CHANGED
06-16 09:57:15.030  1161  1161 D ConditionProviders.SCP: notifyCondition condition://android/schedule?days=6.7&start=23.30&end=10.0&exitAtAlarm=false STATE_FALSE reason=!meetsSchedule
06-16 09:57:15.034  1161  1161 D ConditionProviders.SCP: notifyCondition condition://android/schedule?days=6.7&start=23.30&end=10.0&exitAtAlarm=false STATE_FALSE reason=!meetsSchedule
06-16 09:57:15.035  1161  1161 D ConditionProviders.SCP: notifyCondition condition://android/schedule?days=1.2.3.4.5&start=22.0&end=7.0&exitAtAlarm=false STATE_FALSE reason=!meetsSchedule
06-16 09:57:15.038  1161  1161 D ConditionProviders.SCP: Scheduling evaluate for Fri Jun 16 10:00:00 PDT 2017 (1497632400000), in +2m44s970ms, now=Fri Jun 16 09:57:15 PDT 2017 (1497632235030)
06-16 09:57:15.042  1161  1161 D ConditionProviders.SCP: notifyCondition condition://android/schedule?days=1.2.3.4.5&start=22.0&end=7.0&exitAtAlarm=false STATE_FALSE reason=!meetsSchedule
06-16 09:57:15.045  1161  1161 D ConditionProviders.SCP: Scheduling evaluate for Fri Jun 16 10:00:00 PDT 2017 (1497632400000), in +2m44s966ms, now=Fri Jun 16 09:57:15 PDT 2017 (1497632235034)
06-16 09:57:15.121  1161  1540 D Nat464Xlat: clatd running, updating NAI for v4-rmnet_data0
06-16 09:57:15.175  1161  1540 D Nat464Xlat: clatd running, updating NAI for v4-rmnet_data6
06-16 09:57:15.193  1161  1540 D ConnectivityService: releasing NetworkRequest [ REQUEST id=554, [ Transports: CELLULAR Capabilities: IMS&TRUSTED&NOT_VPN] ]
06-16 09:57:15.193  1161  1540 D ConnectivityService: no live requests for NetworkAgentInfo [MOBILE (HSPA) - 237]; disconnecting
06-16 09:57:15.195  1161  1540 D ConnectivityService: NetworkAgentInfo [MOBILE (HSPA) - 237] got DISCONNECTED, was satisfying 4
06-16 09:57:15.219  1161  1540 I Nat464Xlat: Stopping clatd
06-16 09:57:15.244   677  1231 D NetlinkEvent: Unknown ifindex 96 in RTM_DELADDR
06-16 09:57:15.247  1161  1208 I Nat464Xlat: interface v4-rmnet_data6 removed, mIsRunning true->false
06-16 09:57:15.260  1161  1208 I Nat464Xlat: sending message to ConnectivityService: { when=-19h1m23s214ms what=528387 obj={InterfaceName: rmnet_data6 LinkAddresses: [2607:fb90:a4a9:6622:42e:ef1e:4e9f:18a5/64,]  Routes: [::/0 -> fe80::8907:a874:596:949f rmnet_data6,] DnsAddresses: [fd00:976a::9,fd00:976a::10,] Domains: null MTU: 1500 TcpBufferSizes: 18300,131070,1056768,6144,24576,393216} target=com.android.server.ConnectivityService$NetworkStateTrackerHandler }
06-16 09:57:25.325  1161  1181 I Telecom : BluetoothPhoneService: getNetworkOperator: BPSI.gNO@B8A
06-16 09:57:26.115  1161  1161 D ConditionProviders.SCP: onReceive android.intent.action.TIME_SET
06-16 09:57:26.123  1161  1161 D ConditionProviders.SCP: notifyCondition condition://android/schedule?days=6.7&start=23.30&end=10.0&exitAtAlarm=false STATE_FALSE reason=!meetsSchedule
06-16 09:57:26.129  1161  1161 D ConditionProviders.SCP: notifyCondition condition://android/schedule?days=1.2.3.4.5&start=22.0&end=7.0&exitAtAlarm=false STATE_FALSE reason=!meetsSchedule
06-16 09:57:26.132  1161  1161 D ConditionProviders.SCP: Scheduling evaluate for Fri Jun 16 10:00:00 PDT 2017 (1497632400000), in +2m33s885ms, now=Fri Jun 16 09:57:26 PDT 2017 (1497632246115)
06-16 09:57:26.144  1161  1540 D Nat464Xlat: clatd running, updating NAI for v4-rmnet_data0
06-16 09:57:26.180  1161  1161 D ConditionProviders.SCP: onReceive android.app.action.NEXT_ALARM_CLOCK_CHANGED
06-16 09:57:26.181  1161  1161 D ConditionProviders.SCP: notifyCondition condition://android/schedule?days=6.7&start=23.30&end=10.0&exitAtAlarm=false STATE_FALSE reason=!meetsSchedule
06-16 09:57:26.182  1161  1161 D ConditionProviders.SCP: notifyCondition condition://android/schedule?days=1.2.3.4.5&start=22.0&end=7.0&exitAtAlarm=false STATE_FALSE reason=!meetsSchedule
06-16 09:57:26.184  1161  1161 D ConditionProviders.SCP: Scheduling evaluate for Fri Jun 16 10:00:00 PDT 2017 (1497632400000), in +2m33s820ms, now=Fri Jun 16 09:57:26 PDT 2017 (1497632246180)
06-16 09:57:27.673  1161 14644 D ConnectivityService: requestNetwork for uid/pid:1000/1772 NetworkRequest [ REQUEST id=555, [ Transports: CELLULAR Capabilities: IMS&TRUSTED&NOT_VPN] ]
06-16 09:57:27.932  1161  5151 D ConnectivityService: registerNetworkAgent NetworkAgentInfo{ ni{[type: MOBILE[LTE], state: CONNECTED/CONNECTED, reason: connected, extra: ims, failover: false, available: true, roaming: false, metered: false]}  network{238}  nethandle{1022218652382}  lp{{InterfaceName: rmnet_data6 LinkAddresses: [2607:fb90:421:1a9e:a786:4365:618b:e803/64,]  Routes: [::/0 -> fe80::81db:a6f3:5305:7e51 rmnet_data6,] DnsAddresses: [fd00:976a::9,fd00:976a::10,] Domains: null MTU: 1500 TcpBufferSizes: 786432,1572864,3840000,786432,1572864,3840000}}  nc{[ Transports: CELLULAR Capabilities: IMS&NOT_METERED&NOT_RESTRICTED&TRUSTED&NOT_VPN LinkUpBandwidth>=51200Kbps LinkDnBandwidth>=102400Kbps Specifier: <2>]}  Score{10}  everValidated{false}  lastValidated{false}  created{false} lingering{false} explicitlySelected{false} acceptUnvalidated{false} everCaptivePortalDetected{false} lastCaptivePortalDetected{false} }
06-16 09:57:27.933  1161  1540 D ConnectivityService: NetworkAgentInfo [MOBILE (LTE) - 238] EVENT_NETWORK_INFO_CHANGED, going from null to CONNECTED
06-16 09:57:27.935  1161  1540 D ConnectivityService: Adding iface rmnet_data6 to network 238
06-16 09:57:27.993  1161  1540 D ConnectivityService: Setting DNS servers for network 238 to [/fd00:976a::9, /fd00:976a::10]
06-16 09:57:27.998  1161  1540 I Nat464Xlat: Starting clatd on rmnet_data6
06-16 09:57:28.051  1161  1540 D ConnectivityService: NetworkAgentInfo [MOBILE (LTE) - 238] validation passed
06-16 09:57:30.793  1161  1192 I ActivityManager: Waited long enough for: ServiceRecord{f70f182 u0 com.google.android.deskclock/com.android.deskclock.WearableSyncService}
06-16 09:58:01.035  1161  1192 I ActivityManager: Start proc 7181:com.citysportsfitness.android/u0a155 for broadcast com.citysportsfitness.android/com.lafitness.app.AlarmReceiver
06-16 09:58:01.467  1161 15250 D ConnectivityService: Returning blocked NetworkInfo to uid=10155
06-16 09:58:14.032  1161  1161 D ConditionProviders.SCP: onReceive android.intent.action.TIME_SET
06-16 09:58:14.064  1161  1540 D ConnectivityService: no live requests for NetworkAgentInfo [MOBILE (LTE) - 238]; disconnecting
06-16 09:58:14.069  1161  1540 D ConnectivityService: NetworkAgentInfo [MOBILE (LTE) - 238] got DISCONNECTED, was satisfying 4
06-16 09:58:14.072  1161  1161 D ConditionProviders.SCP: notifyCondition condition://android/schedule?days=6.7&start=23.30&end=10.0&exitAtAlarm=false STATE_FALSE reason=!meetsSchedule
06-16 09:58:14.073  1161  1161 D ConditionProviders.SCP: notifyCondition condition://android/schedule?days=1.2.3.4.5&start=22.0&end=7.0&exitAtAlarm=false STATE_FALSE reason=!meetsSchedule
06-16 09:58:14.076  1161  1161 D ConditionProviders.SCP: Scheduling evaluate for Fri Jun 16 10:00:00 PDT 2017 (1497632400000), in +1m45s968ms, now=Fri Jun 16 09:58:14 PDT 2017 (1497632294032)
06-16 09:58:14.118  1161  1161 D ConditionProviders.SCP: onReceive android.app.action.NEXT_ALARM_CLOCK_CHANGED
06-16 09:58:14.129  1161  1161 D ConditionProviders.SCP: notifyCondition condition://android/schedule?days=6.7&start=23.30&end=10.0&exitAtAlarm=false STATE_FALSE reason=!meetsSchedule
06-16 09:58:14.130  1161  1161 D ConditionProviders.SCP: notifyCondition condition://android/schedule?days=1.2.3.4.5&start=22.0&end=7.0&exitAtAlarm=false STATE_FALSE reason=!meetsSchedule
06-16 09:58:14.131  1161  1540 I Nat464Xlat: Stopping clatd
06-16 09:58:14.133  1161  1540 D ConnectivityService: releasing NetworkRequest [ REQUEST id=555, [ Transports: CELLULAR Capabilities: IMS&TRUSTED&NOT_VPN] ]
06-16 09:58:14.134  1161  1161 D ConditionProviders.SCP: Scheduling evaluate for Fri Jun 16 10:00:00 PDT 2017 (1497632400000), in +1m45s882ms, now=Fri Jun 16 09:58:14 PDT 2017 (1497632294118)
06-16 09:58:14.224  1161  1540 D Nat464Xlat: clatd running, updating NAI for v4-rmnet_data0
06-16 09:58:19.859  1161  2715 I ActivityManager: Start proc 7265:com.yelp.android/u0a132 for service com.yelp.android/.services.backgroundlocation.GeofenceTransitionService
06-16 09:58:20.020  1161  1161 D ConditionProviders.SCP: onReceive android.intent.action.TIME_SET
06-16 09:58:20.023  1161  1161 D ConditionProviders.SCP: notifyCondition condition://android/schedule?days=6.7&start=23.30&end=10.0&exitAtAlarm=false STATE_FALSE reason=!meetsSchedule
06-16 09:58:20.023  1161  1161 D ConditionProviders.SCP: notifyCondition condition://android/schedule?days=1.2.3.4.5&start=22.0&end=7.0&exitAtAlarm=false STATE_FALSE reason=!meetsSchedule
06-16 09:58:20.024  1161  1161 D ConditionProviders.SCP: Scheduling evaluate for Fri Jun 16 10:00:00 PDT 2017 (1497632400000), in +1m39s980ms, now=Fri Jun 16 09:58:20 PDT 2017 (1497632300020)
06-16 09:58:20.059  1161  1161 D ConditionProviders.SCP: onReceive android.app.action.NEXT_ALARM_CLOCK_CHANGED
06-16 09:58:20.059  1161  1161 D ConditionProviders.SCP: notifyCondition condition://android/schedule?days=6.7&start=23.30&end=10.0&exitAtAlarm=false STATE_FALSE reason=!meetsSchedule
06-16 09:58:20.059  1161  1161 D ConditionProviders.SCP: notifyCondition condition://android/schedule?days=1.2.3.4.5&start=22.0&end=7.0&exitAtAlarm=false STATE_FALSE reason=!meetsSchedule
06-16 09:58:20.060  1161  1161 D ConditionProviders.SCP: Scheduling evaluate for Fri Jun 16 10:00:00 PDT 2017 (1497632400000), in +1m39s941ms, now=Fri Jun 16 09:58:20 PDT 2017 (1497632300059)
06-16 09:58:20.082  1161  1540 D Nat464Xlat: clatd running, updating NAI for v4-rmnet_data0
06-16 09:58:20.988  1161 14649 D ConnectivityService: requestNetwork for uid/pid:1000/1772 NetworkRequest [ REQUEST id=556, [ Transports: CELLULAR Capabilities: IMS&TRUSTED&NOT_VPN] ]
06-16 09:58:21.205  1161 14649 D ConnectivityService: registerNetworkAgent NetworkAgentInfo{ ni{[type: MOBILE[LTE], state: CONNECTED/CONNECTED, reason: connected, extra: ims, failover: false, available: true, roaming: false, metered: false]}  network{239}  nethandle{1026513619678}  lp{{InterfaceName: rmnet_data6 LinkAddresses: [2607:fb90:a48b:5020:dd1a:63b:9a83:11b9/64,]  Routes: [::/0 -> fe80::d182:eca4:4c75:61c rmnet_data6,] DnsAddresses: [fd00:976a::9,fd00:976a::10,] Domains: null MTU: 1500 TcpBufferSizes: 786432,1572864,3840000,786432,1572864,3840000}}  nc{[ Transports: CELLULAR Capabilities: IMS&NOT_METERED&NOT_RESTRICTED&TRUSTED&NOT_VPN LinkUpBandwidth>=51200Kbps LinkDnBandwidth>=102400Kbps Specifier: <2>]}  Score{10}  everValidated{false}  lastValidated{false}  created{false} lingering{false} explicitlySelected{false} acceptUnvalidated{false} everCaptivePortalDetected{false} lastCaptivePortalDetected{false} }
06-16 09:58:21.207  1161  1540 D ConnectivityService: NetworkAgentInfo [MOBILE (LTE) - 239] EVENT_NETWORK_INFO_CHANGED, going from null to CONNECTED
06-16 09:58:21.214  1161  1540 D ConnectivityService: Adding iface rmnet_data6 to network 239
06-16 09:58:21.297  1161  1540 D ConnectivityService: Setting DNS servers for network 239 to [/fd00:976a::9, /fd00:976a::10]
06-16 09:58:21.300  1161  1540 I Nat464Xlat: Starting clatd on rmnet_data6
06-16 09:58:21.376  1161  1540 D ConnectivityService: NetworkAgentInfo [MOBILE (LTE) - 239] validation passed
06-16 09:58:21.505  1161  1208 I Nat464Xlat: interface v4-rmnet_data6 is up, mIsRunning false->true
06-16 09:58:21.507  1161  1208 I Nat464Xlat: Adding stacked link v4-rmnet_data6 on top of rmnet_data6
06-16 09:58:21.508  1161  1208 I Nat464Xlat: sending message to ConnectivityService: { when=-19h1m54s982ms what=528387 obj={InterfaceName: rmnet_data6 LinkAddresses: [2607:fb90:421:1a9e:a786:4365:618b:e803/64,]  Routes: [::/0 -> fe80::81db:a6f3:5305:7e51 rmnet_data6,] DnsAddresses: [fd00:976a::9,fd00:976a::10,] Domains: null MTU: 1500 TcpBufferSizes: 786432,1572864,3840000,786432,1572864,3840000 Stacked: [ [{InterfaceName: v4-rmnet_data6 LinkAddresses: [192.0.0.4/32,]  Routes: [0.0.0.0/0 -> 192.0.0.4 v4-rmnet_data6,] DnsAddresses: [] Domains: null MTU: 0} ],] } target=com.android.server.ConnectivityService$NetworkStateTrackerHandler }
06-16 09:58:21.508  1161  1208 I Nat464Xlat: interface v4-rmnet_data6 is up, mIsRunning false->true
06-16 09:58:21.510  1161  1208 I Nat464Xlat: Adding stacked link v4-rmnet_data6 on top of rmnet_data6
06-16 09:58:21.510  1161  1208 I Nat464Xlat: sending message to ConnectivityService: { when=-19h1m54s984ms what=528387 obj={InterfaceName: rmnet_data6 LinkAddresses: [2607:fb90:a48b:5020:dd1a:63b:9a83:11b9/64,]  Routes: [::/0 -> fe80::d182:eca4:4c75:61c rmnet_data6,] DnsAddresses: [fd00:976a::9,fd00:976a::10,] Domains: null MTU: 1500 TcpBufferSizes: 786432,1572864,3840000,786432,1572864,3840000 Stacked: [ [{InterfaceName: v4-rmnet_data6 LinkAddresses: [192.0.0.4/32,]  Routes: [0.0.0.0/0 -> 192.0.0.4 v4-rmnet_data6,] DnsAddresses: [] Domains: null MTU: 0} ],] } target=com.android.server.ConnectivityService$NetworkStateTrackerHandler }
06-16 09:58:21.511  1161  1540 D ConnectivityService: Adding iface v4-rmnet_data6 to network 239
06-16 09:58:21.511  1161  1208 I Nat464Xlat: interface v4-rmnet_data6 is up, mIsRunning true->true
06-16 09:58:21.511  1161  1208 I Nat464Xlat: interface v4-rmnet_data6 is up, mIsRunning true->true
06-16 09:58:25.991  1161 14644 I Telecom : BluetoothPhoneService: getNetworkOperator: BPSI.gNO@B8M
06-16 09:59:01.940 20977  7474 E ActivityThread: Failed to find provider info for com.google.android.wearable.settings
06-16 09:59:03.227  1161 14646 I ActivityManager: Start proc 7521:com.google.android.gms.unstable/u0a18 for service com.google.android.gms/.droidguard.DroidGuardService
06-16 09:59:06.868  1161  1192 I ActivityManager: Start proc 7577:com.android.carrierconfig/u0a19 for broadcast com.android.carrierconfig/.GservicesChangedReceiver
06-16 09:59:07.015 20977  7474 E ActivityThread: Failed to find provider info for com.google.android.wearable.settings
06-16 09:59:07.088  1161 15249 I ActivityManager: Start proc 7610:com.android.connectivity.metrics/u0a8 for broadcast com.android.connectivity.metrics/.SnapshotSchedulingReceiver
06-16 09:59:07.205  1161  2701 I ActivityManager: Start proc 7628:com.google.android.apps.photos/u0a82 for broadcast com.google.android.apps.photos/com.google.android.apps.moviemaker.app.ApplicationEnabler$Receiver
06-16 09:59:07.212  1161  2701 I ActivityManager: Killing 3599:com.google.android.inputmethod.latin:train/u0a74 (adj 906): empty #17
06-16 09:59:07.233  1161  2017 D ActivityManager: cleanUpApplicationRecord -- 3599
06-16 09:59:07.898  1161  1180 I ActivityManager: Start proc 7656:com.google.android.configupdater/u0a7 for broadcast com.google.android.configupdater/.CertPin.CertPinUpdateRequestReceiver
06-16 09:59:07.901  1161  1180 I ActivityManager: Killing 4369:com.instagram.android:browser/u0a117 (adj 906): empty #17
06-16 09:59:07.950  1161  2707 D ActivityManager: cleanUpApplicationRecord -- 4369
06-16 09:59:08.406  1161 10439 I ActivityManager: Killing 28755:com.google.android.apps.maps/u0a76 (adj 906): empty #17
06-16 09:59:08.424  1161 14648 W ActivityManager: Unable to start service Intent { cmp=com.google.android.gms/.analytics.service.RefreshEnabledStateService } U=0: not found
06-16 09:59:08.432  1161 14646 D ConnectivityService: ConnectivityService NetworkRequestInfo binderDied(NetworkRequest [ LISTEN id=492, [ Capabilities: INTERNET&NOT_RESTRICTED&TRUSTED&FOREGROUND] ], android.os.BinderProxy@1ef26d4)
06-16 09:59:08.435  1161  1540 E ConnectivityService: RemoteException caught trying to send a callback msg for NetworkRequest [ LISTEN id=492, [ Capabilities: INTERNET&NOT_RESTRICTED&TRUSTED&FOREGROUND] ]
06-16 09:59:08.449  1161  1881 D ActivityManager: cleanUpApplicationRecord -- 28755
06-16 09:59:09.256  1161  2734 I ActivityManager: Start proc 7709:com.google.android.partnersetup/u0a26 for broadcast com.google.android.partnersetup/.RlzPingBroadcastReceiver
06-16 09:59:09.378  1161 14648 I ActivityManager: Start proc 7730:com.google.android.instantapps.supervisor/u0a129 for broadcast com.google.android.instantapps.supervisor/.receiver.GServicesChangeListener
06-16 09:59:09.610  1161  2720 I ActivityManager: Killing 6298:com.tivophone.android.debug:acra/u0a136 (adj 906): empty #17
06-16 09:59:09.623  1161 14646 D ActivityManager: cleanUpApplicationRecord -- 6298
06-16 09:59:09.915  1161 14644 I ActivityManager: Killing 3665:android.process.acore/u0a3 (adj 906): empty #17
06-16 09:59:09.945  1161  2701 D ActivityManager: cleanUpApplicationRecord -- 3665
06-16 09:59:10.581  1161  2701 I ActivityManager: Killing 7181:com.citysportsfitness.android/u0a155 (adj 906): empty #17
06-16 09:59:10.635  1161  1180 D ActivityManager: cleanUpApplicationRecord -- 7181
06-16 09:59:12.269  1161  2701 D ConnectivityService: pendingRequest for uid/pid:10016/5449 NetworkRequest [ REQUEST id=557, [ Transports: WIFI Capabilities: INTERNET&NOT_RESTRICTED&NOT_VPN] ] to trigger PendingIntent{b8b57c9: PendingIntentRecord{5174f3 com.google.android.apps.gcs broadcastIntent}}
06-16 09:59:12.270  1161  1540 D ConnectivityService: Replacing NetworkRequest [ REQUEST id=553, [ Transports: WIFI Capabilities: INTERNET&NOT_RESTRICTED&NOT_VPN] ] with NetworkRequest [ REQUEST id=557, [ Transports: WIFI Capabilities: INTERNET&NOT_RESTRICTED&NOT_VPN] ] because their intents matched.
06-16 09:59:12.270  1161  1540 D ConnectivityService: releasing NetworkRequest [ REQUEST id=553, [ Transports: WIFI Capabilities: INTERNET&NOT_RESTRICTED&NOT_VPN] ]
06-16 09:59:12.560  1161  1190 I ActivityManager: Start proc 7800:com.android.printspooler/u0a87 for service com.android.printspooler/.model.PrintSpoolerService
06-16 09:59:26.279  1161 15253 I Telecom : BluetoothPhoneService: getNetworkOperator: BPSI.gNO@B8Y
06-16 09:59:27.073  1161  2718 I ActivityManager: Killing 3325:com.google.android.calendar/u0a52 (adj 906): empty #17
06-16 09:59:27.149  1161  5151 D ActivityManager: cleanUpApplicationRecord -- 3325
06-16 09:59:39.948   677  7160 W SocketClient: write error (Broken pipe)
06-16 10:00:00.129  1161  1161 D ConditionProviders.SCP: onReceive ScheduleConditionProvider.EVALUATE
06-16 10:00:00.131  1161  1161 D ConditionProviders.SCP: notifyCondition condition://android/schedule?days=6.7&start=23.30&end=10.0&exitAtAlarm=false STATE_FALSE reason=!meetsSchedule
06-16 10:00:00.131  1161  1161 D ConditionProviders.SCP: notifyCondition condition://android/schedule?days=1.2.3.4.5&start=22.0&end=7.0&exitAtAlarm=false STATE_FALSE reason=!meetsSchedule
06-16 10:00:00.132  1161  1161 D ConditionProviders.SCP: Scheduling evaluate for Fri Jun 16 22:00:00 PDT 2017 (1497675600000), in +11h59m59s871ms, now=Fri Jun 16 10:00:00 PDT 2017 (1497632400129)
06-16 10:00:09.530  1161  1192 I ActivityManager: Start proc 7876:com.citysportsfitness.android/u0a155 for broadcast com.citysportsfitness.android/com.lafitness.app.DownloadDBReceiver
06-16 10:00:09.843  1161 15252 I ActivityManager: Killing 5986:com.motricity.verizon.ssodownloadable/u0a46 (adj 906): empty #17
06-16 10:00:09.873  1161  2701 D ActivityManager: cleanUpApplicationRecord -- 5986
06-16 10:00:26.432  1161  2701 I Telecom : BluetoothPhoneService: getNetworkOperator: BPSI.gNO@B8k
06-16 10:00:27.380  1161 14648 I ActivityManager: Start proc 7917:com.google.android.apps.maps/u0a76 for broadcast com.google.android.apps.maps/com.google.android.apps.gmm.ugc.ataplace.AtAPlaceService
06-16 10:00:30.883  1161  2718 I ActivityManager: Killing 6003:com.qualcomm.timeservice/1000 (adj 906): empty #17
06-16 10:00:30.900  1161 14643 D ActivityManager: cleanUpApplicationRecord -- 6003
06-16 10:00:55.182  1161  1192 W ActivityManager: SLOW OOM ADJ: 6690ms for pid 7610 = 904
06-16 10:00:59.339  1161  1192 W ProcessCpuTracker: Skipping unknown process pid 7994
06-16 10:01:14.514  1161  5151 I ActivityManager: Start proc 8018:android.process.media/u0a13 for content provider com.android.providers.downloads/.DownloadProvider
06-16 10:01:26.580  1161  1181 I Telecom : BluetoothPhoneService: getNetworkOperator: BPSI.gNO@B8w
06-16 10:01:35.501  1161 14643 I ActivityManager: Killing 5930:com.android.cellbroadcastreceiver/u0a6 (adj 906): empty #17
06-16 10:01:35.571  1161  1881 D ActivityManager: cleanUpApplicationRecord -- 5930
06-16 10:02:00.734  1161  1881 I ActivityManager: Killing 7265:com.yelp.android/u0a132 (adj 906): empty #17
06-16 10:02:00.800  1161  2734 D ActivityManager: cleanUpApplicationRecord -- 7265
06-16 10:02:23.152  1161  1192 I ProcessStatsService: Prepared write state in 4ms
06-16 10:02:23.157  1161  1192 I ProcessStatsService: Prepared write state in 5ms
06-16 10:02:26.847  1161  2715 I Telecom : BluetoothPhoneService: getNetworkOperator: BPSI.gNO@B88
06-16 10:03:16.075  1161  1161 D ConditionProviders.SCP: onReceive android.intent.action.TIME_SET
06-16 10:03:16.112  1161  1192 I ActivityManager: Start proc 8098:com.google.android.calendar/u0a52 for broadcast com.google.android.calendar/com.android.calendar.widget.CalendarAppWidgetProvider
