06-15 11:51:53.480  1161  1598 I chatty  : uid=1000(system) Binder:1161_4 expire 3 lines
06-15 11:56:10.477  1161 14646 I chatty  : uid=1000(system) Binder:1161_18 expire 5 lines
06-15 12:00:34.858  1161  1881 I chatty  : uid=1000(system) Binder:1161_7 expire 2 lines
06-15 12:00:35.336  1161  2017 I chatty  : uid=1000(system) Binder:1161_8 expire 1 line
06-15 12:00:35.356  1161  1818 I chatty  : uid=1000(system) Binder:1161_5 expire 3 lines
06-15 12:00:35.806  1161  1549 I chatty  : uid=1000(system) Binder:1161_3 expire 1 line
06-15 12:00:36.393  1161  2720 I chatty  : uid=1000(system) Binder:1161_F expire 1 line
06-15 12:00:36.489  1161  2718 I chatty  : uid=1000(system) Binder:1161_D expire 5 lines
06-15 12:00:36.719  1161  1194 I chatty  : uid=1000(system) ActivityManager expire 1 line
06-15 12:00:36.786  1161 10439 I chatty  : uid=1000(system) Binder:1161_13 expire 2 lines
06-15 12:00:37.133  1161  2705 I chatty  : uid=1000(system) Binder:1161_A expire 1 line
06-15 12:03:28.710  1161  2701 I chatty  : uid=1000(system) Binder:1161_9 expire 2 lines
06-15 12:05:10.193  1161 14644 I chatty  : uid=1000(system) Binder:1161_16 expire 1 line
06-15 12:07:18.407  1161 15252 I chatty  : uid=1000(system) Binder:1161_1F expire 2 lines
06-15 12:11:12.396  1161 14512 I chatty  : uid=1000(system) Binder:1161_14 expire 1 line
06-15 12:14:14.057  1161  1181 I chatty  : uid=1000(system) Binder:1161_2 expire 2 lines
06-15 12:14:51.992  1161  2715 I chatty  : uid=1000(system) Binder:1161_C expire 4 lines
06-15 12:15:15.547  1161  2734 I chatty  : uid=1000(system) Binder:1161_10 expire 1 line
06-15 12:17:16.417  1161  1161 I chatty  : uid=1000 system_server expire 32 lines
06-15 12:17:16.565  1161  1880 I chatty  : uid=1000(system) Binder:1161_6 expire 2 lines
06-15 12:17:26.650  1161 14643 I chatty  : uid=1000(system) Binder:1161_15 expire 1 line
06-15 12:17:47.699  1161  2707 I chatty  : uid=1000(system) Binder:1161_B expire 2 lines
06-15 12:30:53.879  1161  8426 I chatty  : uid=1000 system_server expire 1 line
06-15 12:30:53.964  1161  1852 I chatty  : uid=1000(system) uteStateMachine expire 24 lines
06-15 12:30:53.970  1161  1853 I chatty  : uid=1000(system) CallAudioModeSt expire 20 lines
06-15 12:30:54.509  1161  1161 I chatty  : uid=1000 system_server expire 38 lines
06-15 12:30:54.777  1161 14643 I chatty  : uid=1000(system) Binder:1161_15 expire 1 line
06-15 12:30:54.778  1161  2719 I chatty  : uid=1000(system) Binder:1161_E expire 23 lines
06-15 12:30:54.800  1161 15251 I chatty  : uid=1000(system) Binder:1161_1E expire 3 lines
06-15 12:30:54.801  1161  1208 I chatty  : uid=1000(system) android.fg expire 2 lines
06-15 12:30:54.801  1161  1212 I chatty  : uid=1000(system) PowerManagerSer expire 16 lines
06-15 12:30:55.276  1161  1210 I chatty  : uid=1000(system) android.display expire 8 lines
06-15 12:30:55.342  1161  2715 I chatty  : uid=1000(system) Binder:1161_C expire 1 line
06-15 12:31:06.448  1161  1880 I chatty  : uid=1000(system) Binder:1161_6 expire 4 lines
06-15 12:31:06.662  1161  1192 I chatty  : uid=1000(system) ActivityManager expire 13 lines
06-15 12:31:06.937  1161 10439 I chatty  : uid=1000(system) Binder:1161_13 expire 3 lines
06-15 12:31:06.941  1161 14512 I chatty  : uid=1000(system) Binder:1161_14 expire 13 lines
06-15 12:32:32.133  1161 14649 I chatty  : uid=1000(system) Binder:1161_1A expire 1 line
06-15 12:32:49.650  1161  5152 I chatty  : uid=1000(system) Binder:1161_12 expire 2 lines
06-15 12:32:49.784  1161 15250 I chatty  : uid=1000(system) Binder:1161_1D expire 2 lines
06-15 12:32:49.927  1161 14646 I chatty  : uid=1000(system) Binder:1161_18 expire 1 line
06-15 12:32:49.967  1161 14648 I chatty  : uid=1000(system) Binder:1161_19 expire 2 lines
06-15 12:33:08.362  1161  1190 I chatty  : uid=1000(system) android.bg expire 1 line
06-15 12:33:16.936  1161  2701 I chatty  : uid=1000(system) Binder:1161_9 expire 3 lines
06-15 12:33:19.243  1161  1225 I chatty  : uid=1000(system) PackageManager expire 1 line
06-15 12:33:19.269  1161 14644 I chatty  : uid=1000(system) Binder:1161_16 expire 2 lines
06-15 12:33:29.508  1161 14645 I chatty  : uid=1000(system) Binder:1161_17 expire 1 line
06-15 12:33:30.757  1161  2017 I chatty  : uid=1000(system) Binder:1161_8 expire 6 lines
06-15 12:33:30.849  1161  1598 I chatty  : uid=1000(system) Binder:1161_4 expire 3 lines
06-15 12:33:30.872  1161  1181 I chatty  : uid=1000(system) Binder:1161_2 expire 8 lines
06-15 12:33:30.903  1161  8761 I chatty  : uid=1000 system_server expire 1 line
06-15 12:33:31.159  1161  2718 I chatty  : uid=1000(system) Binder:1161_D expire 1 line
06-15 12:33:31.183  1161  1208 I chatty  : uid=1000(system) android.fg expire 5 lines
06-15 12:33:31.332  1161 15249 I chatty  : uid=1000(system) Binder:1161_1C expire 2 lines
06-15 12:33:31.408  1161  1210 I chatty  : uid=1000(system) android.display expire 19 lines
06-15 12:33:31.461  1161  1161 I chatty  : uid=1000 system_server expire 22 lines
06-15 12:33:31.465  1161 14643 I chatty  : uid=1000(system) Binder:1161_15 expire 3 lines
06-15 12:33:31.836  1161  1212 I chatty  : uid=1000(system) PowerManagerSer expire 27 lines
06-15 12:33:33.602  1161 14650 I chatty  : uid=1000(system) Binder:1161_1B expire 4 lines
06-15 12:33:33.604  1161  1853 I chatty  : uid=1000(system) CallAudioModeSt expire 10 lines
06-15 12:33:33.605  1161  1852 I chatty  : uid=1000(system) uteStateMachine expire 18 lines
06-15 12:33:34.161  1161 14512 I chatty  : uid=1000(system) Binder:1161_14 expire 17 lines
06-15 12:33:34.193  1161  1192 I chatty  : uid=1000(system) ActivityManager expire 8 lines
06-15 12:34:01.136  1161 14646 I chatty  : uid=1000(system) Binder:1161_18 expire 5 lines
06-15 12:34:01.137  1161  1540 I chatty  : uid=1000(system) ConnectivitySer expire 2 lines
06-15 12:35:12.096  1161 14649 I chatty  : uid=1000(system) Binder:1161_1A expire 1 line
06-15 12:35:12.127  1161 15251 I chatty  : uid=1000(system) Binder:1161_1E expire 1 line
06-15 12:35:16.508  1161  1190 I chatty  : uid=1000(system) android.bg expire 1 line
06-15 12:36:46.793  1161  2017 I chatty  : uid=1000(system) Binder:1161_8 expire 4 lines
06-15 12:37:21.120  1161 14644 I chatty  : uid=1000(system) Binder:1161_16 expire 2 lines
06-15 12:37:21.218  1161  5151 I chatty  : uid=1000(system) Binder:1161_11 expire 1 line
06-15 12:40:01.166  1161 15252 I chatty  : uid=1000(system) Binder:1161_1F expire 2 lines
06-15 12:40:01.184  1161  5152 I chatty  : uid=1000(system) Binder:1161_12 expire 1 line
06-15 12:40:42.273  1161  1880 I chatty  : uid=1000(system) Binder:1161_6 expire 2 lines
06-15 12:48:00.063  1161 14648 I chatty  : uid=1000(system) Binder:1161_19 expire 22 lines
06-15 12:48:01.283  1161  1818 I chatty  : uid=1000(system) Binder:1161_5 expire 2 lines
06-15 12:48:02.160  1161  2707 I chatty  : uid=1000(system) Binder:1161_B expire 1 line
06-15 12:48:07.180  1161 15253 I chatty  : uid=1000(system) Binder:1161_20 expire 2 lines
06-15 12:48:07.387  1161  2701 I chatty  : uid=1000(system) Binder:1161_9 expire 2 lines
06-15 12:48:10.176  1161  1193 I chatty  : uid=1000(system) android.ui expire 3 lines
06-15 12:48:13.217  1161  1526 I chatty  : uid=1000(system) InputDispatcher expire 1 line
06-15 12:48:15.626  1161 14645 I chatty  : uid=1000(system) Binder:1161_17 expire 2 lines
06-15 12:48:20.412  1161  2734 I chatty  : uid=1000(system) Binder:1161_10 expire 1 line
06-15 12:48:34.592  1161  1527 I chatty  : uid=1000(system) InputReader expire 1 line
06-15 12:48:36.298  1161  1180 I chatty  : uid=1000(system) Binder:1161_1 expire 1 line
06-15 12:48:36.439  1161  1881 I chatty  : uid=1000(system) Binder:1161_7 expire 1 line
06-15 12:53:11.233  1161  2705 I chatty  : uid=1000(system) Binder:1161_A expire 1 line
06-15 12:53:12.757  1161  1161 I chatty  : uid=1000 system_server expire 11 lines
06-15 12:53:13.078  1161  1192 I chatty  : uid=1000(system) ActivityManager expire 14 lines
06-15 12:53:13.435  1161  2720 I chatty  : uid=1000(system) Binder:1161_F expire 5 lines
06-15 12:53:16.019  1161  1212 I chatty  : uid=1000(system) PowerManagerSer expire 21 lines
06-15 12:53:18.467  1161  1526 I chatty  : uid=1000(system) InputDispatcher expire 1 line
06-15 12:53:22.127  1161  1880 I chatty  : uid=1000(system) Binder:1161_6 expire 4 lines
06-15 12:53:26.662  1161  1818 I chatty  : uid=1000(system) Binder:1161_5 expire 4 lines
06-15 12:54:57.696  1161  1210 I chatty  : uid=1000(system) android.display expire 4 lines
06-15 12:54:57.958  1161  1208 I chatty  : uid=1000(system) android.fg expire 3 lines
06-15 12:55:02.192  1161  1881 I chatty  : uid=1000(system) Binder:1161_7 expire 1 line
06-15 12:56:11.873  1161  5151 I chatty  : uid=1000(system) Binder:1161_11 expire 2 lines
06-15 12:57:25.547  1161 14650 I chatty  : uid=1000(system) Binder:1161_1B expire 3 lines
06-15 12:57:25.565  1161  2701 I chatty  : uid=1000(system) Binder:1161_9 expire 5 lines
06-15 12:57:25.594  1161  1549 I chatty  : uid=1000(system) Binder:1161_3 expire 3 lines
06-15 13:01:39.194  1161 14643 I chatty  : uid=1000(system) Binder:1161_15 expire 3 lines
06-15 13:01:39.206  1161 14649 I chatty  : uid=1000(system) Binder:1161_1A expire 3 lines
06-15 13:01:50.963  1161  1190 I chatty  : uid=1000(system) android.bg expire 11 lines
06-15 13:03:16.263  1161  2718 I chatty  : uid=1000(system) Binder:1161_D expire 2 lines
06-15 13:04:29.350  1161  2715 I chatty  : uid=1000(system) Binder:1161_C expire 3 lines
06-15 13:04:29.389  1161 14646 I chatty  : uid=1000(system) Binder:1161_18 expire 1 line
06-15 13:04:29.390  1161 14644 I chatty  : uid=1000(system) Binder:1161_16 expire 2 lines
06-15 13:04:29.392  1161  1540 I chatty  : uid=1000(system) ConnectivitySer expire 10 lines
06-15 13:07:39.294  1161  2719 I chatty  : uid=1000(system) Binder:1161_E expire 2 lines
06-15 13:08:45.094  1161  1533 I chatty  : uid=1000(system) NetworkPolicy expire 3 lines
06-15 13:08:45.103  1161 15249 I chatty  : uid=1000(system) Binder:1161_1C expire 4 lines
06-15 13:08:45.117  1161  1180 I chatty  : uid=1000(system) Binder:1161_1 expire 2 lines
06-15 13:08:45.323 10213 10213 W ActivityThread: Application com.tivophone.android.debug can be debugged on port 8100...
06-15 13:08:45.461  1161  1598 I chatty  : uid=1000(system) Binder:1161_4 expire 2 lines
06-15 13:08:45.687  1161  5152 I chatty  : uid=1000(system) Binder:1161_12 expire 2 lines
06-15 13:17:16.199  1161 14648 I chatty  : uid=1000(system) Binder:1161_19 expire 2 lines
06-15 13:17:16.642  1161 14645 I chatty  : uid=1000(system) Binder:1161_17 expire 2 lines
06-15 13:17:18.480  1161  1193 I chatty  : uid=1000(system) android.ui expire 1 line
06-15 13:19:12.366  1161  2734 I chatty  : uid=1000(system) Binder:1161_10 expire 3 lines
06-15 13:19:23.225  1161  2017 I chatty  : uid=1000(system) Binder:1161_8 expire 2 lines
06-15 13:19:38.621  1161  1212 I chatty  : uid=1000(system) PowerManagerSer expire 10 lines
06-15 13:44:02.833  1161  2707 I chatty  : uid=1000(system) Binder:1161_B expire 3 lines
06-15 13:49:24.229  1161 14512 I chatty  : uid=1000(system) Binder:1161_14 expire 3 lines
06-15 13:49:24.338  1161 15250 I chatty  : uid=1000(system) Binder:1161_1D expire 2 lines
06-15 13:49:24.681  1161 15253 I chatty  : uid=1000(system) Binder:1161_20 expire 2 lines
06-15 13:49:48.179  1161  2537 I chatty  : uid=1000(system) backup expire 31 lines
06-15 13:53:04.389  1161 15252 I chatty  : uid=1000(system) Binder:1161_1F expire 1 line
06-15 13:54:16.994  1161  1181 I chatty  : uid=1000(system) Binder:1161_2 expire 1 line
06-15 13:54:21.471  1161 10439 I chatty  : uid=1000(system) Binder:1161_13 expire 3 lines
06-15 13:54:29.695  1161  1192 I chatty  : uid=1000(system) ActivityManager expire 11 lines
06-15 13:54:35.924  1161  1212 I chatty  : uid=1000(system) PowerManagerSer expire 36 lines
06-15 13:54:44.342  1161  1818 I chatty  : uid=1000(system) Binder:1161_5 expire 5 lines
06-15 13:54:44.425  1161  2718 I chatty  : uid=1000(system) Binder:1161_D expire 2 lines
06-15 13:54:44.438  1161  1549 I chatty  : uid=1000(system) Binder:1161_3 expire 2 lines
06-15 13:54:46.399  1161  1225 I chatty  : uid=1000(system) PackageManager expire 10 lines
06-15 13:54:48.167 11901 11901 W ContextImpl: Calling a method in the system process without a qualified user: android.app.ContextImpl.startService:1357 android.content.ContextWrapper.startService:613 android.content.ContextWrapper.startService:613 com.android.keychain.KeyChainBroadcastReceiver.onReceive:12 android.app.ActivityThread.handleReceiver:3041 
06-15 13:54:48.212  1161 14644 I chatty  : uid=1000(system) Binder:1161_16 expire 2 lines
06-15 13:54:48.233  1161 15249 I chatty  : uid=1000(system) Binder:1161_1C expire 1 line
06-15 13:54:48.263  1161 15252 I chatty  : uid=1000(system) Binder:1161_1F expire 2 lines
06-15 13:54:48.438  1161  1161 I chatty  : uid=1000 system_server expire 18 lines
06-15 13:54:48.763  1161  5151 I chatty  : uid=1000(system) Binder:1161_11 expire 3 lines
06-15 13:54:48.924  1161  1190 I chatty  : uid=1000(system) android.bg expire 1 line
06-15 13:54:54.017  1161 15250 I chatty  : uid=1000(system) Binder:1161_1D expire 2 lines
06-15 13:54:54.098  1161  1181 I chatty  : uid=1000(system) Binder:1161_2 expire 3 lines
06-15 13:54:54.102  1161  1540 I chatty  : uid=1000(system) ConnectivitySer expire 14 lines
06-15 13:54:55.754  1161  2705 I chatty  : uid=1000(system) Binder:1161_A expire 2 lines
06-15 13:54:55.845  1161 15251 I chatty  : uid=1000(system) Binder:1161_1E expire 5 lines
06-15 13:54:56.672  1161  1880 I chatty  : uid=1000(system) Binder:1161_6 expire 4 lines
06-15 13:55:03.744  1161  1526 I chatty  : uid=1000(system) InputDispatcher expire 1 line
06-15 13:55:04.148  1161 14648 I chatty  : uid=1000(system) Binder:1161_19 expire 1 line
06-15 13:55:07.402  1161  2701 I chatty  : uid=1000(system) Binder:1161_9 expire 2 lines
06-15 13:55:07.443  1161 14650 I chatty  : uid=1000(system) Binder:1161_1B expire 1 line
06-15 13:55:14.002  1161  1180 I chatty  : uid=1000(system) Binder:1161_1 expire 3 lines
06-15 13:56:23.095  1161  1211 I chatty  : uid=1000(system) CpuTracker expire 1 line
--------- beginning of crash
06-15 13:57:33.434 12168 12168 E AndroidRuntime: FATAL EXCEPTION: main
06-15 13:57:33.434 12168 12168 E AndroidRuntime: Process: com.samsung.mygallery.app, PID: 12168
06-15 13:57:33.434 12168 12168 E AndroidRuntime: android.content.ActivityNotFoundException: Unable to find explicit activity class {com.samsung.mygallery.app/com.samsung.mygallery.app.ui.AlbumActivity}; have you declared this activity in your AndroidManifest.xml?
06-15 13:57:33.434 12168 12168 E AndroidRuntime: 	at android.app.Instrumentation.checkStartActivityResult(Instrumentation.java:1805)
06-15 13:57:33.434 12168 12168 E AndroidRuntime: 	at android.app.Instrumentation.execStartActivity(Instrumentation.java:1523)
06-15 13:57:33.434 12168 12168 E AndroidRuntime: 	at android.app.Activity.startActivityForResult(Activity.java:4228)
06-15 13:57:33.434 12168 12168 E AndroidRuntime: 	at android.support.v4.app.BaseFragmentActivityJB.startActivityForResult(BaseFragmentActivityJB.java:54)
06-15 13:57:33.434 12168 12168 E AndroidRuntime: 	at android.support.v4.app.FragmentActivity.startActivityForResult(FragmentActivity.java:75)
06-15 13:57:33.434 12168 12168 E AndroidRuntime: 	at android.app.Activity.startActivityForResult(Activity.java:4186)
06-15 13:57:33.434 12168 12168 E AndroidRuntime: 	at android.support.v4.app.FragmentActivity.startActivityForResult(FragmentActivity.java:708)
06-15 13:57:33.434 12168 12168 E AndroidRuntime: 	at android.app.Activity.startActivity(Activity.java:4525)
06-15 13:57:33.434 12168 12168 E AndroidRuntime: 	at android.app.Activity.startActivity(Activity.java:4493)
06-15 13:57:33.434 12168 12168 E AndroidRuntime: 	at com.samsung.mygallery.app.ui.MainGalleryAdapter$MyViewHolder.onClick(MainGalleryAdapter.java:69)
06-15 13:57:33.434 12168 12168 E AndroidRuntime: 	at android.view.View.performClick(View.java:5637)
06-15 13:57:33.434 12168 12168 E AndroidRuntime: 	at android.view.View$PerformClick.run(View.java:22429)
06-15 13:57:33.434 12168 12168 E AndroidRuntime: 	at android.os.Handler.handleCallback(Handler.java:751)
06-15 13:57:33.434 12168 12168 E AndroidRuntime: 	at android.os.Handler.dispatchMessage(Handler.java:95)
06-15 13:57:33.434 12168 12168 E AndroidRuntime: 	at android.os.Looper.loop(Looper.java:154)
06-15 13:57:33.434 12168 12168 E AndroidRuntime: 	at android.app.ActivityThread.main(ActivityThread.java:6121)
06-15 13:57:33.434 12168 12168 E AndroidRuntime: 	at java.lang.reflect.Method.invoke(Native Method)
06-15 13:57:33.434 12168 12168 E AndroidRuntime: 	at com.android.internal.os.ZygoteInit$MethodAndArgsCaller.run(ZygoteInit.java:889)
06-15 13:57:33.434 12168 12168 E AndroidRuntime: 	at com.android.internal.os.ZygoteInit.main(ZygoteInit.java:779)
06-15 13:57:33.438  1161  2707 I chatty  : uid=1000(system) Binder:1161_B expire 4 lines
06-15 13:57:40.711  1161  1210 I chatty  : uid=1000(system) android.display expire 1 line
06-15 13:58:46.213  1161  1546 I chatty  : uid=1000(system) onProviders.ECP expire 1 line
06-15 13:58:47.605  1161  2017 I chatty  : uid=1000(system) Binder:1161_8 expire 3 lines
06-15 13:58:47.689  1161 14512 I chatty  : uid=1000(system) Binder:1161_14 expire 1 line
06-15 13:58:47.966  1161  1598 I chatty  : uid=1000(system) Binder:1161_4 expire 1 line
06-15 13:58:48.005  1161 14643 I chatty  : uid=1000(system) Binder:1161_15 expire 1 line
06-15 13:58:48.374  1161  1208 I chatty  : uid=1000(system) android.fg expire 10 lines
06-15 13:59:00.190   677  1231 D NetlinkEvent: Unknown ifindex 48 in RTM_DELADDR
06-15 13:59:00.322  1161  1540 I chatty  : uid=1000(system) ConnectivitySer expire 11 lines
06-15 13:59:10.300  1161  1881 I chatty  : uid=1000(system) Binder:1161_7 expire 1 line
06-15 13:59:20.242  1161 15253 I chatty  : uid=1000(system) Binder:1161_20 expire 1 line
06-15 13:59:47.999  1161 14646 I chatty  : uid=1000(system) Binder:1161_18 expire 1 line
06-15 14:01:08.127  1161  1212 I chatty  : uid=1000(system) PowerManagerSer expire 10 lines
06-15 14:01:35.013  1161  1161 I chatty  : uid=1000 system_server expire 24 lines
06-15 14:01:35.145  1161  1540 I chatty  : uid=1000(system) ConnectivitySer expire 19 lines
06-15 14:01:35.189   677  1231 D NetlinkEvent: Unknown ifindex 49 in RTM_DELADDR
06-15 14:01:35.192  1161  1208 I chatty  : uid=1000(system) android.fg expire 16 lines
06-15 14:01:50.114  1161  1192 I chatty  : uid=1000(system) ActivityManager expire 3 lines
06-15 14:01:57.957  1161 14643 I chatty  : uid=1000(system) Binder:1161_15 expire 1 line
06-15 14:01:58.094  1161 14646 I chatty  : uid=1000(system) Binder:1161_18 expire 1 line
06-15 14:03:28.971  1161  1212 I chatty  : uid=1000(system) PowerManagerSer expire 4 lines
06-15 14:03:30.247   677  1231 D NetlinkEvent: Unknown ifindex 50 in RTM_DELADDR
06-15 14:03:37.086  1161  1161 I chatty  : uid=1000 system_server expire 20 lines
06-15 14:03:37.277  1161  1540 I chatty  : uid=1000(system) ConnectivitySer expire 24 lines
06-15 14:03:37.989  1161  2705 I chatty  : uid=1000(system) Binder:1161_A expire 1 line
06-15 14:03:38.150  1161 14512 I chatty  : uid=1000(system) Binder:1161_14 expire 1 line
06-15 14:03:43.323   677 13300 W SocketClient: write error (Broken pipe)
06-15 14:04:46.909  1161  2719 I chatty  : uid=1000(system) Binder:1161_E expire 1 line
06-15 14:04:47.021  1161 14648 I chatty  : uid=1000(system) Binder:1161_19 expire 1 line
06-15 14:04:50.139   677  1231 D NetlinkEvent: Unknown ifindex 51 in RTM_DELADDR
06-15 14:04:50.149  1161  1208 I chatty  : uid=1000(system) android.fg expire 14 lines
06-15 14:04:50.210  1161  1161 I chatty  : uid=1000 system_server expire 28 lines
06-15 14:04:50.282  1161  1540 I chatty  : uid=1000(system) ConnectivitySer expire 13 lines
06-15 14:05:11.784  1161  2017 I chatty  : uid=1000(system) Binder:1161_8 expire 1 line
06-15 14:05:11.871  1161  1549 I chatty  : uid=1000(system) Binder:1161_3 expire 1 line
06-15 14:05:34.244   677  1231 D NetlinkEvent: Unknown ifindex 52 in RTM_DELADDR
06-15 14:05:34.339  1161  1540 I chatty  : uid=1000(system) ConnectivitySer expire 10 lines
06-15 14:05:50.087  1161  1161 I chatty  : uid=1000 system_server expire 11 lines
06-15 14:05:50.732  1161  5152 I chatty  : uid=1000(system) Binder:1161_12 expire 1 line
06-15 14:05:50.842  1161  2734 I chatty  : uid=1000(system) Binder:1161_10 expire 2 lines
06-15 14:05:53.084  1161  1540 I chatty  : uid=1000(system) ConnectivitySer expire 17 lines
06-15 14:05:53.102  1161  1161 I chatty  : uid=1000 system_server expire 21 lines
06-15 14:05:53.140   677  1231 D NetlinkEvent: Unknown ifindex 53 in RTM_DELADDR
06-15 14:05:53.149  1161  1208 I chatty  : uid=1000(system) android.fg expire 14 lines
06-15 14:06:04.531  1161  1524 I chatty  : uid=1000(system) AlarmManager expire 1 line
06-15 14:06:13.181  1161 15249 I chatty  : uid=1000(system) Binder:1161_1C expire 2 lines
06-15 14:06:13.241  1161 14644 I chatty  : uid=1000(system) Binder:1161_16 expire 2 lines
06-15 14:06:22.831  1161  2718 I chatty  : uid=1000(system) Binder:1161_D expire 1 line
06-15 14:06:52.765  1161  2701 I chatty  : uid=1000(system) Binder:1161_9 expire 2 lines
06-15 14:06:58.174   677 14101 W SocketClient: write error (Broken pipe)
06-15 14:07:05.115  1161 14650 I chatty  : uid=1000(system) Binder:1161_1B expire 1 line
06-15 14:07:10.268  1161  2719 I chatty  : uid=1000(system) Binder:1161_E expire 1 line
06-15 14:07:10.269  1161  1540 I chatty  : uid=1000(system) ConnectivitySer expire 17 lines
06-15 14:07:33.747  1161  1881 I chatty  : uid=1000(system) Binder:1161_7 expire 1 line
06-15 14:07:33.802  1161 14648 I chatty  : uid=1000(system) Binder:1161_19 expire 1 line
06-15 14:07:40.820  1161  1818 I chatty  : uid=1000(system) Binder:1161_5 expire 1 line
06-15 14:08:01.827  1161  1598 I chatty  : uid=1000(system) Binder:1161_4 expire 1 line
06-15 14:08:01.958  1161 14643 I chatty  : uid=1000(system) Binder:1161_15 expire 1 line
06-15 14:08:03.089  1161  1161 I chatty  : uid=1000 system_server expire 16 lines
06-15 14:08:06.331   677 14314 W SocketClient: write error (Broken pipe)
06-15 14:09:01.147  1161  1540 I chatty  : uid=1000(system) ConnectivitySer expire 12 lines
06-15 14:09:01.930  1161  2017 I chatty  : uid=1000(system) Binder:1161_8 expire 1 line
06-15 14:09:24.035  1161  1190 I chatty  : uid=1000(system) android.bg expire 1 line
06-15 14:09:51.201   677  1231 D NetlinkEvent: Unknown ifindex 54 in RTM_DELADDR
06-15 14:09:51.208  1161  1208 I chatty  : uid=1000(system) android.fg expire 6 lines
06-15 14:09:51.331  1161  1540 I chatty  : uid=1000(system) ConnectivitySer expire 15 lines
06-15 14:09:52.321  1161  1192 I chatty  : uid=1000(system) ActivityManager expire 2 lines
06-15 14:10:18.068  1161  1161 I chatty  : uid=1000 system_server expire 40 lines
06-15 14:10:19.691  1161  1181 I chatty  : uid=1000(system) Binder:1161_2 expire 1 line
06-15 14:10:19.845  1161 15251 I chatty  : uid=1000(system) Binder:1161_1E expire 1 line
06-15 14:10:24.333   677 14679 W SocketClient: write error (Broken pipe)
06-15 14:10:27.149  1161  1540 I chatty  : uid=1000(system) ConnectivitySer expire 11 lines
06-15 14:10:33.190  1161 15252 I chatty  : uid=1000(system) Binder:1161_1F expire 1 line
06-15 14:10:35.265  1161  1540 I chatty  : uid=1000(system) ConnectivitySer expire 14 lines
06-15 14:10:37.992   677 14841 W SocketClient: write error (Broken pipe)
06-15 14:12:08.077  1161  1161 I chatty  : uid=1000 system_server expire 48 lines
06-15 14:12:09.839  1161  2017 I chatty  : uid=1000(system) Binder:1161_8 expire 1 line
06-15 14:12:10.119  1161 14649 I chatty  : uid=1000(system) Binder:1161_1A expire 1 line
06-15 14:12:14.649   677 15021 W SocketClient: write error (Broken pipe)
06-15 14:12:20.569  1161  1540 I chatty  : uid=1000(system) ConnectivitySer expire 13 lines
06-15 14:13:01.991  1161  1880 I chatty  : uid=1000(system) Binder:1161_6 expire 2 lines
06-15 14:13:02.281  1161  2701 I chatty  : uid=1000(system) Binder:1161_9 expire 1 line
06-15 14:13:21.532   677 15191 W SocketClient: write error (Broken pipe)
06-15 14:13:49.565  1161  1540 I chatty  : uid=1000(system) ConnectivitySer expire 12 lines
06-15 14:15:10.070  1161  1161 I chatty  : uid=1000 system_server expire 16 lines
06-15 14:15:11.821  1161  1881 I chatty  : uid=1000(system) Binder:1161_7 expire 1 line
06-15 14:15:12.153  1161  1208 I chatty  : uid=1000(system) android.fg expire 20 lines
06-15 14:15:31.173   677  1231 D NetlinkEvent: Unknown ifindex 55 in RTM_DELADDR
06-15 14:15:31.180  1161  1208 I chatty  : uid=1000(system) android.fg expire 10 lines
06-15 14:15:31.280  1161  1540 I chatty  : uid=1000(system) ConnectivitySer expire 15 lines
06-15 14:16:04.845  1161 15251 I chatty  : uid=1000(system) Binder:1161_1E expire 1 line
06-15 14:16:04.968  1161 14643 I chatty  : uid=1000(system) Binder:1161_15 expire 1 line
06-15 14:16:09.214   677 15602 W SocketClient: write error (Broken pipe)
06-15 14:16:14.090  1161  1161 I chatty  : uid=1000 system_server expire 24 lines
06-15 14:16:15.229  1161  1540 I chatty  : uid=1000(system) ConnectivitySer expire 13 lines
06-15 14:16:15.760  1161  2734 I chatty  : uid=1000(system) Binder:1161_10 expire 1 line
06-15 14:16:15.888  1161  5152 I chatty  : uid=1000(system) Binder:1161_12 expire 4 lines
06-15 14:16:20.043   677 15734 W SocketClient: write error (Broken pipe)
06-15 14:16:55.110  1161  1161 I chatty  : uid=1000 system_server expire 24 lines
06-15 14:16:55.202  1161  1540 I chatty  : uid=1000(system) ConnectivitySer expire 12 lines
06-15 14:16:55.989  1161 15251 I chatty  : uid=1000(system) Binder:1161_1E expire 1 line
06-15 14:16:56.186  1161 15249 I chatty  : uid=1000(system) Binder:1161_1C expire 1 line
06-15 14:17:16.300   677 15925 W SocketClient: write error (Broken pipe)
06-15 14:18:02.112  1161  1540 I chatty  : uid=1000(system) ConnectivitySer expire 13 lines
06-15 14:18:03.348  1161  2715 I chatty  : uid=1000(system) Binder:1161_C expire 1 line
06-15 14:18:03.538  1161 14645 I chatty  : uid=1000(system) Binder:1161_17 expire 3 lines
06-15 14:18:38.818   677 16063 W SocketClient: write error (Broken pipe)
06-15 14:18:39.836  1161  1540 I chatty  : uid=1000(system) ConnectivitySer expire 13 lines
06-15 14:20:14.913  1161  1549 I chatty  : uid=1000(system) Binder:1161_3 expire 1 line
06-15 14:20:15.117  1161 14643 I chatty  : uid=1000(system) Binder:1161_15 expire 1 line
06-15 14:20:15.430  1161  1208 I chatty  : uid=1000(system) android.fg expire 20 lines
06-15 14:20:48.189   677  1231 D NetlinkEvent: Unknown ifindex 56 in RTM_DELADDR
06-15 14:20:48.206  1161  1208 I chatty  : uid=1000(system) android.fg expire 10 lines
06-15 14:20:48.345  1161  1540 I chatty  : uid=1000(system) ConnectivitySer expire 14 lines
06-15 14:21:53.984  1161  2720 I chatty  : uid=1000(system) Binder:1161_F expire 2 lines
06-15 14:22:08.225  1161  1192 I chatty  : uid=1000(system) ActivityManager expire 2 lines
06-15 14:22:13.984   677 16426 W SocketClient: write error (Broken pipe)
06-15 14:23:42.099  1161  1161 I chatty  : uid=1000 system_server expire 28 lines
06-15 14:23:42.258  1161  1540 I chatty  : uid=1000(system) ConnectivitySer expire 25 lines
06-15 14:23:42.977  1161  1598 I chatty  : uid=1000(system) Binder:1161_4 expire 2 lines
06-15 14:23:47.725   677 16632 W SocketClient: write error (Broken pipe)
06-15 14:25:00.151  1161 14650 I chatty  : uid=1000(system) Binder:1161_1B expire 1 line
06-15 14:25:00.179  1161 15252 I chatty  : uid=1000(system) Binder:1161_1F expire 1 line
06-15 14:25:11.986  1161 10439 I chatty  : uid=1000(system) Binder:1161_13 expire 1 line
06-15 14:25:17.321   677 16802 W SocketClient: write error (Broken pipe)
06-15 14:25:37.094  1161  1161 I chatty  : uid=1000 system_server expire 12 lines
06-15 14:25:37.245  1161  1540 I chatty  : uid=1000(system) ConnectivitySer expire 15 lines
06-15 14:25:39.094  1161  1161 I chatty  : uid=1000 system_server expire 32 lines
06-15 14:25:42.672   677 16906 W SocketClient: write error (Broken pipe)
06-15 14:25:51.506  1161  1192 I chatty  : uid=1000(system) ActivityManager expire 3 lines
06-15 14:26:00.562  1161  1190 I chatty  : uid=1000(system) android.bg expire 4 lines
06-15 14:26:00.704  1161  1533 I chatty  : uid=1000(system) NetworkPolicy expire 1 line
06-15 14:26:00.710  1161 14644 I chatty  : uid=1000(system) Binder:1161_16 expire 1 line
06-15 14:26:00.715  1161  5152 I chatty  : uid=1000(system) Binder:1161_12 expire 3 lines
06-15 14:26:00.844  1161  1549 I chatty  : uid=1000(system) Binder:1161_3 expire 1 line
06-15 14:26:01.411  1161  2701 I chatty  : uid=1000(system) Binder:1161_9 expire 1 line
06-15 14:26:01.487 17092 17092 W ActivityThread: Application com.tivophone.android.debug can be debugged on port 8100...
06-15 14:26:01.872  1161  2705 I chatty  : uid=1000(system) Binder:1161_A expire 1 line
06-15 14:26:38.192  1161  1540 I chatty  : uid=1000(system) ConnectivitySer expire 32 lines
06-15 14:26:38.712  1161  5151 I chatty  : uid=1000(system) Binder:1161_11 expire 1 line
06-15 14:26:38.869  1161  2734 I chatty  : uid=1000(system) Binder:1161_10 expire 1 line
06-15 14:26:43.243   677 17247 W SocketClient: write error (Broken pipe)
06-15 14:26:53.932  1161 14646 I chatty  : uid=1000(system) Binder:1161_18 expire 1 line
06-15 14:26:55.284  1161  2715 I chatty  : uid=1000(system) Binder:1161_C expire 1 line
06-15 14:26:58.760   677 17415 W SocketClient: write error (Broken pipe)
06-15 14:27:00.351   677 17457 W SocketClient: write error (Broken pipe)
06-15 14:27:59.067  1161  1161 I chatty  : uid=1000 system_server expire 32 lines
06-15 14:27:59.171  1161  1540 I chatty  : uid=1000(system) ConnectivitySer expire 24 lines
06-15 14:27:59.835  1161 10439 I chatty  : uid=1000(system) Binder:1161_13 expire 1 line
06-15 14:27:59.955  1161  1180 I chatty  : uid=1000(system) Binder:1161_1 expire 1 line
06-15 14:28:04.344   677 17593 W SocketClient: write error (Broken pipe)
06-15 14:28:52.805  1161  1195 I chatty  : uid=1000(system) batterystats-sy expire 1 line
06-15 14:30:30.786  1161  2718 I chatty  : uid=1000(system) Binder:1161_D expire 1 line
06-15 14:30:31.008  1161 14648 I chatty  : uid=1000(system) Binder:1161_19 expire 1 line
06-15 14:30:31.151  1161  1208 I chatty  : uid=1000(system) android.fg expire 47 lines
06-15 14:30:34.226   677  1231 D NetlinkEvent: Unknown ifindex 57 in RTM_DELADDR
06-15 14:30:34.345  1161  1540 I chatty  : uid=1000(system) ConnectivitySer expire 13 lines
06-15 14:30:34.353  1161  1208 I chatty  : uid=1000(system) android.fg expire 11 lines
06-15 14:30:44.402  1161  1192 I chatty  : uid=1000(system) ActivityManager expire 5 lines
06-15 14:31:15.071  1161  1161 I chatty  : uid=1000 system_server expire 16 lines
06-15 14:31:15.902  1161  1818 I chatty  : uid=1000(system) Binder:1161_5 expire 1 line
06-15 14:31:16.020  1161  1180 I chatty  : uid=1000(system) Binder:1161_1 expire 1 line
06-15 14:36:40.228   677  1231 D NetlinkEvent: Unknown ifindex 58 in RTM_DELADDR
06-15 14:36:40.233  1161  1208 I chatty  : uid=1000(system) android.fg expire 12 lines
06-15 14:36:40.334  1161  1540 I chatty  : uid=1000(system) ConnectivitySer expire 13 lines
06-15 14:36:56.104  1161  1161 I chatty  : uid=1000 system_server expire 16 lines
06-15 14:36:56.792  1161 14646 I chatty  : uid=1000(system) Binder:1161_18 expire 1 line
06-15 14:36:56.967  1161  1598 I chatty  : uid=1000(system) Binder:1161_4 expire 1 line
06-15 14:37:42.182  1161 14650 I chatty  : uid=1000(system) Binder:1161_1B expire 1 line
06-15 14:37:42.257   677  1231 D NetlinkEvent: Unknown ifindex 59 in RTM_DELADDR
06-15 14:37:42.378  1161  1540 I chatty  : uid=1000(system) ConnectivitySer expire 13 lines
06-15 14:38:07.070  1161  1161 I chatty  : uid=1000 system_server expire 16 lines
06-15 14:38:08.855  1161 14649 I chatty  : uid=1000(system) Binder:1161_1A expire 1 line
06-15 14:38:09.010  1161  1549 I chatty  : uid=1000(system) Binder:1161_3 expire 1 line
06-15 14:40:39.199   677  1231 D NetlinkEvent: Unknown ifindex 60 in RTM_DELADDR
06-15 14:40:39.204  1161  1208 I chatty  : uid=1000(system) android.fg expire 10 lines
06-15 14:40:39.341  1161  1540 I chatty  : uid=1000(system) ConnectivitySer expire 12 lines
06-15 14:40:55.071  1161  1161 I chatty  : uid=1000 system_server expire 16 lines
06-15 14:40:55.921  1161 14512 I chatty  : uid=1000(system) Binder:1161_14 expire 1 line
06-15 14:40:56.060  1161 14648 I chatty  : uid=1000(system) Binder:1161_19 expire 1 line
06-15 14:41:00.415   677 18709 W SocketClient: write error (Broken pipe)
06-15 14:41:13.798  1161  1540 I chatty  : uid=1000(system) ConnectivitySer expire 15 lines
06-15 14:41:53.998  1161  1190 I chatty  : uid=1000(system) android.bg expire 1 line
06-15 14:41:54.010  1161  1533 I chatty  : uid=1000(system) NetworkPolicy expire 1 line
06-15 14:42:47.368  1161  1181 I chatty  : uid=1000(system) Binder:1161_2 expire 1 line
06-15 14:42:47.606  1161 15253 I chatty  : uid=1000(system) Binder:1161_20 expire 1 line
06-15 14:42:50.195   677  1231 D NetlinkEvent: Unknown ifindex 61 in RTM_DELADDR
06-15 14:42:50.205  1161  1208 I chatty  : uid=1000(system) android.fg expire 10 lines
06-15 14:42:50.368  1161  1540 I chatty  : uid=1000(system) ConnectivitySer expire 12 lines
06-15 14:43:05.837  1161 14644 I chatty  : uid=1000(system) Binder:1161_16 expire 1 line
06-15 14:43:05.984  1161 15252 I chatty  : uid=1000(system) Binder:1161_1F expire 1 line
06-15 14:43:09.228   677  1231 D NetlinkEvent: Unknown ifindex 62 in RTM_DELADDR
06-15 14:43:09.425  1161  1540 I chatty  : uid=1000(system) ConnectivitySer expire 13 lines
06-15 14:43:58.107  1161  1161 I chatty  : uid=1000 system_server expire 16 lines
06-15 14:43:58.881  1161 14512 I chatty  : uid=1000(system) Binder:1161_14 expire 1 line
06-15 14:43:59.126  1161  1881 I chatty  : uid=1000(system) Binder:1161_7 expire 2 lines
06-15 14:44:13.217  1161  1192 I chatty  : uid=1000(system) ActivityManager expire 4 lines
06-15 14:44:19.436   677 19264 W SocketClient: write error (Broken pipe)
06-15 14:44:28.986  1161 15249 I chatty  : uid=1000(system) Binder:1161_1C expire 1 line
06-15 14:44:29.231  1161  1180 I chatty  : uid=1000(system) Binder:1161_1 expire 1 line
06-15 14:45:07.401  1161  1540 I chatty  : uid=1000(system) ConnectivitySer expire 23 lines
06-15 14:46:20.055  1161  1161 I chatty  : uid=1000 system_server expire 24 lines
06-15 14:46:20.900  1161 15253 I chatty  : uid=1000(system) Binder:1161_20 expire 1 line
06-15 14:47:08.353  1161  5151 I chatty  : uid=1000(system) Binder:1161_11 expire 1 line
06-15 14:47:10.666   677 19496 W SocketClient: write error (Broken pipe)
06-15 14:47:13.415   677 19571 W SocketClient: write error (Broken pipe)
06-15 14:50:29.190  1161  1540 I chatty  : uid=1000(system) ConnectivitySer expire 24 lines
06-15 14:50:29.746  1161  1190 I chatty  : uid=1000(system) android.bg expire 2 lines
06-15 14:50:30.381  1161  2017 I chatty  : uid=1000(system) Binder:1161_8 expire 1 line
06-15 14:50:30.546  1161  2705 I chatty  : uid=1000(system) Binder:1161_A expire 1 line
06-15 14:50:30.753  1161  1208 I chatty  : uid=1000(system) android.fg expire 28 lines
06-15 14:50:33.171   677  1231 D NetlinkEvent: Unknown ifindex 63 in RTM_DELADDR
06-15 14:50:42.905  1161  1181 I chatty  : uid=1000(system) Binder:1161_2 expire 1 line
06-15 14:50:43.121  1161  2718 I chatty  : uid=1000(system) Binder:1161_D expire 1 line
06-15 14:50:57.105  1161  1161 I chatty  : uid=1000 system_server expire 32 lines
06-15 14:50:57.180   677  1231 D NetlinkEvent: Unknown ifindex 64 in RTM_DELADDR
06-15 14:50:57.188  1161  1208 I chatty  : uid=1000(system) android.fg expire 8 lines
06-15 14:50:57.331  1161  1540 I chatty  : uid=1000(system) ConnectivitySer expire 13 lines
06-15 14:51:31.938  1161 14650 I chatty  : uid=1000(system) Binder:1161_1B expire 1 line
06-15 14:51:32.185  1161 10439 I chatty  : uid=1000(system) Binder:1161_13 expire 1 line
06-15 14:51:42.231   677  1231 D NetlinkEvent: Unknown ifindex 65 in RTM_DELADDR
06-15 14:51:42.352  1161  1540 I chatty  : uid=1000(system) ConnectivitySer expire 2 lines
06-15 14:52:29.130  1161  1161 I chatty  : uid=1000 system_server expire 41 lines
06-15 14:52:30.314  1161  1540 I chatty  : uid=1000(system) ConnectivitySer expire 26 lines
06-15 14:52:30.953  1161  2017 I chatty  : uid=1000(system) Binder:1161_8 expire 2 lines
06-15 14:52:31.121  1161  1818 I chatty  : uid=1000(system) Binder:1161_5 expire 3 lines
06-15 14:52:35.533   677 20367 W SocketClient: write error (Broken pipe)
06-15 14:53:00.037  1161  2719 I chatty  : uid=1000(system) Binder:1161_E expire 2 lines
06-15 14:54:21.830  1161 14645 I chatty  : uid=1000(system) Binder:1161_17 expire 2 lines
06-15 14:54:21.941  1161  2720 I chatty  : uid=1000(system) Binder:1161_F expire 2 lines
06-15 14:54:22.073  1161  1208 I chatty  : uid=1000(system) android.fg expire 12 lines
06-15 14:56:09.122  1161  1193 I chatty  : uid=1000(system) android.ui expire 2 lines
06-15 14:56:09.450  1161  1210 I chatty  : uid=1000(system) android.display expire 2 lines
06-15 14:56:13.234   677  1231 D NetlinkEvent: Unknown ifindex 66 in RTM_DELADDR
06-15 14:56:13.691  1161  1212 I chatty  : uid=1000(system) PowerManagerSer expire 12 lines
06-15 14:56:15.538  1161  1540 I chatty  : uid=1000(system) ConnectivitySer expire 11 lines
06-15 14:56:28.097  1161  1192 I chatty  : uid=1000(system) ActivityManager expire 23 lines
06-15 14:56:31.430  1161  1190 I chatty  : uid=1000(system) android.bg expire 10 lines
06-15 14:56:31.660  1161  1533 I chatty  : uid=1000(system) NetworkPolicy expire 4 lines
06-15 14:56:43.197  1161 14648 I chatty  : uid=1000(system) Binder:1161_19 expire 4 lines
06-15 14:56:43.197  1161 14512 I chatty  : uid=1000(system) Binder:1161_14 expire 2 lines
06-15 14:57:09.597  1161  1195 I chatty  : uid=1000(system) batterystats-sy expire 1 line
06-15 14:57:13.484  1161  2705 I chatty  : uid=1000(system) Binder:1161_A expire 2 lines
06-15 15:06:53.123  1161  1180 I chatty  : uid=1000(system) Binder:1161_1 expire 1 line
06-15 15:06:59.916  1161  2734 I chatty  : uid=1000(system) Binder:1161_10 expire 2 lines
06-15 15:14:33.276  1161  1598 I chatty  : uid=1000(system) Binder:1161_4 expire 2 lines
06-15 15:16:20.435  1161  5152 I chatty  : uid=1000(system) Binder:1161_12 expire 2 lines
06-15 15:16:20.470  1161  1881 I chatty  : uid=1000(system) Binder:1161_7 expire 2 lines
06-15 15:26:27.195  1161  2701 I chatty  : uid=1000(system) Binder:1161_9 expire 6 lines
06-15 15:26:27.305  1161 15253 I chatty  : uid=1000(system) Binder:1161_20 expire 1 line
06-15 15:26:27.327  1161  1880 I chatty  : uid=1000(system) Binder:1161_6 expire 3 lines
06-15 15:27:00.012  1161  1161 I chatty  : uid=1000 system_server expire 13 lines
06-15 16:00:46.537  1161  1225 I chatty  : uid=1000(system) PackageManager expire 10 lines
06-15 16:00:48.165 24938 24938 W ContextImpl: Calling a method in the system process without a qualified user: android.app.ContextImpl.startService:1357 android.content.ContextWrapper.startService:613 android.content.ContextWrapper.startService:613 com.android.keychain.KeyChainBroadcastReceiver.onReceive:12 android.app.ActivityThread.handleReceiver:3041 
06-15 16:00:48.210  1161  1549 I chatty  : uid=1000(system) Binder:1161_3 expire 2 lines
06-15 16:00:48.286  1161 15250 I chatty  : uid=1000(system) Binder:1161_1D expire 1 line
06-15 16:00:48.503  1161 15249 I chatty  : uid=1000(system) Binder:1161_1C expire 3 lines
06-15 16:00:48.724  1161 15252 I chatty  : uid=1000(system) Binder:1161_1F expire 1 line
06-15 16:00:48.865  1161 14644 I chatty  : uid=1000(system) Binder:1161_16 expire 1 line
06-15 16:00:49.889  1161  2715 I chatty  : uid=1000(system) Binder:1161_C expire 1 line
06-15 16:00:50.938  1161 10439 I chatty  : uid=1000(system) Binder:1161_13 expire 1 line
06-15 16:00:52.818 25251 25251 E AndroidRuntime: FATAL EXCEPTION: main
06-15 16:00:52.818 25251 25251 E AndroidRuntime: Process: com.samsung.mygallery.app, PID: 25251
06-15 16:00:52.818 25251 25251 E AndroidRuntime: android.content.ActivityNotFoundException: Unable to find explicit activity class {com.samsung.mygallery.app/com.samsung.mygallery.app.ui.AlbumActivity}; have you declared this activity in your AndroidManifest.xml?
06-15 16:00:52.818 25251 25251 E AndroidRuntime: 	at android.app.Instrumentation.checkStartActivityResult(Instrumentation.java:1805)
06-15 16:00:52.818 25251 25251 E AndroidRuntime: 	at android.app.Instrumentation.execStartActivity(Instrumentation.java:1523)
06-15 16:00:52.818 25251 25251 E AndroidRuntime: 	at android.app.Activity.startActivityForResult(Activity.java:4228)
06-15 16:00:52.818 25251 25251 E AndroidRuntime: 	at android.support.v4.app.BaseFragmentActivityJB.startActivityForResult(BaseFragmentActivityJB.java:54)
06-15 16:00:52.818 25251 25251 E AndroidRuntime: 	at android.support.v4.app.FragmentActivity.startActivityForResult(FragmentActivity.java:75)
06-15 16:00:52.818 25251 25251 E AndroidRuntime: 	at android.app.Activity.startActivityForResult(Activity.java:4186)
06-15 16:00:52.818 25251 25251 E AndroidRuntime: 	at android.support.v4.app.FragmentActivity.startActivityForResult(FragmentActivity.java:708)
06-15 16:00:52.818 25251 25251 E AndroidRuntime: 	at android.app.Activity.startActivity(Activity.java:4525)
06-15 16:00:52.818 25251 25251 E AndroidRuntime: 	at android.app.Activity.startActivity(Activity.java:4493)
06-15 16:00:52.818 25251 25251 E AndroidRuntime: 	at com.samsung.mygallery.app.ui.MainGalleryAdapter$MyViewHolder.onClick(MainGalleryAdapter.java:69)
06-15 16:00:52.818 25251 25251 E AndroidRuntime: 	at android.view.View.performClick(View.java:5637)
06-15 16:00:52.818 25251 25251 E AndroidRuntime: 	at android.view.View$PerformClick.run(View.java:22429)
06-15 16:00:52.818 25251 25251 E AndroidRuntime: 	at android.os.Handler.handleCallback(Handler.java:751)
06-15 16:00:52.818 25251 25251 E AndroidRuntime: 	at android.os.Handler.dispatchMessage(Handler.java:95)
06-15 16:00:52.818 25251 25251 E AndroidRuntime: 	at android.os.Looper.loop(Looper.java:154)
06-15 16:00:52.818 25251 25251 E AndroidRuntime: 	at android.app.ActivityThread.main(ActivityThread.java:6121)
06-15 16:00:52.818 25251 25251 E AndroidRuntime: 	at java.lang.reflect.Method.invoke(Native Method)
06-15 16:00:52.818 25251 25251 E AndroidRuntime: 	at com.android.internal.os.ZygoteInit$MethodAndArgsCaller.run(ZygoteInit.java:889)
06-15 16:00:52.818 25251 25251 E AndroidRuntime: 	at com.android.internal.os.ZygoteInit.main(ZygoteInit.java:779)
06-15 16:00:53.326  1161  1192 I chatty  : uid=1000(system) ActivityManager expire 3 lines
06-15 16:00:53.512  1161  1212 I chatty  : uid=1000(system) PowerManagerSer expire 10 lines
06-15 16:01:06.162  1161  1546 I chatty  : uid=1000(system) onProviders.ECP expire 1 line
06-15 16:01:06.241  1161  1540 I chatty  : uid=1000(system) ConnectivitySer expire 16 lines
06-15 16:01:06.539  1161 15250 I chatty  : uid=1000(system) Binder:1161_1D expire 6 lines
06-15 16:01:06.626  1161 15251 I chatty  : uid=1000(system) Binder:1161_1E expire 3 lines
06-15 16:01:06.630  1161 14644 I chatty  : uid=1000(system) Binder:1161_16 expire 5 lines
06-15 16:01:06.666  1161  2701 I chatty  : uid=1000(system) Binder:1161_9 expire 5 lines
06-15 16:01:06.666  1161  2715 I chatty  : uid=1000(system) Binder:1161_C expire 5 lines
06-15 16:01:06.708  1161  2720 I chatty  : uid=1000(system) Binder:1161_F expire 3 lines
06-15 16:01:06.771  1161 15252 I chatty  : uid=1000(system) Binder:1161_1F expire 2 lines
06-15 16:01:06.934  1161  2719 I chatty  : uid=1000(system) Binder:1161_E expire 5 lines
06-15 16:01:07.038  1161  1598 I chatty  : uid=1000(system) Binder:1161_4 expire 2 lines
06-15 16:01:07.106  1161  1161 I chatty  : uid=1000 system_server expire 12 lines
06-15 16:01:07.253  1161  5151 I chatty  : uid=1000(system) Binder:1161_11 expire 1 line
06-15 16:01:11.078  1161  1818 I chatty  : uid=1000(system) Binder:1161_5 expire 5 lines
06-15 16:01:11.099  1161 14650 I chatty  : uid=1000(system) Binder:1161_1B expire 4 lines
06-15 16:01:11.292  1161  1210 I chatty  : uid=1000(system) android.display expire 8 lines
06-15 16:01:11.414   677 25573 W SocketClient: write error (Broken pipe)
06-15 16:01:12.400  1161  1880 I chatty  : uid=1000(system) Binder:1161_6 expire 5 lines
06-15 16:01:12.402 25680 25680 E AndroidRuntime: FATAL EXCEPTION: main
06-15 16:01:12.402 25680 25680 E AndroidRuntime: Process: com.samsung.mygallery.app, PID: 25680
06-15 16:01:12.402 25680 25680 E AndroidRuntime: android.content.ActivityNotFoundException: Unable to find explicit activity class {com.samsung.mygallery.app/com.samsung.mygallery.app.ui.AlbumActivity}; have you declared this activity in your AndroidManifest.xml?
06-15 16:01:12.402 25680 25680 E AndroidRuntime: 	at android.app.Instrumentation.checkStartActivityResult(Instrumentation.java:1805)
06-15 16:01:12.402 25680 25680 E AndroidRuntime: 	at android.app.Instrumentation.execStartActivity(Instrumentation.java:1523)
06-15 16:01:12.402 25680 25680 E AndroidRuntime: 	at android.app.Activity.startActivityForResult(Activity.java:4228)
06-15 16:01:12.402 25680 25680 E AndroidRuntime: 	at android.support.v4.app.BaseFragmentActivityJB.startActivityForResult(BaseFragmentActivityJB.java:54)
06-15 16:01:12.402 25680 25680 E AndroidRuntime: 	at android.support.v4.app.FragmentActivity.startActivityForResult(FragmentActivity.java:75)
06-15 16:01:12.402 25680 25680 E AndroidRuntime: 	at android.app.Activity.startActivityForResult(Activity.java:4186)
06-15 16:01:12.402 25680 25680 E AndroidRuntime: 	at android.support.v4.app.FragmentActivity.startActivityForResult(FragmentActivity.java:708)
06-15 16:01:12.402 25680 25680 E AndroidRuntime: 	at android.app.Activity.startActivity(Activity.java:4525)
06-15 16:01:12.402 25680 25680 E AndroidRuntime: 	at android.app.Activity.startActivity(Activity.java:4493)
06-15 16:01:12.402 25680 25680 E AndroidRuntime: 	at com.samsung.mygallery.app.ui.MainGalleryAdapter$MyViewHolder.onClick(MainGalleryAdapter.java:69)
06-15 16:01:12.402 25680 25680 E AndroidRuntime: 	at android.view.View.performClick(View.java:5637)
06-15 16:01:12.402 25680 25680 E AndroidRuntime: 	at android.view.View$PerformClick.run(View.java:22429)
06-15 16:01:12.402 25680 25680 E AndroidRuntime: 	at android.os.Handler.handleCallback(Handler.java:751)
06-15 16:01:12.402 25680 25680 E AndroidRuntime: 	at android.os.Handler.dispatchMessage(Handler.java:95)
06-15 16:01:12.402 25680 25680 E AndroidRuntime: 	at android.os.Looper.loop(Looper.java:154)
06-15 16:01:12.402 25680 25680 E AndroidRuntime: 	at android.app.ActivityThread.main(ActivityThread.java:6121)
06-15 16:01:12.402 25680 25680 E AndroidRuntime: 	at java.lang.reflect.Method.invoke(Native Method)
06-15 16:01:12.402 25680 25680 E AndroidRuntime: 	at com.android.internal.os.ZygoteInit$MethodAndArgsCaller.run(ZygoteInit.java:889)
06-15 16:01:12.402 25680 25680 E AndroidRuntime: 	at com.android.internal.os.ZygoteInit.main(ZygoteInit.java:779)
06-15 16:01:12.407  1161  2707 I chatty  : uid=1000(system) Binder:1161_B expire 6 lines
06-15 16:01:12.912  1161  1192 I chatty  : uid=1000(system) ActivityManager expire 22 lines
06-15 16:01:13.375  1161 14649 I chatty  : uid=1000(system) Binder:1161_1A expire 6 lines
06-15 16:01:14.767  1161  1212 I chatty  : uid=1000(system) PowerManagerSer expire 24 lines
06-15 16:01:20.984  1161 15253 I chatty  : uid=1000(system) Binder:1161_20 expire 2 lines
06-15 16:01:59.443  1161 15249 I chatty  : uid=1000(system) Binder:1161_1C expire 2 lines
06-15 16:01:59.451 25759 25759 E AndroidRuntime: FATAL EXCEPTION: main
06-15 16:01:59.451 25759 25759 E AndroidRuntime: Process: com.samsung.mygallery.app, PID: 25759
06-15 16:01:59.451 25759 25759 E AndroidRuntime: android.content.ActivityNotFoundException: Unable to find explicit activity class {com.samsung.mygallery.app/com.samsung.mygallery.app.ui.AlbumActivity}; have you declared this activity in your AndroidManifest.xml?
06-15 16:01:59.451 25759 25759 E AndroidRuntime: 	at android.app.Instrumentation.checkStartActivityResult(Instrumentation.java:1805)
06-15 16:01:59.451 25759 25759 E AndroidRuntime: 	at android.app.Instrumentation.execStartActivity(Instrumentation.java:1523)
06-15 16:01:59.451 25759 25759 E AndroidRuntime: 	at android.app.Activity.startActivityForResult(Activity.java:4228)
06-15 16:01:59.451 25759 25759 E AndroidRuntime: 	at android.support.v4.app.BaseFragmentActivityJB.startActivityForResult(BaseFragmentActivityJB.java:54)
06-15 16:01:59.451 25759 25759 E AndroidRuntime: 	at android.support.v4.app.FragmentActivity.startActivityForResult(FragmentActivity.java:75)
06-15 16:01:59.451 25759 25759 E AndroidRuntime: 	at android.app.Activity.startActivityForResult(Activity.java:4186)
06-15 16:01:59.451 25759 25759 E AndroidRuntime: 	at android.support.v4.app.FragmentActivity.startActivityForResult(FragmentActivity.java:708)
06-15 16:01:59.451 25759 25759 E AndroidRuntime: 	at android.app.Activity.startActivity(Activity.java:4525)
06-15 16:01:59.451 25759 25759 E AndroidRuntime: 	at android.app.Activity.startActivity(Activity.java:4493)
06-15 16:01:59.451 25759 25759 E AndroidRuntime: 	at com.samsung.mygallery.app.ui.MainGalleryAdapter$MyViewHolder.onClick(MainGalleryAdapter.java:69)
06-15 16:01:59.451 25759 25759 E AndroidRuntime: 	at android.view.View.performClick(View.java:5637)
06-15 16:01:59.451 25759 25759 E AndroidRuntime: 	at android.view.View$PerformClick.run(View.java:22429)
06-15 16:01:59.451 25759 25759 E AndroidRuntime: 	at android.os.Handler.handleCallback(Handler.java:751)
06-15 16:01:59.451 25759 25759 E AndroidRuntime: 	at android.os.Handler.dispatchMessage(Handler.java:95)
06-15 16:01:59.451 25759 25759 E AndroidRuntime: 	at android.os.Looper.loop(Looper.java:154)
06-15 16:01:59.451 25759 25759 E AndroidRuntime: 	at android.app.ActivityThread.main(ActivityThread.java:6121)
06-15 16:01:59.451 25759 25759 E AndroidRuntime: 	at java.lang.reflect.Method.invoke(Native Method)
