06-16 10:42:53.695  1161  2705 W InputMethodManagerService: Window already focused, ignoring focus gain of: com.android.internal.view.IInputMethodClient$Stub$Proxy@e27fe12 attribute=android.view.inputmethod.EditorInfo@a5cd9e3, token = android.os.BinderProxy@d5d983d
06-16 10:42:53.837  1161  2718 I ActivityManager: Setting hasTopUi=false for pid=1632
06-16 10:43:02.763  1161  1192 I ActivityManager: Waited long enough for: ServiceRecord{af3b3de u0 com.google.android.apps.fireball/.networkservice.NetworkServiceImpl}
06-16 10:43:15.383  1161  1212 D LuxLevels: bright hysteresis constant= 0.1, threshold=58.365078, lux=53.059162
06-16 10:43:15.384  1161  1212 D LuxLevels: dark hysteresis constant= 0.2, threshold=42.44733, lux=53.059162
06-16 10:43:18.706  1161 14645 I ActivityManager: Killing 7521:com.google.android.gms.unstable/u0a18 (adj 906): empty #17
06-16 10:43:18.707  1161 14645 I ActivityManager: Killing 7876:com.citysportsfitness.android/u0a155 (adj 906): empty #18
06-16 10:43:18.709  1161 14645 I ActivityManager: Killing 7800:com.android.printspooler/u0a87 (adj 906): empty #19
06-16 10:43:18.789  1161  1880 D ActivityManager: cleanUpApplicationRecord -- 7800
06-16 10:43:18.809  1161  2720 D ActivityManager: cleanUpApplicationRecord -- 7876
06-16 10:43:18.816  1161 15252 D ActivityManager: cleanUpApplicationRecord -- 7521
06-16 10:43:25.526  1161  1225 I ActivityManager: Start proc 10207:com.android.defcontainer/u0a11 for service com.android.defcontainer/.DefaultContainerService
06-16 10:43:25.682  1161  1225 W PackageParser: Unknown element under <manifest>: meta-data at /data/app/vmdl1140917582.tmp/base.apk Binary XML file line #14
06-16 10:43:27.187  1161  1192 I ActivityManager: Force stopping com.samsung.mygallery.app appid=10167 user=-1: installPackageLI
06-16 10:43:27.498  1161  1225 I PackageManager: Package com.samsung.mygallery.app codePath changed from /data/app/com.samsung.mygallery.app-2 to /data/app/com.samsung.mygallery.app-1; Retaining data and using new
06-16 10:43:27.501  1161  1225 W PackageManager: Code path for com.samsung.mygallery.app changing from /data/app/com.samsung.mygallery.app-2 to /data/app/com.samsung.mygallery.app-1
06-16 10:43:27.502  1161  1225 W PackageManager: Resource path for com.samsung.mygallery.app changing from /data/app/com.samsung.mygallery.app-2 to /data/app/com.samsung.mygallery.app-1
06-16 10:43:28.426  1161  1225 I ActivityManager: Force stopping com.samsung.mygallery.app appid=10167 user=0: pkg removed
06-16 10:43:28.430  1161  1225 W ActivityManager: Skipping broadcast of Intent { act=android.intent.action.PACKAGE_REMOVED dat=package:com.samsung.mygallery.app flg=0x4000010 (has extras) }: user 10 is stopped
06-16 10:43:28.434  1161  1225 W ActivityManager: Skipping broadcast of Intent { act=android.intent.action.PACKAGE_ADDED dat=package:com.samsung.mygallery.app flg=0x4000010 (has extras) }: user 10 is stopped
06-16 10:43:28.510  1161  1192 I ActivityManager: Start proc 10227:com.android.keychain/1000 for broadcast com.android.keychain/.KeyChainBroadcastReceiver
06-16 10:43:28.511  1161  1225 W ActivityManager: Skipping broadcast of Intent { act=android.intent.action.PACKAGE_REPLACED dat=package:com.samsung.mygallery.app flg=0x4000010 (has extras) }: user 10 is stopped
06-16 10:43:28.515  1161  1225 W ActivityManager: Skipping broadcast of Intent { act=android.intent.action.MY_PACKAGE_REPLACED flg=0x4000010 pkg=com.samsung.mygallery.app (has extras) }: user 10 is stopped
06-16 10:43:28.723 10227 10227 W ContextImpl: Calling a method in the system process without a qualified user: android.app.ContextImpl.startService:1357 android.content.ContextWrapper.startService:613 android.content.ContextWrapper.startService:613 com.android.keychain.KeyChainBroadcastReceiver.onReceive:12 android.app.ActivityThread.handleReceiver:3041 
06-16 10:43:28.838  1161 15253 I ActivityManager: Start proc 10256:com.verizon.vzwavs/u0a111 for broadcast com.verizon.vzwavs/.WakeupReceiver
06-16 10:43:28.997  1161 14512 I ActivityManager: Killing 6274:com.tivophone.android.debug/u0a136 (adj 906): empty #17
06-16 10:43:29.011  1161  5152 D ActivityManager: cleanUpApplicationRecord -- 6274
06-16 10:43:29.103  1161  5151 I ActivityManager: Start proc 10276:com.google.android.partnersetup/u0a26 for broadcast com.google.android.partnersetup/.RlzPingBroadcastReceiver
06-16 10:43:29.234  1161  2017 I ActivityManager: Killing 7917:com.google.android.apps.maps/u0a76 (adj 906): empty #17
06-16 10:43:29.269  1161 14645 D ConnectivityService: ConnectivityService NetworkRequestInfo binderDied(NetworkRequest [ LISTEN id=558, [ Capabilities: INTERNET&NOT_RESTRICTED&TRUSTED&FOREGROUND] ], android.os.BinderProxy@3378024)
06-16 10:43:29.270  1161  1598 D ActivityManager: cleanUpApplicationRecord -- 7917
06-16 10:43:29.270  1161  1540 E ConnectivityService: RemoteException caught trying to send a callback msg for NetworkRequest [ LISTEN id=558, [ Capabilities: INTERNET&NOT_RESTRICTED&TRUSTED&FOREGROUND] ]
06-16 10:43:29.344  1161  1190 I ActivityManager: Start proc 10305:com.android.printspooler/u0a87 for service com.android.printspooler/.model.PrintSpoolerService
06-16 10:43:29.426  1161  1181 I ActivityManager: Start proc 10323:com.creditkarma.mobile/u0a154 for broadcast com.creditkarma.mobile/.push.AppUpgradeReceiver
06-16 10:43:34.433  1161 10439 I ActivityManager: Killing 8098:com.google.android.calendar/u0a52 (adj 906): empty #17
06-16 10:43:34.467  1161 14650 D ActivityManager: cleanUpApplicationRecord -- 8098
06-16 10:43:35.685  1161  2705 I ActivityManager: Killing 8171:com.motricity.verizon.ssodownloadable/u0a46 (adj 906): empty #17
06-16 10:43:35.711  1161  1880 D ActivityManager: cleanUpApplicationRecord -- 8171
06-16 10:43:39.608  1161  2017 I ActivityManager: Killing 8193:com.qualcomm.timeservice/1000 (adj 906): empty #17
06-16 10:43:39.645  1161  1598 D ActivityManager: cleanUpApplicationRecord -- 8193
06-16 10:43:48.446  1161 14646 I ActivityManager: Start proc 10390:com.instagram.android:browser/u0a117 for service com.instagram.android/com.facebook.browser.lite.BrowserLiteIntentService
06-16 10:43:48.822  1161 14644 I ActivityManager: Killing 8209:com.android.cellbroadcastreceiver/u0a6 (adj 906): empty #17
06-16 10:43:48.845  1161 14646 D ActivityManager: cleanUpApplicationRecord -- 8209
06-16 10:43:58.290  1161  1526 I ActivityManager: START u0 {act=android.intent.action.MAIN cat=[android.intent.category.HOME] flg=0x10200000 cmp=com.google.android.apps.nexuslauncher/.NexusLauncherActivity (has extras)} from uid 1000 on display 0
06-16 10:43:58.330  1161  1526 I ActivityManager: Killing 6084:com.android.providers.calendar/u0a4 (adj 906): empty #17
06-16 10:43:58.370  1161 14649 D ActivityManager: cleanUpApplicationRecord -- 6084
06-16 10:44:02.374  1161  1212 D LuxLevels: bright hysteresis constant= 0.1, threshold=64.42501, lux=58.568188
06-16 10:44:02.376  1161  1212 D LuxLevels: dark hysteresis constant= 0.2, threshold=46.85455, lux=58.568188
06-16 10:44:10.346  1161 14645 I ActivityManager: START u0 {act=android.intent.action.MAIN cat=[android.intent.category.LAUNCHER] flg=0x10200000 cmp=com.samsung.mygallery.app/.MainActivity bnds=[437,1011][643,1289] (has extras)} from uid 10031 on display 0
06-16 10:44:10.391  1161 15253 I ActivityManager: Start proc 10492:com.samsung.mygallery.app/u0a167 for activity com.samsung.mygallery.app/.MainActivity
06-16 10:44:12.599  1161  1180 I ActivityManager: START u0 {cmp=com.samsung.mygallery.app/.AlbumActivity (has extras)} from uid 10167 on display 0
06-16 10:44:18.239  1161  2715 I ActivityManager: START u0 {cmp=com.samsung.mygallery.app/.AlbumActivity (has extras)} from uid 10167 on display 0
06-16 10:44:24.687  1161  1212 D LuxLevels: bright hysteresis constant= 0.1, threshold=70.88457, lux=64.44051
06-16 10:44:24.687  1161  1212 D LuxLevels: dark hysteresis constant= 0.2, threshold=51.55241, lux=64.44051
06-16 10:44:29.986  1161  2734 I ActivityManager: START u0 {cmp=com.samsung.mygallery.app/.AlbumActivity (has extras)} from uid 10167 on display 0
06-16 10:44:36.653  1161  1212 D LuxLevels: bright hysteresis constant= 0.1, threshold=50.07485, lux=45.522587
06-16 10:44:36.653  1161  1212 D LuxLevels: dark hysteresis constant= 0.2, threshold=36.41807, lux=45.522587
06-16 10:44:36.759  1161 14646 I ActivityManager: START u0 {cmp=com.samsung.mygallery.app/.AlbumActivity (has extras)} from uid 10167 on display 0
06-16 10:44:41.827  1161  1212 D LuxLevels: bright hysteresis constant= 0.1, threshold=59.35005, lux=53.95459
06-16 10:44:41.827  1161  1212 D LuxLevels: dark hysteresis constant= 0.2, threshold=43.163673, lux=53.95459
06-16 10:44:43.263  1161  1212 D LuxLevels: bright hysteresis constant= 0.1, threshold=66.178535, lux=60.162304
06-16 10:44:43.263  1161  1212 D LuxLevels: dark hysteresis constant= 0.2, threshold=48.129845, lux=60.162304
06-16 10:44:45.003  1161  1212 D LuxLevels: bright hysteresis constant= 0.1, threshold=72.88808, lux=66.26189
06-16 10:44:45.003  1161  1212 D LuxLevels: dark hysteresis constant= 0.2, threshold=53.00951, lux=66.26189
06-16 10:44:48.500  1161  1212 D LuxLevels: bright hysteresis constant= 0.1, threshold=80.26882, lux=72.97166
06-16 10:44:48.500  1161  1212 D LuxLevels: dark hysteresis constant= 0.2, threshold=58.377327, lux=72.97166
06-16 10:45:05.060  1161 10439 I ActivityManager: START u0 {cmp=com.samsung.mygallery.app/.AlbumActivity (has extras)} from uid 10167 on display 0
06-16 10:45:15.070  1161  1192 W ActivityManager: Launch timeout has expired, giving up wake lock!
06-16 10:45:38.377  1161  1212 D LuxLevels: bright hysteresis constant= 0.1, threshold=64.05896, lux=58.235416
06-16 10:45:38.377  1161  1212 D LuxLevels: dark hysteresis constant= 0.2, threshold=46.588333, lux=58.235416
06-16 10:45:47.645  1161 10439 D ConnectivityService: Returning unblocked NetworkInfo to uid=10097
06-16 10:46:01.894  1161  1212 D LuxLevels: bright hysteresis constant= 0.1, threshold=70.536476, lux=64.12407
06-16 10:46:01.894  1161  1212 D LuxLevels: dark hysteresis constant= 0.2, threshold=51.299255, lux=64.12407
06-16 10:46:13.619  1161  5152 I ActivityManager: START u0 {cmp=com.samsung.mygallery.app/.AlbumActivity (has extras)} from uid 10167 on display 0
06-16 10:46:18.033  1161  1212 D LuxLevels: bright hysteresis constant= 0.1, threshold=79.90104, lux=72.63731
06-16 10:46:18.034  1161  1212 D LuxLevels: dark hysteresis constant= 0.2, threshold=58.109844, lux=72.63731
06-16 10:46:22.208  1161  1212 D LuxLevels: bright hysteresis constant= 0.1, threshold=88.03719, lux=80.03381
06-16 10:46:22.209  1161  1212 D LuxLevels: dark hysteresis constant= 0.2, threshold=64.027054, lux=80.03381
06-16 10:49:27.998  1161  1225 W PackageParser: Unknown element under <manifest>: meta-data at /data/app/vmdl1066521180.tmp/base.apk Binary XML file line #14
06-16 10:49:28.948  1161  1192 I ActivityManager: Force stopping com.samsung.mygallery.app appid=10167 user=-1: installPackageLI
06-16 10:49:28.948  1161  1192 I ActivityManager: Killing 10492:com.samsung.mygallery.app/u0a167 (adj 0): stop com.samsung.mygallery.app
06-16 10:49:28.949  1161  1192 D ActivityManager: cleanUpApplicationRecord -- 10492
06-16 10:49:28.949  1161  1192 W ActivityManager: Force removing ActivityRecord{b2f60d3 u0 com.samsung.mygallery.app/.MainActivity t5997}: app died, no saved state
06-16 10:49:29.097  1161  1225 I PackageManager: Package com.samsung.mygallery.app codePath changed from /data/app/com.samsung.mygallery.app-1 to /data/app/com.samsung.mygallery.app-2; Retaining data and using new
06-16 10:49:29.098  1161  1225 W PackageManager: Code path for com.samsung.mygallery.app changing from /data/app/com.samsung.mygallery.app-1 to /data/app/com.samsung.mygallery.app-2
06-16 10:49:29.098  1161  1225 W PackageManager: Resource path for com.samsung.mygallery.app changing from /data/app/com.samsung.mygallery.app-1 to /data/app/com.samsung.mygallery.app-2
06-16 10:49:29.384  1161  1225 I ActivityManager: Force stopping com.samsung.mygallery.app appid=10167 user=0: pkg removed
06-16 10:49:29.423 10227 10227 W ContextImpl: Calling a method in the system process without a qualified user: android.app.ContextImpl.startService:1357 android.content.ContextWrapper.startService:613 android.content.ContextWrapper.startService:613 com.android.keychain.KeyChainBroadcastReceiver.onReceive:12 android.app.ActivityThread.handleReceiver:3041 
06-16 10:49:29.428  1161  1225 W ActivityManager: Skipping broadcast of Intent { act=android.intent.action.PACKAGE_REMOVED dat=package:com.samsung.mygallery.app flg=0x4000010 (has extras) }: user 10 is stopped
06-16 10:49:29.492  1161  1225 W ActivityManager: Skipping broadcast of Intent { act=android.intent.action.PACKAGE_ADDED dat=package:com.samsung.mygallery.app flg=0x4000010 (has extras) }: user 10 is stopped
06-16 10:49:29.528  1161  1225 W ActivityManager: Skipping broadcast of Intent { act=android.intent.action.PACKAGE_REPLACED dat=package:com.samsung.mygallery.app flg=0x4000010 (has extras) }: user 10 is stopped
06-16 10:49:29.551  1161  1225 W ActivityManager: Skipping broadcast of Intent { act=android.intent.action.MY_PACKAGE_REPLACED flg=0x4000010 pkg=com.samsung.mygallery.app (has extras) }: user 10 is stopped
06-16 10:49:31.815  1161  1181 I ActivityManager: START u0 {act=android.intent.action.MAIN cat=[android.intent.category.LAUNCHER] flg=0x10200000 cmp=com.samsung.mygallery.app/.MainActivity bnds=[437,1011][643,1289] (has extras)} from uid 10031 on display 0
06-16 10:49:31.860  1161  1598 I ActivityManager: Start proc 10626:com.samsung.mygallery.app/u0a167 for activity com.samsung.mygallery.app/.MainActivity
06-16 10:50:17.990  1161  1225 W PackageParser: Unknown element under <manifest>: meta-data at /data/app/vmdl525307115.tmp/base.apk Binary XML file line #14
06-16 10:50:18.870  1161  1192 I ActivityManager: Force stopping com.samsung.mygallery.app appid=10167 user=-1: installPackageLI
06-16 10:50:18.871  1161  1192 I ActivityManager: Killing 10626:com.samsung.mygallery.app/u0a167 (adj 0): stop com.samsung.mygallery.app
06-16 10:50:18.872  1161  1192 D ActivityManager: cleanUpApplicationRecord -- 10626
06-16 10:50:18.873  1161  1192 W ActivityManager: Force removing ActivityRecord{39c553a u0 com.samsung.mygallery.app/.MainActivity t5998}: app died, no saved state
06-16 10:50:19.004  1161  1225 I PackageManager: Package com.samsung.mygallery.app codePath changed from /data/app/com.samsung.mygallery.app-2 to /data/app/com.samsung.mygallery.app-1; Retaining data and using new
06-16 10:50:19.005  1161  1225 W PackageManager: Code path for com.samsung.mygallery.app changing from /data/app/com.samsung.mygallery.app-2 to /data/app/com.samsung.mygallery.app-1
06-16 10:50:19.005  1161  1225 W PackageManager: Resource path for com.samsung.mygallery.app changing from /data/app/com.samsung.mygallery.app-2 to /data/app/com.samsung.mygallery.app-1
06-16 10:50:19.348  1161  1225 I ActivityManager: Force stopping com.samsung.mygallery.app appid=10167 user=0: pkg removed
06-16 10:50:19.369  1161  1225 W ActivityManager: Skipping broadcast of Intent { act=android.intent.action.PACKAGE_REMOVED dat=package:com.samsung.mygallery.app flg=0x4000010 (has extras) }: user 10 is stopped
06-16 10:50:19.370  1161  1225 W ActivityManager: Skipping broadcast of Intent { act=android.intent.action.PACKAGE_ADDED dat=package:com.samsung.mygallery.app flg=0x4000010 (has extras) }: user 10 is stopped
06-16 10:50:19.404 10227 10227 W ContextImpl: Calling a method in the system process without a qualified user: android.app.ContextImpl.startService:1357 android.content.ContextWrapper.startService:613 android.content.ContextWrapper.startService:613 com.android.keychain.KeyChainBroadcastReceiver.onReceive:12 android.app.ActivityThread.handleReceiver:3041 
06-16 10:50:19.440  1161  1225 W ActivityManager: Skipping broadcast of Intent { act=android.intent.action.PACKAGE_REPLACED dat=package:com.samsung.mygallery.app flg=0x4000010 (has extras) }: user 10 is stopped
06-16 10:50:19.449  1161  1225 W ActivityManager: Skipping broadcast of Intent { act=android.intent.action.MY_PACKAGE_REPLACED flg=0x4000010 pkg=com.samsung.mygallery.app (has extras) }: user 10 is stopped
06-16 10:50:25.401  1161 14643 I ActivityManager: START u0 {act=android.intent.action.MAIN cat=[android.intent.category.LAUNCHER] flg=0x10200000 cmp=com.samsung.mygallery.app/.MainActivity bnds=[437,1011][643,1289] (has extras)} from uid 10031 on display 0
06-16 10:50:25.442  1161 14646 I ActivityManager: Start proc 10715:com.samsung.mygallery.app/u0a167 for activity com.samsung.mygallery.app/.MainActivity
06-16 10:50:27.956  1161  1212 D LuxLevels: bright hysteresis constant= 0.1, threshold=59.99255, lux=54.53868
06-16 10:50:27.956  1161  1212 D LuxLevels: dark hysteresis constant= 0.2, threshold=43.630947, lux=54.53868
06-16 10:50:29.153  1161 14649 I ActivityManager: START u0 {cmp=com.samsung.mygallery.app/.AlbumActivity (has extras)} from uid 10167 on display 0
06-16 10:50:30.618  1161  1161 W WindowManager: Attempted to remove non-existing token: android.os.Binder@6b2fd30
06-16 10:50:32.175  1161  1212 D LuxLevels: bright hysteresis constant= 0.1, threshold=66.6165, lux=60.560455
06-16 10:50:32.175  1161  1212 D LuxLevels: dark hysteresis constant= 0.2, threshold=48.448364, lux=60.560455
06-16 10:50:34.170  1161  1212 D LuxLevels: bright hysteresis constant= 0.1, threshold=74.141655, lux=67.401505
06-16 10:50:34.171  1161  1212 D LuxLevels: dark hysteresis constant= 0.2, threshold=53.921204, lux=67.401505
06-16 10:50:36.958  1161  1212 D LuxLevels: bright hysteresis constant= 0.1, threshold=81.75526, lux=74.32296
06-16 10:50:36.959  1161  1212 D LuxLevels: dark hysteresis constant= 0.2, threshold=59.45837, lux=74.32296
06-16 10:51:20.791  1161  1225 W PackageParser: Unknown element under <manifest>: meta-data at /data/app/vmdl636795813.tmp/base.apk Binary XML file line #14
06-16 10:51:21.610  1161  1192 I ActivityManager: Force stopping com.samsung.mygallery.app appid=10167 user=-1: installPackageLI
06-16 10:51:21.610  1161  1192 I ActivityManager: Killing 10715:com.samsung.mygallery.app/u0a167 (adj 0): stop com.samsung.mygallery.app
06-16 10:51:21.615  1161  1192 D ActivityManager: cleanUpApplicationRecord -- 10715
06-16 10:51:21.622  1161  1192 W ActivityManager: Force removing ActivityRecord{302bc5c u0 com.samsung.mygallery.app/.AlbumActivity t5999}: app died, no saved state
06-16 10:51:21.662  1161  1598 I WindowManager: WIN DEATH: Window{acd73ad u0 com.samsung.mygallery.app/com.samsung.mygallery.app.ui.MainGalleryActivity}
06-16 10:51:21.703  1161  1192 E ActivityManager: Failure starting process com.samsung.mygallery.app
06-16 10:51:21.703  1161  1192 E ActivityManager: java.lang.SecurityException: Package com.samsung.mygallery.app is currently frozen!
06-16 10:51:21.703  1161  1192 E ActivityManager: 	at com.android.server.pm.PackageManagerService.checkPackageStartable(PackageManagerService.java:3111)
06-16 10:51:21.703  1161  1192 E ActivityManager: 	at com.android.server.am.ActivityManagerService.startProcessLocked(ActivityManagerService.java:3703)
06-16 10:51:21.703  1161  1192 E ActivityManager: 	at com.android.server.am.ActivityManagerService.startProcessLocked(ActivityManagerService.java:3663)
06-16 10:51:21.703  1161  1192 E ActivityManager: 	at com.android.server.am.ActivityManagerService.startProcessLocked(ActivityManagerService.java:3544)
06-16 10:51:21.703  1161  1192 E ActivityManager: 	at com.android.server.am.ActivityStackSupervisor.startSpecificActivityLocked(ActivityStackSupervisor.java:1419)
06-16 10:51:21.703  1161  1192 E ActivityManager: 	at com.android.server.am.ActivityStack.resumeTopActivityInnerLocked(ActivityStack.java:2577)
06-16 10:51:21.703  1161  1192 E ActivityManager: 	at com.android.server.am.ActivityStack.resumeTopActivityUncheckedLocked(ActivityStack.java:2127)
06-16 10:51:21.703  1161  1192 E ActivityManager: 	at com.android.server.am.ActivityStackSupervisor.resumeFocusedStackTopActivityLocked(ActivityStackSupervisor.java:1833)
06-16 10:51:21.703  1161  1192 E ActivityManager: 	at com.android.server.am.ActivityStackSupervisor.resumeFocusedStackTopActivityLocked(ActivityStackSupervisor.java:1823)
06-16 10:51:21.703  1161  1192 E ActivityManager: 	at com.android.server.am.ActivityManagerService.handleAppDiedLocked(ActivityManagerService.java:5114)
06-16 10:51:21.703  1161  1192 E ActivityManager: 	at com.android.server.am.ActivityManagerService.removeProcessLocked(ActivityManagerService.java:6384)
06-16 10:51:21.703  1161  1192 E ActivityManager: 	at com.android.server.am.ActivityManagerService.killPackageProcessesLocked(ActivityManagerService.java:6038)
06-16 10:51:21.703  1161  1192 E ActivityManager: 	at com.android.server.am.ActivityManagerService.forceStopPackageLocked(ActivityManagerService.java:6170)
06-16 10:51:21.703  1161  1192 E ActivityManager: 	at com.android.server.am.ActivityManagerService$MainHandler.handleMessage(ActivityManagerService.java:1889)
06-16 10:51:21.703  1161  1192 E ActivityManager: 	at android.os.Handler.dispatchMessage(Handler.java:102)
06-16 10:51:21.703  1161  1192 E ActivityManager: 	at android.os.Looper.loop(Looper.java:154)
06-16 10:51:21.703  1161  1192 E ActivityManager: 	at android.os.HandlerThread.run(HandlerThread.java:61)
06-16 10:51:21.703  1161  1192 E ActivityManager: 	at com.android.server.ServiceThread.run(ServiceThread.java:46)
06-16 10:51:21.703  1161  1192 I ActivityManager: Force stopping com.samsung.mygallery.app appid=10167 user=0: start failure
06-16 10:51:21.704  1161  1225 I PackageManager: Package com.samsung.mygallery.app codePath changed from /data/app/com.samsung.mygallery.app-1 to /data/app/com.samsung.mygallery.app-2; Retaining data and using new
06-16 10:51:21.704  1161  1225 W PackageManager: Code path for com.samsung.mygallery.app changing from /data/app/com.samsung.mygallery.app-1 to /data/app/com.samsung.mygallery.app-2
06-16 10:51:21.704  1161  1225 W PackageManager: Resource path for com.samsung.mygallery.app changing from /data/app/com.samsung.mygallery.app-1 to /data/app/com.samsung.mygallery.app-2
06-16 10:51:21.705  1161  1192 I ActivityManager:   Force finishing activity ActivityRecord{3d50d32 u0 com.samsung.mygallery.app/.MainActivity t5999}
06-16 10:51:21.715  1161  1192 I ActivityManager:   Force finishing activity ActivityRecord{3d50d32 u0 com.samsung.mygallery.app/.MainActivity t5999 f}
06-16 10:51:21.715  1161  1192 W ActivityManager: Duplicate finish request for ActivityRecord{3d50d32 u0 com.samsung.mygallery.app/.MainActivity t5999 f}
06-16 10:51:21.967  1161  1192 I ActivityManager: Exiting empty application process 0:com.samsung.mygallery.app/u0a167 (null)
06-16 10:51:21.967  1161  1192 D ActivityManager: cleanUpApplicationRecord -- 0
06-16 10:51:22.023  1161 15250 W ActivityManager: Bad activity token: android.os.BinderProxy@9c159f0
06-16 10:51:22.023  1161 15250 W ActivityManager: java.lang.ClassCastException: android.os.BinderProxy cannot be cast to com.android.server.am.ActivityRecord$Token
06-16 10:51:22.023  1161 15250 W ActivityManager: 	at com.android.server.am.ActivityRecord.forTokenLocked(ActivityRecord.java:594)
06-16 10:51:22.023  1161 15250 W ActivityManager: 	at com.android.server.am.ActivityRecord.isInStackLocked(ActivityRecord.java:1347)
06-16 10:51:22.023  1161 15250 W ActivityManager: 	at com.android.server.am.ActivityManagerService.getActivityOptions(ActivityManagerService.java:12632)
06-16 10:51:22.023  1161 15250 W ActivityManager: 	at android.app.ActivityManagerNative.onTransact(ActivityManagerNative.java:1933)
06-16 10:51:22.023  1161 15250 W ActivityManager: 	at com.android.server.am.ActivityManagerService.onTransact(ActivityManagerService.java:2806)
06-16 10:51:22.023  1161 15250 W ActivityManager: 	at android.os.Binder.execTransact(Binder.java:565)
06-16 10:51:22.026  1161  1210 W WindowManager: Failed looking up window
06-16 10:51:22.026  1161  1210 W WindowManager: java.lang.IllegalArgumentException: Requested window android.view.ViewRootImpl$W@5192984 does not exist
06-16 10:51:22.026  1161  1210 W WindowManager: 	at com.android.server.wm.WindowManagerService.windowForClientLocked(WindowManagerService.java:9415)
06-16 10:51:22.026  1161  1210 W WindowManager: 	at com.android.server.wm.WindowManagerService.windowForClientLocked(WindowManagerService.java:9406)
06-16 10:51:22.026  1161  1210 W WindowManager: 	at com.android.server.wm.WindowManagerService.removeWindow(WindowManagerService.java:2387)
06-16 10:51:22.026  1161  1210 W WindowManager: 	at com.android.server.wm.Session.remove(Session.java:193)
06-16 10:51:22.026  1161  1210 W WindowManager: 	at android.view.ViewRootImpl.dispatchDetachedFromWindow(ViewRootImpl.java:3290)
06-16 10:51:22.026  1161  1210 W WindowManager: 	at android.view.ViewRootImpl.doDie(ViewRootImpl.java:5917)
06-16 10:51:22.026  1161  1210 W WindowManager: 	at android.view.ViewRootImpl$ViewRootHandler.handleMessage(ViewRootImpl.java:3626)
06-16 10:51:22.026  1161  1210 W WindowManager: 	at android.os.Handler.dispatchMessage(Handler.java:102)
06-16 10:51:22.026  1161  1210 W WindowManager: 	at android.os.Looper.loop(Looper.java:154)
06-16 10:51:22.026  1161  1210 W WindowManager: 	at android.os.HandlerThread.run(HandlerThread.java:61)
06-16 10:51:22.026  1161  1210 W WindowManager: 	at com.android.server.ServiceThread.run(ServiceThread.java:46)
06-16 10:51:22.050  1161  1225 I ActivityManager: Force stopping com.samsung.mygallery.app appid=10167 user=0: pkg removed
06-16 10:51:22.081 10227 10227 W ContextImpl: Calling a method in the system process without a qualified user: android.app.ContextImpl.startService:1357 android.content.ContextWrapper.startService:613 android.content.ContextWrapper.startService:613 com.android.keychain.KeyChainBroadcastReceiver.onReceive:12 android.app.ActivityThread.handleReceiver:3041 
06-16 10:51:22.095  1161  1225 W ActivityManager: Skipping broadcast of Intent { act=android.intent.action.PACKAGE_REMOVED dat=package:com.samsung.mygallery.app flg=0x4000010 (has extras) }: user 10 is stopped
06-16 10:51:22.099  1161  1225 W ActivityManager: Skipping broadcast of Intent { act=android.intent.action.PACKAGE_ADDED dat=package:com.samsung.mygallery.app flg=0x4000010 (has extras) }: user 10 is stopped
06-16 10:51:22.181  1161  1225 W ActivityManager: Skipping broadcast of Intent { act=android.intent.action.PACKAGE_REPLACED dat=package:com.samsung.mygallery.app flg=0x4000010 (has extras) }: user 10 is stopped
06-16 10:51:22.198  1161  1225 W ActivityManager: Skipping broadcast of Intent { act=android.intent.action.MY_PACKAGE_REPLACED flg=0x4000010 pkg=com.samsung.mygallery.app (has extras) }: user 10 is stopped
06-16 10:51:29.697  1161  1212 D LuxLevels: bright hysteresis constant= 0.1, threshold=50.026825, lux=45.47893
06-16 10:51:29.697  1161  1212 D LuxLevels: dark hysteresis constant= 0.2, threshold=36.383144, lux=45.47893
06-16 10:51:30.671  1632  1632 V DeadZone: consuming errant click: (1079.0,81.0)
06-16 10:51:30.675  1161 14646 I ActivityManager: START u0 {act=android.intent.action.MAIN cat=[android.intent.category.LAUNCHER] flg=0x10200000 cmp=com.samsung.mygallery.app/.MainActivity bnds=[437,929][644,1207] (has extras)} from uid 10031 on display 0
06-16 10:51:30.730  1161 10439 I ActivityManager: Start proc 10828:com.samsung.mygallery.app/u0a167 for activity com.samsung.mygallery.app/.MainActivity
06-16 10:51:36.362  1161  1161 W WindowManager: Attempted to remove non-existing token: android.os.Binder@e533942
06-16 10:51:41.443  1161  1212 D LuxLevels: bright hysteresis constant= 0.1, threshold=57.007965, lux=51.82542
06-16 10:51:41.443  1161  1212 D LuxLevels: dark hysteresis constant= 0.2, threshold=41.46034, lux=51.82542
06-16 10:51:45.494  1161 14643 I ActivityManager: START u0 {cmp=com.samsung.mygallery.app/.AlbumActivity (has extras)} from uid 10167 on display 0
06-16 10:51:51.392  1161  1212 D LuxLevels: bright hysteresis constant= 0.1, threshold=62.92475, lux=57.20432
06-16 10:51:51.392  1161  1212 D LuxLevels: dark hysteresis constant= 0.2, threshold=45.763454, lux=57.20432
06-16 10:51:52.587  1161  1212 D LuxLevels: bright hysteresis constant= 0.1, threshold=69.377106, lux=63.070095
06-16 10:51:52.587  1161  1212 D LuxLevels: dark hysteresis constant= 0.2, threshold=50.456078, lux=63.070095
06-16 10:51:54.176  1161  1212 D LuxLevels: bright hysteresis constant= 0.1, threshold=76.39097, lux=69.446335
06-16 10:51:54.176  1161  1212 D LuxLevels: dark hysteresis constant= 0.2, threshold=55.557068, lux=69.446335
06-16 10:51:57.668  1161  1212 D LuxLevels: bright hysteresis constant= 0.1, threshold=84.214096, lux=76.558266
06-16 10:51:57.668  1161  1212 D LuxLevels: dark hysteresis constant= 0.2, threshold=61.246613, lux=76.558266
06-16 10:54:30.041  1161  1192 I ProcessStatsService: Prepared write state in 14ms
06-16 10:54:46.265  1161  1212 D LuxLevels: bright hysteresis constant= 0.1, threshold=59.09049, lux=53.718624
06-16 10:54:46.265  1161  1212 D LuxLevels: dark hysteresis constant= 0.2, threshold=42.9749, lux=53.718624
06-16 10:55:03.042  1161  2705 I ActivityManager: START u0 {cmp=com.samsung.mygallery.app/.AlbumActivity (has extras)} from uid 10167 on display 0
06-16 10:55:04.370  1161  1212 D LuxLevels: bright hysteresis constant= 0.1, threshold=65.76831, lux=59.789375
06-16 10:55:04.370  1161  1212 D LuxLevels: dark hysteresis constant= 0.2, threshold=47.8315, lux=59.789375
06-16 10:55:06.164  1161  1212 D LuxLevels: bright hysteresis constant= 0.1, threshold=72.62098, lux=66.01907
06-16 10:55:06.164  1161  1212 D LuxLevels: dark hysteresis constant= 0.2, threshold=52.815258, lux=66.01907
06-16 10:55:09.352  1161  1212 D LuxLevels: bright hysteresis constant= 0.1, threshold=80.08789, lux=72.807175
06-16 10:55:09.352  1161  1212 D LuxLevels: dark hysteresis constant= 0.2, threshold=58.24574, lux=72.807175
06-16 10:55:32.767  1161  1161 W WindowManager: Attempted to remove non-existing token: android.os.Binder@faf45e5
06-16 10:55:35.658  1161  1212 D LuxLevels: bright hysteresis constant= 0.1, threshold=57.37736, lux=52.161236
06-16 10:55:35.658  1161  1212 D LuxLevels: dark hysteresis constant= 0.2, threshold=41.72899, lux=52.161236
06-16 10:55:40.019  1161  1212 D LuxLevels: bright hysteresis constant= 0.1, threshold=63.46599, lux=57.69635
06-16 10:55:40.019  1161  1212 D LuxLevels: dark hysteresis constant= 0.2, threshold=46.15708, lux=57.69635
06-16 10:55:41.716  1161  1212 D LuxLevels: bright hysteresis constant= 0.1, threshold=70.75525, lux=64.32295
06-16 10:55:41.716  1161  1212 D LuxLevels: dark hysteresis constant= 0.2, threshold=51.458363, lux=64.32295
06-16 10:55:44.112  1161  1212 D LuxLevels: bright hysteresis constant= 0.1, threshold=78.15002, lux=71.04547
06-16 10:55:44.113  1161  1212 D LuxLevels: dark hysteresis constant= 0.2, threshold=56.836376, lux=71.04547
06-16 10:56:53.302  1161  1190 I UsageStatsService: User[0] Flushing usage stats to disk
06-16 11:00:49.585  1161 14648 D ConnectivityService: Returning unblocked NetworkInfo to uid=10113
06-16 11:00:49.619  1161 14512 W ActivityManager: Unable to start service Intent { act=com.google.firebase.MESSAGING_EVENT pkg=com.vkontakte.android (has extras) } U=0: not found
06-16 11:01:13.698  1161  1208 I UsbPortManager: USB port changed: port=UsbPort{id=otg_default, supportedModes=dual}, status=UsbPortStatus{connected=false, currentMode=none, currentPowerRole=no-power, currentDataRole=no-data, supportedRoleCombinations=[no-power:no-data]}, canChangeMode=true, canChangePowerRole=true, canChangeDataRole=true
06-16 11:01:13.805  1161  1195 I BatteryStatsImpl: Resetting battery stats: level=100 status=3 dischargeLevel=100 lowAmount=4 highAmount=5
06-16 11:01:16.063  1161  1193 I ActivityManager: Config changes=480 {1.0 310mcc260mnc [en_US,ru_RU] ldltr sw411dp w683dp h387dp 420dpi nrml land finger -keyb/v/h -nav/h s.61}
06-16 11:01:16.448  1161  1210 I WindowManager: Screen frozen for +421ms due to Window{2b79463 u0 StatusBar}
06-16 11:01:18.405  1161  2719 I ActivityManager: Setting hasTopUi=true for pid=1632
06-16 11:01:19.956  1161  1212 D LuxLevels: bright hysteresis constant= 0.1, threshold=31.829306, lux=28.935732
06-16 11:01:19.956  1161  1212 D LuxLevels: dark hysteresis constant= 0.2, threshold=23.148586, lux=28.935732
06-16 11:01:20.203  1161  2720 W InputMethodManagerService: Window already focused, ignoring focus gain of: com.android.internal.view.IInputMethodClient$Stub$Proxy@422cf24 attribute=null, token = android.os.BinderProxy@dc006e1
06-16 11:01:20.211  1161 14650 I ActivityManager: Setting hasTopUi=false for pid=1632
06-16 11:01:20.786  1161  1212 D LuxLevels: bright hysteresis constant= 0.1, threshold=24.791683, lux=22.537893
06-16 11:01:20.786  1161  1212 D LuxLevels: dark hysteresis constant= 0.2, threshold=18.030315, lux=22.537893
06-16 11:01:21.533  1161  1212 D LuxLevels: bright hysteresis constant= 0.1, threshold=19.684252, lux=17.894773
06-16 11:01:21.534  1161  1212 D LuxLevels: dark hysteresis constant= 0.2, threshold=14.315819, lux=17.894773
06-16 11:01:22.331  1161  1212 D LuxLevels: bright hysteresis constant= 0.1, threshold=15.427681, lux=14.025165
06-16 11:01:22.332  1161  1212 D LuxLevels: dark hysteresis constant= 0.2, threshold=11.220132, lux=14.025165
06-16 11:01:23.179  1161  1212 D LuxLevels: bright hysteresis constant= 0.1, threshold=11.843383, lux=10.766711
06-16 11:01:23.180  1161  1212 D LuxLevels: dark hysteresis constant= 0.2, threshold=8.613369, lux=10.766711
06-16 11:01:23.938  1161  1212 D LuxLevels: bright hysteresis constant= 0.1, threshold=9.4057045, lux=8.55064
06-16 11:01:23.938  1161  1212 D LuxLevels: dark hysteresis constant= 0.2, threshold=6.8405123, lux=8.55064
06-16 11:01:32.153  1161  1193 I ActivityManager: Config changes=480 {1.0 310mcc260mnc [en_US,ru_RU] ldltr sw411dp w411dp h659dp 420dpi nrml port finger -keyb/v/h -nav/h s.62}
06-16 11:01:32.486  1161  1210 I WindowManager: Screen frozen for +390ms due to Window{2b79463 u0 StatusBar}
06-16 11:01:33.192  1161  1193 I ActivityManager: Config changes=480 {1.0 310mcc260mnc [en_US,ru_RU] ldltr sw411dp w683dp h387dp 420dpi nrml land finger -keyb/v/h -nav/h s.63}
06-16 11:01:33.456  1161  1210 I WindowManager: Screen frozen for +303ms due to Window{2b79463 u0 StatusBar}
06-16 11:01:38.370  1161  1161 W WindowManager: Attempted to remove non-existing token: android.os.Binder@5046531
06-16 11:01:57.327  1161 14650 I ActivityManager: Setting hasTopUi=true for pid=1632
06-16 11:02:10.977  1161 14512 W InputMethodManagerService: Window already focused, ignoring focus gain of: com.android.internal.view.IInputMethodClient$Stub$Proxy@a654f95 attribute=null, token = android.os.BinderProxy@db8b1f2
06-16 11:02:10.990  1161  1881 I ActivityManager: Setting hasTopUi=false for pid=1632
06-16 11:02:27.682  1161 14648 I ActivityManager: Start proc 11096:com.android.providers.calendar/u0a4 for content provider com.android.providers.calendar/.CalendarProvider2
06-16 11:02:28.876  1161 15252 I ActivityManager: START u0 {cmp=com.samsung.mygallery.app/.AlbumActivity (has extras)} from uid 10167 on display 0
06-16 11:02:28.958  1161  2705 I ActivityManager: Start proc 11113:com.google.android.calendar/u0a52 for broadcast com.google.android.calendar/.alerts.AlertReceiver
06-16 11:02:32.269  1161  1212 D LuxLevels: bright hysteresis constant= 0.1, threshold=3.2135181, lux=2.92138
06-16 11:02:32.269  1161  1212 D LuxLevels: dark hysteresis constant= 0.2, threshold=2.337104, lux=2.92138
06-16 11:02:33.152  1161  1212 D LuxLevels: bright hysteresis constant= 0.1, threshold=2.388979, lux=2.171799
06-16 11:02:33.152  1161  1212 D LuxLevels: dark hysteresis constant= 0.2, threshold=1.7374392, lux=2.171799
06-16 11:02:33.904  1161  1212 D LuxLevels: bright hysteresis constant= 0.1, threshold=1.7680817, lux=1.6073469
06-16 11:02:33.904  1161  1212 D LuxLevels: dark hysteresis constant= 0.2, threshold=1.2858776, lux=1.6073469
06-16 11:02:34.404  1161  1212 D LuxLevels: bright hysteresis constant= 0.1, threshold=1.404806, lux=1.2770964
06-16 11:02:34.405  1161  1212 D LuxLevels: dark hysteresis constant= 0.2, threshold=1.0216771, lux=1.2770964
06-16 11:02:34.894  1161  1212 D LuxLevels: bright hysteresis constant= 0.1, threshold=1.0994383, lux=0.99948937
06-16 11:02:34.894  1161  1212 D LuxLevels: dark hysteresis constant= 0.2, threshold=0.7995915, lux=0.99948937
06-16 11:02:35.395  1161  1212 D LuxLevels: bright hysteresis constant= 0.1, threshold=0.82036823, lux=0.7457893
06-16 11:02:35.395  1161  1212 D LuxLevels: dark hysteresis constant= 0.2, threshold=0.59663147, lux=0.7457893
06-16 11:02:35.896  1161  1212 D LuxLevels: bright hysteresis constant= 0.1, threshold=0.58308876, lux=0.5300807
06-16 11:02:35.896  1161  1212 D LuxLevels: dark hysteresis constant= 0.2, threshold=0.42406455, lux=0.5300807
06-16 11:02:36.398  1161  1212 D LuxLevels: bright hysteresis constant= 0.1, threshold=0.38762742, lux=0.35238856
06-16 11:02:36.398  1161  1212 D LuxLevels: dark hysteresis constant= 0.2, threshold=0.28191087, lux=0.35238856
06-16 11:02:36.650  1161  1212 D LuxLevels: bright hysteresis constant= 0.1, threshold=0.3055895, lux=0.27780864
06-16 11:02:36.650  1161  1212 D LuxLevels: dark hysteresis constant= 0.2, threshold=0.22224692, lux=0.27780864
06-16 11:02:38.645  1161  1212 D LuxLevels: bright hysteresis constant= 0.1, threshold=0.022257999, lux=0.020234544
06-16 11:02:38.645  1161  1212 D LuxLevels: dark hysteresis constant= 0.2, threshold=0.016187636, lux=0.020234544
06-16 11:02:39.647  1161  1212 D LuxLevels: bright hysteresis constant= 0.1, threshold=0.01647459, lux=0.014976899
06-16 11:02:39.648  1161  1212 D LuxLevels: dark hysteresis constant= 0.2, threshold=0.01198152, lux=0.014976899
06-16 11:02:40.399  1161  1212 D LuxLevels: bright hysteresis constant= 0.1, threshold=0.012217615, lux=0.011106922
06-16 11:02:40.400  1161  1212 D LuxLevels: dark hysteresis constant= 0.2, threshold=0.008885538, lux=0.011106922
06-16 11:02:40.901  1161  1212 D LuxLevels: bright hysteresis constant= 0.1, threshold=0.009381498, lux=0.008528635
06-16 11:02:40.901  1161  1212 D LuxLevels: dark hysteresis constant= 0.2, threshold=0.006822908, lux=0.008528635
06-16 11:02:41.401  1161  1212 D LuxLevels: bright hysteresis constant= 0.1, threshold=0.00654542, lux=0.0059503815
06-16 11:02:41.402  1161  1212 D LuxLevels: dark hysteresis constant= 0.2, threshold=0.0047603054, lux=0.0059503815
06-16 11:02:41.653  1161  1212 D LuxLevels: bright hysteresis constant= 0.1, threshold=0.005124522, lux=0.004658656
06-16 11:02:41.653  1161  1212 D LuxLevels: dark hysteresis constant= 0.2, threshold=0.003726925, lux=0.004658656
06-16 11:02:41.903  1161  1212 D LuxLevels: bright hysteresis constant= 0.1, threshold=0.0038589893, lux=0.003508172
06-16 11:02:41.903  1161  1212 D LuxLevels: dark hysteresis constant= 0.2, threshold=0.0028065376, lux=0.003508172
06-16 11:02:42.153  1161  1212 D LuxLevels: bright hysteresis constant= 0.1, threshold=0.0028891424, lux=0.002626493
06-16 11:02:42.154  1161  1212 D LuxLevels: dark hysteresis constant= 0.2, threshold=0.0021011946, lux=0.002626493
06-16 11:02:42.404  1161  1212 D LuxLevels: bright hysteresis constant= 0.1, threshold=0.002202797, lux=0.0020025426
06-16 11:02:42.404  1161  1212 D LuxLevels: dark hysteresis constant= 0.2, threshold=0.0016020341, lux=0.0020025426
06-16 11:02:42.905  1161  1212 D LuxLevels: bright hysteresis constant= 0.1, threshold=0.001574185, lux=0.0014310773
06-16 11:02:42.905  1161  1212 D LuxLevels: dark hysteresis constant= 0.2, threshold=0.0011448618, lux=0.0014310773
06-16 11:02:43.407  1161  1212 D LuxLevels: bright hysteresis constant= 0.1, threshold=0.001091897, lux=9.926336E-4
06-16 11:02:43.408  1161  1212 D LuxLevels: dark hysteresis constant= 0.2, threshold=7.941069E-4, lux=9.926336E-4
06-16 11:02:43.657  1161  1212 D LuxLevels: bright hysteresis constant= 0.1, threshold=8.5075316E-4, lux=7.7341194E-4
06-16 11:02:43.658  1161  1212 D LuxLevels: dark hysteresis constant= 0.2, threshold=6.1872957E-4, lux=7.7341194E-4
06-16 11:02:43.908  1161  1212 D LuxLevels: bright hysteresis constant= 0.1, threshold=6.105555E-4, lux=5.5505044E-4
06-16 11:02:43.908  1161  1212 D LuxLevels: dark hysteresis constant= 0.2, threshold=4.4404037E-4, lux=5.5505044E-4
06-16 11:02:44.158  1161  1212 D LuxLevels: bright hysteresis constant= 0.1, threshold=3.6941154E-4, lux=3.3582866E-4
06-16 11:02:44.159  1161  1212 D LuxLevels: dark hysteresis constant= 0.2, threshold=2.6866293E-4, lux=3.3582866E-4
06-16 11:02:44.409  1161  1212 D LuxLevels: bright hysteresis constant= 0.1, threshold=1.2921389E-4, lux=1.1746718E-4
06-16 11:02:44.409  1161  1212 D LuxLevels: dark hysteresis constant= 0.2, threshold=9.3973744E-5, lux=1.1746718E-4
06-16 11:02:44.659  1161  1212 D LuxLevels: bright hysteresis constant= 0.1, threshold=0.0, lux=0.0
06-16 11:02:44.660  1161  1212 D LuxLevels: dark hysteresis constant= 0.2, threshold=0.0, lux=0.0
06-16 11:02:58.749  1161  1212 I PowerManagerService: Going to sleep due to screen timeout (uid 1000)...
06-16 11:02:58.788  1161  1161 V FingerprintService: startAuthentication(com.android.systemui)
06-16 11:02:58.789  1161  1161 V FingerprintService: starting client AuthenticationClient(com.android.systemui), initiatedByClient = true)
06-16 11:02:58.812  1161  1161 W FingerprintService: client com.android.systemui is authenticating...
06-16 11:02:59.400  1161  1192 I VrManagerService: VR mode is disallowed
06-16 11:02:59.403  1161  1212 I ActivityManager: Killing 10002:com.google.android.apps.fireball/u0a102 (adj 906): empty #17
06-16 11:02:59.403  1161  1212 I ActivityManager: Killing 6019:com.google.android.keep/u0a103 (adj 906): empty #18
06-16 11:02:59.472  1161  1210 I DisplayManagerService: Display device changed state: "Built-in Screen", OFF
06-16 11:02:59.511  1161  1880 D ActivityManager: cleanUpApplicationRecord -- 6019
06-16 11:02:59.514  1161 15249 D ConnectivityService: ConnectivityService NetworkRequestInfo binderDied(NetworkRequest [ LISTEN id=580, [ Capabilities: INTERNET&NOT_RESTRICTED&TRUSTED&FOREGROUND] ], android.os.BinderProxy@b2ce6d6)
06-16 11:02:59.515  1161  2701 D ActivityManager: cleanUpApplicationRecord -- 10002
06-16 11:02:59.515  1161  1540 E ConnectivityService: RemoteException caught trying to send a callback msg for NetworkRequest [ LISTEN id=580, [ Capabilities: INTERNET&NOT_RESTRICTED&TRUSTED&FOREGROUND] ]
06-16 11:02:59.715  1161  1212 I DreamManagerService: Entering dreamland.
06-16 11:02:59.716  1161  1212 I PowerManagerService: Dozing...
06-16 11:02:59.720  1161  1208 I DreamController: Starting dream: name=ComponentInfo{com.android.systemui/com.android.systemui.doze.DozeService}, isTest=false, canDoze=true, userId=0
06-16 11:03:03.962  1161  1180 I ActivityManager: Setting hasTopUi=true for pid=1632
06-16 11:03:04.180  1161 10439 W InputMethodManagerService: Starting input on non-focused client com.android.internal.view.IInputMethodClient$Stub$Proxy@3900533 (uid=10041 pid=1632)
06-16 11:03:04.223  1161  2734 I ActivityManager: Config changes=480 {1.0 310mcc260mnc [en_US,ru_RU] ldltr sw411dp w411dp h659dp 420dpi nrml port finger -keyb/v/h -nav/h s.64}
06-16 11:03:13.012  1161  1210 W WindowManager: App freeze timeout expired.
06-16 11:06:16.298  1161 14650 I ActivityManager: Start proc 11217:com.tivophone.android.debug/u0a136 for broadcast com.tivophone.android.debug/com.tivo.net.NetworkStatusMonitor
06-16 11:06:16.344 11217 11217 W ActivityThread: Application com.tivophone.android.debug can be debugged on port 8100...
06-16 11:06:26.828  1161 15251 I ActivityManager: Start proc 11235:com.tivophone.android.debug:acra/u0a136 for service com.tivophone.android.debug/org.acra.sender.SenderService
06-16 11:06:26.926  1161  2707 D ConnectivityService: Returning unblocked NetworkInfo to uid=10136
06-16 11:06:27.063  1161  5152 I ActivityManager: Killing 10048:com.google.android.music:main/u0a77 (adj 906): empty #17
06-16 11:06:27.104  1161 14645 D ActivityManager: cleanUpApplicationRecord -- 10048
06-16 11:06:27.402  1161  2734 I ActivityManager: Killing 10390:com.instagram.android:browser/u0a117 (adj 906): empty #17
06-16 11:06:27.415  1161 14645 D ActivityManager: cleanUpApplicationRecord -- 10390
06-16 11:09:02.245  1161  1524 I ActivityManager: Start proc 11268:com.yelp.android/u0a132 for service com.yelp.android/.services.backgroundlocation.WatchDogTimerService
06-16 11:09:02.476  1161 15251 D ConnectivityService: Returning blocked NetworkInfo to uid=10117
06-16 11:09:02.477  1161  2705 D ConnectivityService: Returning blocked NetworkInfo to uid=10114
06-16 11:09:02.478  1161  2705 D ConnectivityService: Returning blocked NetworkInfo to uid=10032
06-16 11:09:02.873  1161 15252 I ActivityManager: Killing 10227:com.android.keychain/1000 (adj 906): empty #17
06-16 11:09:02.883  1161 15253 D ActivityManager: cleanUpApplicationRecord -- 10227
06-16 11:15:26.021  1161  1192 E NetdConnector: NDC Command {5102 firewall set_uid_rule dozable 1010117 allow} took too long (3884ms)
06-16 11:17:11.433  1161  1549 D ConnectivityService: Returning blocked NetworkInfo to uid=10097
06-16 11:20:52.215  1161 14643 D ConnectivityService: reportNetworkConnectivity(243, false) by 10018
06-16 11:20:52.399  1161  1540 D ConnectivityService: NetworkAgentInfo [WIFI () - 243] validation passed
06-16 11:36:05.116  1161  5152 D ConnectivityService: Returning blocked NetworkInfo to uid=10136
06-16 11:40:15.764  1161 14649 D ConnectivityService: Returning unblocked NetworkInfo to uid=10114
06-16 11:42:03.296  1161  1208 I UsbPortManager: USB port changed: port=UsbPort{id=otg_default, supportedModes=dual}, status=UsbPortStatus{connected=true, currentMode=ufp, currentPowerRole=sink, currentDataRole=device, supportedRoleCombinations=[source:host, source:device, sink:host, sink:device]}, canChangeMode=true, canChangePowerRole=true, canChangeDataRole=true
06-16 11:42:03.889  1161  1212 I PowerManagerService: Waking up from dozing (uid 1000)...
06-16 11:42:04.027  1161  1212 I DisplayPowerController: Blocking screen on until initial contents have been drawn.
06-16 11:42:04.041  1161  1210 I DisplayManagerService: Display device changed state: "Built-in Screen", ON
06-16 11:42:04.052  1161  1161 I EntropyMixer: Writing entropy...
06-16 11:42:04.182  1161  2017 D ConnectivityService: Returning blocked NetworkInfo to uid=10114
06-16 11:42:04.218  1161  1598 I ActivityManager: Start proc 11777:com.google.android.apps.fireball/u0a102 for service com.google.android.apps.fireball/.tasks.ScheduledTaskService
06-16 11:42:04.386  1161  1880 D ConnectivityService: Returning unblocked NetworkInfo to uid=10114
06-16 11:42:04.453  1161  1212 D LuxLevels: bright hysteresis constant= 0.1, threshold=77.14502, lux=70.131836
06-16 11:42:04.453  1161  1212 D LuxLevels: dark hysteresis constant= 0.2, threshold=56.10547, lux=70.131836
06-16 11:42:04.454  1161  1212 I DisplayPowerController: Unblocked screen on after 428 ms
06-16 11:42:04.455  1161  1212 I DreamManagerService: Gently waking up from dream.
06-16 11:42:04.459  1161  1880 I DreamManagerService: Leaving dreamland.
06-16 11:42:04.460  1161  1208 I DreamController: Stopping dream: name=ComponentInfo{com.android.systemui/com.android.systemui.doze.DozeService}, isTest=false, canDoze=true, userId=0
06-16 11:42:04.836  1161 14645 D ConnectivityService: Returning blocked NetworkInfo to uid=10102
06-16 11:42:07.286  1161  1161 V FingerprintService: onAuthenticated(owner=com.android.systemui, id=-978745207, gp=0)
06-16 11:42:07.296  1161  1161 V FingerprintService: Done with client: com.android.systemui
06-16 11:42:07.598  1161  1192 I VrManagerService: VR mode is allowed
06-16 11:42:07.731  1161 14648 D ConnectivityService: Returning unblocked NetworkInfo to uid=10117
06-16 11:42:07.973  1161 15250 I ActivityManager: Setting hasTopUi=false for pid=1632
06-16 11:42:08.391  1161 14645 I ActivityManager: Setting hasTopUi=true for pid=1632
06-16 11:42:10.250  1161  1212 D LuxLevels: bright hysteresis constant= 0.1, threshold=53.534645, lux=48.66786
06-16 11:42:10.250  1161  1212 D LuxLevels: dark hysteresis constant= 0.2, threshold=38.934288, lux=48.66786
06-16 11:42:12.728  1161 10439 W InputMethodManagerService: Window already focused, ignoring focus gain of: com.android.internal.view.IInputMethodClient$Stub$Proxy@b7c1608 attribute=null, token = android.os.BinderProxy@7f06012
06-16 11:42:12.736  1161  2715 I ActivityManager: Setting hasTopUi=false for pid=1632
06-16 11:42:16.318  1161  1212 D LuxLevels: bright hysteresis constant= 0.1, threshold=59.894314, lux=54.449375
06-16 11:42:16.319  1161  1212 D LuxLevels: dark hysteresis constant= 0.2, threshold=43.5595, lux=54.449375
06-16 11:42:17.808  1161  1212 D LuxLevels: bright hysteresis constant= 0.1, threshold=65.94035, lux=59.945774
06-16 11:42:17.808  1161  1212 D LuxLevels: dark hysteresis constant= 0.2, threshold=47.95662, lux=59.945774
06-16 11:42:18.829  1161  1225 W PackageParser: Unknown element under <manifest>: meta-data at /data/app/vmdl706914286.tmp/base.apk Binary XML file line #14
06-16 11:42:19.701  1161  1192 I ActivityManager: Force stopping com.samsung.mygallery.app appid=10167 user=-1: installPackageLI
06-16 11:42:19.702  1161  1192 I ActivityManager: Killing 10828:com.samsung.mygallery.app/u0a167 (adj 0): stop com.samsung.mygallery.app
06-16 11:42:19.703  1161  1192 D ActivityManager: cleanUpApplicationRecord -- 10828
06-16 11:42:19.704  1161  1192 W ActivityManager: Force removing ActivityRecord{8ab7302 u0 com.samsung.mygallery.app/.AlbumActivity t6000}: app died, no saved state
06-16 11:42:19.735  1161  1818 I WindowManager: WIN DEATH: Window{107b043 u0 com.samsung.mygallery.app/com.samsung.mygallery.app.ui.MainGalleryActivity}
06-16 11:42:19.805  1161  1192 E ActivityManager: Failure starting process com.samsung.mygallery.app
