06-15 16:18:29.779 27242 27242 E AndroidRuntime: 	at com.samsung.mygallery.app.ui.AlbumActivity.onCreate(AlbumActivity.java:25)
06-15 16:18:29.779 27242 27242 E AndroidRuntime: 	at android.app.Activity.performCreate(Activity.java:6682)
06-15 16:18:29.779 27242 27242 E AndroidRuntime: 	at android.app.Instrumentation.callActivityOnCreate(Instrumentation.java:1118)
06-15 16:18:29.779 27242 27242 E AndroidRuntime: 	at android.app.ActivityThread.performLaunchActivity(ActivityThread.java:2619)
06-15 16:18:29.779 27242 27242 E AndroidRuntime: 	... 9 more
06-15 16:18:29.779 27242 27242 E AndroidRuntime: Caused by: java.lang.InstantiationException: Can't instantiate abstract class android.net.Uri
06-15 16:18:29.779 27242 27242 E AndroidRuntime: 	at java.lang.reflect.Constructor.newInstance0(Native Method)
06-15 16:18:29.779 27242 27242 E AndroidRuntime: 	at java.lang.reflect.Constructor.newInstance(Constructor.java:430)
06-15 16:18:29.779 27242 27242 E AndroidRuntime: 	at com.google.gson.internal.ConstructorConstructor$3.construct(ConstructorConstructor.java:108)
06-15 16:18:29.779 27242 27242 E AndroidRuntime: 	... 29 more
06-15 16:18:29.832  1161  1195 I chatty  : uid=1000(system) batterystats-sy expire 1 line
06-15 16:18:30.229  1161  1193 I chatty  : uid=1000(system) android.ui expire 3 lines
06-15 16:18:31.617  1161 14649 I chatty  : uid=1000(system) Binder:1161_1A expire 2 lines
06-15 16:18:31.792  1161  5151 I chatty  : uid=1000(system) Binder:1161_11 expire 2 lines
06-15 16:18:32.172  1161 15251 I chatty  : uid=1000(system) Binder:1161_1E expire 2 lines
06-15 16:18:35.078  1161  2707 I chatty  : uid=1000(system) Binder:1161_B expire 1 line
06-15 16:18:40.244  1161  1818 I chatty  : uid=1000(system) Binder:1161_5 expire 1 line
06-15 16:18:42.196  1161  2017 I chatty  : uid=1000(system) Binder:1161_8 expire 1 line
06-15 16:18:45.911  1161  5152 I chatty  : uid=1000(system) Binder:1161_12 expire 1 line
06-15 16:18:55.921  1161  1161 I chatty  : uid=1000 system_server expire 4 lines
06-15 16:19:27.180  1161  1598 I chatty  : uid=1000(system) Binder:1161_4 expire 5 lines
06-15 16:19:27.201  1161  1210 I chatty  : uid=1000(system) android.display expire 4 lines
06-15 16:19:27.440  1161  1212 I chatty  : uid=1000(system) PowerManagerSer expire 35 lines
06-15 16:19:27.444  1161  1208 I chatty  : uid=1000(system) android.fg expire 10 lines
06-15 16:19:28.817  1161  1190 I chatty  : uid=1000(system) android.bg expire 3 lines
06-15 16:19:28.820  1161  1540 I chatty  : uid=1000(system) ConnectivitySer expire 43 lines
06-15 16:19:31.538  1161 10439 I chatty  : uid=1000(system) Binder:1161_13 expire 3 lines
06-15 16:19:31.729  1161  2017 I chatty  : uid=1000(system) Binder:1161_8 expire 4 lines
06-15 16:19:31.777  1161  1180 I chatty  : uid=1000(system) Binder:1161_1 expire 4 lines
06-15 16:19:32.092  1161 14646 I chatty  : uid=1000(system) Binder:1161_18 expire 2 lines
06-15 16:19:34.629  1161  1533 I chatty  : uid=1000(system) NetworkPolicy expire 3 lines
06-15 16:19:34.857  1161 14512 I chatty  : uid=1000(system) Binder:1161_14 expire 2 lines
06-15 16:19:34.885 27639 27639 W ActivityThread: Application com.tivophone.android.debug can be debugged on port 8100...
06-15 16:19:35.013  1161  2734 I chatty  : uid=1000(system) Binder:1161_10 expire 2 lines
06-15 16:19:35.217  1161  1549 I chatty  : uid=1000(system) Binder:1161_3 expire 1 line
06-15 16:19:59.084  1161 14650 I chatty  : uid=1000(system) Binder:1161_1B expire 2 lines
06-15 16:20:32.802  1161  1161 I chatty  : uid=1000 system_server expire 3 lines
06-15 16:20:32.805  1161  1818 I chatty  : uid=1000(system) Binder:1161_5 expire 3 lines
06-15 16:20:32.859  1161 14643 I chatty  : uid=1000(system) Binder:1161_15 expire 2 lines
06-15 16:20:32.882  1161  1192 I chatty  : uid=1000(system) ActivityManager expire 3 lines
06-15 16:20:33.137  1161 14649 I chatty  : uid=1000(system) Binder:1161_1A expire 3 lines
06-15 16:20:33.214  1161  1880 I chatty  : uid=1000(system) Binder:1161_6 expire 3 lines
06-15 16:20:35.262  1161  1526 I chatty  : uid=1000(system) InputDispatcher expire 2 lines
06-15 16:20:36.679  1161  2705 I chatty  : uid=1000(system) Binder:1161_A expire 4 lines
06-15 16:20:42.199  1161 15249 I chatty  : uid=1000(system) Binder:1161_1C expire 3 lines
06-15 16:20:42.212  1161  2707 I chatty  : uid=1000(system) Binder:1161_B expire 1 line
06-15 16:20:42.228  1161  1181 I chatty  : uid=1000(system) Binder:1161_2 expire 4 lines
06-15 16:20:42.693  1161  2718 I chatty  : uid=1000(system) Binder:1161_D expire 3 lines
06-15 16:21:07.374  1161 15251 I chatty  : uid=1000(system) Binder:1161_1E expire 1 line
06-15 16:21:07.677  1161  5151 I chatty  : uid=1000(system) Binder:1161_11 expire 2 lines
06-15 16:21:07.696  1161  2720 I chatty  : uid=1000(system) Binder:1161_F expire 2 lines
06-15 16:23:02.026  1161 14648 I chatty  : uid=1000(system) Binder:1161_19 expire 3 lines
06-15 16:23:02.213  1161 15250 I chatty  : uid=1000(system) Binder:1161_1D expire 1 line
06-15 16:23:02.253  1161 15253 I chatty  : uid=1000(system) Binder:1161_20 expire 2 lines
06-15 16:23:02.403  1161  5152 I chatty  : uid=1000(system) Binder:1161_12 expire 2 lines
06-15 16:23:28.740  1161  1535 I chatty  : uid=1000(system) WifiService expire 3 lines
06-15 16:23:28.927  1161  1536 I chatty  : uid=1000(system) WifiStateMachin expire 1 line
06-15 16:23:35.507  1161 14644 I chatty  : uid=1000(system) Binder:1161_16 expire 2 lines
06-15 16:23:35.529  1161 14645 I chatty  : uid=1000(system) Binder:1161_17 expire 2 lines
06-15 16:23:41.915  1161  2719 I chatty  : uid=1000(system) Binder:1161_E expire 3 lines
06-15 16:23:44.361  1161  1881 I chatty  : uid=1000(system) Binder:1161_7 expire 2 lines
06-15 16:23:59.280   677  1231 D NetlinkEvent: Unknown ifindex 46 in RTM_DELADDR
06-15 16:23:59.287  1161  1208 I chatty  : uid=1000(system) android.fg expire 2 lines
06-15 16:24:25.421  1161  1212 I chatty  : uid=1000(system) PowerManagerSer expire 22 lines
06-15 16:29:41.975  1161  2701 I chatty  : uid=1000(system) Binder:1161_9 expire 1 line
06-15 16:29:47.989  1161  1181 I chatty  : uid=1000(system) Binder:1161_2 expire 2 lines
06-15 16:29:51.815  1161  1192 I chatty  : uid=1000(system) ActivityManager expire 15 lines
06-15 16:29:51.826  1161  5151 I chatty  : uid=1000(system) Binder:1161_11 expire 3 lines
06-15 16:30:01.244  1161  1212 I chatty  : uid=1000(system) PowerManagerSer expire 16 lines
06-15 16:31:14.355  1161  1527 I chatty  : uid=1000(system) InputReader expire 1 line
06-15 16:31:14.383  1161  1161 I chatty  : uid=1000 system_server expire 12 lines
06-15 16:31:14.910  1161  1210 I chatty  : uid=1000(system) android.display expire 6 lines
06-15 16:31:15.145  1161  1208 I chatty  : uid=1000(system) android.fg expire 17 lines
06-15 16:31:15.226  1161 15250 I chatty  : uid=1000(system) Binder:1161_1D expire 3 lines
06-15 16:31:15.372  1161 14646 I chatty  : uid=1000(system) Binder:1161_18 expire 3 lines
06-15 16:31:55.817  1161  1190 I chatty  : uid=1000(system) android.bg expire 5 lines
06-15 16:32:00.652  1161 15253 I chatty  : uid=1000(system) Binder:1161_20 expire 3 lines
06-15 16:32:00.653  1161  1540 I chatty  : uid=1000(system) ConnectivitySer expire 42 lines
06-15 16:32:02.990   677  1231 D NetlinkEvent: Unknown ifindex 68 in RTM_DELADDR
06-15 16:32:51.105  1161  1546 I chatty  : uid=1000(system) onProviders.ECP expire 1 line
06-15 16:33:00.011  1161 14650 I chatty  : uid=1000(system) Binder:1161_1B expire 2 lines
06-15 16:33:00.137  1161 14645 I chatty  : uid=1000(system) Binder:1161_17 expire 4 lines
06-15 16:33:00.143  1161  2718 I chatty  : uid=1000(system) Binder:1161_D expire 1 line
06-15 16:33:00.153  1161 14648 I chatty  : uid=1000(system) Binder:1161_19 expire 4 lines
06-15 16:33:00.217  1161 10439 I chatty  : uid=1000(system) Binder:1161_13 expire 2 lines
06-15 16:33:24.851  1161 15249 I chatty  : uid=1000(system) Binder:1161_1C expire 1 line
06-15 16:33:24.916  1161  2017 I chatty  : uid=1000(system) Binder:1161_8 expire 3 lines
06-15 16:33:24.958  1161  2715 I chatty  : uid=1000(system) Binder:1161_C expire 3 lines
06-15 16:33:27.852  1161  1536 I chatty  : uid=1000(system) WifiStateMachin expire 1 line
06-15 16:33:28.465  1161 14644 I chatty  : uid=1000(system) Binder:1161_16 expire 1 line
06-15 16:33:29.867   677  1231 D NetlinkEvent: Unknown ifindex 67 in RTM_DELADDR
06-15 16:33:33.051  1161  1540 I chatty  : uid=1000(system) ConnectivitySer expire 19 lines
06-15 16:33:41.802  1161 14512 I chatty  : uid=1000(system) Binder:1161_14 expire 2 lines
06-15 16:33:43.842  1161  2734 I chatty  : uid=1000(system) Binder:1161_10 expire 2 lines
06-15 16:33:49.913  1161 14643 I chatty  : uid=1000(system) Binder:1161_15 expire 2 lines
06-15 16:35:32.734  1161  1212 I chatty  : uid=1000(system) PowerManagerSer expire 23 lines
06-15 16:35:33.651  1161  1161 I chatty  : uid=1000 system_server expire 4 lines
06-15 16:35:33.728  1161 15251 I chatty  : uid=1000(system) Binder:1161_1E expire 1 line
06-15 16:35:35.906  1161  2719 I chatty  : uid=1000(system) Binder:1161_E expire 2 lines
06-15 16:35:42.375  1161  1526 I chatty  : uid=1000(system) InputDispatcher expire 1 line
06-15 16:35:46.731  1161  1549 I chatty  : uid=1000(system) Binder:1161_3 expire 2 lines
06-15 16:36:09.506  1161  1180 I chatty  : uid=1000(system) Binder:1161_1 expire 1 line
06-15 16:36:38.944  1161  1598 I chatty  : uid=1000(system) Binder:1161_4 expire 1 line
06-15 16:38:00.060  1161  1524 I chatty  : uid=1000(system) AlarmManager expire 3 lines
06-15 16:39:02.442  1161  1212 I chatty  : uid=1000(system) PowerManagerSer expire 42 lines
06-15 16:39:46.023  1161  1192 I chatty  : uid=1000(system) ActivityManager expire 17 lines
06-15 16:40:00.590 30476 30476 E AndroidRuntime: FATAL EXCEPTION: main
06-15 16:40:00.590 30476 30476 E AndroidRuntime: Process: com.samsung.mygallery.app, PID: 30476
06-15 16:40:00.590 30476 30476 E AndroidRuntime: java.lang.RuntimeException: Unable to start activity ComponentInfo{com.samsung.mygallery.app/com.samsung.mygallery.app.ui.AlbumActivity}: java.lang.RuntimeException: Failed to invoke private android.net.Uri() with no args
06-15 16:40:00.590 30476 30476 E AndroidRuntime: 	at android.app.ActivityThread.performLaunchActivity(ActivityThread.java:2666)
06-15 16:40:00.590 30476 30476 E AndroidRuntime: 	at android.app.ActivityThread.handleLaunchActivity(ActivityThread.java:2727)
06-15 16:40:00.590 30476 30476 E AndroidRuntime: 	at android.app.ActivityThread.-wrap12(ActivityThread.java)
06-15 16:40:00.590 30476 30476 E AndroidRuntime: 	at android.app.ActivityThread$H.handleMessage(ActivityThread.java:1478)
06-15 16:40:00.590 30476 30476 E AndroidRuntime: 	at android.os.Handler.dispatchMessage(Handler.java:102)
06-15 16:40:00.590 30476 30476 E AndroidRuntime: 	at android.os.Looper.loop(Looper.java:154)
06-15 16:40:00.590 30476 30476 E AndroidRuntime: 	at android.app.ActivityThread.main(ActivityThread.java:6121)
06-15 16:40:00.590 30476 30476 E AndroidRuntime: 	at java.lang.reflect.Method.invoke(Native Method)
06-15 16:40:00.590 30476 30476 E AndroidRuntime: 	at com.android.internal.os.ZygoteInit$MethodAndArgsCaller.run(ZygoteInit.java:889)
06-15 16:40:00.590 30476 30476 E AndroidRuntime: 	at com.android.internal.os.ZygoteInit.main(ZygoteInit.java:779)
06-15 16:40:00.590 30476 30476 E AndroidRuntime: Caused by: java.lang.RuntimeException: Failed to invoke private android.net.Uri() with no args
06-15 16:40:00.590 30476 30476 E AndroidRuntime: 	at com.google.gson.internal.ConstructorConstructor$3.construct(ConstructorConstructor.java:111)
06-15 16:40:00.590 30476 30476 E AndroidRuntime: 	at com.google.gson.internal.bind.ReflectiveTypeAdapterFactory$Adapter.read(ReflectiveTypeAdapterFactory.java:210)
06-15 16:40:00.590 30476 30476 E AndroidRuntime: 	at com.google.gson.internal.bind.TypeAdapterRuntimeTypeWrapper.read(TypeAdapterRuntimeTypeWrapper.java:41)
06-15 16:40:00.590 30476 30476 E AndroidRuntime: 	at com.google.gson.internal.bind.CollectionTypeAdapterFactory$Adapter.read(CollectionTypeAdapterFactory.java:82)
06-15 16:40:00.590 30476 30476 E AndroidRuntime: 	at com.google.gson.internal.bind.CollectionTypeAdapterFactory$Adapter.read(CollectionTypeAdapterFactory.java:61)
06-15 16:40:00.590 30476 30476 E AndroidRuntime: 	at com.google.gson.Gson.fromJson(Gson.java:887)
06-15 16:40:00.590 30476 30476 E AndroidRuntime: 	at com.google.gson.Gson.fromJson(Gson.java:852)
06-15 16:40:00.590 30476 30476 E AndroidRuntime: 	at com.google.gson.Gson.fromJson(Gson.java:801)
06-15 16:40:00.590 30476 30476 E AndroidRuntime: 	at com.samsung.mygallery.app.models.AlbumModel.<init>(AlbumModel.java:35)
06-15 16:40:00.590 30476 30476 E AndroidRuntime: 	at com.samsung.mygallery.app.models.AlbumModel$2.createFromParcel(AlbumModel.java:41)
06-15 16:40:00.590 30476 30476 E AndroidRuntime: 	at com.samsung.mygallery.app.models.AlbumModel$2.createFromParcel(AlbumModel.java:38)
06-15 16:40:00.590 30476 30476 E AndroidRuntime: 	at android.os.Parcel.readParcelable(Parcel.java:2471)
06-15 16:40:00.590 30476 30476 E AndroidRuntime: 	at android.os.Parcel.readValue(Parcel.java:2365)
06-15 16:40:00.590 30476 30476 E AndroidRuntime: 	at android.os.Parcel.readArrayMapInternal(Parcel.java:2732)
06-15 16:40:00.590 30476 30476 E AndroidRuntime: 	at android.os.BaseBundle.unparcel(BaseBundle.java:269)
06-15 16:40:00.590 30476 30476 E AndroidRuntime: 	at android.os.Bundle.getParcelable(Bundle.java:864)
06-15 16:40:00.590 30476 30476 E AndroidRuntime: 	at android.content.Intent.getParcelableExtra(Intent.java:6271)
06-15 16:40:00.590 30476 30476 E AndroidRuntime: 	at com.samsung.mygallery.app.ui.AlbumActivity.onCreate(AlbumActivity.java:25)
06-15 16:40:00.590 30476 30476 E AndroidRuntime: 	at android.app.Activity.performCreate(Activity.java:6682)
06-15 16:40:00.590 30476 30476 E AndroidRuntime: 	at android.app.Instrumentation.callActivityOnCreate(Instrumentation.java:1118)
06-15 16:40:00.590 30476 30476 E AndroidRuntime: 	at android.app.ActivityThread.performLaunchActivity(ActivityThread.java:2619)
06-15 16:40:00.590 30476 30476 E AndroidRuntime: 	... 9 more
06-15 16:40:00.590 30476 30476 E AndroidRuntime: Caused by: java.lang.InstantiationException: Can't instantiate abstract class android.net.Uri
06-15 16:40:00.590 30476 30476 E AndroidRuntime: 	at java.lang.reflect.Constructor.newInstance0(Native Method)
06-15 16:40:00.590 30476 30476 E AndroidRuntime: 	at java.lang.reflect.Constructor.newInstance(Constructor.java:430)
06-15 16:40:00.590 30476 30476 E AndroidRuntime: 	at com.google.gson.internal.ConstructorConstructor$3.construct(ConstructorConstructor.java:108)
06-15 16:40:00.590 30476 30476 E AndroidRuntime: 	... 29 more
06-15 16:40:00.607  1161 15252 I chatty  : uid=1000(system) Binder:1161_1F expire 6 lines
06-15 16:40:28.823  1161  1180 I chatty  : uid=1000(system) Binder:1161_1 expire 3 lines
06-15 16:40:28.875  1161  1549 I chatty  : uid=1000(system) Binder:1161_3 expire 2 lines
06-15 16:45:00.893  1161  1210 I chatty  : uid=1000(system) android.display expire 3 lines
06-15 16:49:08.649  1161  1225 I chatty  : uid=1000(system) PackageManager expire 10 lines
06-15 16:49:11.439 30836 30836 W ContextImpl: Calling a method in the system process without a qualified user: android.app.ContextImpl.startService:1357 android.content.ContextWrapper.startService:613 android.content.ContextWrapper.startService:613 com.android.keychain.KeyChainBroadcastReceiver.onReceive:12 android.app.ActivityThread.handleReceiver:3041 
06-15 16:49:11.539  1161 10439 I chatty  : uid=1000(system) Binder:1161_13 expire 3 lines
06-15 16:49:11.551  1161  5151 I chatty  : uid=1000(system) Binder:1161_11 expire 4 lines
06-15 16:49:11.585  1161  2734 I chatty  : uid=1000(system) Binder:1161_10 expire 2 lines
06-15 16:49:11.671  1161  2715 I chatty  : uid=1000(system) Binder:1161_C expire 1 line
06-15 16:49:11.686  1161 14643 I chatty  : uid=1000(system) Binder:1161_15 expire 2 lines
06-15 16:49:11.739  1161  1598 I chatty  : uid=1000(system) Binder:1161_4 expire 3 lines
06-15 16:49:11.798  1161  1190 I chatty  : uid=1000(system) android.bg expire 6 lines
06-15 16:49:11.856  1161  1880 I chatty  : uid=1000(system) Binder:1161_6 expire 3 lines
06-15 16:49:11.870  1161  2707 I chatty  : uid=1000(system) Binder:1161_B expire 3 lines
06-15 16:49:12.299  1161  1212 I chatty  : uid=1000(system) PowerManagerSer expire 10 lines
06-15 16:49:16.796  1161  1881 I chatty  : uid=1000(system) Binder:1161_7 expire 9 lines
06-15 16:49:16.861  1161  5152 I chatty  : uid=1000(system) Binder:1161_12 expire 2 lines
06-15 16:49:17.993  1161  2718 I chatty  : uid=1000(system) Binder:1161_D expire 3 lines
06-15 16:49:18.012  1161  1818 I chatty  : uid=1000(system) Binder:1161_5 expire 1 line
06-15 16:49:18.032 31011 31011 E AndroidRuntime: FATAL EXCEPTION: main
06-15 16:49:18.032 31011 31011 E AndroidRuntime: Process: com.samsung.mygallery.app, PID: 31011
06-15 16:49:18.032 31011 31011 E AndroidRuntime: java.lang.RuntimeException: Unable to start activity ComponentInfo{com.samsung.mygallery.app/com.samsung.mygallery.app.ui.AlbumActivity}: java.lang.UnsupportedOperationException: JsonObject
06-15 16:49:18.032 31011 31011 E AndroidRuntime: 	at android.app.ActivityThread.performLaunchActivity(ActivityThread.java:2666)
06-15 16:49:18.032 31011 31011 E AndroidRuntime: 	at android.app.ActivityThread.handleLaunchActivity(ActivityThread.java:2727)
06-15 16:49:18.032 31011 31011 E AndroidRuntime: 	at android.app.ActivityThread.-wrap12(ActivityThread.java)
06-15 16:49:18.032 31011 31011 E AndroidRuntime: 	at android.app.ActivityThread$H.handleMessage(ActivityThread.java:1478)
06-15 16:49:18.032 31011 31011 E AndroidRuntime: 	at android.os.Handler.dispatchMessage(Handler.java:102)
06-15 16:49:18.032 31011 31011 E AndroidRuntime: 	at android.os.Looper.loop(Looper.java:154)
06-15 16:49:18.032 31011 31011 E AndroidRuntime: 	at android.app.ActivityThread.main(ActivityThread.java:6121)
06-15 16:49:18.032 31011 31011 E AndroidRuntime: 	at java.lang.reflect.Method.invoke(Native Method)
06-15 16:49:18.032 31011 31011 E AndroidRuntime: 	at com.android.internal.os.ZygoteInit$MethodAndArgsCaller.run(ZygoteInit.java:889)
06-15 16:49:18.032 31011 31011 E AndroidRuntime: 	at com.android.internal.os.ZygoteInit.main(ZygoteInit.java:779)
06-15 16:49:18.032 31011 31011 E AndroidRuntime: Caused by: java.lang.UnsupportedOperationException: JsonObject
06-15 16:49:18.032 31011 31011 E AndroidRuntime: 	at com.google.gson.JsonElement.getAsString(JsonElement.java:191)
06-15 16:49:18.032 31011 31011 E AndroidRuntime: 	at com.samsung.mygallery.app.models.AlbumModel$UriDeserializer.deserialize(AlbumModel.java:108)
06-15 16:49:18.032 31011 31011 E AndroidRuntime: 	at com.samsung.mygallery.app.models.AlbumModel$UriDeserializer.deserialize(AlbumModel.java:104)
06-15 16:49:18.032 31011 31011 E AndroidRuntime: 	at com.google.gson.internal.bind.TreeTypeAdapter.read(TreeTypeAdapter.java:69)
06-15 16:49:18.032 31011 31011 E AndroidRuntime: 	at com.google.gson.internal.bind.TypeAdapterRuntimeTypeWrapper.read(TypeAdapterRuntimeTypeWrapper.java:41)
06-15 16:49:18.032 31011 31011 E AndroidRuntime: 	at com.google.gson.internal.bind.CollectionTypeAdapterFactory$Adapter.read(CollectionTypeAdapterFactory.java:82)
06-15 16:49:18.032 31011 31011 E AndroidRuntime: 	at com.google.gson.internal.bind.CollectionTypeAdapterFactory$Adapter.read(CollectionTypeAdapterFactory.java:61)
06-15 16:49:18.032 31011 31011 E AndroidRuntime: 	at com.google.gson.Gson.fromJson(Gson.java:887)
06-15 16:49:18.032 31011 31011 E AndroidRuntime: 	at com.google.gson.Gson.fromJson(Gson.java:852)
06-15 16:49:18.032 31011 31011 E AndroidRuntime: 	at com.google.gson.Gson.fromJson(Gson.java:801)
06-15 16:49:18.032 31011 31011 E AndroidRuntime: 	at com.samsung.mygallery.app.models.AlbumModel.<init>(AlbumModel.java:37)
06-15 16:49:18.032 31011 31011 E AndroidRuntime: 	at com.samsung.mygallery.app.models.AlbumModel$2.createFromParcel(AlbumModel.java:43)
06-15 16:49:18.032 31011 31011 E AndroidRuntime: 	at com.samsung.mygallery.app.models.AlbumModel$2.createFromParcel(AlbumModel.java:40)
06-15 16:49:18.032 31011 31011 E AndroidRuntime: 	at android.os.Parcel.readParcelable(Parcel.java:2471)
06-15 16:49:18.032 31011 31011 E AndroidRuntime: 	at android.os.Parcel.readValue(Parcel.java:2365)
06-15 16:49:18.032 31011 31011 E AndroidRuntime: 	at android.os.Parcel.readArrayMapInternal(Parcel.java:2732)
06-15 16:49:18.032 31011 31011 E AndroidRuntime: 	at android.os.BaseBundle.unparcel(BaseBundle.java:269)
06-15 16:49:18.032 31011 31011 E AndroidRuntime: 	at android.os.Bundle.getParcelable(Bundle.java:864)
06-15 16:49:18.032 31011 31011 E AndroidRuntime: 	at android.content.Intent.getParcelableExtra(Intent.java:6271)
06-15 16:49:18.032 31011 31011 E AndroidRuntime: 	at com.samsung.mygallery.app.ui.AlbumActivity.onCreate(AlbumActivity.java:25)
06-15 16:49:18.032 31011 31011 E AndroidRuntime: 	at android.app.Activity.performCreate(Activity.java:6682)
06-15 16:49:18.032 31011 31011 E AndroidRuntime: 	at android.app.Instrumentation.callActivityOnCreate(Instrumentation.java:1118)
06-15 16:49:18.032 31011 31011 E AndroidRuntime: 	at android.app.ActivityThread.performLaunchActivity(ActivityThread.java:2619)
06-15 16:49:18.032 31011 31011 E AndroidRuntime: 	... 9 more
06-15 16:49:18.831  1161 15251 I chatty  : uid=1000(system) Binder:1161_1E expire 3 lines
06-15 16:49:22.214  1161  2017 I chatty  : uid=1000(system) Binder:1161_8 expire 1 line
06-15 16:49:23.767  1161 14512 I chatty  : uid=1000(system) Binder:1161_14 expire 6 lines
06-15 16:53:50.375 31042 31042 E AndroidRuntime: FATAL EXCEPTION: main
06-15 16:53:50.375 31042 31042 E AndroidRuntime: Process: com.samsung.mygallery.app, PID: 31042
06-15 16:53:50.375 31042 31042 E AndroidRuntime: java.lang.RuntimeException: Unable to start activity ComponentInfo{com.samsung.mygallery.app/com.samsung.mygallery.app.ui.AlbumActivity}: java.lang.UnsupportedOperationException: JsonObject
06-15 16:53:50.375 31042 31042 E AndroidRuntime: 	at android.app.ActivityThread.performLaunchActivity(ActivityThread.java:2666)
06-15 16:53:50.375 31042 31042 E AndroidRuntime: 	at android.app.ActivityThread.handleLaunchActivity(ActivityThread.java:2727)
06-15 16:53:50.375 31042 31042 E AndroidRuntime: 	at android.app.ActivityThread.-wrap12(ActivityThread.java)
06-15 16:53:50.375 31042 31042 E AndroidRuntime: 	at android.app.ActivityThread$H.handleMessage(ActivityThread.java:1478)
06-15 16:53:50.375 31042 31042 E AndroidRuntime: 	at android.os.Handler.dispatchMessage(Handler.java:102)
06-15 16:53:50.375 31042 31042 E AndroidRuntime: 	at android.os.Looper.loop(Looper.java:154)
06-15 16:53:50.375 31042 31042 E AndroidRuntime: 	at android.app.ActivityThread.main(ActivityThread.java:6121)
06-15 16:53:50.375 31042 31042 E AndroidRuntime: 	at java.lang.reflect.Method.invoke(Native Method)
06-15 16:53:50.375 31042 31042 E AndroidRuntime: 	at com.android.internal.os.ZygoteInit$MethodAndArgsCaller.run(ZygoteInit.java:889)
06-15 16:53:50.375 31042 31042 E AndroidRuntime: 	at com.android.internal.os.ZygoteInit.main(ZygoteInit.java:779)
06-15 16:53:50.375 31042 31042 E AndroidRuntime: Caused by: java.lang.UnsupportedOperationException: JsonObject
06-15 16:53:50.375 31042 31042 E AndroidRuntime: 	at com.google.gson.JsonElement.getAsString(JsonElement.java:191)
06-15 16:53:50.375 31042 31042 E AndroidRuntime: 	at com.samsung.mygallery.app.models.AlbumModel$UriDeserializer.deserialize(AlbumModel.java:108)
06-15 16:53:50.375 31042 31042 E AndroidRuntime: 	at com.samsung.mygallery.app.models.AlbumModel$UriDeserializer.deserialize(AlbumModel.java:104)
06-15 16:53:50.375 31042 31042 E AndroidRuntime: 	at com.google.gson.internal.bind.TreeTypeAdapter.read(TreeTypeAdapter.java:69)
06-15 16:53:50.375 31042 31042 E AndroidRuntime: 	at com.google.gson.internal.bind.TypeAdapterRuntimeTypeWrapper.read(TypeAdapterRuntimeTypeWrapper.java:41)
06-15 16:53:50.375 31042 31042 E AndroidRuntime: 	at com.google.gson.internal.bind.CollectionTypeAdapterFactory$Adapter.read(CollectionTypeAdapterFactory.java:82)
06-15 16:53:50.375 31042 31042 E AndroidRuntime: 	at com.google.gson.internal.bind.CollectionTypeAdapterFactory$Adapter.read(CollectionTypeAdapterFactory.java:61)
06-15 16:53:50.375 31042 31042 E AndroidRuntime: 	at com.google.gson.Gson.fromJson(Gson.java:887)
06-15 16:53:50.375 31042 31042 E AndroidRuntime: 	at com.google.gson.Gson.fromJson(Gson.java:852)
06-15 16:53:50.375 31042 31042 E AndroidRuntime: 	at com.google.gson.Gson.fromJson(Gson.java:801)
06-15 16:53:50.375 31042 31042 E AndroidRuntime: 	at com.samsung.mygallery.app.models.AlbumModel.<init>(AlbumModel.java:37)
06-15 16:53:50.375 31042 31042 E AndroidRuntime: 	at com.samsung.mygallery.app.models.AlbumModel$2.createFromParcel(AlbumModel.java:43)
06-15 16:53:50.375 31042 31042 E AndroidRuntime: 	at com.samsung.mygallery.app.models.AlbumModel$2.createFromParcel(AlbumModel.java:40)
06-15 16:53:50.375 31042 31042 E AndroidRuntime: 	at android.os.Parcel.readParcelable(Parcel.java:2471)
06-15 16:53:50.375 31042 31042 E AndroidRuntime: 	at android.os.Parcel.readValue(Parcel.java:2365)
06-15 16:53:50.375 31042 31042 E AndroidRuntime: 	at android.os.Parcel.readArrayMapInternal(Parcel.java:2732)
06-15 16:53:50.375 31042 31042 E AndroidRuntime: 	at android.os.BaseBundle.unparcel(BaseBundle.java:269)
06-15 16:53:50.375 31042 31042 E AndroidRuntime: 	at android.os.Bundle.getParcelable(Bundle.java:864)
06-15 16:53:50.375 31042 31042 E AndroidRuntime: 	at android.content.Intent.getParcelableExtra(Intent.java:6271)
06-15 16:53:50.375 31042 31042 E AndroidRuntime: 	at com.samsung.mygallery.app.ui.AlbumActivity.onCreate(AlbumActivity.java:25)
06-15 16:53:50.375 31042 31042 E AndroidRuntime: 	at android.app.Activity.performCreate(Activity.java:6682)
06-15 16:53:50.375 31042 31042 E AndroidRuntime: 	at android.app.Instrumentation.callActivityOnCreate(Instrumentation.java:1118)
06-15 16:53:50.375 31042 31042 E AndroidRuntime: 	at android.app.ActivityThread.performLaunchActivity(ActivityThread.java:2619)
06-15 16:53:50.375 31042 31042 E AndroidRuntime: 	... 9 more
06-15 16:53:50.395  1161 14650 I chatty  : uid=1000(system) Binder:1161_1B expire 6 lines
06-15 16:53:51.548  1161  2720 I chatty  : uid=1000(system) Binder:1161_F expire 2 lines
06-15 16:58:36.715  1161  1161 I chatty  : uid=1000 system_server expire 30 lines
06-15 17:03:28.175 31379 31379 W ActivityThread: Application com.tivophone.android.debug can be debugged on port 8100...
06-15 17:03:28.701  1161 14648 I chatty  : uid=1000(system) Binder:1161_19 expire 2 lines
06-15 17:04:18.972  1161  1225 I chatty  : uid=1000(system) PackageManager expire 9 lines
06-15 17:04:19.853  1161  1192 I chatty  : uid=1000(system) ActivityManager expire 5 lines
06-15 17:04:20.517 31506 31506 W ContextImpl: Calling a method in the system process without a qualified user: android.app.ContextImpl.startService:1357 android.content.ContextWrapper.startService:613 android.content.ContextWrapper.startService:613 com.android.keychain.KeyChainBroadcastReceiver.onReceive:12 android.app.ActivityThread.handleReceiver:3041 
06-15 17:04:20.671  1161 15250 I chatty  : uid=1000(system) Binder:1161_1D expire 1 line
06-15 17:04:29.401  1161 15249 I chatty  : uid=1000(system) Binder:1161_1C expire 2 lines
06-15 17:04:31.218  1161 14645 I chatty  : uid=1000(system) Binder:1161_17 expire 1 line
06-15 17:04:31.218  1161  2705 I chatty  : uid=1000(system) Binder:1161_A expire 1 line
06-15 17:04:31.219  1161  1540 I chatty  : uid=1000(system) ConnectivitySer expire 1 line
06-15 17:04:45.342  1161  1212 I chatty  : uid=1000(system) PowerManagerSer expire 6 lines
06-15 17:05:03.657  1161  2719 I chatty  : uid=1000(system) Binder:1161_E expire 2 lines
06-15 17:05:21.658  1161 14644 I chatty  : uid=1000(system) Binder:1161_16 expire 1 line
06-15 17:05:23.004  1632  1632 V DeadZone: consuming errant click: (1064.0,82.0)
06-15 17:05:28.049  1161  1546 I chatty  : uid=1000(system) onProviders.ECP expire 1 line
06-15 17:05:29.484  1161 15253 I chatty  : uid=1000(system) Binder:1161_20 expire 1 line
06-15 17:05:29.637  1161 14649 I chatty  : uid=1000(system) Binder:1161_1A expire 1 line
06-15 17:05:29.667  1161 14646 I chatty  : uid=1000(system) Binder:1161_18 expire 5 lines
06-15 17:05:42.064  1161  1161 I chatty  : uid=1000 system_server expire 28 lines
06-15 17:05:43.824  1161  1192 I chatty  : uid=1000(system) ActivityManager expire 15 lines
06-15 17:05:49.135  1161 14648 I chatty  : uid=1000(system) Binder:1161_19 expire 5 lines
06-15 17:05:49.156  1161  2720 I chatty  : uid=1000(system) Binder:1161_F expire 4 lines
06-15 17:05:54.662  1161  2715 I chatty  : uid=1000(system) Binder:1161_C expire 3 lines
06-15 17:05:58.151  1161 15252 I chatty  : uid=1000(system) Binder:1161_1F expire 1 line
06-15 17:06:02.001  1161  1549 I chatty  : uid=1000(system) Binder:1161_3 expire 1 line
06-15 17:06:04.347  1161 15249 I chatty  : uid=1000(system) Binder:1161_1C expire 4 lines
06-15 17:06:13.653  1161  1190 I chatty  : uid=1000(system) android.bg expire 5 lines
06-15 17:06:13.748  1161  1540 I chatty  : uid=1000(system) ConnectivitySer expire 13 lines
06-15 17:06:15.122  1161 15250 I chatty  : uid=1000(system) Binder:1161_1D expire 5 lines
06-15 17:06:27.771  1161  1212 I chatty  : uid=1000(system) PowerManagerSer expire 10 lines
06-15 17:06:38.783  1161 15251 I chatty  : uid=1000(system) Binder:1161_1E expire 3 lines
06-15 17:06:40.297  1161 14650 I chatty  : uid=1000(system) Binder:1161_1B expire 3 lines
06-15 17:06:40.326  1161  2705 I chatty  : uid=1000(system) Binder:1161_A expire 9 lines
06-15 17:06:40.346  1161  2719 I chatty  : uid=1000(system) Binder:1161_E expire 4 lines
06-15 17:06:42.211  1161  2707 I chatty  : uid=1000(system) Binder:1161_B expire 3 lines
06-15 17:06:42.320  1161 14643 I chatty  : uid=1000(system) Binder:1161_15 expire 2 lines
06-15 17:06:43.518  1161 14645 I chatty  : uid=1000(system) Binder:1161_17 expire 10 lines
06-15 17:06:43.590  1161  5152 I chatty  : uid=1000(system) Binder:1161_12 expire 5 lines
06-15 17:06:43.617  1161  1180 I chatty  : uid=1000(system) Binder:1161_1 expire 3 lines
06-15 17:06:44.430  1161 14644 I chatty  : uid=1000(system) Binder:1161_16 expire 3 lines
06-15 17:06:44.437  1161 14512 I chatty  : uid=1000(system) Binder:1161_14 expire 1 line
06-15 17:06:44.476  1161  1818 I chatty  : uid=1000(system) Binder:1161_5 expire 4 lines
06-15 17:06:44.883  1161  1881 I chatty  : uid=1000(system) Binder:1161_7 expire 4 lines
06-15 17:06:45.496  1161  1181 I chatty  : uid=1000(system) Binder:1161_2 expire 5 lines
06-15 17:06:45.652  1161  5151 I chatty  : uid=1000(system) Binder:1161_11 expire 5 lines
06-15 17:06:45.767  1161 14649 I chatty  : uid=1000(system) Binder:1161_1A expire 3 lines
06-15 17:06:46.940  1161  1598 I chatty  : uid=1000(system) Binder:1161_4 expire 8 lines
06-15 17:06:52.425  1161  2718 I chatty  : uid=1000(system) Binder:1161_D expire 3 lines
06-15 17:06:53.603  1161  1880 I chatty  : uid=1000(system) Binder:1161_6 expire 5 lines
06-15 17:06:53.633  1161 15253 I chatty  : uid=1000(system) Binder:1161_20 expire 3 lines
06-15 17:06:56.985  1161  1210 I chatty  : uid=1000(system) android.display expire 3 lines
06-15 17:06:57.313  1161  1526 I chatty  : uid=1000(system) InputDispatcher expire 2 lines
06-15 17:07:09.308   814   911 W PackageParser: No actions in intent filter at /storage/emulated/0/Download/app-us-core-release-1015761 (1).apk Binary XML file line #77
06-15 17:07:09.308   814   911 W PackageParser: No actions in intent filter at /storage/emulated/0/Download/app-us-core-release-1015761 (1).apk Binary XML file line #86
06-15 17:07:09.308   814   911 W PackageParser: No actions in intent filter at /storage/emulated/0/Download/app-us-core-release-1015761 (1).apk Binary XML file line #95
06-15 17:07:09.308   814   911 W PackageParser: No actions in intent filter at /storage/emulated/0/Download/app-us-core-release-1015761 (1).apk Binary XML file line #104
06-15 17:07:09.308   814   911 W PackageParser: No actions in intent filter at /storage/emulated/0/Download/app-us-core-release-1015761 (1).apk Binary XML file line #113
06-15 17:07:09.309   814   911 W PackageParser: No actions in intent filter at /storage/emulated/0/Download/app-us-core-release-1015761 (1).apk Binary XML file line #122
06-15 17:07:09.309   814   911 W PackageParser: No actions in intent filter at /storage/emulated/0/Download/app-us-core-release-1015761 (1).apk Binary XML file line #132
06-15 17:07:09.309   814   911 W PackageParser: No actions in intent filter at /storage/emulated/0/Download/app-us-core-release-1015761 (1).apk Binary XML file line #142
06-15 17:07:09.309   814   911 W PackageParser: No actions in intent filter at /storage/emulated/0/Download/app-us-core-release-1015761 (1).apk Binary XML file line #152
06-15 17:07:09.309   814   911 W PackageParser: No actions in intent filter at /storage/emulated/0/Download/app-us-core-release-1015761 (1).apk Binary XML file line #172
06-15 17:07:09.311   814   911 W PackageParser: No actions in intent filter at /storage/emulated/0/Download/app-us-core-release-1015761 (1).apk Binary XML file line #181
06-15 17:07:09.311   814   911 W PackageParser: No actions in intent filter at /storage/emulated/0/Download/app-us-core-release-1015761 (1).apk Binary XML file line #190
06-15 17:07:09.311   814   911 W PackageParser: No actions in intent filter at /storage/emulated/0/Download/app-us-core-release-1015761 (1).apk Binary XML file line #199
06-15 17:07:09.311   814   911 W PackageParser: No actions in intent filter at /storage/emulated/0/Download/app-us-core-release-1015761 (1).apk Binary XML file line #208
06-15 17:07:09.311   814   911 W PackageParser: No actions in intent filter at /storage/emulated/0/Download/app-us-core-release-1015761 (1).apk Binary XML file line #217
06-15 17:07:09.311   814   911 W PackageParser: No actions in intent filter at /storage/emulated/0/Download/app-us-core-release-1015761 (1).apk Binary XML file line #226
06-15 17:07:09.311   814   911 W PackageParser: No actions in intent filter at /storage/emulated/0/Download/app-us-core-release-1015761 (1).apk Binary XML file line #235
06-15 17:07:09.311   814   911 W PackageParser: No actions in intent filter at /storage/emulated/0/Download/app-us-core-release-1015761 (1).apk Binary XML file line #245
06-15 17:07:09.311   814   911 W PackageParser: No actions in intent filter at /storage/emulated/0/Download/app-us-core-release-1015761 (1).apk Binary XML file line #254
06-15 17:07:09.311   814   911 W PackageParser: No actions in intent filter at /storage/emulated/0/Download/app-us-core-release-1015761 (1).apk Binary XML file line #263
06-15 17:07:09.311   814   911 W PackageParser: No actions in intent filter at /storage/emulated/0/Download/app-us-core-release-1015761 (1).apk Binary XML file line #272
06-15 17:07:09.311   814   911 W PackageParser: No actions in intent filter at /storage/emulated/0/Download/app-us-core-release-1015761 (1).apk Binary XML file line #281
06-15 17:07:09.357   814   911 W PackageParser: No actions in intent filter at /storage/emulated/0/Download/app-us-core-release-1015761 (2).apk Binary XML file line #77
06-15 17:07:09.357   814   911 W PackageParser: No actions in intent filter at /storage/emulated/0/Download/app-us-core-release-1015761 (2).apk Binary XML file line #86
06-15 17:07:09.358   814   911 W PackageParser: No actions in intent filter at /storage/emulated/0/Download/app-us-core-release-1015761 (2).apk Binary XML file line #95
06-15 17:07:09.358   814   911 W PackageParser: No actions in intent filter at /storage/emulated/0/Download/app-us-core-release-1015761 (2).apk Binary XML file line #104
06-15 17:07:09.358   814   911 W PackageParser: No actions in intent filter at /storage/emulated/0/Download/app-us-core-release-1015761 (2).apk Binary XML file line #113
06-15 17:07:09.358   814   911 W PackageParser: No actions in intent filter at /storage/emulated/0/Download/app-us-core-release-1015761 (2).apk Binary XML file line #122
06-15 17:07:09.358   814   911 W PackageParser: No actions in intent filter at /storage/emulated/0/Download/app-us-core-release-1015761 (2).apk Binary XML file line #132
06-15 17:07:09.358   814   911 W PackageParser: No actions in intent filter at /storage/emulated/0/Download/app-us-core-release-1015761 (2).apk Binary XML file line #142
06-15 17:07:09.358   814   911 W PackageParser: No actions in intent filter at /storage/emulated/0/Download/app-us-core-release-1015761 (2).apk Binary XML file line #152
06-15 17:07:09.358   814   911 W PackageParser: No actions in intent filter at /storage/emulated/0/Download/app-us-core-release-1015761 (2).apk Binary XML file line #172
06-15 17:07:09.360   814   911 W PackageParser: No actions in intent filter at /storage/emulated/0/Download/app-us-core-release-1015761 (2).apk Binary XML file line #181
06-15 17:07:09.361   814   911 W PackageParser: No actions in intent filter at /storage/emulated/0/Download/app-us-core-release-1015761 (2).apk Binary XML file line #190
06-15 17:07:09.361   814   911 W PackageParser: No actions in intent filter at /storage/emulated/0/Download/app-us-core-release-1015761 (2).apk Binary XML file line #199
06-15 17:07:09.361   814   911 W PackageParser: No actions in intent filter at /storage/emulated/0/Download/app-us-core-release-1015761 (2).apk Binary XML file line #208
06-15 17:07:09.361   814   911 W PackageParser: No actions in intent filter at /storage/emulated/0/Download/app-us-core-release-1015761 (2).apk Binary XML file line #217
06-15 17:07:09.361   814   911 W PackageParser: No actions in intent filter at /storage/emulated/0/Download/app-us-core-release-1015761 (2).apk Binary XML file line #226
06-15 17:07:09.361   814   911 W PackageParser: No actions in intent filter at /storage/emulated/0/Download/app-us-core-release-1015761 (2).apk Binary XML file line #235
06-15 17:07:09.361   814   911 W PackageParser: No actions in intent filter at /storage/emulated/0/Download/app-us-core-release-1015761 (2).apk Binary XML file line #245
06-15 17:07:09.361   814   911 W PackageParser: No actions in intent filter at /storage/emulated/0/Download/app-us-core-release-1015761 (2).apk Binary XML file line #254
06-15 17:07:09.361   814   911 W PackageParser: No actions in intent filter at /storage/emulated/0/Download/app-us-core-release-1015761 (2).apk Binary XML file line #263
06-15 17:07:09.361   814   911 W PackageParser: No actions in intent filter at /storage/emulated/0/Download/app-us-core-release-1015761 (2).apk Binary XML file line #272
06-15 17:07:09.362   814   911 W PackageParser: No actions in intent filter at /storage/emulated/0/Download/app-us-core-release-1015761 (2).apk Binary XML file line #281
06-15 17:07:09.399   814   911 W PackageParser: No actions in intent filter at /storage/emulated/0/Download/app-us-core-release-1015761.apk Binary XML file line #77
06-15 17:07:09.399   814   911 W PackageParser: No actions in intent filter at /storage/emulated/0/Download/app-us-core-release-1015761.apk Binary XML file line #86
06-15 17:07:09.399   814   911 W PackageParser: No actions in intent filter at /storage/emulated/0/Download/app-us-core-release-1015761.apk Binary XML file line #95
06-15 17:07:09.399   814   911 W PackageParser: No actions in intent filter at /storage/emulated/0/Download/app-us-core-release-1015761.apk Binary XML file line #104
06-15 17:07:09.399   814   911 W PackageParser: No actions in intent filter at /storage/emulated/0/Download/app-us-core-release-1015761.apk Binary XML file line #113
06-15 17:07:09.399   814   911 W PackageParser: No actions in intent filter at /storage/emulated/0/Download/app-us-core-release-1015761.apk Binary XML file line #122
06-15 17:07:09.399   814   911 W PackageParser: No actions in intent filter at /storage/emulated/0/Download/app-us-core-release-1015761.apk Binary XML file line #132
06-15 17:07:09.399   814   911 W PackageParser: No actions in intent filter at /storage/emulated/0/Download/app-us-core-release-1015761.apk Binary XML file line #142
06-15 17:07:09.400   814   911 W PackageParser: No actions in intent filter at /storage/emulated/0/Download/app-us-core-release-1015761.apk Binary XML file line #152
06-15 17:07:09.400   814   911 W PackageParser: No actions in intent filter at /storage/emulated/0/Download/app-us-core-release-1015761.apk Binary XML file line #172
06-15 17:07:09.401   814   911 W PackageParser: No actions in intent filter at /storage/emulated/0/Download/app-us-core-release-1015761.apk Binary XML file line #181
06-15 17:07:09.401   814   911 W PackageParser: No actions in intent filter at /storage/emulated/0/Download/app-us-core-release-1015761.apk Binary XML file line #190
06-15 17:07:09.401   814   911 W PackageParser: No actions in intent filter at /storage/emulated/0/Download/app-us-core-release-1015761.apk Binary XML file line #199
06-15 17:07:09.401   814   911 W PackageParser: No actions in intent filter at /storage/emulated/0/Download/app-us-core-release-1015761.apk Binary XML file line #208
06-15 17:07:09.401   814   911 W PackageParser: No actions in intent filter at /storage/emulated/0/Download/app-us-core-release-1015761.apk Binary XML file line #217
06-15 17:07:09.401   814   911 W PackageParser: No actions in intent filter at /storage/emulated/0/Download/app-us-core-release-1015761.apk Binary XML file line #226
06-15 17:07:09.401   814   911 W PackageParser: No actions in intent filter at /storage/emulated/0/Download/app-us-core-release-1015761.apk Binary XML file line #235
06-15 17:07:09.401   814   911 W PackageParser: No actions in intent filter at /storage/emulated/0/Download/app-us-core-release-1015761.apk Binary XML file line #245
06-15 17:07:09.401   814   911 W PackageParser: No actions in intent filter at /storage/emulated/0/Download/app-us-core-release-1015761.apk Binary XML file line #254
06-15 17:07:09.401   814   911 W PackageParser: No actions in intent filter at /storage/emulated/0/Download/app-us-core-release-1015761.apk Binary XML file line #263
06-15 17:07:09.401   814   911 W PackageParser: No actions in intent filter at /storage/emulated/0/Download/app-us-core-release-1015761.apk Binary XML file line #272
06-15 17:07:09.401   814   911 W PackageParser: No actions in intent filter at /storage/emulated/0/Download/app-us-core-release-1015761.apk Binary XML file line #281
06-15 17:07:10.018  1161  1161 I chatty  : uid=1000 system_server expire 9 lines
06-15 17:07:35.911  1161  1524 I chatty  : uid=1000(system) AlarmManager expire 1 line
06-15 17:07:36.430  1161 10439 I chatty  : uid=1000(system) Binder:1161_13 expire 2 lines
06-15 17:07:37.309  1088  1106 D ActivityThread: Loading provider com.google.android.gmail.provider;com.android.mail.notifier;com.google.android.gm.email.provider;com.google.android.gm.tasks.provider;com.google.android.gm.email.notifier: com.android.email.provider.EmailProvider
06-15 17:07:37.594  1161  2701 I chatty  : uid=1000(system) Binder:1161_9 expire 2 lines
06-15 17:07:38.054  1161  1212 I chatty  : uid=1000(system) PowerManagerSer expire 12 lines
06-15 17:09:34.970  1161  1193 I chatty  : uid=1000(system) android.ui expire 2 lines
06-15 17:12:22.459  1161  2734 I chatty  : uid=1000(system) Binder:1161_10 expire 1 line
06-15 17:13:03.801  1161  1194 I chatty  : uid=1000(system) ActivityManager expire 1 line
06-15 17:13:34.040  1161  2017 I chatty  : uid=1000(system) Binder:1161_8 expire 1 line
06-15 17:16:32.496  1161  1540 I chatty  : uid=1000(system) ConnectivitySer expire 15 lines
06-15 17:16:39.064   677  2111 W SocketClient: write error (Broken pipe)
06-15 17:16:49.980  1161 15251 I chatty  : uid=1000(system) Binder:1161_1E expire 5 lines
06-15 17:17:00.019  1161  1161 I chatty  : uid=1000 system_server expire 11 lines
06-15 17:17:00.083  1161  1598 I chatty  : uid=1000(system) Binder:1161_4 expire 4 lines
06-15 17:17:19.889  1161  1192 I chatty  : uid=1000(system) ActivityManager expire 16 lines
06-15 17:17:55.605  1161  1880 I chatty  : uid=1000(system) Binder:1161_6 expire 2 lines
06-15 17:17:55.718  1161 14648 I chatty  : uid=1000(system) Binder:1161_19 expire 6 lines
06-15 17:18:06.742  1161  2718 I chatty  : uid=1000(system) Binder:1161_D expire 2 lines
06-15 17:18:06.754  1161  1181 I chatty  : uid=1000(system) Binder:1161_2 expire 2 lines
06-15 17:18:29.346  1161  5151 I chatty  : uid=1000(system) Binder:1161_11 expire 3 lines
06-15 17:22:30.390  1161  1190 I chatty  : uid=1000(system) android.bg expire 10 lines
06-15 17:23:39.912  1161  1225 I chatty  : uid=1000(system) PackageManager expire 10 lines
06-15 17:23:41.046  1161  2715 I chatty  : uid=1000(system) Binder:1161_C expire 3 lines
06-15 17:23:41.310  1161  1210 I chatty  : uid=1000(system) android.display expire 2 lines
06-15 17:23:41.662  2497  2497 W ContextImpl: Calling a method in the system process without a qualified user: android.app.ContextImpl.startService:1357 android.content.ContextWrapper.startService:613 android.content.ContextWrapper.startService:613 com.android.keychain.KeyChainBroadcastReceiver.onReceive:12 android.app.ActivityThread.handleReceiver:3041 
06-15 17:23:41.677  1161 14646 I chatty  : uid=1000(system) Binder:1161_18 expire 3 lines
06-15 17:23:41.789  1161 14512 I chatty  : uid=1000(system) Binder:1161_14 expire 3 lines
06-15 17:23:41.827  1161  2719 I chatty  : uid=1000(system) Binder:1161_E expire 4 lines
06-15 17:23:42.082  1161  1549 I chatty  : uid=1000(system) Binder:1161_3 expire 2 lines
06-15 17:23:42.159  1161 15250 I chatty  : uid=1000(system) Binder:1161_1D expire 3 lines
06-15 17:23:42.290  1161  1881 I chatty  : uid=1000(system) Binder:1161_7 expire 3 lines
06-15 17:23:45.662  1161  2701 I chatty  : uid=1000(system) Binder:1161_9 expire 2 lines
06-15 17:23:45.724  1161  1192 I chatty  : uid=1000(system) ActivityManager expire 11 lines
06-15 17:23:45.764  1161  2720 I chatty  : uid=1000(system) Binder:1161_F expire 4 lines
06-15 17:23:47.600  1161 14645 I chatty  : uid=1000(system) Binder:1161_17 expire 3 lines
06-15 17:23:47.659  1161 10439 I chatty  : uid=1000(system) Binder:1161_13 expire 5 lines
06-15 17:23:52.896  1161  2707 I chatty  : uid=1000(system) Binder:1161_B expire 4 lines
06-15 17:24:02.478  1161 14649 I chatty  : uid=1000(system) Binder:1161_1A expire 9 lines
06-15 17:26:35.407  1161 15252 I chatty  : uid=1000(system) Binder:1161_1F expire 3 lines
06-15 17:26:55.370  1161 14644 I chatty  : uid=1000(system) Binder:1161_16 expire 2 lines
06-15 17:27:46.017  1161 14643 I chatty  : uid=1000(system) Binder:1161_15 expire 2 lines
06-15 17:29:24.420  1161  1524 I chatty  : uid=1000(system) AlarmManager expire 1 line
06-15 17:33:28.175  3452  3452 W ActivityThread: Application com.tivophone.android.debug can be debugged on port 8100...
06-15 17:33:28.336  1161  1180 I chatty  : uid=1000(system) Binder:1161_1 expire 3 lines
06-15 17:34:01.747  3509  3529 D ActivityThread: Loading provider com.google.android.gmail.provider;com.android.mail.notifier;com.google.android.gm.email.provider;com.google.android.gm.tasks.provider;com.google.android.gm.email.notifier: com.android.email.provider.EmailProvider
06-15 17:34:01.984  1161 14650 I chatty  : uid=1000(system) Binder:1161_1B expire 2 lines
06-15 17:54:00.147  1161 15249 I chatty  : uid=1000(system) Binder:1161_1C expire 2 lines
06-15 17:54:27.127  1161  2017 I chatty  : uid=1000(system) Binder:1161_8 expire 1 line
06-15 18:03:59.539  1161  1818 I chatty  : uid=1000(system) Binder:1161_5 expire 1 line
06-15 18:04:04.759  1161  2537 I chatty  : uid=1000(system) backup expire 22 lines
06-15 18:18:31.918  1161  1540 I chatty  : uid=1000(system) ConnectivitySer expire 11 lines
06-15 18:18:37.165   677  4864 W SocketClient: write error (Broken pipe)
06-15 18:18:41.095  1161  1161 I chatty  : uid=1000 system_server expire 17 lines
06-15 18:18:41.395  1161  2734 I chatty  : uid=1000(system) Binder:1161_10 expire 1 line
06-15 18:18:56.221  1161  1192 I chatty  : uid=1000(system) ActivityManager expire 15 lines
06-15 18:37:25.880  1161  5152 I chatty  : uid=1000(system) Binder:1161_12 expire 5 lines
06-15 18:41:40.530  1161  1540 I chatty  : uid=1000(system) ConnectivitySer expire 16 lines
06-15 18:41:41.740  1161  2719 I chatty  : uid=1000(system) Binder:1161_E expire 4 lines
06-15 18:41:46.887   677  5639 W SocketClient: write error (Broken pipe)
06-15 18:42:28.030  1161  1192 I chatty  : uid=1000(system) ActivityManager expire 10 lines
06-15 18:49:40.538  1161  1181 I chatty  : uid=1000(system) Binder:1161_2 expire 1 line
06-15 18:49:40.551  1161 14644 I chatty  : uid=1000(system) Binder:1161_16 expire 2 lines
06-15 18:49:40.555  1161 15253 I chatty  : uid=1000(system) Binder:1161_20 expire 4 lines
06-15 18:49:40.556  1161 14643 I chatty  : uid=1000(system) Binder:1161_15 expire 2 lines
06-15 18:55:50.196  1161  1190 I chatty  : uid=1000(system) android.bg expire 6 lines
06-15 18:55:53.815  1161  1881 I chatty  : uid=1000(system) Binder:1161_7 expire 3 lines
06-15 18:55:54.033   677  5849 W SocketClient: write error (Broken pipe)
06-15 18:55:57.093  1161  1161 I chatty  : uid=1000 system_server expire 24 lines
06-15 18:55:58.127  1161  1546 I chatty  : uid=1000(system) onProviders.ECP expire 1 line
06-15 18:55:58.452  1161 14645 I chatty  : uid=1000(system) Binder:1161_17 expire 1 line
06-15 18:55:58.527  1161  2718 I chatty  : uid=1000(system) Binder:1161_D expire 2 lines
06-15 18:55:58.532  1161  1598 I chatty  : uid=1000(system) Binder:1161_4 expire 1 line
06-15 18:55:58.554  1161 14512 I chatty  : uid=1000(system) Binder:1161_14 expire 4 lines
06-15 18:55:59.174  1161  2715 I chatty  : uid=1000(system) Binder:1161_C expire 3 lines
06-15 19:03:28.008  6198  6198 W ActivityThread: Application com.tivophone.android.debug can be debugged on port 8100...
06-15 19:07:31.775  1161  1208 I chatty  : uid=1000(system) android.fg expire 27 lines
