--------- beginning of system
06-14 21:58:22.740   571   577 E Cryptfs : Cannot get field when file encrypted
06-14 21:58:22.741  1161  1530 I chatty  : uid=1000(system) CryptdConnector expire 1 line
06-14 21:58:22.743  1161  1528 I chatty  : uid=1000(system) MountService expire 205 lines
06-14 21:58:22.744  1161  1529 I chatty  : uid=1000(system) VoldConnector expire 1 line
06-14 21:58:22.752  1161  1528 I chatty  : uid=1000(system) MountService expire 350 lines
06-14 21:58:22.974  1161  1529 I chatty  : uid=1000(system) VoldConnector expire 11 lines
06-14 21:58:24.979  1161  1161 I chatty  : uid=1000 system_server expire 132 lines
06-14 21:58:25.102  1161  1531 I chatty  : uid=1000(system) NetdConnector expire 1 line
06-14 21:58:27.302  1161  1540 I chatty  : uid=1000(system) ConnectivitySer expire 1 line
06-14 21:58:28.535  1161  1536 I chatty  : uid=1000(system) WifiStateMachin expire 1 line
06-14 21:58:28.624  1161  1212 I chatty  : uid=1000(system) PowerManagerSer expire 1 line
06-14 21:58:29.193  1161  1192 I chatty  : uid=1000(system) ActivityManager expire 1 line
06-14 21:58:29.196  1161  1208 I chatty  : uid=1000(system) android.fg expire 1 line
06-14 21:58:29.200   571   576 V vold    : Waiting for FUSE to spin up...
06-14 21:58:29.215  1161  1547 I chatty  : uid=1000(system) AudioService expire 1 line
06-14 21:58:29.216  1161  1161 I chatty  : uid=1000 system_server expire 109 lines
06-14 21:58:29.224  1161  1208 I chatty  : uid=1000(system) android.fg expire 9 lines
06-14 21:58:29.251  1161  1529 I chatty  : uid=1000(system) VoldConnector expire 2 lines
06-14 21:58:29.625  1161  1193 I chatty  : uid=1000(system) android.ui expire 1 line
06-14 21:58:29.893  1161  1598 I chatty  : uid=1000(system) Binder:1161_4 expire 8 lines
06-14 21:58:30.094  1161  1190 I chatty  : uid=1000(system) android.bg expire 10 lines
06-14 21:58:30.180  1772  1772 W ContextImpl: Calling a method in the system process without a qualified user: android.app.ContextImpl.sendBroadcast:877 android.content.ContextWrapper.sendBroadcast:421 com.quicinc.cne.CNEService.CNEServiceApp.broadcastCNEStarted:103 com.quicinc.cne.CNEService.CNEServiceApp.startCne:123 com.quicinc.cne.CNEService.CNEServiceApp.onCreate:94 
06-14 21:58:30.237  1161  1852 I chatty  : uid=1000(system) uteStateMachine expire 1 line
06-14 21:58:30.246  1161  1853 I chatty  : uid=1000(system) CallAudioModeSt expire 1 line
06-14 21:58:30.248  1161  1855 I chatty  : uid=1000(system) AsyncQueryWorke expire 1 line
06-14 21:58:30.300  1161  1192 I chatty  : uid=1000(system) ActivityManager expire 4 lines
06-14 21:58:30.314  1161  1210 I chatty  : uid=1000(system) android.display expire 9 lines
06-14 21:58:30.374  1161  1546 I chatty  : uid=1000(system) onProviders.ECP expire 4 lines
06-14 21:58:30.630  1161  1540 I chatty  : uid=1000(system) ConnectivitySer expire 28 lines
06-14 21:58:30.668  1778  1920 E ActivityThread: Failed to find provider info for com.android.contacts
06-14 21:58:30.674  1161  1818 I chatty  : uid=1000(system) Binder:1161_5 expire 15 lines
06-14 21:58:30.842  1161  1881 I chatty  : uid=1000(system) Binder:1161_7 expire 7 lines
06-14 21:58:31.004  1161  1535 I chatty  : uid=1000(system) WifiService expire 1 line
06-14 21:58:31.013  1161  1180 I chatty  : uid=1000(system) Binder:1161_1 expire 3 lines
06-14 21:58:31.014   571   577 D VoldCryptCmdListener: cryptfs getpw
06-14 21:58:31.014   571   577 E Cryptfs : cryptfs_get_password not valid for file encryption
06-14 21:58:31.014  1161  1530 I chatty  : uid=1000(system) CryptdConnector expire 2 lines
06-14 21:58:31.016   571   577 D VoldCryptCmdListener: cryptfs clearpw
06-14 21:58:31.150  1161  1549 I chatty  : uid=1000(system) Binder:1161_3 expire 8 lines
06-14 21:58:31.238  1778  1778 D MccTable: updateMccMncConfiguration mccmnc='310260' fromServiceState=false
06-14 21:58:31.239  1778  1778 D MccTable: updateMccMncConfiguration defaultMccMnc=
06-14 21:58:31.239  1778  1778 D MccTable: updateMccMncConfiguration: mcc=310, mnc=260
06-14 21:58:31.239  1778  1778 D MccTable: updateMccMncConfiguration updateConfig config={1.0 310mcc260mnc ?localeList ?layoutDir ?swdp ?wdp ?hdp ?density ?lsize ?long ?orien ?uimode ?night ?touch ?keyb/?/? ?nav/?}
06-14 21:58:31.439  1161  2017 I chatty  : uid=1000(system) Binder:1161_8 expire 7 lines
06-14 21:58:31.499  1778  1778 D MccTable: updateMccMncConfiguration mccmnc='310260' fromServiceState=false
06-14 21:58:31.499  1778  1778 D MccTable: updateMccMncConfiguration defaultMccMnc=310260
06-14 21:58:31.500  1778  1778 D MccTable: updateMccMncConfiguration: mcc=310, mnc=260
06-14 21:58:31.500  1778  1778 D MccTable: updateMccMncConfiguration updateConfig config={1.0 310mcc260mnc ?localeList ?layoutDir ?swdp ?wdp ?hdp ?density ?lsize ?long ?orien ?uimode ?night ?touch ?keyb/?/? ?nav/?}
06-14 21:58:31.832  1778  1778 D MccTable: updateMccMncConfiguration mccmnc='310260' fromServiceState=false
06-14 21:58:31.848  1778  1778 D MccTable: updateMccMncConfiguration defaultMccMnc=310260
06-14 21:58:31.848  1778  1778 D MccTable: updateMccMncConfiguration: mcc=310, mnc=260
06-14 21:58:31.849  1778  1778 D MccTable: updateMccMncConfiguration updateConfig config={1.0 310mcc260mnc ?localeList ?layoutDir ?swdp ?wdp ?hdp ?density ?lsize ?long ?orien ?uimode ?night ?touch ?keyb/?/? ?nav/?}
06-14 21:58:32.226  1161  1880 I chatty  : uid=1000(system) Binder:1161_6 expire 3 lines
06-14 21:58:38.272  1161  1181 I chatty  : uid=1000(system) Binder:1161_2 expire 6 lines
06-14 21:58:38.319  2047  2058 E ActivityThread: Failed to find provider info for com.google.android.gsf.gservices
06-14 21:58:38.390  1778  1778 D MccTable: updateMccMncConfiguration mccmnc='310260' fromServiceState=true
06-14 21:58:38.391  1778  1778 D MccTable: updateMccMncConfiguration defaultMccMnc=310260
06-14 21:58:38.391  1778  1778 D MccTable: updateMccMncConfiguration: mcc=310, mnc=260
06-14 21:58:38.391  1778  1778 D MccTable: WIFI_COUNTRY_CODE set to us
06-14 21:58:39.194  1161  1533 I chatty  : uid=1000(system) NetworkPolicy expire 1 line
06-14 21:58:44.780  1161  1212 I chatty  : uid=1000(system) PowerManagerSer expire 2 lines
06-14 21:58:47.410  1161  1536 I chatty  : uid=1000(system) WifiStateMachin expire 1 line
06-14 21:58:48.104  1161  1533 I chatty  : uid=1000(system) NetworkPolicy expire 2 lines
06-14 21:58:49.782  1161  1212 I chatty  : uid=1000(system) PowerManagerSer expire 6 lines
06-14 21:58:52.594  1161  1161 I chatty  : uid=1000 system_server expire 10 lines
06-14 21:59:03.370  1161  1180 I chatty  : uid=1000(system) Binder:1161_1 expire 13 lines
06-14 21:59:03.373   571   577 D vold    : e4crypt_unlock_user_key 0 serial=0 token_present=1
06-14 21:59:03.383   571   577 D vold    : Skipping non-key .
06-14 21:59:03.383   571   577 D vold    : Skipping non-key ..
06-14 21:59:03.383   571   577 D vold    : Trying user CE key /data/misc/vold/user_keys/ce/0/current
06-14 21:59:03.511   571   577 D vold    : Supplying auth token to Keymaster
06-14 21:59:03.546   571   577 D vold    : Successfully retrieved key
06-14 21:59:03.547   571   577 D vold    : Added key 124064103 (ext4:9fa882f660539c33) to keyring 955035675 in process 571
06-14 21:59:03.547   571   577 D vold    : Installed ce key for user 0
06-14 21:59:03.547  1161  1530 I chatty  : uid=1000(system) CryptdConnector expire 2 lines
06-14 21:59:03.548   571   577 D vold    : e4crypt_prepare_user_storage for volume null, user 0, serial 0, flags 2
06-14 21:59:03.548   571   577 D vold    : Preparing: /data/system_ce/0
06-14 21:59:03.549   571   577 D vold    : Preparing: /data/misc_ce/0
06-14 21:59:03.549   571   577 D vold    : Preparing: /data/media/0
06-14 21:59:03.549   571   577 D vold    : Preparing: /data/data
06-14 21:59:03.553   571   577 I vold    : Found policy 9fa882f660539c33 at /data/system_ce/0 which matches expected value
06-14 21:59:03.557   571   577 I vold    : Policy for /data/misc_ce/0 set to 9fa882f660539c33
06-14 21:59:03.558   571   577 I vold    : Found policy 9fa882f660539c33 at /data/media/0 which matches expected value
06-14 21:59:03.559   571   577 I vold    : Found policy 9fa882f660539c33 at /data/data which matches expected value
06-14 21:59:03.559   571   577 V vold    : Starting restorecon of /data/system_ce/0
06-14 21:59:03.561   571   577 V vold    : Finished restorecon of /data/system_ce/0
06-14 21:59:03.561   571   577 V vold    : Starting restorecon of /data/misc_ce/0
06-14 21:59:03.562   571   577 V vold    : Finished restorecon of /data/misc_ce/0
06-14 21:59:03.700  1161  1192 I chatty  : uid=1000(system) ActivityManager expire 18 lines
06-14 21:59:03.775  1161  1181 I chatty  : uid=1000(system) Binder:1161_2 expire 10 lines
06-14 21:59:03.781  1161  1881 I chatty  : uid=1000(system) Binder:1161_7 expire 10 lines
06-14 21:59:04.367  1161  1209 I chatty  : uid=1000(system) android.io expire 1 line
06-14 21:59:04.373   571   576 D vold    : Linking /storage/emulated/0 to /mnt/user/0/primary
06-14 21:59:04.373  1161  1529 I chatty  : uid=1000(system) VoldConnector expire 1 line
06-14 21:59:04.376  1161  1528 I chatty  : uid=1000(system) MountService expire 1 line
06-14 21:59:04.450  1161  1880 I chatty  : uid=1000(system) Binder:1161_6 expire 7 lines
06-14 21:59:05.105  1161  1161 I chatty  : uid=1000 system_server expire 10 lines
06-14 21:59:05.138  1161  2537 I chatty  : uid=1000(system) backup expire 2 lines
06-14 21:59:05.474  1161  1190 I chatty  : uid=1000(system) android.bg expire 3 lines
06-14 21:59:05.516  1161  1548 I chatty  : uid=1000 system_server expire 1 line
06-14 21:59:05.538  1161  2701 I chatty  : uid=1000(system) Binder:1161_9 expire 11 lines
06-14 21:59:05.803  1161  1818 I chatty  : uid=1000(system) Binder:1161_5 expire 8 lines
06-14 21:59:05.854  1161  1549 I chatty  : uid=1000(system) Binder:1161_3 expire 10 lines
06-14 21:59:06.407  1161  2719 I chatty  : uid=1000(system) Binder:1161_E expire 5 lines
06-14 21:59:06.658  1161  2705 I chatty  : uid=1000(system) Binder:1161_A expire 10 lines
06-14 21:59:06.939  1161  2715 I chatty  : uid=1000(system) Binder:1161_C expire 12 lines
06-14 21:59:08.117  1161  2734 I chatty  : uid=1000(system) Binder:1161_10 expire 7 lines
06-14 21:59:09.073  1161  2707 I chatty  : uid=1000(system) Binder:1161_B expire 13 lines
06-14 21:59:09.971  1161  2718 I chatty  : uid=1000(system) Binder:1161_D expire 12 lines
06-14 21:59:12.985  1161  2720 I chatty  : uid=1000(system) Binder:1161_F expire 10 lines
06-14 21:59:14.244  1161  2017 I chatty  : uid=1000(system) Binder:1161_8 expire 8 lines
06-14 21:59:14.842  2542  3357 E ActivityThread: Failed to find provider info for com.google.android.wearable.settings
06-14 21:59:17.877  1161  1540 I chatty  : uid=1000(system) ConnectivitySer expire 10 lines
06-14 21:59:18.036   677  1231 D NetlinkEvent: Unknown ifindex 25 in RTM_DELADDR
06-14 21:59:18.045  1161  1208 I chatty  : uid=1000(system) android.fg expire 2 lines
06-14 21:59:19.158  1161  1526 I chatty  : uid=1000(system) InputDispatcher expire 1 line
06-14 21:59:19.358  1161  1192 I chatty  : uid=1000(system) ActivityManager expire 4 lines
06-14 21:59:19.951  2542  3357 E ActivityThread: Failed to find provider info for com.google.android.wearable.settings
06-14 21:59:22.899  1161  4001 I chatty  : uid=1000 system_server expire 4 lines
06-14 21:59:26.699  1161  1598 I chatty  : uid=1000(system) Binder:1161_4 expire 1 line
06-14 21:59:27.528  4338  4338 E ActivityThread: Failed to find provider info for com.samsung.android.sdk.shealth
06-14 21:59:27.603  4366  4366 E ActivityThread: Failed to find provider info for com.samsung.android.sdk.shealth
06-14 21:59:29.253  1161  2720 I chatty  : uid=1000(system) Binder:1161_F expire 4 lines
06-14 21:59:31.117  1161  1161 I chatty  : uid=1000 system_server expire 7 lines
06-14 21:59:31.339  1161  1181 I chatty  : uid=1000(system) Binder:1161_2 expire 2 lines
06-14 21:59:33.081  1161  1194 I chatty  : uid=1000(system) ActivityManager expire 1 line
06-14 21:59:35.020  5045  5066 D ActivityThread: Loading provider com.google.android.gmail.provider;com.android.mail.notifier;com.google.android.gm.email.provider;com.google.android.gm.tasks.provider;com.google.android.gm.email.notifier: com.android.email.provider.EmailProvider
06-14 21:59:35.101  1161  2718 I chatty  : uid=1000(system) Binder:1161_D expire 2 lines
06-14 21:59:36.798  1161  5152 I chatty  : uid=1000(system) Binder:1161_12 expire 2 lines
06-14 21:59:37.215  1161  5151 I chatty  : uid=1000(system) Binder:1161_11 expire 10 lines
06-14 21:59:37.440  1161  2734 I chatty  : uid=1000(system) Binder:1161_10 expire 8 lines
06-14 21:59:37.485  1161  1549 I chatty  : uid=1000(system) Binder:1161_3 expire 10 lines
06-14 21:59:37.931  1161  2720 I chatty  : uid=1000(system) Binder:1161_F expire 11 lines
06-14 21:59:38.103  1161  1881 I chatty  : uid=1000(system) Binder:1161_7 expire 6 lines
06-14 21:59:38.506  1161  2017 I chatty  : uid=1000(system) Binder:1161_8 expire 4 lines
06-14 21:59:38.557  1161  2715 I chatty  : uid=1000(system) Binder:1161_C expire 7 lines
06-14 21:59:38.637  1161  1192 I chatty  : uid=1000(system) ActivityManager expire 13 lines
06-14 21:59:39.461  1161  5152 I chatty  : uid=1000(system) Binder:1161_12 expire 9 lines
06-14 21:59:39.803  1161  2705 I chatty  : uid=1000(system) Binder:1161_A expire 8 lines
06-14 21:59:40.074  1161  1194 I chatty  : uid=1000(system) ActivityManager expire 2 lines
06-14 21:59:40.131  1161  2707 I chatty  : uid=1000(system) Binder:1161_B expire 9 lines
06-14 21:59:42.194  1161  2701 I chatty  : uid=1000(system) Binder:1161_9 expire 7 lines
06-14 21:59:42.207  1161  1180 I chatty  : uid=1000(system) Binder:1161_1 expire 6 lines
06-14 21:59:42.243  1161  1598 I chatty  : uid=1000(system) Binder:1161_4 expire 8 lines
06-14 21:59:42.410  5490  5490 W ContextImpl: Calling a method in the system process without a qualified user: android.app.ContextImpl.startService:1357 android.content.ContextWrapper.startService:613 android.content.ContextWrapper.startService:613 com.qualcomm.atfwd.AtFwdAutoboot.onReceive:24 android.app.ActivityThread.handleReceiver:3041 
06-14 21:59:42.481  1161  1880 I chatty  : uid=1000(system) Binder:1161_6 expire 8 lines
06-14 21:59:42.579  1161  2719 I chatty  : uid=1000(system) Binder:1161_E expire 8 lines
06-14 21:59:42.740  1161  1540 I chatty  : uid=1000(system) ConnectivitySer expire 14 lines
06-14 21:59:43.052  1161  1181 I chatty  : uid=1000(system) Binder:1161_2 expire 7 lines
06-14 21:59:44.421  1161  2718 I chatty  : uid=1000(system) Binder:1161_D expire 9 lines
06-14 21:59:46.514  1161  1818 I chatty  : uid=1000(system) Binder:1161_5 expire 13 lines
06-14 21:59:46.984  1161  1190 I chatty  : uid=1000(system) android.bg expire 2 lines
06-14 21:59:47.041  1161  1212 I chatty  : uid=1000(system) PowerManagerSer expire 25 lines
06-14 21:59:56.007   677  5934 W SocketClient: write error (Broken pipe)
06-14 21:59:57.411  1161  1192 I chatty  : uid=1000(system) ActivityManager expire 9 lines
06-14 22:00:00.043  1161  1161 I chatty  : uid=1000 system_server expire 15 lines
06-14 22:00:04.899  6742  6761 D ActivityThread: Loading provider com.google.android.gmail.provider;com.android.mail.notifier;com.google.android.gm.email.provider;com.google.android.gm.tasks.provider;com.google.android.gm.email.notifier: com.android.email.provider.EmailProvider
06-14 22:00:05.104  1161  1549 I chatty  : uid=1000(system) Binder:1161_3 expire 2 lines
06-14 22:00:13.274  1161  1195 I chatty  : uid=1000(system) batterystats-sy expire 1 line
06-14 22:00:15.900  1161  1540 I chatty  : uid=1000(system) ConnectivitySer expire 7 lines
06-14 22:00:16.019  1161  1818 I chatty  : uid=1000(system) Binder:1161_5 expire 3 lines
06-14 22:00:16.418  1161  5151 I chatty  : uid=1000(system) Binder:1161_11 expire 1 line
06-14 22:00:19.157  1161  1210 I chatty  : uid=1000(system) android.display expire 3 lines
06-14 22:00:19.389  1161  1208 I chatty  : uid=1000(system) android.fg expire 2 lines
06-14 22:00:20.317  1161  1527 I chatty  : uid=1000(system) InputReader expire 1 line
06-14 22:00:20.646  1161  1193 I chatty  : uid=1000(system) android.ui expire 3 lines
06-14 22:00:22.996  1161  2707 I chatty  : uid=1000(system) Binder:1161_B expire 1 line
06-14 22:00:23.038  1161  2734 I chatty  : uid=1000(system) Binder:1161_10 expire 6 lines
06-14 22:00:23.039  1161  1540 I chatty  : uid=1000(system) ConnectivitySer expire 6 lines
06-14 22:00:25.972  1161  1212 I chatty  : uid=1000(system) PowerManagerSer expire 173 lines
06-14 22:00:29.063  1161  5151 I chatty  : uid=1000(system) Binder:1161_11 expire 4 lines
06-14 22:00:29.096  1161  1161 I chatty  : uid=1000 system_server expire 15 lines
06-14 22:00:29.102  1161  1549 I chatty  : uid=1000(system) Binder:1161_3 expire 2 lines
06-14 22:00:34.814  1161  1181 I chatty  : uid=1000(system) Binder:1161_2 expire 2 lines
06-14 22:00:34.872  1161  2701 I chatty  : uid=1000(system) Binder:1161_9 expire 4 lines
06-14 22:00:36.103  1161  2720 I chatty  : uid=1000(system) Binder:1161_F expire 3 lines
06-14 22:00:46.050  1161  1192 I chatty  : uid=1000(system) ActivityManager expire 9 lines
06-14 22:00:46.083  1161  1880 I chatty  : uid=1000(system) Binder:1161_6 expire 1 line
06-14 22:00:50.263  1161  1526 I chatty  : uid=1000(system) InputDispatcher expire 4 lines
06-14 22:00:50.876  1161  1210 I chatty  : uid=1000(system) android.display expire 7 lines
06-14 22:01:32.894  1161  1818 I chatty  : uid=1000(system) Binder:1161_5 expire 4 lines
06-14 22:02:09.762  1161  1208 I chatty  : uid=1000(system) android.fg expire 4 lines
06-14 22:02:10.516  1161  1527 I chatty  : uid=1000(system) InputReader expire 2 lines
06-14 22:02:10.656  1161  1598 I chatty  : uid=1000(system) Binder:1161_4 expire 1 line
06-14 22:04:10.972  1161  2705 I chatty  : uid=1000(system) Binder:1161_A expire 1 line
06-14 22:04:10.974  1161  2017 I chatty  : uid=1000(system) Binder:1161_8 expire 2 lines
06-14 22:05:19.841  1161  1881 I chatty  : uid=1000(system) Binder:1161_7 expire 1 line
06-14 22:05:37.695  1161  5152 I chatty  : uid=1000(system) Binder:1161_12 expire 5 lines
06-14 22:07:04.152  1161  2718 I chatty  : uid=1000(system) Binder:1161_D expire 2 lines
06-14 22:07:09.504  1161  1195 I chatty  : uid=1000(system) batterystats-sy expire 2 lines
06-14 22:07:10.038  1161  2701 I chatty  : uid=1000(system) Binder:1161_9 expire 2 lines
06-14 22:07:10.040  1161  2719 I chatty  : uid=1000(system) Binder:1161_E expire 2 lines
06-14 22:07:10.062  1161  2707 I chatty  : uid=1000(system) Binder:1161_B expire 4 lines
06-14 22:07:12.839  1161  2017 I chatty  : uid=1000(system) Binder:1161_8 expire 2 lines
06-14 22:07:16.237  1161  1212 I chatty  : uid=1000(system) PowerManagerSer expire 45 lines
06-14 22:07:17.268  1161  1880 I chatty  : uid=1000(system) Binder:1161_6 expire 2 lines
06-14 22:07:19.077  1161  1598 I chatty  : uid=1000(system) Binder:1161_4 expire 3 lines
06-14 22:08:04.889  1161  1161 I chatty  : uid=1000 system_server expire 10 lines
06-14 22:08:05.395  1161  1192 I chatty  : uid=1000(system) ActivityManager expire 2 lines
06-14 22:08:05.444  1161  1210 I chatty  : uid=1000(system) android.display expire 9 lines
06-14 22:08:05.667  1161  1208 I chatty  : uid=1000(system) android.fg expire 3 lines
06-14 22:08:06.513  1161  1527 I chatty  : uid=1000(system) InputReader expire 2 lines
06-14 22:08:06.656  1161  1818 I chatty  : uid=1000(system) Binder:1161_5 expire 3 lines
06-14 22:08:08.333  1161  1526 I chatty  : uid=1000(system) InputDispatcher expire 3 lines
06-14 22:08:17.241  1161  2715 I chatty  : uid=1000(system) Binder:1161_C expire 3 lines
06-14 22:08:17.340  1161  1549 I chatty  : uid=1000(system) Binder:1161_3 expire 1 line
06-14 22:08:17.344  1161  1181 I chatty  : uid=1000(system) Binder:1161_2 expire 7 lines
06-14 22:08:17.368  1161  5151 I chatty  : uid=1000(system) Binder:1161_11 expire 2 lines
06-14 22:08:17.369  1161  1881 I chatty  : uid=1000(system) Binder:1161_7 expire 1 line
06-14 22:09:34.611  1632  1632 V DeadZone: consuming errant click: (1079.0,23.0)
06-14 22:10:03.565  1161  1212 I chatty  : uid=1000(system) PowerManagerSer expire 124 lines
06-14 22:10:08.381  1161  1180 I chatty  : uid=1000(system) Binder:1161_1 expire 3 lines
06-14 22:10:32.717  1161  1193 I chatty  : uid=1000(system) android.ui expire 5 lines
06-14 22:12:10.315  1161  2720 I chatty  : uid=1000(system) Binder:1161_F expire 1 line
06-14 22:13:39.299  1161  2734 I chatty  : uid=1000(system) Binder:1161_10 expire 1 line
06-14 22:15:57.560  1161  2705 I chatty  : uid=1000(system) Binder:1161_A expire 3 lines
06-14 22:17:54.625  1161  1540 I chatty  : uid=1000(system) ConnectivitySer expire 43 lines
06-14 22:17:54.964  8706  8706 W ActivityThread: Application com.tivophone.android.debug can be debugged on port 8100...
06-14 22:17:55.451  1161  5152 I chatty  : uid=1000(system) Binder:1161_12 expire 7 lines
06-14 22:17:55.470  1161  2705 I chatty  : uid=1000(system) Binder:1161_A expire 7 lines
06-14 22:17:55.481  1161  1881 I chatty  : uid=1000(system) Binder:1161_7 expire 4 lines
06-14 22:17:55.550  1161  1180 I chatty  : uid=1000(system) Binder:1161_1 expire 3 lines
06-14 22:17:55.649  1161  2734 I chatty  : uid=1000(system) Binder:1161_10 expire 6 lines
06-14 22:17:55.702  1161  2701 I chatty  : uid=1000(system) Binder:1161_9 expire 3 lines
06-14 22:17:55.796  1161  2715 I chatty  : uid=1000(system) Binder:1161_C expire 4 lines
06-14 22:17:56.062  1161  2707 I chatty  : uid=1000(system) Binder:1161_B expire 4 lines
06-14 22:17:56.374  1161  2720 I chatty  : uid=1000(system) Binder:1161_F expire 3 lines
06-14 22:17:56.396  1161  5151 I chatty  : uid=1000(system) Binder:1161_11 expire 2 lines
06-14 22:17:56.421  1161  1181 I chatty  : uid=1000(system) Binder:1161_2 expire 8 lines
06-14 22:17:57.125  1161  1208 I chatty  : uid=1000(system) android.fg expire 19 lines
06-14 22:18:07.890  1161  1161 I chatty  : uid=1000 system_server expire 15 lines
06-14 22:18:08.111  1161  1536 I chatty  : uid=1000(system) WifiStateMachin expire 2 lines
06-14 22:18:12.846  1161  1533 I chatty  : uid=1000(system) NetworkPolicy expire 2 lines
06-14 22:18:13.176  1161  1192 I chatty  : uid=1000(system) ActivityManager expire 7 lines
06-14 22:18:42.918   677  1231 D NetlinkEvent: Unknown ifindex 27 in RTM_DELADDR
06-14 22:18:55.335  1161  1195 I chatty  : uid=1000(system) batterystats-sy expire 1 line
06-14 22:19:23.561  1161  1540 I chatty  : uid=1000(system) ConnectivitySer expire 28 lines
06-14 22:19:24.348  1161  1549 I chatty  : uid=1000(system) Binder:1161_3 expire 1 line
06-14 22:19:24.837  1161  2718 I chatty  : uid=1000(system) Binder:1161_D expire 3 lines
06-14 22:20:04.221  1161  2719 I chatty  : uid=1000(system) Binder:1161_E expire 5 lines
06-14 22:20:57.735  1161  1598 I chatty  : uid=1000(system) Binder:1161_4 expire 6 lines
06-14 22:23:34.483  1161  1190 I chatty  : uid=1000(system) android.bg expire 2 lines
06-14 22:24:30.417  1161  1212 I chatty  : uid=1000(system) PowerManagerSer expire 52 lines
06-14 22:24:30.418  1161  1210 I chatty  : uid=1000(system) android.display expire 12 lines
06-14 22:26:58.970  1161  1544 I chatty  : uid=1000(system) ranker expire 1 line
06-14 22:29:20.034  1161  1818 I chatty  : uid=1000(system) Binder:1161_5 expire 4 lines
06-14 22:29:53.869  1161  2017 I chatty  : uid=1000(system) Binder:1161_8 expire 3 lines
06-14 22:29:55.938  1161  1880 I chatty  : uid=1000(system) Binder:1161_6 expire 5 lines
06-14 22:34:01.307  1161  1212 I chatty  : uid=1000(system) PowerManagerSer expire 27 lines
06-14 22:34:12.869  1161  1210 I chatty  : uid=1000(system) android.display expire 12 lines
06-14 22:34:13.109  1161  1208 I chatty  : uid=1000(system) android.fg expire 10 lines
06-14 22:35:18.170  1161  2017 I chatty  : uid=1000(system) Binder:1161_8 expire 4 lines
06-14 22:35:18.319  1161  1598 I chatty  : uid=1000(system) Binder:1161_4 expire 5 lines
06-14 22:35:23.405  1161  2734 I chatty  : uid=1000(system) Binder:1161_10 expire 6 lines
06-14 22:35:23.551  1161  1192 I chatty  : uid=1000(system) ActivityManager expire 11 lines
06-14 22:35:23.619  1161  1161 I chatty  : uid=1000 system_server expire 16 lines
06-14 22:35:23.920  1161  2718 I chatty  : uid=1000(system) Binder:1161_D expire 4 lines
06-14 22:35:56.960  1161  1195 I chatty  : uid=1000(system) batterystats-sy expire 3 lines
06-14 22:35:58.449  1161  2705 I chatty  : uid=1000(system) Binder:1161_A expire 6 lines
06-14 22:35:58.718  1161  1180 I chatty  : uid=1000(system) Binder:1161_1 expire 4 lines
06-14 22:37:05.429  1161  2715 I chatty  : uid=1000(system) Binder:1161_C expire 5 lines
06-14 22:37:05.662  1161  5152 I chatty  : uid=1000(system) Binder:1161_12 expire 2 lines
06-14 22:37:39.222  1632  1632 V DeadZone: consuming errant click: (531.0,4.0)
06-14 22:38:01.410  1632  1632 V DeadZone: consuming errant click: (492.0,1.0)
06-14 22:38:01.447  1161  1212 I chatty  : uid=1000(system) PowerManagerSer expire 20 lines
06-14 22:38:23.975  1161  1193 I chatty  : uid=1000(system) android.ui expire 3 lines
06-14 22:39:27.268  1632  1632 V DeadZone: consuming errant click: (683.0,3.0)
06-14 22:39:31.644  1632  1632 V DeadZone: consuming errant click: (592.0,31.0)
06-14 22:39:33.925  1632  1632 V DeadZone: consuming errant click: (521.0,0.0)
06-14 22:39:59.967  1161  1212 I chatty  : uid=1000(system) PowerManagerSer expire 20 lines
06-14 22:40:28.108  1161  2707 I chatty  : uid=1000(system) Binder:1161_B expire 4 lines
06-14 22:44:10.890  1161  1527 I chatty  : uid=1000(system) InputReader expire 1 line
06-14 22:44:11.068  1161  2701 I chatty  : uid=1000(system) Binder:1161_9 expire 3 lines
06-14 22:44:13.102  1161  2719 I chatty  : uid=1000(system) Binder:1161_E expire 1 line
06-14 22:44:35.936  1161  1181 I chatty  : uid=1000(system) Binder:1161_2 expire 1 line
06-14 22:44:36.032  1161  1549 I chatty  : uid=1000(system) Binder:1161_3 expire 3 lines
06-14 22:44:53.460  1161  1190 I chatty  : uid=1000(system) android.bg expire 1 line
06-14 22:45:25.867  1632  1632 V DeadZone: consuming errant click: (511.0,5.0)
06-14 22:45:42.261  1161  1210 I chatty  : uid=1000(system) android.display expire 7 lines
06-14 22:46:09.791  1161  1212 I chatty  : uid=1000(system) PowerManagerSer expire 54 lines
06-14 22:46:09.841  1161  1161 I chatty  : uid=1000 system_server expire 14 lines
06-14 22:46:15.052  1161  1881 I chatty  : uid=1000(system) Binder:1161_7 expire 1 line
06-14 22:46:24.373  1161  2720 I chatty  : uid=1000(system) Binder:1161_F expire 1 line
06-14 22:46:55.693  1161  5151 I chatty  : uid=1000(system) Binder:1161_11 expire 2 lines
06-14 22:48:02.767  1161 10439 I chatty  : uid=1000(system) Binder:1161_13 expire 1 line
06-14 22:48:50.108  1161  1161 I chatty  : uid=1000 system_server expire 14 lines
06-14 22:48:50.574  1161  1192 I chatty  : uid=1000(system) ActivityManager expire 9 lines
06-14 22:48:50.647  1161  1210 I chatty  : uid=1000(system) android.display expire 9 lines
06-14 22:48:50.888  1161  1212 I chatty  : uid=1000(system) PowerManagerSer expire 11 lines
06-14 22:48:50.893  1161  1208 I chatty  : uid=1000(system) android.fg expire 15 lines
06-14 22:48:55.072  1161  2017 I chatty  : uid=1000(system) Binder:1161_8 expire 1 line
06-14 22:48:55.231  1161  2718 I chatty  : uid=1000(system) Binder:1161_D expire 6 lines
06-14 22:53:51.080  1161  2701 I chatty  : uid=1000(system) Binder:1161_9 expire 3 lines
06-14 22:53:57.280  1161  1180 I chatty  : uid=1000(system) Binder:1161_1 expire 8 lines
06-14 22:53:57.358  1161  5151 I chatty  : uid=1000(system) Binder:1161_11 expire 3 lines
06-14 22:54:02.499  1161  2707 I chatty  : uid=1000(system) Binder:1161_B expire 4 lines
06-14 22:54:07.922  1161  1881 I chatty  : uid=1000(system) Binder:1161_7 expire 5 lines
06-14 22:54:08.249  1161  2734 I chatty  : uid=1000(system) Binder:1161_10 expire 2 lines
06-14 22:54:08.445  1161  2720 I chatty  : uid=1000(system) Binder:1161_F expire 1 line
06-14 22:54:12.105  1632  1632 V DeadZone: consuming errant click: (566.0,13.0)
06-14 22:54:21.434  1632  1632 V DeadZone: consuming errant click: (583.0,4.0)
06-14 22:54:49.470  1161  1212 I chatty  : uid=1000(system) PowerManagerSer expire 72 lines
06-14 22:54:51.175  1161  1195 I chatty  : uid=1000(system) batterystats-sy expire 2 lines
06-14 22:55:31.330  1161  1181 I chatty  : uid=1000(system) Binder:1161_2 expire 3 lines
06-14 22:55:32.698  1161  1818 I chatty  : uid=1000(system) Binder:1161_5 expire 2 lines
06-14 22:55:32.792  1161  1598 I chatty  : uid=1000(system) Binder:1161_4 expire 2 lines
06-14 22:55:32.807  1161  2715 I chatty  : uid=1000(system) Binder:1161_C expire 3 lines
06-14 22:57:02.876  1161  1527 I chatty  : uid=1000(system) InputReader expire 1 line
06-14 22:57:03.097  1161  1549 I chatty  : uid=1000(system) Binder:1161_3 expire 1 line
06-14 23:06:10.657  1161  1190 I chatty  : uid=1000(system) android.bg expire 11 lines
06-14 23:06:12.353  1161  1540 I chatty  : uid=1000(system) ConnectivitySer expire 12 lines
06-14 23:06:14.091   677  1231 D NetlinkEvent: Unknown ifindex 28 in RTM_DELADDR
06-14 23:06:14.105  1161  1208 I chatty  : uid=1000(system) android.fg expire 14 lines
06-14 23:06:24.388  1161  2719 I chatty  : uid=1000(system) Binder:1161_E expire 1 line
06-14 23:08:25.300 11727 11747 D ActivityThread: Loading provider com.google.android.gmail.provider;com.android.mail.notifier;com.google.android.gm.email.provider;com.google.android.gm.tasks.provider;com.google.android.gm.email.notifier: com.android.email.provider.EmailProvider
06-14 23:08:29.076  1161  5152 I chatty  : uid=1000(system) Binder:1161_12 expire 2 lines
06-14 23:12:39.125  1161  1880 I chatty  : uid=1000(system) Binder:1161_6 expire 1 line
06-14 23:19:07.011  1161  1533 I chatty  : uid=1000(system) NetworkPolicy expire 2 lines
06-14 23:19:36.952  1161  2705 I chatty  : uid=1000(system) Binder:1161_A expire 1 line
06-14 23:19:36.953  1161  1540 I chatty  : uid=1000(system) ConnectivitySer expire 24 lines
06-14 23:19:38.168   677  1231 D NetlinkEvent: Unknown ifindex 29 in RTM_DELADDR
06-14 23:30:01.016  1161  1161 I chatty  : uid=1000 system_server expire 4 lines
06-14 23:31:50.189   677  1231 D NetlinkEvent: Unknown ifindex 30 in RTM_DELADDR
06-14 23:31:50.196  1161  1208 I chatty  : uid=1000(system) android.fg expire 2 lines
06-14 23:37:18.110  1161  1212 I chatty  : uid=1000(system) PowerManagerSer expire 7 lines
06-14 23:37:18.113  1161  1210 I chatty  : uid=1000(system) android.display expire 3 lines
06-14 23:37:18.147  1161  1190 I chatty  : uid=1000(system) android.bg expire 2 lines
06-14 23:37:18.518  1161  5151 I chatty  : uid=1000(system) Binder:1161_11 expire 1 line
06-14 23:37:18.580  1161  2701 I chatty  : uid=1000(system) Binder:1161_9 expire 2 lines
06-14 23:37:18.582  1161  1208 I chatty  : uid=1000(system) android.fg expire 3 lines
06-14 23:37:18.732  1161 10439 I chatty  : uid=1000(system) Binder:1161_13 expire 2 lines
06-14 23:37:25.229  1161  1161 I chatty  : uid=1000 system_server expire 1 line
06-14 23:37:25.253  1161  1195 I chatty  : uid=1000(system) batterystats-sy expire 5 lines
06-14 23:37:25.268  1161  2715 I chatty  : uid=1000(system) Binder:1161_C expire 2 lines
06-14 23:37:25.269  1161  2718 I chatty  : uid=1000(system) Binder:1161_D expire 5 lines
06-14 23:37:25.333  1161  1181 I chatty  : uid=1000(system) Binder:1161_2 expire 5 lines
06-14 23:37:26.025  1161  1527 I chatty  : uid=1000(system) InputReader expire 1 line
06-14 23:37:26.328  1161  1818 I chatty  : uid=1000(system) Binder:1161_5 expire 5 lines
06-14 23:37:26.637  1161  2719 I chatty  : uid=1000(system) Binder:1161_E expire 6 lines
06-14 23:37:27.021  1161  2720 I chatty  : uid=1000(system) Binder:1161_F expire 8 lines
06-14 23:37:27.333  1161  2707 I chatty  : uid=1000(system) Binder:1161_B expire 7 lines
06-14 23:37:27.348  1161  1549 I chatty  : uid=1000(system) Binder:1161_3 expire 6 lines
06-14 23:37:33.552  1161  1225 I chatty  : uid=1000(system) PackageManager expire 25 lines
06-14 23:37:35.059  1161  1192 I chatty  : uid=1000(system) ActivityManager expire 18 lines
06-14 23:37:35.458  1161  2734 I chatty  : uid=1000(system) Binder:1161_10 expire 2 lines
06-14 23:37:35.802 12658 12658 W ContextImpl: Calling a method in the system process without a qualified user: android.app.ContextImpl.startService:1357 android.content.ContextWrapper.startService:613 android.content.ContextWrapper.startService:613 com.android.keychain.KeyChainBroadcastReceiver.onReceive:12 android.app.ActivityThread.handleReceiver:3041 
06-14 23:37:35.829  1161  2705 I chatty  : uid=1000(system) Binder:1161_A expire 4 lines
06-14 23:37:36.222  1161  5152 I chatty  : uid=1000(system) Binder:1161_12 expire 4 lines
06-14 23:38:06.549  1161  1598 I chatty  : uid=1000(system) Binder:1161_4 expire 6 lines
06-14 23:38:06.606  1161  1180 I chatty  : uid=1000(system) Binder:1161_1 expire 2 lines
06-14 23:40:46.764  1161  1540 I chatty  : uid=1000(system) ConnectivitySer expire 3 lines
06-14 23:40:47.549  1161  1881 I chatty  : uid=1000(system) Binder:1161_7 expire 1 line
06-14 23:40:47.930 12658 12658 W ContextImpl: Calling a method in the system process without a qualified user: android.app.ContextImpl.startService:1357 android.content.ContextWrapper.startService:613 android.content.ContextWrapper.startService:613 com.android.keychain.KeyChainBroadcastReceiver.onReceive:12 android.app.ActivityThread.handleReceiver:3041 
06-14 23:41:03.571  1161  1192 I chatty  : uid=1000(system) ActivityManager expire 20 lines
06-14 23:41:05.550  1161  1225 I chatty  : uid=1000(system) PackageManager expire 19 lines
06-14 23:41:11.728 12658 12658 W ContextImpl: Calling a method in the system process without a qualified user: android.app.ContextImpl.startService:1357 android.content.ContextWrapper.startService:613 android.content.ContextWrapper.startService:613 com.android.keychain.KeyChainBroadcastReceiver.onReceive:12 android.app.ActivityThread.handleReceiver:3041 
06-14 23:41:45.810 12658 12658 W ContextImpl: Calling a method in the system process without a qualified user: android.app.ContextImpl.startService:1357 android.content.ContextWrapper.startService:613 android.content.ContextWrapper.startService:613 com.android.keychain.KeyChainBroadcastReceiver.onReceive:12 android.app.ActivityThread.handleReceiver:3041 
06-14 23:41:46.204  1161  2017 I chatty  : uid=1000(system) Binder:1161_8 expire 2 lines
06-14 23:41:49.942  1161  1225 I chatty  : uid=1000(system) PackageManager expire 20 lines
06-14 23:41:50.949 12658 12658 W ContextImpl: Calling a method in the system process without a qualified user: android.app.ContextImpl.startService:1357 android.content.ContextWrapper.startService:613 android.content.ContextWrapper.startService:613 com.android.keychain.KeyChainBroadcastReceiver.onReceive:12 android.app.ActivityThread.handleReceiver:3041 
06-14 23:42:08.754 12658 12658 W ContextImpl: Calling a method in the system process without a qualified user: android.app.ContextImpl.startService:1357 android.content.ContextWrapper.startService:613 android.content.ContextWrapper.startService:613 com.android.keychain.KeyChainBroadcastReceiver.onReceive:12 android.app.ActivityThread.handleReceiver:3041 
06-14 23:42:11.393  1161  1880 I chatty  : uid=1000(system) Binder:1161_6 expire 2 lines
06-14 23:42:26.634  1161  1192 I chatty  : uid=1000(system) ActivityManager expire 11 lines
06-14 23:43:19.923  1161  1225 I chatty  : uid=1000(system) PackageManager expire 24 lines
06-14 23:43:20.797 12658 12658 W ContextImpl: Calling a method in the system process without a qualified user: android.app.ContextImpl.startService:1357 android.content.ContextWrapper.startService:613 android.content.ContextWrapper.startService:613 com.android.keychain.KeyChainBroadcastReceiver.onReceive:12 android.app.ActivityThread.handleReceiver:3041 
06-14 23:43:33.832 12658 12658 W ContextImpl: Calling a method in the system process without a qualified user: android.app.ContextImpl.startService:1357 android.content.ContextWrapper.startService:613 android.content.ContextWrapper.startService:613 com.android.keychain.KeyChainBroadcastReceiver.onReceive:12 android.app.ActivityThread.handleReceiver:3041 
06-14 23:43:44.796  1161  1225 I chatty  : uid=1000(system) PackageManager expire 13 lines
06-14 23:43:50.054 12658 12658 W ContextImpl: Calling a method in the system process without a qualified user: android.app.ContextImpl.startService:1357 android.content.ContextWrapper.startService:613 android.content.ContextWrapper.startService:613 com.android.keychain.KeyChainBroadcastReceiver.onReceive:12 android.app.ActivityThread.handleReceiver:3041 
06-14 23:44:05.660  1161  1192 I chatty  : uid=1000(system) ActivityManager expire 3 lines
06-14 23:44:11.959 12658 12658 W ContextImpl: Calling a method in the system process without a qualified user: android.app.ContextImpl.startService:1357 android.content.ContextWrapper.startService:613 android.content.ContextWrapper.startService:613 com.android.keychain.KeyChainBroadcastReceiver.onReceive:12 android.app.ActivityThread.handleReceiver:3041 
06-14 23:44:38.014  1161  1524 I chatty  : uid=1000(system) AlarmManager expire 1 line
06-14 23:44:57.645  1161  1192 I chatty  : uid=1000(system) ActivityManager expire 11 lines
06-14 23:44:57.698  1161  2705 I chatty  : uid=1000(system) Binder:1161_A expire 3 lines
06-14 23:44:57.738  1161  2718 I chatty  : uid=1000(system) Binder:1161_D expire 11 lines
06-14 23:45:28.746  1161  2017 I chatty  : uid=1000(system) Binder:1161_8 expire 5 lines
06-14 23:45:28.794  1161  5151 I chatty  : uid=1000(system) Binder:1161_11 expire 5 lines
06-14 23:47:25.320  1161  1195 I chatty  : uid=1000(system) batterystats-sy expire 8 lines
06-14 23:52:37.657  1161  1540 I chatty  : uid=1000(system) ConnectivitySer expire 37 lines
06-14 23:52:38.031  1161  2715 I chatty  : uid=1000(system) Binder:1161_C expire 5 lines
06-14 23:52:38.066  1161  1181 I chatty  : uid=1000(system) Binder:1161_2 expire 4 lines
06-14 23:52:38.400 14396 14396 W ActivityThread: Application com.tivophone.android.debug can be debugged on port 8100...
06-14 23:52:38.776  1161  1598 I chatty  : uid=1000(system) Binder:1161_4 expire 2 lines
06-14 23:52:38.976  1161  2720 I chatty  : uid=1000(system) Binder:1161_F expire 3 lines
06-14 23:52:39.169  1161  1880 I chatty  : uid=1000(system) Binder:1161_6 expire 5 lines
06-14 23:52:39.798  1161  5152 I chatty  : uid=1000(system) Binder:1161_12 expire 3 lines
06-14 23:52:39.899  1161  2719 I chatty  : uid=1000(system) Binder:1161_E expire 4 lines
06-14 23:52:39.932  1161  1208 I chatty  : uid=1000(system) android.fg expire 10 lines
06-14 23:52:40.664  1161  1536 I chatty  : uid=1000(system) WifiStateMachin expire 2 lines
06-14 23:52:42.181  1161  1161 I chatty  : uid=1000 system_server expire 9 lines
06-14 23:52:42.509  1161  1533 I chatty  : uid=1000(system) NetworkPolicy expire 4 lines
06-14 23:52:47.721  1161 14643 I chatty  : uid=1000(system) Binder:1161_15 expire 5 lines
06-14 23:52:51.744  1161  1192 I chatty  : uid=1000(system) ActivityManager expire 7 lines
06-14 23:53:07.061  1161 14646 I chatty  : uid=1000(system) Binder:1161_18 expire 4 lines
06-14 23:53:07.062  1161  2734 I chatty  : uid=1000(system) Binder:1161_10 expire 5 lines
06-14 23:53:12.779   677  1231 D NetlinkEvent: Unknown ifindex 31 in RTM_DELADDR
06-14 23:53:12.965  1161  1540 I chatty  : uid=1000(system) ConnectivitySer expire 40 lines
06-14 23:53:46.368  1161  1190 I chatty  : uid=1000(system) android.bg expire 4 lines
06-14 23:54:47.480  1161 14649 I chatty  : uid=1000(system) Binder:1161_1A expire 4 lines
06-15 00:00:00.109  1161 14644 I chatty  : uid=1000(system) Binder:1161_16 expire 4 lines
06-15 00:00:00.354  1161  1818 I chatty  : uid=1000(system) Binder:1161_5 expire 2 lines
06-15 00:00:00.803  1161 10439 I chatty  : uid=1000(system) Binder:1161_13 expire 2 lines
06-15 00:00:44.917  1161  1549 I chatty  : uid=1000(system) Binder:1161_3 expire 2 lines
06-15 00:01:13.988  1161 14648 I chatty  : uid=1000(system) Binder:1161_19 expire 4 lines
06-15 00:01:47.387   677  1231 D NetlinkEvent: Unknown ifindex 32 in RTM_DELADDR
06-15 00:01:47.390  1161  1208 I chatty  : uid=1000(system) android.fg expire 2 lines
06-15 00:03:19.822  1161  1540 I chatty  : uid=1000(system) ConnectivitySer expire 8 lines
06-15 00:03:21.561  1161 15249 I chatty  : uid=1000(system) Binder:1161_1C expire 6 lines
06-15 00:03:21.608  1161 15252 I chatty  : uid=1000(system) Binder:1161_1F expire 3 lines
06-15 00:14:33.631  1161 15253 I chatty  : uid=1000(system) Binder:1161_20 expire 3 lines
06-15 00:18:49.274  1161  1180 I chatty  : uid=1000(system) Binder:1161_1 expire 2 lines
06-15 00:22:53.571  1161 14645 I chatty  : uid=1000(system) Binder:1161_17 expire 1 line
06-15 00:40:48.752  1161  1212 I chatty  : uid=1000(system) PowerManagerSer expire 2 lines
06-15 00:40:48.754  1161  1210 I chatty  : uid=1000(system) android.display expire 2 lines
06-15 00:41:15.883  1161  2701 I chatty  : uid=1000(system) Binder:1161_9 expire 1 line
06-15 00:41:16.240  1161  1881 I chatty  : uid=1000(system) Binder:1161_7 expire 1 line
06-15 00:41:31.973 16075 16109 D ActivityThread: Loading provider com.google.android.gmail.provider;com.android.mail.notifier;com.google.android.gm.email.provider;com.google.android.gm.tasks.provider;com.google.android.gm.email.notifier: com.android.email.provider.EmailProvider
06-15 00:42:03.348  1161 15250 I chatty  : uid=1000(system) Binder:1161_1D expire 1 line
06-15 00:43:07.276  1161  2707 I chatty  : uid=1000(system) Binder:1161_B expire 1 line
06-15 00:43:07.325  1161 14650 I chatty  : uid=1000(system) Binder:1161_1B expire 1 line
06-15 00:49:07.431  1161  1161 I chatty  : uid=1000 system_server expire 21 lines
06-15 00:49:07.641 16301 16301 W StorageManager: Could not read /sys/block/mmcblk0/size
06-15 00:49:07.641 16301 16301 W StorageManager: java.io.FileNotFoundException: /sys/block/mmcblk0/size (No such file or directory)
06-15 00:49:07.641 16301 16301 W StorageManager: 	at java.io.FileInputStream.open(Native Method)
06-15 00:49:07.641 16301 16301 W StorageManager: 	at java.io.FileInputStream.<init>(FileInputStream.java:146)
06-15 00:49:07.641 16301 16301 W StorageManager: 	at java.io.FileInputStream.<init>(FileInputStream.java:99)
06-15 00:49:07.641 16301 16301 W StorageManager: 	at android.os.storage.StorageManager.readLong(StorageManager.java:944)
06-15 00:49:07.641 16301 16301 W StorageManager: 	at android.os.storage.StorageManager.getPrimaryStorageSize(StorageManager.java:935)
06-15 00:49:07.641 16301 16301 W StorageManager: 	at com.android.settingslib.deviceinfo.StorageManagerVolumeProvider.getPrimaryStorageSize(StorageManagerVolumeProvider.java:37)
06-15 00:49:07.641 16301 16301 W StorageManager: 	at com.android.settingslib.deviceinfo.PrivateStorageInfo.getPrivateStorageInfo(PrivateStorageInfo.java:40)
06-15 00:49:07.641 16301 16301 W StorageManager: 	at com.android.storagemanager.automatic.AutomaticStorageManagementJobService.volumeNeedsManagement(AutomaticStorageManagementJobService.java:107)
06-15 00:49:07.641 16301 16301 W StorageManager: 	at com.android.storagemanager.automatic.AutomaticStorageManagementJobService.onStartJob(AutomaticStorageManagementJobService.java:55)
06-15 00:49:07.641 16301 16301 W StorageManager: 	at android.app.job.JobService$JobHandler.handleMessage(JobService.java:143)
06-15 00:49:07.641 16301 16301 W StorageManager: 	at android.os.Handler.dispatchMessage(Handler.java:102)
06-15 00:49:07.641 16301 16301 W StorageManager: 	at android.os.Looper.loop(Looper.java:154)
06-15 00:49:07.641 16301 16301 W StorageManager: 	at android.app.ActivityThread.main(ActivityThread.java:6121)
06-15 00:49:07.641 16301 16301 W StorageManager: 	at java.lang.reflect.Method.invoke(Native Method)
06-15 00:49:07.641 16301 16301 W StorageManager: 	at com.android.internal.os.ZygoteInit$MethodAndArgsCaller.run(ZygoteInit.java:889)
06-15 00:49:07.641 16301 16301 W StorageManager: 	at com.android.internal.os.ZygoteInit.main(ZygoteInit.java:779)
06-15 00:49:07.651  1161  2701 I chatty  : uid=1000(system) Binder:1161_9 expire 4 lines
06-15 00:49:07.672  1161  2715 I chatty  : uid=1000(system) Binder:1161_C expire 6 lines
06-15 00:49:07.686  1161 15253 I chatty  : uid=1000(system) Binder:1161_20 expire 3 lines
06-15 00:49:07.762 16333 16375 D DownloadManager: Removed 0 stale downloads
06-15 00:49:07.846 16333 16375 D DownloadManager: Missing /storage/emulated/0/Download/MyGallery.zip, deleting 2544
06-15 00:49:07.982  1161 15251 I chatty  : uid=1000(system) Binder:1161_1E expire 3 lines
06-15 00:49:08.048 16333 16375 D DownloadManager: Missing /storage/emulated/0/Download/MyGallery.zip, deleting 2547
06-15 00:49:08.277 16333 16375 D DownloadManager: Found 22 files in database
06-15 00:49:08.277 16333 16375 D DownloadManager: Found 1 files on disk
06-15 00:49:08.729  1161  1225 I chatty  : uid=1000(system) PackageManager expire 1 line
06-15 00:49:09.758  1161  1190 I chatty  : uid=1000(system) android.bg expire 10 lines
06-15 00:49:11.060  1161 15249 I chatty  : uid=1000(system) Binder:1161_1C expire 2 lines
06-15 00:49:11.060  1161  1540 I chatty  : uid=1000(system) ConnectivitySer expire 25 lines
06-15 00:49:11.313  1161  1208 I chatty  : uid=1000(system) android.fg expire 10 lines
06-15 00:49:12.058   677  1231 D NetlinkEvent: Unknown ifindex 33 in RTM_DELADDR
06-15 00:49:18.367  1161  1881 I chatty  : uid=1000(system) Binder:1161_7 expire 1 line
06-15 00:51:42.259  1161  1195 I chatty  : uid=1000(system) batterystats-sy expire 1 line
06-15 00:52:41.157  1161  1192 I chatty  : uid=1000(system) ActivityManager expire 10 lines
06-15 00:52:56.468  1161  1211 I chatty  : uid=1000(system) CpuTracker expire 2 lines
06-15 00:53:41.783  1161  1598 I chatty  : uid=1000(system) Binder:1161_4 expire 3 lines
06-15 00:53:41.896  1161  1818 I chatty  : uid=1000(system) Binder:1161_5 expire 2 lines
06-15 00:54:00.047  1161 14649 I chatty  : uid=1000(system) Binder:1161_1A expire 3 lines
06-15 01:00:01.874  1161  2017 I chatty  : uid=1000(system) Binder:1161_8 expire 1 line
06-15 01:00:03.084   677  1231 D NetlinkEvent: Unknown ifindex 34 in RTM_DELADDR
06-15 01:00:03.123  1161  1208 I chatty  : uid=1000(system) android.fg expire 8 lines
06-15 01:00:41.274  1161  5152 I chatty  : uid=1000(system) Binder:1161_12 expire 1 line
06-15 01:01:49.834  1161 15252 I chatty  : uid=1000(system) Binder:1161_1F expire 2 lines
06-15 01:02:15.196  1161  1192 I chatty  : uid=1000(system) ActivityManager expire 3 lines
06-15 01:02:49.455  1161  2720 I chatty  : uid=1000(system) Binder:1161_F expire 2 lines
06-15 01:03:46.969  1161  2719 I chatty  : uid=1000(system) Binder:1161_E expire 2 lines
06-15 01:03:47.069  1161 15250 I chatty  : uid=1000(system) Binder:1161_1D expire 1 line
06-15 01:03:47.076  1161 10439 I chatty  : uid=1000(system) Binder:1161_13 expire 1 line
06-15 01:03:47.076  1161  1549 I chatty  : uid=1000(system) Binder:1161_3 expire 1 line
06-15 01:03:47.077  1161  1540 I chatty  : uid=1000(system) ConnectivitySer expire 13 lines
06-15 01:13:14.325  1161  5151 I chatty  : uid=1000(system) Binder:1161_11 expire 1 line
06-15 01:14:59.970   677  1231 D NetlinkEvent: Unknown ifindex 35 in RTM_DELADDR
06-15 01:18:02.299  1161 18191 I chatty  : uid=1000 system_server expire 6 lines
06-15 01:18:40.967  1161 18260 I chatty  : uid=1000 system_server expire 6 lines
06-15 01:18:41.150  1161 18263 I chatty  : uid=1000 system_server expire 4 lines
06-15 01:18:41.292  1161 18284 I chatty  : uid=1000 system_server expire 1 line
06-15 01:19:35.162  1161 18295 I chatty  : uid=1000 system_server expire 6 lines
06-15 01:19:35.295  1161 18297 I chatty  : uid=1000 system_server expire 4 lines
06-15 01:19:35.451  1161 18315 I chatty  : uid=1000 system_server expire 1 line
06-15 01:20:10.195  1161 18321 I chatty  : uid=1000 system_server expire 6 lines
06-15 01:20:42.807  1161 18328 I chatty  : uid=1000(system) QPresServiceLis expire 6 lines
06-15 01:20:42.931  1161 18330 I chatty  : uid=1000 system_server expire 4 lines
06-15 01:20:43.073  1161  2707 I chatty  : uid=1000(system) Binder:1161_B expire 1 line
06-15 01:20:43.106  1161 18348 I chatty  : uid=1000 system_server expire 1 line
06-15 01:20:56.898  1161 18356 I chatty  : uid=1000 system_server expire 6 lines
06-15 01:20:57.036  1161 18358 I chatty  : uid=1000 system_server expire 4 lines
06-15 01:20:57.228  1161 18376 I chatty  : uid=1000 system_server expire 1 line
06-15 01:21:53.707  1161 18382 I chatty  : uid=1000 system_server expire 6 lines
06-15 01:22:13.621  1161 18410 I chatty  : uid=1000 system_server expire 7 lines
06-15 01:22:13.710  1161 18411 I chatty  : uid=1000 system_server expire 3 lines
06-15 01:22:25.649  1161 18437 I chatty  : uid=1000 system_server expire 6 lines
06-15 01:23:16.583  1161 18445 I chatty  : uid=1000 system_server expire 6 lines
06-15 01:24:00.699  1161 18451 I chatty  : uid=1000 system_server expire 6 lines
06-15 01:24:28.910  1161 18458 I chatty  : uid=1000 system_server expire 6 lines
06-15 01:24:58.794  1161 18466 I chatty  : uid=1000 system_server expire 6 lines
06-15 01:24:59.925  1161  1190 I chatty  : uid=1000(system) android.bg expire 1 line
06-15 01:25:00.193 18469 18495 D ActivityThread: Loading provider com.google.android.gmail.provider;com.android.mail.notifier;com.google.android.gm.email.provider;com.google.android.gm.tasks.provider;com.google.android.gm.email.notifier: com.android.email.provider.EmailProvider
06-15 01:25:00.429  1161  2718 I chatty  : uid=1000(system) Binder:1161_D expire 1 line
06-15 01:25:01.899  1161  1161 I chatty  : uid=1000 system_server expire 1 line
06-15 01:25:01.907  1161 18520 I chatty  : uid=1000 system_server expire 6 lines
06-15 01:25:04.483  1161  1161 I chatty  : uid=1000 system_server expire 20 lines
06-15 01:25:04.491  1161 18529 I chatty  : uid=1000 system_server expire 6 lines
06-15 01:25:05.449  1161  1212 I chatty  : uid=1000(system) PowerManagerSer expire 2 lines
