06-15 16:01:59.451 25759 25759 E AndroidRuntime: 	at com.android.internal.os.ZygoteInit$MethodAndArgsCaller.run(ZygoteInit.java:889)
06-15 16:01:59.451 25759 25759 E AndroidRuntime: 	at com.android.internal.os.ZygoteInit.main(ZygoteInit.java:779)
06-15 16:02:00.439  1161 14648 I chatty  : uid=1000(system) Binder:1161_19 expire 4 lines
06-15 16:02:04.496  1161  1190 I chatty  : uid=1000(system) android.bg expire 4 lines
06-15 16:02:04.706  1161  1533 I chatty  : uid=1000(system) NetworkPolicy expire 1 line
06-15 16:02:04.810  1161  2734 I chatty  : uid=1000(system) Binder:1161_10 expire 3 lines
06-15 16:02:04.886 25944 25944 W ActivityThread: Application com.tivophone.android.debug can be debugged on port 8100...
06-15 16:02:05.042  1161  5152 I chatty  : uid=1000(system) Binder:1161_12 expire 3 lines
06-15 16:02:18.515  1161 14645 I chatty  : uid=1000(system) Binder:1161_17 expire 7 lines
06-15 16:02:25.589  1161 10439 I chatty  : uid=1000(system) Binder:1161_13 expire 4 lines
06-15 16:02:25.597 26063 26063 E AndroidRuntime: FATAL EXCEPTION: main
06-15 16:02:25.597 26063 26063 E AndroidRuntime: Process: com.samsung.mygallery.app, PID: 26063
06-15 16:02:25.597 26063 26063 E AndroidRuntime: android.content.ActivityNotFoundException: Unable to find explicit activity class {com.samsung.mygallery.app/com.samsung.mygallery.app.ui.AlbumActivity}; have you declared this activity in your AndroidManifest.xml?
06-15 16:02:25.597 26063 26063 E AndroidRuntime: 	at android.app.Instrumentation.checkStartActivityResult(Instrumentation.java:1805)
06-15 16:02:25.597 26063 26063 E AndroidRuntime: 	at android.app.Instrumentation.execStartActivity(Instrumentation.java:1523)
06-15 16:02:25.597 26063 26063 E AndroidRuntime: 	at android.app.Activity.startActivityForResult(Activity.java:4228)
06-15 16:02:25.597 26063 26063 E AndroidRuntime: 	at android.support.v4.app.BaseFragmentActivityJB.startActivityForResult(BaseFragmentActivityJB.java:54)
06-15 16:02:25.597 26063 26063 E AndroidRuntime: 	at android.support.v4.app.FragmentActivity.startActivityForResult(FragmentActivity.java:75)
06-15 16:02:25.597 26063 26063 E AndroidRuntime: 	at android.app.Activity.startActivityForResult(Activity.java:4186)
06-15 16:02:25.597 26063 26063 E AndroidRuntime: 	at android.support.v4.app.FragmentActivity.startActivityForResult(FragmentActivity.java:708)
06-15 16:02:25.597 26063 26063 E AndroidRuntime: 	at android.app.Activity.startActivity(Activity.java:4525)
06-15 16:02:25.597 26063 26063 E AndroidRuntime: 	at android.app.Activity.startActivity(Activity.java:4493)
06-15 16:02:25.597 26063 26063 E AndroidRuntime: 	at com.samsung.mygallery.app.ui.MainGalleryAdapter$MyViewHolder.onClick(MainGalleryAdapter.java:69)
06-15 16:02:25.597 26063 26063 E AndroidRuntime: 	at android.view.View.performClick(View.java:5637)
06-15 16:02:25.597 26063 26063 E AndroidRuntime: 	at android.view.View$PerformClick.run(View.java:22429)
06-15 16:02:25.597 26063 26063 E AndroidRuntime: 	at android.os.Handler.handleCallback(Handler.java:751)
06-15 16:02:25.597 26063 26063 E AndroidRuntime: 	at android.os.Handler.dispatchMessage(Handler.java:95)
06-15 16:02:25.597 26063 26063 E AndroidRuntime: 	at android.os.Looper.loop(Looper.java:154)
06-15 16:02:25.597 26063 26063 E AndroidRuntime: 	at android.app.ActivityThread.main(ActivityThread.java:6121)
06-15 16:02:25.597 26063 26063 E AndroidRuntime: 	at java.lang.reflect.Method.invoke(Native Method)
06-15 16:02:25.597 26063 26063 E AndroidRuntime: 	at com.android.internal.os.ZygoteInit$MethodAndArgsCaller.run(ZygoteInit.java:889)
06-15 16:02:25.597 26063 26063 E AndroidRuntime: 	at com.android.internal.os.ZygoteInit.main(ZygoteInit.java:779)
06-15 16:02:36.037  1161  2705 I chatty  : uid=1000(system) Binder:1161_A expire 1 line
06-15 16:02:36.063  1161  1181 I chatty  : uid=1000(system) Binder:1161_2 expire 2 lines
06-15 16:02:48.274 26098 26098 E AndroidRuntime: FATAL EXCEPTION: main
06-15 16:02:48.274 26098 26098 E AndroidRuntime: Process: com.samsung.mygallery.app, PID: 26098
06-15 16:02:48.274 26098 26098 E AndroidRuntime: android.content.ActivityNotFoundException: Unable to find explicit activity class {com.samsung.mygallery.app/com.samsung.mygallery.app.ui.AlbumActivity}; have you declared this activity in your AndroidManifest.xml?
06-15 16:02:48.274 26098 26098 E AndroidRuntime: 	at android.app.Instrumentation.checkStartActivityResult(Instrumentation.java:1805)
06-15 16:02:48.274 26098 26098 E AndroidRuntime: 	at android.app.Instrumentation.execStartActivity(Instrumentation.java:1523)
06-15 16:02:48.274 26098 26098 E AndroidRuntime: 	at android.app.Activity.startActivityForResult(Activity.java:4228)
06-15 16:02:48.274 26098 26098 E AndroidRuntime: 	at android.support.v4.app.BaseFragmentActivityJB.startActivityForResult(BaseFragmentActivityJB.java:54)
06-15 16:02:48.274 26098 26098 E AndroidRuntime: 	at android.support.v4.app.FragmentActivity.startActivityForResult(FragmentActivity.java:75)
06-15 16:02:48.274 26098 26098 E AndroidRuntime: 	at android.app.Activity.startActivityForResult(Activity.java:4186)
06-15 16:02:48.274 26098 26098 E AndroidRuntime: 	at android.support.v4.app.FragmentActivity.startActivityForResult(FragmentActivity.java:708)
06-15 16:02:48.274 26098 26098 E AndroidRuntime: 	at android.app.Activity.startActivity(Activity.java:4525)
06-15 16:02:48.274 26098 26098 E AndroidRuntime: 	at android.app.Activity.startActivity(Activity.java:4493)
06-15 16:02:48.274 26098 26098 E AndroidRuntime: 	at com.samsung.mygallery.app.ui.MainGalleryAdapter$MyViewHolder.onClick(MainGalleryAdapter.java:69)
06-15 16:02:48.274 26098 26098 E AndroidRuntime: 	at android.view.View.performClick(View.java:5637)
06-15 16:02:48.274 26098 26098 E AndroidRuntime: 	at android.view.View$PerformClick.run(View.java:22429)
06-15 16:02:48.274 26098 26098 E AndroidRuntime: 	at android.os.Handler.handleCallback(Handler.java:751)
06-15 16:02:48.274 26098 26098 E AndroidRuntime: 	at android.os.Handler.dispatchMessage(Handler.java:95)
06-15 16:02:48.274 26098 26098 E AndroidRuntime: 	at android.os.Looper.loop(Looper.java:154)
06-15 16:02:48.274 26098 26098 E AndroidRuntime: 	at android.app.ActivityThread.main(ActivityThread.java:6121)
06-15 16:02:48.274 26098 26098 E AndroidRuntime: 	at java.lang.reflect.Method.invoke(Native Method)
06-15 16:02:48.274 26098 26098 E AndroidRuntime: 	at com.android.internal.os.ZygoteInit$MethodAndArgsCaller.run(ZygoteInit.java:889)
06-15 16:02:48.274 26098 26098 E AndroidRuntime: 	at com.android.internal.os.ZygoteInit.main(ZygoteInit.java:779)
06-15 16:03:21.371  1161  2718 I chatty  : uid=1000(system) Binder:1161_D expire 2 lines
06-15 16:04:58.134 26171 26171 E AndroidRuntime: FATAL EXCEPTION: main
06-15 16:04:58.134 26171 26171 E AndroidRuntime: Process: com.samsung.mygallery.app, PID: 26171
06-15 16:04:58.134 26171 26171 E AndroidRuntime: android.content.ActivityNotFoundException: Unable to find explicit activity class {com.samsung.mygallery.app/com.samsung.mygallery.app.ui.AlbumActivity}; have you declared this activity in your AndroidManifest.xml?
06-15 16:04:58.134 26171 26171 E AndroidRuntime: 	at android.app.Instrumentation.checkStartActivityResult(Instrumentation.java:1805)
06-15 16:04:58.134 26171 26171 E AndroidRuntime: 	at android.app.Instrumentation.execStartActivity(Instrumentation.java:1523)
06-15 16:04:58.134 26171 26171 E AndroidRuntime: 	at android.app.Activity.startActivityForResult(Activity.java:4228)
06-15 16:04:58.134 26171 26171 E AndroidRuntime: 	at android.support.v4.app.BaseFragmentActivityJB.startActivityForResult(BaseFragmentActivityJB.java:54)
06-15 16:04:58.134 26171 26171 E AndroidRuntime: 	at android.support.v4.app.FragmentActivity.startActivityForResult(FragmentActivity.java:75)
06-15 16:04:58.134 26171 26171 E AndroidRuntime: 	at android.app.Activity.startActivityForResult(Activity.java:4186)
06-15 16:04:58.134 26171 26171 E AndroidRuntime: 	at android.support.v4.app.FragmentActivity.startActivityForResult(FragmentActivity.java:708)
06-15 16:04:58.134 26171 26171 E AndroidRuntime: 	at android.app.Activity.startActivity(Activity.java:4525)
06-15 16:04:58.134 26171 26171 E AndroidRuntime: 	at android.app.Activity.startActivity(Activity.java:4493)
06-15 16:04:58.134 26171 26171 E AndroidRuntime: 	at com.samsung.mygallery.app.ui.MainGalleryAdapter$MyViewHolder.onClick(MainGalleryAdapter.java:69)
06-15 16:04:58.134 26171 26171 E AndroidRuntime: 	at android.view.View.performClick(View.java:5637)
06-15 16:04:58.134 26171 26171 E AndroidRuntime: 	at android.view.View$PerformClick.run(View.java:22429)
06-15 16:04:58.134 26171 26171 E AndroidRuntime: 	at android.os.Handler.handleCallback(Handler.java:751)
06-15 16:04:58.134 26171 26171 E AndroidRuntime: 	at android.os.Handler.dispatchMessage(Handler.java:95)
06-15 16:04:58.134 26171 26171 E AndroidRuntime: 	at android.os.Looper.loop(Looper.java:154)
06-15 16:04:58.134 26171 26171 E AndroidRuntime: 	at android.app.ActivityThread.main(ActivityThread.java:6121)
06-15 16:04:58.134 26171 26171 E AndroidRuntime: 	at java.lang.reflect.Method.invoke(Native Method)
06-15 16:04:58.134 26171 26171 E AndroidRuntime: 	at com.android.internal.os.ZygoteInit$MethodAndArgsCaller.run(ZygoteInit.java:889)
06-15 16:04:58.134 26171 26171 E AndroidRuntime: 	at com.android.internal.os.ZygoteInit.main(ZygoteInit.java:779)
06-15 16:04:58.144  1161 14646 I chatty  : uid=1000(system) Binder:1161_18 expire 5 lines
06-15 16:05:48.279 26363 26363 E AndroidRuntime: FATAL EXCEPTION: main
06-15 16:05:48.279 26363 26363 E AndroidRuntime: Process: com.samsung.mygallery.app, PID: 26363
06-15 16:05:48.279 26363 26363 E AndroidRuntime: android.content.ActivityNotFoundException: Unable to find explicit activity class {com.samsung.mygallery.app/com.samsung.mygallery.app.ui.AlbumActivity}; have you declared this activity in your AndroidManifest.xml?
06-15 16:05:48.279 26363 26363 E AndroidRuntime: 	at android.app.Instrumentation.checkStartActivityResult(Instrumentation.java:1805)
06-15 16:05:48.279 26363 26363 E AndroidRuntime: 	at android.app.Instrumentation.execStartActivity(Instrumentation.java:1523)
06-15 16:05:48.279 26363 26363 E AndroidRuntime: 	at android.app.Activity.startActivityForResult(Activity.java:4228)
06-15 16:05:48.279 26363 26363 E AndroidRuntime: 	at android.support.v4.app.BaseFragmentActivityJB.startActivityForResult(BaseFragmentActivityJB.java:54)
06-15 16:05:48.279 26363 26363 E AndroidRuntime: 	at android.support.v4.app.FragmentActivity.startActivityForResult(FragmentActivity.java:75)
06-15 16:05:48.279 26363 26363 E AndroidRuntime: 	at android.app.Activity.startActivityForResult(Activity.java:4186)
06-15 16:05:48.279 26363 26363 E AndroidRuntime: 	at android.support.v4.app.FragmentActivity.startActivityForResult(FragmentActivity.java:708)
06-15 16:05:48.279 26363 26363 E AndroidRuntime: 	at android.app.Activity.startActivity(Activity.java:4525)
06-15 16:05:48.279 26363 26363 E AndroidRuntime: 	at android.app.Activity.startActivity(Activity.java:4493)
06-15 16:05:48.279 26363 26363 E AndroidRuntime: 	at com.samsung.mygallery.app.ui.MainGalleryAdapter$MyViewHolder.onClick(MainGalleryAdapter.java:69)
06-15 16:05:48.279 26363 26363 E AndroidRuntime: 	at android.view.View.performClick(View.java:5637)
06-15 16:05:48.279 26363 26363 E AndroidRuntime: 	at android.view.View$PerformClick.run(View.java:22429)
06-15 16:05:48.279 26363 26363 E AndroidRuntime: 	at android.os.Handler.handleCallback(Handler.java:751)
06-15 16:05:48.279 26363 26363 E AndroidRuntime: 	at android.os.Handler.dispatchMessage(Handler.java:95)
06-15 16:05:48.279 26363 26363 E AndroidRuntime: 	at android.os.Looper.loop(Looper.java:154)
06-15 16:05:48.279 26363 26363 E AndroidRuntime: 	at android.app.ActivityThread.main(ActivityThread.java:6121)
06-15 16:05:48.279 26363 26363 E AndroidRuntime: 	at java.lang.reflect.Method.invoke(Native Method)
06-15 16:05:48.279 26363 26363 E AndroidRuntime: 	at com.android.internal.os.ZygoteInit$MethodAndArgsCaller.run(ZygoteInit.java:889)
06-15 16:05:48.279 26363 26363 E AndroidRuntime: 	at com.android.internal.os.ZygoteInit.main(ZygoteInit.java:779)
06-15 16:09:40.075  1161  1225 I chatty  : uid=1000(system) PackageManager expire 9 lines
06-15 16:09:42.338 26568 26568 W ContextImpl: Calling a method in the system process without a qualified user: android.app.ContextImpl.startService:1357 android.content.ContextWrapper.startService:613 android.content.ContextWrapper.startService:613 com.android.keychain.KeyChainBroadcastReceiver.onReceive:12 android.app.ActivityThread.handleReceiver:3041 
06-15 16:09:42.360  1161 14512 I chatty  : uid=1000(system) Binder:1161_14 expire 1 line
06-15 16:09:42.831  1161 14643 I chatty  : uid=1000(system) Binder:1161_15 expire 1 line
06-15 16:09:42.859  1161  1881 I chatty  : uid=1000(system) Binder:1161_7 expire 3 lines
06-15 16:09:44.056  1161  1549 I chatty  : uid=1000(system) Binder:1161_3 expire 1 line
06-15 16:09:45.337 26779 26779 E AndroidRuntime: FATAL EXCEPTION: main
06-15 16:09:45.337 26779 26779 E AndroidRuntime: Process: com.samsung.mygallery.app, PID: 26779
06-15 16:09:45.337 26779 26779 E AndroidRuntime: java.lang.RuntimeException: Unable to start activity ComponentInfo{com.samsung.mygallery.app/com.samsung.mygallery.app.ui.AlbumActivity}: java.lang.NullPointerException: Attempt to invoke virtual method 'void android.support.v7.widget.RecyclerView.setHasFixedSize(boolean)' on a null object reference
06-15 16:09:45.337 26779 26779 E AndroidRuntime: 	at android.app.ActivityThread.performLaunchActivity(ActivityThread.java:2666)
06-15 16:09:45.337 26779 26779 E AndroidRuntime: 	at android.app.ActivityThread.handleLaunchActivity(ActivityThread.java:2727)
06-15 16:09:45.337 26779 26779 E AndroidRuntime: 	at android.app.ActivityThread.-wrap12(ActivityThread.java)
06-15 16:09:45.337 26779 26779 E AndroidRuntime: 	at android.app.ActivityThread$H.handleMessage(ActivityThread.java:1478)
06-15 16:09:45.337 26779 26779 E AndroidRuntime: 	at android.os.Handler.dispatchMessage(Handler.java:102)
06-15 16:09:45.337 26779 26779 E AndroidRuntime: 	at android.os.Looper.loop(Looper.java:154)
06-15 16:09:45.337 26779 26779 E AndroidRuntime: 	at android.app.ActivityThread.main(ActivityThread.java:6121)
06-15 16:09:45.337 26779 26779 E AndroidRuntime: 	at java.lang.reflect.Method.invoke(Native Method)
06-15 16:09:45.337 26779 26779 E AndroidRuntime: 	at com.android.internal.os.ZygoteInit$MethodAndArgsCaller.run(ZygoteInit.java:889)
06-15 16:09:45.337 26779 26779 E AndroidRuntime: 	at com.android.internal.os.ZygoteInit.main(ZygoteInit.java:779)
06-15 16:09:45.337 26779 26779 E AndroidRuntime: Caused by: java.lang.NullPointerException: Attempt to invoke virtual method 'void android.support.v7.widget.RecyclerView.setHasFixedSize(boolean)' on a null object reference
06-15 16:09:45.337 26779 26779 E AndroidRuntime: 	at com.samsung.mygallery.app.ui.AlbumActivity.onCreate(AlbumActivity.java:23)
06-15 16:09:45.337 26779 26779 E AndroidRuntime: 	at android.app.Activity.performCreate(Activity.java:6682)
06-15 16:09:45.337 26779 26779 E AndroidRuntime: 	at android.app.Instrumentation.callActivityOnCreate(Instrumentation.java:1118)
06-15 16:09:45.337 26779 26779 E AndroidRuntime: 	at android.app.ActivityThread.performLaunchActivity(ActivityThread.java:2619)
06-15 16:09:45.337 26779 26779 E AndroidRuntime: 	... 9 more
06-15 16:09:45.842  1161  1192 I chatty  : uid=1000(system) ActivityManager expire 6 lines
06-15 16:09:53.418  1161  1180 I chatty  : uid=1000(system) Binder:1161_1 expire 1 line
06-15 16:10:05.094  1161  1212 I chatty  : uid=1000(system) PowerManagerSer expire 2 lines
06-15 16:11:29.669 26819 26819 F libc    : Fatal signal 11 (SIGSEGV), code 1, fault addr 0x6567677562654c in tid 26819 (g.mygallery.app)
06-15 16:11:29.944 26895 26895 F DEBUG   : *** *** *** *** *** *** *** *** *** *** *** *** *** *** *** ***
06-15 16:11:29.945 26895 26895 F DEBUG   : Build fingerprint: 'google/sailfish/sailfish:7.1.2/NKG47L/4025097:user/release-keys'
06-15 16:11:29.945 26895 26895 F DEBUG   : Revision: '0'
06-15 16:11:29.945 26895 26895 F DEBUG   : ABI: 'arm64'
06-15 16:11:29.945 26895 26895 F DEBUG   : pid: 26819, tid: 26819, name: g.mygallery.app  >>> com.samsung.mygallery.app <<<
06-15 16:11:29.946 26895 26895 F DEBUG   : signal 11 (SIGSEGV), code 1 (SEGV_MAPERR), fault addr 0x6567677562654c
06-15 16:11:29.946 26895 26895 F DEBUG   :     x0   0000007c99420000  x1   0000007c9940c620  x2   0000000000000001  x3   0000000000000000
06-15 16:11:29.946 26895 26895 F DEBUG   :     x4   0000000000000000  x5   0000000000000000  x6   0000000000000000  x7   616f6c6572506f4e
06-15 16:11:29.946 26895 26895 F DEBUG   :     x8   7265676775626544  x9   6c206f6e20736920  x10  0000000000000188  x11  0000000000000000
06-15 16:11:29.946 26895 26895 F DEBUG   :     x12  0000000000000000  x13  4070000000000000  x14  0000007c9940d380  x15  0000000000000000
06-15 16:11:29.947 26895 26895 F DEBUG   :     x16  0000007ca0ff98b0  x17  0000007ca2d0dcd0  x18  0000000070b5aa68  x19  0000007c99420000
06-15 16:11:29.947 26895 26895 F DEBUG   :     x20  0000007c9940c620  x21  0000007ca0f691ff  x22  0000007c9940c620  x23  0000007c86d9df28
06-15 16:11:29.947 26895 26895 F DEBUG   :     x24  f53313ba8632021c  x25  f53313ba8632021c  x26  0000007c86d9df28  x27  0000007ca0ffc720
06-15 16:11:29.947 26895 26895 F DEBUG   :     x28  0000007ffc41cda9  x29  0000007ffc41cd90  x30  0000007ca0cd1494
06-15 16:11:29.947 26895 26895 F DEBUG   :     sp   0000007ffc41cce0  pc   0000007ca0cd0a4c  pstate 0000000060000000
06-15 16:11:30.084 26895 26895 F DEBUG   : 
06-15 16:11:30.084 26895 26895 F DEBUG   : backtrace:
06-15 16:11:30.085 26895 26895 F DEBUG   :     #00 pc 00000000002f4a4c  /system/lib64/libart.so (_ZN3art4JDWP9JdwpState15UnregisterEventEPNS0_9JdwpEventE+68)
06-15 16:11:30.085 26895 26895 F DEBUG   :     #01 pc 00000000002f5490  /system/lib64/libart.so (_ZN3art4JDWP9JdwpState16CleanupMatchListERKNSt3__16vectorIPNS0_9JdwpEventENS2_9allocatorIS5_EEEE+292)
06-15 16:11:30.085 26895 26895 F DEBUG   :     #02 pc 00000000002fa9c4  /system/lib64/libart.so (_ZN3art4JDWP9JdwpState16PostClassPrepareEPNS_6mirror5ClassE+1340)
06-15 16:11:30.085 26895 26895 F DEBUG   :     #03 pc 00000000001247d4  /system/lib64/libart.so (_ZN3art11ClassLinker11DefineClassEPNS_6ThreadEPKcmNS_6HandleINS_6mirror11ClassLoaderEEERKNS_7DexFileERKNS9_8ClassDefE+800)
06-15 16:11:30.085 26895 26895 F DEBUG   :     #04 pc 0000000000125338  /system/lib64/libart.so (_ZN3art11ClassLinker9FindClassEPNS_6ThreadEPKcNS_6HandleINS_6mirror11ClassLoaderEEE+1096)
06-15 16:11:30.085 26895 26895 F DEBUG   :     #05 pc 000000000010ca58  /system/lib64/libart.so (_ZN3art11ClassLinker11ResolveTypeERKNS_7DexFileEtNS_6HandleINS_6mirror8DexCacheEEENS4_INS5_11ClassLoaderEEE+200)
06-15 16:11:30.085 26895 26895 F DEBUG   :     #06 pc 0000000000135d30  /system/lib64/libart.so (_ZN3art11ClassLinker12ResolveFieldERKNS_7DexFileEjNS_6HandleINS_6mirror8DexCacheEEENS4_INS5_11ClassLoaderEEEb+252)
06-15 16:11:30.085 26895 26895 F DEBUG   :     #07 pc 0000000000158d14  /system/lib64/libart.so (_ZN3art11ClassLinker12ResolveFieldEjPNS_9ArtMethodEb+248)
06-15 16:11:30.085 26895 26895 F DEBUG   :     #08 pc 000000000026f914  /system/lib64/libart.so (_ZN3art11interpreter10DoFieldGetILNS_13FindFieldTypeE6ELNS_9Primitive4TypeE5ELb0EEEbPNS_6ThreadERNS_11ShadowFrameEPKNS_11InstructionEt+92)
06-15 16:11:30.085 26895 26895 F DEBUG   :     #09 pc 00000000002abd08  /system/lib64/libart.so (_ZN3art11interpreter17ExecuteSwitchImplILb0ELb0EEENS_6JValueEPNS_6ThreadEPKNS_7DexFile8CodeItemERNS_11ShadowFrameES2_b+19116)
06-15 16:11:30.085 26895 26895 F DEBUG   :     #10 pc 000000000026135c  /system/lib64/libart.so (_ZN3art11interpreterL7ExecuteEPNS_6ThreadEPKNS_7DexFile8CodeItemERNS_11ShadowFrameENS_6JValueEb+484)
06-15 16:11:30.085 26895 26895 F DEBUG   :     #11 pc 0000000000267054  /system/lib64/libart.so (_ZN3art11interpreter33ArtInterpreterToInterpreterBridgeEPNS_6ThreadEPKNS_7DexFile8CodeItemEPNS_11ShadowFrameEPNS_6JValueE+184)
06-15 16:11:30.085 26895 26895 F DEBUG   :     #12 pc 0000000000287f7c  /system/lib64/libart.so (_ZN3art11interpreter6DoCallILb0ELb0EEEbPNS_9ArtMethodEPNS_6ThreadERNS_11ShadowFrameEPKNS_11InstructionEtPNS_6JValueE+564)
06-15 16:11:30.085 26895 26895 F DEBUG   :     #13 pc 00000000002babac  /system/lib64/libart.so (_ZN3art11interpreterL8DoInvokeILNS_10InvokeTypeE0ELb0ELb0EEEbPNS_6ThreadERNS_11ShadowFrameEPKNS_11InstructionEtPNS_6JValueE+360)
06-15 16:11:30.085 26895 26895 F DEBUG   :     #14 pc 00000000002addbc  /system/lib64/libart.so (_ZN3art11interpreter17ExecuteSwitchImplILb0ELb0EEENS_6JValueEPNS_6ThreadEPKNS_7DexFile8CodeItemERNS_11ShadowFrameES2_b+27488)
06-15 16:11:30.085 26895 26895 F DEBUG   :     #15 pc 000000000026135c  /system/lib64/libart.so (_ZN3art11interpreterL7ExecuteEPNS_6ThreadEPKNS_7DexFile8CodeItemERNS_11ShadowFrameENS_6JValueEb+484)
06-15 16:11:30.085 26895 26895 F DEBUG   :     #16 pc 0000000000267054  /system/lib64/libart.so (_ZN3art11interpreter33ArtInterpreterToInterpreterBridgeEPNS_6ThreadEPKNS_7DexFile8CodeItemEPNS_11ShadowFrameEPNS_6JValueE+184)
06-15 16:11:30.085 26895 26895 F DEBUG   :     #17 pc 0000000000287f7c  /system/lib64/libart.so (_ZN3art11interpreter6DoCallILb0ELb0EEEbPNS_9ArtMethodEPNS_6ThreadERNS_11ShadowFrameEPKNS_11InstructionEtPNS_6JValueE+564)
06-15 16:11:30.085 26895 26895 F DEBUG   :     #18 pc 00000000002babac  /system/lib64/libart.so (_ZN3art11interpreterL8DoInvokeILNS_10InvokeTypeE0ELb0ELb0EEEbPNS_6ThreadERNS_11ShadowFrameEPKNS_11InstructionEtPNS_6JValueE+360)
06-15 16:11:30.086 26895 26895 F DEBUG   :     #19 pc 00000000002addbc  /system/lib64/libart.so (_ZN3art11interpreter17ExecuteSwitchImplILb0ELb0EEENS_6JValueEPNS_6ThreadEPKNS_7DexFile8CodeItemERNS_11ShadowFrameES2_b+27488)
06-15 16:11:30.087 26895 26895 F DEBUG   :     #20 pc 000000000026135c  /system/lib64/libart.so (_ZN3art11interpreterL7ExecuteEPNS_6ThreadEPKNS_7DexFile8CodeItemERNS_11ShadowFrameENS_6JValueEb+484)
06-15 16:11:30.087 26895 26895 F DEBUG   :     #21 pc 0000000000267054  /system/lib64/libart.so (_ZN3art11interpreter33ArtInterpreterToInterpreterBridgeEPNS_6ThreadEPKNS_7DexFile8CodeItemEPNS_11ShadowFrameEPNS_6JValueE+184)
06-15 16:11:30.087 26895 26895 F DEBUG   :     #22 pc 0000000000287f7c  /system/lib64/libart.so (_ZN3art11interpreter6DoCallILb0ELb0EEEbPNS_9ArtMethodEPNS_6ThreadERNS_11ShadowFrameEPKNS_11InstructionEtPNS_6JValueE+564)
06-15 16:11:30.087 26895 26895 F DEBUG   :     #23 pc 00000000002babac  /system/lib64/libart.so (_ZN3art11interpreterL8DoInvokeILNS_10InvokeTypeE0ELb0ELb0EEEbPNS_6ThreadERNS_11ShadowFrameEPKNS_11InstructionEtPNS_6JValueE+360)
06-15 16:11:30.088 26895 26895 F DEBUG   :     #24 pc 00000000002addbc  /system/lib64/libart.so (_ZN3art11interpreter17ExecuteSwitchImplILb0ELb0EEENS_6JValueEPNS_6ThreadEPKNS_7DexFile8CodeItemERNS_11ShadowFrameES2_b+27488)
06-15 16:11:30.088 26895 26895 F DEBUG   :     #25 pc 000000000026135c  /system/lib64/libart.so (_ZN3art11interpreterL7ExecuteEPNS_6ThreadEPKNS_7DexFile8CodeItemERNS_11ShadowFrameENS_6JValueEb+484)
06-15 16:11:30.088 26895 26895 F DEBUG   :     #26 pc 0000000000267054  /system/lib64/libart.so (_ZN3art11interpreter33ArtInterpreterToInterpreterBridgeEPNS_6ThreadEPKNS_7DexFile8CodeItemEPNS_11ShadowFrameEPNS_6JValueE+184)
06-15 16:11:30.088 26895 26895 F DEBUG   :     #27 pc 0000000000287f7c  /system/lib64/libart.so (_ZN3art11interpreter6DoCallILb0ELb0EEEbPNS_9ArtMethodEPNS_6ThreadERNS_11ShadowFrameEPKNS_11InstructionEtPNS_6JValueE+564)
06-15 16:11:30.088 26895 26895 F DEBUG   :     #28 pc 00000000002ba368  /system/lib64/libart.so (_ZN3art11interpreterL8DoInvokeILNS_10InvokeTypeE4ELb0ELb0EEEbPNS_6ThreadERNS_11ShadowFrameEPKNS_11InstructionEtPNS_6JValueE+1200)
06-15 16:11:30.088 26895 26895 F DEBUG   :     #29 pc 00000000002ae00c  /system/lib64/libart.so (_ZN3art11interpreter17ExecuteSwitchImplILb0ELb0EEENS_6JValueEPNS_6ThreadEPKNS_7DexFile8CodeItemERNS_11ShadowFrameES2_b+28080)
06-15 16:11:30.088 26895 26895 F DEBUG   :     #30 pc 000000000026135c  /system/lib64/libart.so (_ZN3art11interpreterL7ExecuteEPNS_6ThreadEPKNS_7DexFile8CodeItemERNS_11ShadowFrameENS_6JValueEb+484)
06-15 16:11:30.088 26895 26895 F DEBUG   :     #31 pc 0000000000267054  /system/lib64/libart.so (_ZN3art11interpreter33ArtInterpreterToInterpreterBridgeEPNS_6ThreadEPKNS_7DexFile8CodeItemEPNS_11ShadowFrameEPNS_6JValueE+184)
06-15 16:11:30.089 26895 26895 F DEBUG   :     #32 pc 0000000000287f7c  /system/lib64/libart.so (_ZN3art11interpreter6DoCallILb0ELb0EEEbPNS_9ArtMethodEPNS_6ThreadERNS_11ShadowFrameEPKNS_11InstructionEtPNS_6JValueE+564)
06-15 16:11:30.089 26895 26895 F DEBUG   :     #33 pc 00000000002b79e8  /system/lib64/libart.so (_ZN3art11interpreterL8DoInvokeILNS_10InvokeTypeE2ELb0ELb0EEEbPNS_6ThreadERNS_11ShadowFrameEPKNS_11InstructionEtPNS_6JValueE+612)
06-15 16:11:30.089 26895 26895 F DEBUG   :     #34 pc 00000000002ab6c0  /system/lib64/libart.so (_ZN3art11interpreter17ExecuteSwitchImplILb0ELb0EEENS_6JValueEPNS_6ThreadEPKNS_7DexFile8CodeItemERNS_11ShadowFrameES2_b+17508)
06-15 16:11:30.089 26895 26895 F DEBUG   :     #35 pc 000000000026135c  /system/lib64/libart.so (_ZN3art11interpreterL7ExecuteEPNS_6ThreadEPKNS_7DexFile8CodeItemERNS_11ShadowFrameENS_6JValueEb+484)
06-15 16:11:30.089 26895 26895 F DEBUG   :     #36 pc 000000000054a20c  /system/lib64/libart.so (artQuickToInterpreterBridge+812)
06-15 16:11:30.089 26895 26895 F DEBUG   :     #37 pc 00000000000dbcac  /system/lib64/libart.so (art_quick_to_interpreter_bridge+92)
06-15 16:11:30.089 26895 26895 F DEBUG   :     #38 pc 00000000000d25b4  /system/lib64/libart.so (art_quick_invoke_stub+580)
06-15 16:11:30.089 26895 26895 F DEBUG   :     #39 pc 00000000000df280  /system/lib64/libart.so (_ZN3art9ArtMethod6InvokeEPNS_6ThreadEPjjPNS_6JValueEPKc+204)
06-15 16:11:30.089 26895 26895 F DEBUG   :     #40 pc 000000000042a6e0  /system/lib64/libart.so (_ZN3artL18InvokeWithArgArrayERKNS_33ScopedObjectAccessAlreadyRunnableEPNS_9ArtMethodEPNS_8ArgArrayEPNS_6JValueEPKc+108)
06-15 16:11:30.089 26895 26895 F DEBUG   :     #41 pc 000000000042bc8c  /system/lib64/libart.so (_ZN3art35InvokeVirtualOrInterfaceWithVarArgsERKNS_33ScopedObjectAccessAlreadyRunnableEP8_jobjectP10_jmethodIDSt9__va_list+388)
06-15 16:11:30.089 26895 26895 F DEBUG   :     #42 pc 0000000000332e60  /system/lib64/libart.so (_ZN3art3JNI15CallVoidMethodVEP7_JNIEnvP8_jobjectP10_jmethodIDSt9__va_list+624)
06-15 16:11:30.089 26895 26895 F DEBUG   :     #43 pc 00000000001051b4  /system/lib64/libart.so (_ZN3art8CheckJNI11CallMethodVEPKcP7_JNIEnvP8_jobjectP7_jclassP10_jmethodIDSt9__va_listNS_9Primitive4TypeENS_10InvokeTypeE+3684)
06-15 16:11:30.089 26895 26895 F DEBUG   :     #44 pc 00000000000f7390  /system/lib64/libart.so (_ZN3art8CheckJNI15CallVoidMethodVEP7_JNIEnvP8_jobjectP10_jmethodIDSt9__va_list+96)
06-15 16:11:30.089 26895 26895 F DEBUG   :     #45 pc 000000000034eebc  /system/lib64/libart.so (_ZN7_JNIEnv14CallVoidMethodEP8_jobjectP10_jmethodIDz+124)
06-15 16:11:30.089 26895 26895 F DEBUG   :     #46 pc 0000000000454f54  /system/lib64/libart.so (_ZN3art6Thread24HandleUncaughtExceptionsERNS_18ScopedObjectAccessE+416)
06-15 16:11:30.090 26895 26895 F DEBUG   :     #47 pc 000000000045486c  /system/lib64/libart.so (_ZN3art6Thread7DestroyEv+1272)
06-15 16:11:30.090 26895 26895 F DEBUG   :     #48 pc 0000000000465c9c  /system/lib64/libart.so (_ZN3art10ThreadList10UnregisterEPNS_6ThreadE+152)
06-15 16:11:30.090 26895 26895 F DEBUG   :     #49 pc 000000000043085c  /system/lib64/libart.so (_ZN3art7Runtime19DetachCurrentThreadEv+336)
06-15 16:11:30.090 26895 26895 F DEBUG   :     #50 pc 00000000002f3628  /system/lib64/libart.so (_ZN3art3JII19DetachCurrentThreadEP7_JavaVM+52)
06-15 16:11:30.090 26895 26895 F DEBUG   :     #51 pc 000000000010b3b4  /system/lib64/libart.so (_ZN3art8CheckJII19DetachCurrentThreadEP7_JavaVM+112)
06-15 16:11:30.090 26895 26895 F DEBUG   :     #52 pc 00000000000a19bc  /system/lib64/libandroid_runtime.so (_ZN7android14AndroidRuntime5startEPKcRKNS_6VectorINS_7String8EEEb+748)
06-15 16:11:30.090 26895 26895 F DEBUG   :     #53 pc 0000000000002260  /system/bin/app_process64
06-15 16:11:30.090 26895 26895 F DEBUG   :     #54 pc 000000000001a594  /system/lib64/libc.so (__libc_init+88)
06-15 16:11:30.090 26895 26895 F DEBUG   :     #55 pc 0000000000001ccc  /system/bin/app_process64
06-15 16:11:30.515  1161 26897 I chatty  : uid=1000 system_server expire 6 lines
06-15 16:11:30.518  1161  1206 I chatty  : uid=1000(system) FileObserver expire 1 line
06-15 16:11:30.630  1161 14650 I chatty  : uid=1000(system) Binder:1161_1B expire 2 lines
06-15 16:11:30.637  1161 26897 I chatty  : uid=1000 system_server expire 2 lines
06-15 16:11:30.695  1161 15252 I chatty  : uid=1000(system) Binder:1161_1F expire 1 line
06-15 16:11:30.753  1161  1549 I chatty  : uid=1000(system) Binder:1161_3 expire 7 lines
06-15 16:11:40.508  1161  1212 I chatty  : uid=1000(system) PowerManagerSer expire 56 lines
06-15 16:11:40.544  1161  1192 I chatty  : uid=1000(system) ActivityManager expire 17 lines
06-15 16:12:26.578  1161  1190 I chatty  : uid=1000(system) android.bg expire 1 line
06-15 16:12:28.114  1161  1225 I chatty  : uid=1000(system) PackageManager expire 9 lines
06-15 16:12:30.164 26568 26568 W ContextImpl: Calling a method in the system process without a qualified user: android.app.ContextImpl.startService:1357 android.content.ContextWrapper.startService:613 android.content.ContextWrapper.startService:613 com.android.keychain.KeyChainBroadcastReceiver.onReceive:12 android.app.ActivityThread.handleReceiver:3041 
06-15 16:12:30.182  1161 14645 I chatty  : uid=1000(system) Binder:1161_17 expire 2 lines
06-15 16:12:30.231  1161  2719 I chatty  : uid=1000(system) Binder:1161_E expire 2 lines
06-15 16:12:30.249  1161 14512 I chatty  : uid=1000(system) Binder:1161_14 expire 9 lines
06-15 16:12:31.767  1161  2705 I chatty  : uid=1000(system) Binder:1161_A expire 2 lines
06-15 16:12:31.806  1161  2734 I chatty  : uid=1000(system) Binder:1161_10 expire 2 lines
06-15 16:12:33.640 26981 26981 E AndroidRuntime: FATAL EXCEPTION: main
06-15 16:12:33.640 26981 26981 E AndroidRuntime: Process: com.samsung.mygallery.app, PID: 26981
06-15 16:12:33.640 26981 26981 E AndroidRuntime: java.lang.RuntimeException: Unable to start activity ComponentInfo{com.samsung.mygallery.app/com.samsung.mygallery.app.ui.AlbumActivity}: java.lang.RuntimeException: Failed to invoke private android.net.Uri() with no args
06-15 16:12:33.640 26981 26981 E AndroidRuntime: 	at android.app.ActivityThread.performLaunchActivity(ActivityThread.java:2666)
06-15 16:12:33.640 26981 26981 E AndroidRuntime: 	at android.app.ActivityThread.handleLaunchActivity(ActivityThread.java:2727)
06-15 16:12:33.640 26981 26981 E AndroidRuntime: 	at android.app.ActivityThread.-wrap12(ActivityThread.java)
06-15 16:12:33.640 26981 26981 E AndroidRuntime: 	at android.app.ActivityThread$H.handleMessage(ActivityThread.java:1478)
06-15 16:12:33.640 26981 26981 E AndroidRuntime: 	at android.os.Handler.dispatchMessage(Handler.java:102)
06-15 16:12:33.640 26981 26981 E AndroidRuntime: 	at android.os.Looper.loop(Looper.java:154)
06-15 16:12:33.640 26981 26981 E AndroidRuntime: 	at android.app.ActivityThread.main(ActivityThread.java:6121)
06-15 16:12:33.640 26981 26981 E AndroidRuntime: 	at java.lang.reflect.Method.invoke(Native Method)
06-15 16:12:33.640 26981 26981 E AndroidRuntime: 	at com.android.internal.os.ZygoteInit$MethodAndArgsCaller.run(ZygoteInit.java:889)
06-15 16:12:33.640 26981 26981 E AndroidRuntime: 	at com.android.internal.os.ZygoteInit.main(ZygoteInit.java:779)
06-15 16:12:33.640 26981 26981 E AndroidRuntime: Caused by: java.lang.RuntimeException: Failed to invoke private android.net.Uri() with no args
06-15 16:12:33.640 26981 26981 E AndroidRuntime: 	at com.google.gson.internal.ConstructorConstructor$3.construct(ConstructorConstructor.java:111)
06-15 16:12:33.640 26981 26981 E AndroidRuntime: 	at com.google.gson.internal.bind.ReflectiveTypeAdapterFactory$Adapter.read(ReflectiveTypeAdapterFactory.java:210)
06-15 16:12:33.640 26981 26981 E AndroidRuntime: 	at com.google.gson.internal.bind.TypeAdapterRuntimeTypeWrapper.read(TypeAdapterRuntimeTypeWrapper.java:41)
06-15 16:12:33.640 26981 26981 E AndroidRuntime: 	at com.google.gson.internal.bind.CollectionTypeAdapterFactory$Adapter.read(CollectionTypeAdapterFactory.java:82)
06-15 16:12:33.640 26981 26981 E AndroidRuntime: 	at com.google.gson.internal.bind.CollectionTypeAdapterFactory$Adapter.read(CollectionTypeAdapterFactory.java:61)
06-15 16:12:33.640 26981 26981 E AndroidRuntime: 	at com.google.gson.Gson.fromJson(Gson.java:887)
06-15 16:12:33.640 26981 26981 E AndroidRuntime: 	at com.google.gson.Gson.fromJson(Gson.java:852)
06-15 16:12:33.640 26981 26981 E AndroidRuntime: 	at com.google.gson.Gson.fromJson(Gson.java:801)
06-15 16:12:33.640 26981 26981 E AndroidRuntime: 	at com.samsung.mygallery.app.models.AlbumModel.<init>(AlbumModel.java:35)
06-15 16:12:33.640 26981 26981 E AndroidRuntime: 	at com.samsung.mygallery.app.models.AlbumModel$2.createFromParcel(AlbumModel.java:41)
06-15 16:12:33.640 26981 26981 E AndroidRuntime: 	at com.samsung.mygallery.app.models.AlbumModel$2.createFromParcel(AlbumModel.java:38)
06-15 16:12:33.640 26981 26981 E AndroidRuntime: 	at android.os.Parcel.readParcelable(Parcel.java:2471)
06-15 16:12:33.640 26981 26981 E AndroidRuntime: 	at android.os.Parcel.readValue(Parcel.java:2365)
06-15 16:12:33.640 26981 26981 E AndroidRuntime: 	at android.os.Parcel.readArrayMapInternal(Parcel.java:2732)
06-15 16:12:33.640 26981 26981 E AndroidRuntime: 	at android.os.BaseBundle.unparcel(BaseBundle.java:269)
06-15 16:12:33.640 26981 26981 E AndroidRuntime: 	at android.os.Bundle.getParcelable(Bundle.java:864)
06-15 16:12:33.640 26981 26981 E AndroidRuntime: 	at android.content.Intent.getParcelableExtra(Intent.java:6271)
06-15 16:12:33.640 26981 26981 E AndroidRuntime: 	at com.samsung.mygallery.app.ui.AlbumActivity.onCreate(AlbumActivity.java:25)
06-15 16:12:33.640 26981 26981 E AndroidRuntime: 	at android.app.Activity.performCreate(Activity.java:6682)
06-15 16:12:33.640 26981 26981 E AndroidRuntime: 	at android.app.Instrumentation.callActivityOnCreate(Instrumentation.java:1118)
06-15 16:12:33.640 26981 26981 E AndroidRuntime: 	at android.app.ActivityThread.performLaunchActivity(ActivityThread.java:2619)
06-15 16:12:33.640 26981 26981 E AndroidRuntime: 	... 9 more
06-15 16:12:33.640 26981 26981 E AndroidRuntime: Caused by: java.lang.InstantiationException: Can't instantiate abstract class android.net.Uri
06-15 16:12:33.640 26981 26981 E AndroidRuntime: 	at java.lang.reflect.Constructor.newInstance0(Native Method)
06-15 16:12:33.640 26981 26981 E AndroidRuntime: 	at java.lang.reflect.Constructor.newInstance(Constructor.java:430)
06-15 16:12:33.640 26981 26981 E AndroidRuntime: 	at com.google.gson.internal.ConstructorConstructor$3.construct(ConstructorConstructor.java:108)
06-15 16:12:33.640 26981 26981 E AndroidRuntime: 	... 29 more
06-15 16:12:33.642  1161 15253 I chatty  : uid=1000(system) Binder:1161_20 expire 6 lines
06-15 16:12:46.910  1161  1524 I chatty  : uid=1000(system) AlarmManager expire 1 line
06-15 16:12:47.461  1161  2718 I chatty  : uid=1000(system) Binder:1161_D expire 2 lines
06-15 16:12:47.494  1161  1181 I chatty  : uid=1000(system) Binder:1161_2 expire 1 line
06-15 16:12:47.494  1161 14646 I chatty  : uid=1000(system) Binder:1161_18 expire 1 line
06-15 16:12:47.498  1161  1540 I chatty  : uid=1000(system) ConnectivitySer expire 7 lines
06-15 16:12:59.851  1161 14643 I chatty  : uid=1000(system) Binder:1161_15 expire 4 lines
06-15 16:13:00.054  1161  1210 I chatty  : uid=1000(system) android.display expire 48 lines
06-15 16:13:05.370  1161  1180 I chatty  : uid=1000(system) Binder:1161_1 expire 2 lines
06-15 16:14:42.620 27137 27137 E AndroidRuntime: FATAL EXCEPTION: main
06-15 16:14:42.620 27137 27137 E AndroidRuntime: Process: com.samsung.mygallery.app, PID: 27137
06-15 16:14:42.620 27137 27137 E AndroidRuntime: java.lang.RuntimeException: Unable to start activity ComponentInfo{com.samsung.mygallery.app/com.samsung.mygallery.app.ui.AlbumActivity}: java.lang.RuntimeException: Failed to invoke private android.net.Uri() with no args
06-15 16:14:42.620 27137 27137 E AndroidRuntime: 	at android.app.ActivityThread.performLaunchActivity(ActivityThread.java:2666)
06-15 16:14:42.620 27137 27137 E AndroidRuntime: 	at android.app.ActivityThread.handleLaunchActivity(ActivityThread.java:2727)
06-15 16:14:42.620 27137 27137 E AndroidRuntime: 	at android.app.ActivityThread.-wrap12(ActivityThread.java)
06-15 16:14:42.620 27137 27137 E AndroidRuntime: 	at android.app.ActivityThread$H.handleMessage(ActivityThread.java:1478)
06-15 16:14:42.620 27137 27137 E AndroidRuntime: 	at android.os.Handler.dispatchMessage(Handler.java:102)
06-15 16:14:42.620 27137 27137 E AndroidRuntime: 	at android.os.Looper.loop(Looper.java:154)
06-15 16:14:42.620 27137 27137 E AndroidRuntime: 	at android.app.ActivityThread.main(ActivityThread.java:6121)
06-15 16:14:42.620 27137 27137 E AndroidRuntime: 	at java.lang.reflect.Method.invoke(Native Method)
06-15 16:14:42.620 27137 27137 E AndroidRuntime: 	at com.android.internal.os.ZygoteInit$MethodAndArgsCaller.run(ZygoteInit.java:889)
06-15 16:14:42.620 27137 27137 E AndroidRuntime: 	at com.android.internal.os.ZygoteInit.main(ZygoteInit.java:779)
06-15 16:14:42.620 27137 27137 E AndroidRuntime: Caused by: java.lang.RuntimeException: Failed to invoke private android.net.Uri() with no args
06-15 16:14:42.620 27137 27137 E AndroidRuntime: 	at com.google.gson.internal.ConstructorConstructor$3.construct(ConstructorConstructor.java:111)
06-15 16:14:42.620 27137 27137 E AndroidRuntime: 	at com.google.gson.internal.bind.ReflectiveTypeAdapterFactory$Adapter.read(ReflectiveTypeAdapterFactory.java:210)
06-15 16:14:42.620 27137 27137 E AndroidRuntime: 	at com.google.gson.internal.bind.TypeAdapterRuntimeTypeWrapper.read(TypeAdapterRuntimeTypeWrapper.java:41)
06-15 16:14:42.620 27137 27137 E AndroidRuntime: 	at com.google.gson.internal.bind.CollectionTypeAdapterFactory$Adapter.read(CollectionTypeAdapterFactory.java:82)
06-15 16:14:42.620 27137 27137 E AndroidRuntime: 	at com.google.gson.internal.bind.CollectionTypeAdapterFactory$Adapter.read(CollectionTypeAdapterFactory.java:61)
06-15 16:14:42.620 27137 27137 E AndroidRuntime: 	at com.google.gson.Gson.fromJson(Gson.java:887)
06-15 16:14:42.620 27137 27137 E AndroidRuntime: 	at com.google.gson.Gson.fromJson(Gson.java:852)
06-15 16:14:42.620 27137 27137 E AndroidRuntime: 	at com.google.gson.Gson.fromJson(Gson.java:801)
06-15 16:14:42.620 27137 27137 E AndroidRuntime: 	at com.samsung.mygallery.app.models.AlbumModel.<init>(AlbumModel.java:35)
06-15 16:14:42.620 27137 27137 E AndroidRuntime: 	at com.samsung.mygallery.app.models.AlbumModel$2.createFromParcel(AlbumModel.java:41)
06-15 16:14:42.620 27137 27137 E AndroidRuntime: 	at com.samsung.mygallery.app.models.AlbumModel$2.createFromParcel(AlbumModel.java:38)
06-15 16:14:42.620 27137 27137 E AndroidRuntime: 	at android.os.Parcel.readParcelable(Parcel.java:2471)
06-15 16:14:42.620 27137 27137 E AndroidRuntime: 	at android.os.Parcel.readValue(Parcel.java:2365)
06-15 16:14:42.620 27137 27137 E AndroidRuntime: 	at android.os.Parcel.readArrayMapInternal(Parcel.java:2732)
06-15 16:14:42.620 27137 27137 E AndroidRuntime: 	at android.os.BaseBundle.unparcel(BaseBundle.java:269)
06-15 16:14:42.620 27137 27137 E AndroidRuntime: 	at android.os.Bundle.getParcelable(Bundle.java:864)
06-15 16:14:42.620 27137 27137 E AndroidRuntime: 	at android.content.Intent.getParcelableExtra(Intent.java:6271)
06-15 16:14:42.620 27137 27137 E AndroidRuntime: 	at com.samsung.mygallery.app.ui.AlbumActivity.onCreate(AlbumActivity.java:25)
06-15 16:14:42.620 27137 27137 E AndroidRuntime: 	at android.app.Activity.performCreate(Activity.java:6682)
06-15 16:14:42.620 27137 27137 E AndroidRuntime: 	at android.app.Instrumentation.callActivityOnCreate(Instrumentation.java:1118)
06-15 16:14:42.620 27137 27137 E AndroidRuntime: 	at android.app.ActivityThread.performLaunchActivity(ActivityThread.java:2619)
06-15 16:14:42.620 27137 27137 E AndroidRuntime: 	... 9 more
06-15 16:14:42.620 27137 27137 E AndroidRuntime: Caused by: java.lang.InstantiationException: Can't instantiate abstract class android.net.Uri
06-15 16:14:42.620 27137 27137 E AndroidRuntime: 	at java.lang.reflect.Constructor.newInstance0(Native Method)
06-15 16:14:42.620 27137 27137 E AndroidRuntime: 	at java.lang.reflect.Constructor.newInstance(Constructor.java:430)
06-15 16:14:42.620 27137 27137 E AndroidRuntime: 	at com.google.gson.internal.ConstructorConstructor$3.construct(ConstructorConstructor.java:108)
06-15 16:14:42.620 27137 27137 E AndroidRuntime: 	... 29 more
06-15 16:14:42.635  1161 15249 I chatty  : uid=1000(system) Binder:1161_1C expire 6 lines
06-15 16:14:57.083  1161 10439 I chatty  : uid=1000(system) Binder:1161_13 expire 1 line
06-15 16:14:57.162 27199 27199 E AndroidRuntime: FATAL EXCEPTION: main
06-15 16:14:57.162 27199 27199 E AndroidRuntime: Process: com.samsung.mygallery.app, PID: 27199
06-15 16:14:57.162 27199 27199 E AndroidRuntime: java.lang.RuntimeException: Unable to start activity ComponentInfo{com.samsung.mygallery.app/com.samsung.mygallery.app.ui.AlbumActivity}: java.lang.RuntimeException: Failed to invoke private android.net.Uri() with no args
06-15 16:14:57.162 27199 27199 E AndroidRuntime: 	at android.app.ActivityThread.performLaunchActivity(ActivityThread.java:2666)
06-15 16:14:57.162 27199 27199 E AndroidRuntime: 	at android.app.ActivityThread.handleLaunchActivity(ActivityThread.java:2727)
06-15 16:14:57.162 27199 27199 E AndroidRuntime: 	at android.app.ActivityThread.-wrap12(ActivityThread.java)
06-15 16:14:57.162 27199 27199 E AndroidRuntime: 	at android.app.ActivityThread$H.handleMessage(ActivityThread.java:1478)
06-15 16:14:57.162 27199 27199 E AndroidRuntime: 	at android.os.Handler.dispatchMessage(Handler.java:102)
06-15 16:14:57.162 27199 27199 E AndroidRuntime: 	at android.os.Looper.loop(Looper.java:154)
06-15 16:14:57.162 27199 27199 E AndroidRuntime: 	at android.app.ActivityThread.main(ActivityThread.java:6121)
06-15 16:14:57.162 27199 27199 E AndroidRuntime: 	at java.lang.reflect.Method.invoke(Native Method)
06-15 16:14:57.162 27199 27199 E AndroidRuntime: 	at com.android.internal.os.ZygoteInit$MethodAndArgsCaller.run(ZygoteInit.java:889)
06-15 16:14:57.162 27199 27199 E AndroidRuntime: 	at com.android.internal.os.ZygoteInit.main(ZygoteInit.java:779)
06-15 16:14:57.162 27199 27199 E AndroidRuntime: Caused by: java.lang.RuntimeException: Failed to invoke private android.net.Uri() with no args
06-15 16:14:57.162 27199 27199 E AndroidRuntime: 	at com.google.gson.internal.ConstructorConstructor$3.construct(ConstructorConstructor.java:111)
06-15 16:14:57.162 27199 27199 E AndroidRuntime: 	at com.google.gson.internal.bind.ReflectiveTypeAdapterFactory$Adapter.read(ReflectiveTypeAdapterFactory.java:210)
06-15 16:14:57.162 27199 27199 E AndroidRuntime: 	at com.google.gson.internal.bind.TypeAdapterRuntimeTypeWrapper.read(TypeAdapterRuntimeTypeWrapper.java:41)
06-15 16:14:57.162 27199 27199 E AndroidRuntime: 	at com.google.gson.internal.bind.CollectionTypeAdapterFactory$Adapter.read(CollectionTypeAdapterFactory.java:82)
06-15 16:14:57.162 27199 27199 E AndroidRuntime: 	at com.google.gson.internal.bind.CollectionTypeAdapterFactory$Adapter.read(CollectionTypeAdapterFactory.java:61)
06-15 16:14:57.162 27199 27199 E AndroidRuntime: 	at com.google.gson.Gson.fromJson(Gson.java:887)
06-15 16:14:57.162 27199 27199 E AndroidRuntime: 	at com.google.gson.Gson.fromJson(Gson.java:852)
06-15 16:14:57.162 27199 27199 E AndroidRuntime: 	at com.google.gson.Gson.fromJson(Gson.java:801)
06-15 16:14:57.162 27199 27199 E AndroidRuntime: 	at com.samsung.mygallery.app.models.AlbumModel.<init>(AlbumModel.java:35)
06-15 16:14:57.162 27199 27199 E AndroidRuntime: 	at com.samsung.mygallery.app.models.AlbumModel$2.createFromParcel(AlbumModel.java:41)
06-15 16:14:57.162 27199 27199 E AndroidRuntime: 	at com.samsung.mygallery.app.models.AlbumModel$2.createFromParcel(AlbumModel.java:38)
06-15 16:14:57.162 27199 27199 E AndroidRuntime: 	at android.os.Parcel.readParcelable(Parcel.java:2471)
06-15 16:14:57.162 27199 27199 E AndroidRuntime: 	at android.os.Parcel.readValue(Parcel.java:2365)
06-15 16:14:57.162 27199 27199 E AndroidRuntime: 	at android.os.Parcel.readArrayMapInternal(Parcel.java:2732)
06-15 16:14:57.162 27199 27199 E AndroidRuntime: 	at android.os.BaseBundle.unparcel(BaseBundle.java:269)
06-15 16:14:57.162 27199 27199 E AndroidRuntime: 	at android.os.Bundle.getParcelable(Bundle.java:864)
06-15 16:14:57.162 27199 27199 E AndroidRuntime: 	at android.content.Intent.getParcelableExtra(Intent.java:6271)
06-15 16:14:57.162 27199 27199 E AndroidRuntime: 	at com.samsung.mygallery.app.ui.AlbumActivity.onCreate(AlbumActivity.java:25)
06-15 16:14:57.162 27199 27199 E AndroidRuntime: 	at android.app.Activity.performCreate(Activity.java:6682)
06-15 16:14:57.162 27199 27199 E AndroidRuntime: 	at android.app.Instrumentation.callActivityOnCreate(Instrumentation.java:1118)
06-15 16:14:57.162 27199 27199 E AndroidRuntime: 	at android.app.ActivityThread.performLaunchActivity(ActivityThread.java:2619)
06-15 16:14:57.162 27199 27199 E AndroidRuntime: 	... 9 more
06-15 16:14:57.162 27199 27199 E AndroidRuntime: Caused by: java.lang.InstantiationException: Can't instantiate abstract class android.net.Uri
06-15 16:14:57.162 27199 27199 E AndroidRuntime: 	at java.lang.reflect.Constructor.newInstance0(Native Method)
06-15 16:14:57.162 27199 27199 E AndroidRuntime: 	at java.lang.reflect.Constructor.newInstance(Constructor.java:430)
06-15 16:14:57.162 27199 27199 E AndroidRuntime: 	at com.google.gson.internal.ConstructorConstructor$3.construct(ConstructorConstructor.java:108)
06-15 16:14:57.162 27199 27199 E AndroidRuntime: 	... 29 more
06-15 16:15:13.885  1161 14644 I chatty  : uid=1000(system) Binder:1161_16 expire 1 line
06-15 16:18:29.754  1161  1208 I chatty  : uid=1000(system) android.fg expire 1 line
06-15 16:18:29.779 27242 27242 E AndroidRuntime: FATAL EXCEPTION: main
06-15 16:18:29.779 27242 27242 E AndroidRuntime: Process: com.samsung.mygallery.app, PID: 27242
06-15 16:18:29.779 27242 27242 E AndroidRuntime: java.lang.RuntimeException: Unable to start activity ComponentInfo{com.samsung.mygallery.app/com.samsung.mygallery.app.ui.AlbumActivity}: java.lang.RuntimeException: Failed to invoke private android.net.Uri() with no args
06-15 16:18:29.779 27242 27242 E AndroidRuntime: 	at android.app.ActivityThread.performLaunchActivity(ActivityThread.java:2666)
06-15 16:18:29.779 27242 27242 E AndroidRuntime: 	at android.app.ActivityThread.handleLaunchActivity(ActivityThread.java:2727)
06-15 16:18:29.779 27242 27242 E AndroidRuntime: 	at android.app.ActivityThread.-wrap12(ActivityThread.java)
06-15 16:18:29.779 27242 27242 E AndroidRuntime: 	at android.app.ActivityThread$H.handleMessage(ActivityThread.java:1478)
06-15 16:18:29.779 27242 27242 E AndroidRuntime: 	at android.os.Handler.dispatchMessage(Handler.java:102)
06-15 16:18:29.779 27242 27242 E AndroidRuntime: 	at android.os.Looper.loop(Looper.java:154)
06-15 16:18:29.779 27242 27242 E AndroidRuntime: 	at android.app.ActivityThread.main(ActivityThread.java:6121)
06-15 16:18:29.779 27242 27242 E AndroidRuntime: 	at java.lang.reflect.Method.invoke(Native Method)
06-15 16:18:29.779 27242 27242 E AndroidRuntime: 	at com.android.internal.os.ZygoteInit$MethodAndArgsCaller.run(ZygoteInit.java:889)
06-15 16:18:29.779 27242 27242 E AndroidRuntime: 	at com.android.internal.os.ZygoteInit.main(ZygoteInit.java:779)
06-15 16:18:29.779 27242 27242 E AndroidRuntime: Caused by: java.lang.RuntimeException: Failed to invoke private android.net.Uri() with no args
06-15 16:18:29.779 27242 27242 E AndroidRuntime: 	at com.google.gson.internal.ConstructorConstructor$3.construct(ConstructorConstructor.java:111)
06-15 16:18:29.779 27242 27242 E AndroidRuntime: 	at com.google.gson.internal.bind.ReflectiveTypeAdapterFactory$Adapter.read(ReflectiveTypeAdapterFactory.java:210)
06-15 16:18:29.779 27242 27242 E AndroidRuntime: 	at com.google.gson.internal.bind.TypeAdapterRuntimeTypeWrapper.read(TypeAdapterRuntimeTypeWrapper.java:41)
06-15 16:18:29.779 27242 27242 E AndroidRuntime: 	at com.google.gson.internal.bind.CollectionTypeAdapterFactory$Adapter.read(CollectionTypeAdapterFactory.java:82)
06-15 16:18:29.779 27242 27242 E AndroidRuntime: 	at com.google.gson.internal.bind.CollectionTypeAdapterFactory$Adapter.read(CollectionTypeAdapterFactory.java:61)
06-15 16:18:29.779 27242 27242 E AndroidRuntime: 	at com.google.gson.Gson.fromJson(Gson.java:887)
06-15 16:18:29.779 27242 27242 E AndroidRuntime: 	at com.google.gson.Gson.fromJson(Gson.java:852)
06-15 16:18:29.779 27242 27242 E AndroidRuntime: 	at com.google.gson.Gson.fromJson(Gson.java:801)
06-15 16:18:29.779 27242 27242 E AndroidRuntime: 	at com.samsung.mygallery.app.models.AlbumModel.<init>(AlbumModel.java:35)
06-15 16:18:29.779 27242 27242 E AndroidRuntime: 	at com.samsung.mygallery.app.models.AlbumModel$2.createFromParcel(AlbumModel.java:41)
06-15 16:18:29.779 27242 27242 E AndroidRuntime: 	at com.samsung.mygallery.app.models.AlbumModel$2.createFromParcel(AlbumModel.java:38)
06-15 16:18:29.779 27242 27242 E AndroidRuntime: 	at android.os.Parcel.readParcelable(Parcel.java:2471)
06-15 16:18:29.779 27242 27242 E AndroidRuntime: 	at android.os.Parcel.readValue(Parcel.java:2365)
06-15 16:18:29.779 27242 27242 E AndroidRuntime: 	at android.os.Parcel.readArrayMapInternal(Parcel.java:2732)
06-15 16:18:29.779 27242 27242 E AndroidRuntime: 	at android.os.BaseBundle.unparcel(BaseBundle.java:269)
06-15 16:18:29.779 27242 27242 E AndroidRuntime: 	at android.os.Bundle.getParcelable(Bundle.java:864)
06-15 16:18:29.779 27242 27242 E AndroidRuntime: 	at android.content.Intent.getParcelableExtra(Intent.java:6271)
