06-16 00:56:04.453  1161  2720 I chatty  : uid=1000(system) Binder:1161_F expire 1 line
06-16 00:56:05.561   677  1231 D NetlinkEvent: Unknown ifindex 81 in RTM_DELADDR
06-16 00:56:05.574  1161  1208 I chatty  : uid=1000(system) android.fg expire 12 lines
06-16 01:02:44.398  1161  1181 I chatty  : uid=1000(system) Binder:1161_2 expire 2 lines
06-16 01:03:14.533  1161  1549 I chatty  : uid=1000(system) Binder:1161_3 expire 3 lines
06-16 01:03:14.585  1161  1598 I chatty  : uid=1000(system) Binder:1161_4 expire 2 lines
06-16 01:06:06.435  1161 15251 I chatty  : uid=1000(system) Binder:1161_1E expire 2 lines
06-16 01:06:10.081  1161 15250 I chatty  : uid=1000(system) Binder:1161_1D expire 1 line
06-16 01:08:48.144  1161  2707 I chatty  : uid=1000(system) Binder:1161_B expire 2 lines
06-16 01:08:48.144  1161  1540 I chatty  : uid=1000(system) ConnectivitySer expire 16 lines
06-16 01:08:49.235   677  1231 D NetlinkEvent: Unknown ifindex 82 in RTM_DELADDR
06-16 01:16:19.626  1161  1192 I chatty  : uid=1000(system) ActivityManager expire 2 lines
06-16 01:16:20.299 23258 23258 W ActivityThread: Application com.tivophone.android.debug can be debugged on port 8100...
06-16 01:16:20.565  1161  5152 I chatty  : uid=1000(system) Binder:1161_12 expire 1 line
06-16 01:16:20.809  1161  1540 I chatty  : uid=1000(system) ConnectivitySer expire 40 lines
06-16 01:16:21.579  1161  1881 I chatty  : uid=1000(system) Binder:1161_7 expire 1 line
06-16 01:16:22.113  1161 14646 I chatty  : uid=1000(system) Binder:1161_18 expire 3 lines
06-16 01:16:22.268  1161 10439 I chatty  : uid=1000(system) Binder:1161_13 expire 2 lines
06-16 01:16:22.413  1161  2537 I chatty  : uid=1000(system) backup expire 1 line
06-16 01:16:22.496  1161  1194 I chatty  : uid=1000(system) ActivityManager expire 1 line
06-16 01:16:22.515  1161  1536 I chatty  : uid=1000(system) WifiStateMachin expire 1 line
06-16 01:16:22.952  1161  2719 I chatty  : uid=1000(system) Binder:1161_E expire 1 line
06-16 01:16:23.095  1161  1533 I chatty  : uid=1000(system) NetworkPolicy expire 2 lines
06-16 01:16:23.809  1161  1161 I chatty  : uid=1000 system_server expire 4 lines
06-16 01:16:23.827  1161 14648 I chatty  : uid=1000(system) Binder:1161_19 expire 1 line
06-16 01:16:53.364   677  1231 D NetlinkEvent: Unknown ifindex 83 in RTM_DELADDR
06-16 01:16:53.369  1161  1208 I chatty  : uid=1000(system) android.fg expire 8 lines
06-16 01:17:08.468  1161  1540 I chatty  : uid=1000(system) ConnectivitySer expire 16 lines
06-16 01:21:23.630  1161  1190 I chatty  : uid=1000(system) android.bg expire 4 lines
06-16 01:21:26.634   677  1231 D NetlinkEvent: Unknown ifindex 84 in RTM_DELADDR
06-16 01:28:58.564  1161  1212 I chatty  : uid=1000(system) PowerManagerSer expire 2 lines
06-16 01:28:58.566  1161  1210 I chatty  : uid=1000(system) android.display expire 2 lines
06-16 01:33:27.130  1161  1161 I chatty  : uid=1000 system_server expire 33 lines
06-16 01:33:27.476 24170 24170 W StorageManager: Could not read /sys/block/mmcblk0/size
06-16 01:33:27.476 24170 24170 W StorageManager: java.io.FileNotFoundException: /sys/block/mmcblk0/size (No such file or directory)
06-16 01:33:27.476 24170 24170 W StorageManager: 	at java.io.FileInputStream.open(Native Method)
06-16 01:33:27.476 24170 24170 W StorageManager: 	at java.io.FileInputStream.<init>(FileInputStream.java:146)
06-16 01:33:27.476 24170 24170 W StorageManager: 	at java.io.FileInputStream.<init>(FileInputStream.java:99)
06-16 01:33:27.476 24170 24170 W StorageManager: 	at android.os.storage.StorageManager.readLong(StorageManager.java:944)
06-16 01:33:27.476 24170 24170 W StorageManager: 	at android.os.storage.StorageManager.getPrimaryStorageSize(StorageManager.java:935)
06-16 01:33:27.476 24170 24170 W StorageManager: 	at com.android.settingslib.deviceinfo.StorageManagerVolumeProvider.getPrimaryStorageSize(StorageManagerVolumeProvider.java:37)
06-16 01:33:27.476 24170 24170 W StorageManager: 	at com.android.settingslib.deviceinfo.PrivateStorageInfo.getPrivateStorageInfo(PrivateStorageInfo.java:40)
06-16 01:33:27.476 24170 24170 W StorageManager: 	at com.android.storagemanager.automatic.AutomaticStorageManagementJobService.volumeNeedsManagement(AutomaticStorageManagementJobService.java:107)
06-16 01:33:27.476 24170 24170 W StorageManager: 	at com.android.storagemanager.automatic.AutomaticStorageManagementJobService.onStartJob(AutomaticStorageManagementJobService.java:55)
06-16 01:33:27.476 24170 24170 W StorageManager: 	at android.app.job.JobService$JobHandler.handleMessage(JobService.java:143)
06-16 01:33:27.476 24170 24170 W StorageManager: 	at android.os.Handler.dispatchMessage(Handler.java:102)
06-16 01:33:27.476 24170 24170 W StorageManager: 	at android.os.Looper.loop(Looper.java:154)
06-16 01:33:27.476 24170 24170 W StorageManager: 	at android.app.ActivityThread.main(ActivityThread.java:6121)
06-16 01:33:27.476 24170 24170 W StorageManager: 	at java.lang.reflect.Method.invoke(Native Method)
06-16 01:33:27.476 24170 24170 W StorageManager: 	at com.android.internal.os.ZygoteInit$MethodAndArgsCaller.run(ZygoteInit.java:889)
06-16 01:33:27.476 24170 24170 W StorageManager: 	at com.android.internal.os.ZygoteInit.main(ZygoteInit.java:779)
06-16 01:33:27.801 24192 24256 D DownloadManager: Removed 0 stale downloads
06-16 01:33:27.959 24192 24256 D DownloadManager: Found 22 files in database
06-16 01:33:27.959 24192 24256 D DownloadManager: Found 1 files on disk
06-16 01:33:27.968  1161 24299 I chatty  : uid=1000 system_server expire 6 lines
06-16 01:33:28.018  1161  1225 I chatty  : uid=1000(system) PackageManager expire 1 line
06-16 01:33:28.180 24192 24256 D DownloadManager: Removed 0 stale downloads
06-16 01:33:28.191 24192 24256 D DownloadManager: Found 22 files in database
06-16 01:33:28.191 24192 24256 D DownloadManager: Found 1 files on disk
06-16 01:33:29.832  1161  1190 I chatty  : uid=1000(system) android.bg expire 3 lines
06-16 01:33:30.504  1161 24351 I chatty  : uid=1000 system_server expire 6 lines
06-16 01:33:30.730  1161 24358 I chatty  : uid=1000 system_server expire 4 lines
06-16 01:33:30.892  1161 14512 I chatty  : uid=1000(system) Binder:1161_14 expire 5 lines
06-16 01:33:31.062  1161 24383 I chatty  : uid=1000 system_server expire 1 line
06-16 01:33:31.883  1161  1818 I chatty  : uid=1000(system) Binder:1161_5 expire 3 lines
06-16 01:33:31.883  1161  1540 I chatty  : uid=1000(system) ConnectivitySer expire 12 lines
06-16 01:33:32.254  1161  1208 I chatty  : uid=1000(system) android.fg expire 6 lines
06-16 01:33:32.908  1161 10439 I chatty  : uid=1000(system) Binder:1161_13 expire 3 lines
06-16 01:33:32.973   677  1231 D NetlinkEvent: Unknown ifindex 85 in RTM_DELADDR
06-16 01:33:38.354  1161 24463 I chatty  : uid=1000 system_server expire 6 lines
06-16 01:33:40.890  1161 24477 I chatty  : uid=1000 system_server expire 6 lines
06-16 01:33:41.037  1161 24479 I chatty  : uid=1000 system_server expire 4 lines
06-16 01:33:41.229  1161 24501 I chatty  : uid=1000 system_server expire 1 line
06-16 01:33:41.488  1161  1880 I chatty  : uid=1000(system) Binder:1161_6 expire 2 lines
06-16 01:33:42.672  1161  1192 I chatty  : uid=1000(system) ActivityManager expire 1 line
06-16 01:33:45.603  1161 24507 I chatty  : uid=1000 system_server expire 6 lines
06-16 01:33:45.918  1161 24509 I chatty  : uid=1000 system_server expire 3 lines
06-16 01:33:45.943  1161  2715 I chatty  : uid=1000(system) Binder:1161_C expire 1 line
06-16 01:33:46.051  1161 24511 I chatty  : uid=1000 system_server expire 1 line
06-16 01:33:50.092  1161 24515 I chatty  : uid=1000 system_server expire 6 lines
06-16 01:33:52.626  1161 24516 I chatty  : uid=1000 system_server expire 6 lines
06-16 01:33:52.687  1161 24518 I chatty  : uid=1000 system_server expire 4 lines
06-16 01:33:52.829  1161  5151 I chatty  : uid=1000(system) Binder:1161_11 expire 1 line
06-16 01:33:52.882  1161 24539 I chatty  : uid=1000 system_server expire 1 line
06-16 01:33:52.911  1161  1549 I chatty  : uid=1000(system) Binder:1161_3 expire 4 lines
06-16 01:33:56.815  1161 24542 I chatty  : uid=1000 system_server expire 6 lines
06-16 01:33:56.846  1161  1598 I chatty  : uid=1000(system) Binder:1161_4 expire 1 line
06-16 01:33:56.856  1161 24544 I chatty  : uid=1000 system_server expire 4 lines
06-16 01:33:56.963  1161 15249 I chatty  : uid=1000(system) Binder:1161_1C expire 1 line
06-16 01:33:57.018  1161 24562 I chatty  : uid=1000 system_server expire 1 line
06-16 01:33:57.978  1161 14645 I chatty  : uid=1000(system) Binder:1161_17 expire 1 line
06-16 01:34:00.960  1161 24568 I chatty  : uid=1000 system_server expire 6 lines
06-16 01:34:03.514  1161 24572 I chatty  : uid=1000 system_server expire 6 lines
06-16 01:34:03.595  1161 24574 I chatty  : uid=1000 system_server expire 4 lines
06-16 01:34:03.677  1161 14649 I chatty  : uid=1000(system) Binder:1161_1A expire 1 line
06-16 01:34:03.701  1161 24592 I chatty  : uid=1000 system_server expire 1 line
06-16 01:34:03.805  1161  2707 I chatty  : uid=1000(system) Binder:1161_B expire 2 lines
06-16 01:34:07.881  1161 24593 I chatty  : uid=1000 system_server expire 6 lines
06-16 01:34:07.940  1161 24595 I chatty  : uid=1000 system_server expire 3 lines
06-16 01:34:07.948  1161  2720 I chatty  : uid=1000(system) Binder:1161_F expire 1 line
06-16 01:34:08.004  1161 24597 I chatty  : uid=1000 system_server expire 1 line
06-16 01:34:08.049  1161  2718 I chatty  : uid=1000(system) Binder:1161_D expire 1 line
06-16 01:34:11.834  1161 24605 I chatty  : uid=1000 system_server expire 6 lines
06-16 01:34:14.379  1161 24609 I chatty  : uid=1000 system_server expire 7 lines
06-16 01:34:14.443  1161 24610 I chatty  : uid=1000 system_server expire 3 lines
06-16 01:34:14.525  1161  2734 I chatty  : uid=1000(system) Binder:1161_10 expire 1 line
06-16 01:34:17.069  1161 24627 I chatty  : uid=1000 system_server expire 6 lines
06-16 01:34:17.078  1161  5152 I chatty  : uid=1000(system) Binder:1161_12 expire 1 line
06-16 01:34:19.646  1161 24628 I chatty  : uid=1000 system_server expire 6 lines
06-16 01:34:22.205  1161 24629 I chatty  : uid=1000 system_server expire 6 lines
06-16 01:34:24.783  1161 24635 I chatty  : uid=1000 system_server expire 6 lines
06-16 01:34:27.331  1161 24636 I chatty  : uid=1000 system_server expire 6 lines
06-16 01:34:29.891  1161 24639 I chatty  : uid=1000 system_server expire 6 lines
06-16 01:34:32.471  1161 24646 I chatty  : uid=1000 system_server expire 6 lines
06-16 01:34:35.012  1161 24651 I chatty  : uid=1000 system_server expire 6 lines
06-16 01:34:37.531  1161  1161 I chatty  : uid=1000 system_server expire 19 lines
06-16 01:34:37.533  1161 24652 I chatty  : uid=1000 system_server expire 6 lines
06-16 01:34:40.069  1161 24653 I chatty  : uid=1000 system_server expire 6 lines
06-16 01:34:42.625  1161 24667 I chatty  : uid=1000 system_server expire 6 lines
06-16 01:34:45.178  1161 24678 I chatty  : uid=1000 system_server expire 6 lines
06-16 01:34:47.747  1161 24682 I chatty  : uid=1000 system_server expire 6 lines
06-16 01:34:47.813  1161 24684 I chatty  : uid=1000 system_server expire 3 lines
06-16 01:34:47.879  1161 24686 I chatty  : uid=1000 system_server expire 1 line
06-16 01:34:51.906  1161 24687 I chatty  : uid=1000 system_server expire 6 lines
06-16 01:34:54.447  1161 24688 I chatty  : uid=1000 system_server expire 6 lines
06-16 01:34:56.990  1161 24689 I chatty  : uid=1000 system_server expire 7 lines
06-16 01:34:57.117  1161 24690 I chatty  : uid=1000 system_server expire 3 lines
06-16 01:34:57.198  1161  1818 I chatty  : uid=1000(system) Binder:1161_5 expire 1 line
06-16 01:34:59.866  1161 24710 I chatty  : uid=1000 system_server expire 6 lines
06-16 01:34:59.872  1161  1549 I chatty  : uid=1000(system) Binder:1161_3 expire 2 lines
06-16 01:35:02.416  1161 24716 I chatty  : uid=1000 system_server expire 6 lines
06-16 01:35:02.553  1161 24719 I chatty  : uid=1000 system_server expire 4 lines
06-16 01:35:02.654  1161 24738 I chatty  : uid=1000 system_server expire 1 line
06-16 01:35:02.673  1161  2734 I chatty  : uid=1000(system) Binder:1161_10 expire 2 lines
06-16 01:35:06.701  1161 24754 I chatty  : uid=1000 system_server expire 7 lines
06-16 01:35:06.741  1161 24755 I chatty  : uid=1000 system_server expire 3 lines
06-16 01:35:06.814  1161  2707 I chatty  : uid=1000(system) Binder:1161_B expire 1 line
06-16 01:35:09.431  1161 24776 I chatty  : uid=1000 system_server expire 6 lines
06-16 01:35:09.473  1161 14512 I chatty  : uid=1000(system) Binder:1161_14 expire 1 line
06-16 01:35:12.008  1161 24800 I chatty  : uid=1000 system_server expire 6 lines
06-16 01:35:12.168  1161 24803 I chatty  : uid=1000 system_server expire 4 lines
06-16 01:35:12.288  1161  2719 I chatty  : uid=1000(system) Binder:1161_E expire 1 line
06-16 01:35:12.352  1161 24828 I chatty  : uid=1000 system_server expire 1 line
06-16 01:35:12.516  1161 14644 I chatty  : uid=1000(system) Binder:1161_16 expire 3 lines
06-16 01:35:16.757  1161 24849 I chatty  : uid=1000 system_server expire 6 lines
06-16 01:35:19.314  1161 24860 I chatty  : uid=1000 system_server expire 6 lines
06-16 01:35:21.907  1161 24875 I chatty  : uid=1000 system_server expire 6 lines
06-16 01:35:22.000  1161 24877 I chatty  : uid=1000 system_server expire 3 lines
06-16 01:35:22.028  1161  2720 I chatty  : uid=1000(system) Binder:1161_F expire 1 line
06-16 01:35:22.445  1161 24879 I chatty  : uid=1000 system_server expire 1 line
06-16 01:35:22.556  1161  2705 I chatty  : uid=1000(system) Binder:1161_A expire 4 lines
06-16 01:35:23.570  1161  1192 I chatty  : uid=1000(system) ActivityManager expire 1 line
06-16 01:35:23.837  1161  1598 I chatty  : uid=1000(system) Binder:1161_4 expire 1 line
06-16 01:35:23.929 24883 24883 E ActivityThread: Failed to find provider info for com.samsung.android.sdk.shealth
06-16 01:35:23.985 24903 24903 E ActivityThread: Failed to find provider info for com.samsung.android.sdk.shealth
06-16 01:35:24.052  1161 14649 I chatty  : uid=1000(system) Binder:1161_1A expire 1 line
06-16 01:35:24.063  1161 15253 I chatty  : uid=1000(system) Binder:1161_20 expire 1 line
06-16 01:35:26.330  1161  1161 I chatty  : uid=1000 system_server expire 7 lines
06-16 01:35:26.331  1161 24926 I chatty  : uid=1000 system_server expire 6 lines
06-16 01:35:29.333  1161 24933 I chatty  : uid=1000 system_server expire 6 lines
06-16 01:35:31.960  1161 24934 I chatty  : uid=1000 system_server expire 6 lines
06-16 01:35:32.185  1161 24936 I chatty  : uid=1000 system_server expire 3 lines
06-16 01:35:32.256  1161 24938 I chatty  : uid=1000 system_server expire 1 line
06-16 01:35:33.712  1161 14648 I chatty  : uid=1000(system) Binder:1161_19 expire 2 lines
06-16 01:35:33.720  1161 14645 I chatty  : uid=1000(system) Binder:1161_17 expire 1 line
06-16 01:35:37.925  1161 24943 I chatty  : uid=1000 system_server expire 6 lines
06-16 01:35:38.058  1161 24945 I chatty  : uid=1000 system_server expire 3 lines
06-16 01:35:38.058  1161  2718 I chatty  : uid=1000(system) Binder:1161_D expire 1 line
06-16 01:35:38.105  1161 24947 I chatty  : uid=1000 system_server expire 1 line
06-16 01:35:38.293  1161  1181 I chatty  : uid=1000(system) Binder:1161_2 expire 3 lines
06-16 01:35:42.041  1161 24948 I chatty  : uid=1000 system_server expire 6 lines
06-16 01:35:44.593  1161 24949 I chatty  : uid=1000 system_server expire 6 lines
06-16 01:35:47.136  1161 24950 I chatty  : uid=1000 system_server expire 7 lines
06-16 01:35:47.193  1161 24951 I chatty  : uid=1000 system_server expire 3 lines
06-16 01:35:47.273  1161 15249 I chatty  : uid=1000(system) Binder:1161_1C expire 2 lines
06-16 01:35:49.958  1161  1161 I chatty  : uid=1000 system_server expire 27 lines
06-16 01:35:49.962  1161 24969 I chatty  : uid=1000 system_server expire 6 lines
06-16 01:35:49.975  1161  2720 I chatty  : uid=1000(system) Binder:1161_F expire 2 lines
06-16 01:35:52.529  1161 24970 I chatty  : uid=1000 system_server expire 6 lines
06-16 01:35:56.520  1161 24971 I chatty  : uid=1000 system_server expire 7 lines
06-16 01:35:56.606  1161 24972 I chatty  : uid=1000 system_server expire 3 lines
06-16 01:35:56.682  1161  2707 I chatty  : uid=1000(system) Binder:1161_B expire 3 lines
06-16 01:35:59.245  1161 24999 I chatty  : uid=1000 system_server expire 6 lines
06-16 01:36:19.720  1161 25014 I chatty  : uid=1000 system_server expire 6 lines
06-16 01:36:36.018  1161 25033 I chatty  : uid=1000 system_server expire 6 lines
06-16 01:36:36.146  1161 25035 I chatty  : uid=1000 system_server expire 3 lines
06-16 01:36:36.245  1161  2701 I chatty  : uid=1000(system) Binder:1161_9 expire 1 line
06-16 01:36:36.659  1161 25037 I chatty  : uid=1000 system_server expire 1 line
06-16 01:37:19.421  1161 25099 I chatty  : uid=1000 system_server expire 6 lines
06-16 01:37:26.556  1161  1880 I chatty  : uid=1000(system) Binder:1161_6 expire 1 line
06-16 01:37:26.604  1161  2719 I chatty  : uid=1000(system) Binder:1161_E expire 1 line
06-16 01:38:16.981  1161 25109 I chatty  : uid=1000 system_server expire 7 lines
06-16 01:38:17.149  1161 25110 I chatty  : uid=1000 system_server expire 3 lines
06-16 01:38:34.532  1161 25128 I chatty  : uid=1000 system_server expire 6 lines
06-16 01:38:34.550  1161 14643 I chatty  : uid=1000(system) Binder:1161_15 expire 1 line
06-16 01:39:05.214  1161 25134 I chatty  : uid=1000 system_server expire 6 lines
06-16 01:39:30.992  1161 25135 I chatty  : uid=1000 system_server expire 6 lines
06-16 01:40:00.125  1161 25138 I chatty  : uid=1000 system_server expire 7 lines
06-16 01:40:00.265  1161 25141 I chatty  : uid=1000 system_server expire 3 lines
06-16 01:40:00.321  1161 14645 I chatty  : uid=1000(system) Binder:1161_17 expire 5 lines
06-16 01:40:10.941  1161 25161 I chatty  : uid=1000 system_server expire 6 lines
06-16 01:40:28.925  1161 25162 I chatty  : uid=1000 system_server expire 7 lines
06-16 01:40:29.169  1161 25163 I chatty  : uid=1000 system_server expire 3 lines
06-16 01:40:29.275  1161 14649 I chatty  : uid=1000(system) Binder:1161_1A expire 1 line
06-16 01:40:46.865  1161 25182 I chatty  : uid=1000 system_server expire 6 lines
06-16 01:40:46.919  1161  2734 I chatty  : uid=1000(system) Binder:1161_10 expire 2 lines
06-16 01:40:46.923  1161  1540 I chatty  : uid=1000(system) ConnectivitySer expire 1 line
06-16 01:41:27.708  1161 25187 I chatty  : uid=1000 system_server expire 6 lines
06-16 01:41:36.938  1161 25192 I chatty  : uid=1000 system_server expire 6 lines
06-16 01:42:27.853  1161 25196 I chatty  : uid=1000 system_server expire 6 lines
06-16 01:42:28.031  1161 25199 I chatty  : uid=1000 system_server expire 4 lines
06-16 01:42:28.148  1161 25221 I chatty  : uid=1000 system_server expire 1 line
06-16 01:42:28.416  1161  1881 I chatty  : uid=1000(system) Binder:1161_7 expire 2 lines
06-16 01:42:41.747  1161 25223 I chatty  : uid=1000 system_server expire 6 lines
06-16 01:42:41.972  1161 25226 I chatty  : uid=1000 system_server expire 3 lines
06-16 01:42:41.986  1161  5152 I chatty  : uid=1000(system) Binder:1161_12 expire 1 line
06-16 01:42:42.038  1161 25227 I chatty  : uid=1000 system_server expire 1 line
06-16 01:42:42.754  1161 14648 I chatty  : uid=1000(system) Binder:1161_19 expire 3 lines
06-16 01:42:43.806  1161  1192 I chatty  : uid=1000(system) ActivityManager expire 1 line
06-16 01:43:08.248  1161 25320 I chatty  : uid=1000 system_server expire 6 lines
06-16 01:43:08.469  1161 25323 I chatty  : uid=1000 system_server expire 4 lines
06-16 01:43:08.644  1161 25344 I chatty  : uid=1000 system_server expire 1 line
06-16 01:43:08.725  1161 14650 I chatty  : uid=1000(system) Binder:1161_1B expire 2 lines
06-16 01:43:13.092  1161 25345 I chatty  : uid=1000 system_server expire 6 lines
06-16 01:43:22.349  1161 25346 I chatty  : uid=1000 system_server expire 2 lines
06-16 01:43:22.605  1161 25348 I chatty  : uid=1000 system_server expire 4 lines
06-16 01:43:22.915  1161  1598 I chatty  : uid=1000(system) Binder:1161_4 expire 1 line
06-16 01:43:22.953  1161 25369 I chatty  : uid=1000 system_server expire 1 line
06-16 01:43:24.621  1161 25346 I chatty  : uid=1000 system_server expire 4 lines
06-16 01:43:33.613  1161  1161 I chatty  : uid=1000 system_server expire 10 lines
06-16 01:43:33.672  1161 25430 I chatty  : uid=1000 system_server expire 6 lines
06-16 01:43:33.840  1161 25433 I chatty  : uid=1000 system_server expire 3 lines
06-16 01:43:33.855  1161 14646 I chatty  : uid=1000(system) Binder:1161_18 expire 1 line
06-16 01:43:33.882  1161 25435 I chatty  : uid=1000 system_server expire 1 line
06-16 01:43:34.994  1161 14643 I chatty  : uid=1000(system) Binder:1161_15 expire 5 lines
06-16 01:43:34.996  1161  5151 I chatty  : uid=1000(system) Binder:1161_11 expire 6 lines
06-16 01:43:35.014  1161 14648 I chatty  : uid=1000(system) Binder:1161_19 expire 5 lines
06-16 01:43:35.045  1161  1818 I chatty  : uid=1000(system) Binder:1161_5 expire 2 lines
06-16 01:44:04.365  1161 25441 I chatty  : uid=1000 system_server expire 6 lines
06-16 01:44:04.497  1161 25443 I chatty  : uid=1000 system_server expire 4 lines
06-16 01:44:04.635  1161  2017 I chatty  : uid=1000(system) Binder:1161_8 expire 4 lines
06-16 01:44:04.666  1161 25465 I chatty  : uid=1000 system_server expire 1 line
06-16 01:44:04.741  1161  5152 I chatty  : uid=1000(system) Binder:1161_12 expire 7 lines
06-16 01:47:26.297  1161  1180 I chatty  : uid=1000(system) Binder:1161_1 expire 1 line
06-16 01:47:27.102  1161  2707 I chatty  : uid=1000(system) Binder:1161_B expire 1 line
06-16 01:47:27.218  1161 15252 I chatty  : uid=1000(system) Binder:1161_1F expire 6 lines
06-16 01:47:42.254  1161  1192 I chatty  : uid=1000(system) ActivityManager expire 17 lines
06-16 01:47:42.438  1161 14645 I chatty  : uid=1000(system) Binder:1161_17 expire 1 line
06-16 01:48:03.934  1161  2718 I chatty  : uid=1000(system) Binder:1161_D expire 2 lines
06-16 01:48:42.438  1161  2715 I chatty  : uid=1000(system) Binder:1161_C expire 3 lines
06-16 01:48:57.290  1161  1190 I chatty  : uid=1000(system) android.bg expire 2 lines
06-16 02:02:53.708  1161  1549 I chatty  : uid=1000(system) Binder:1161_3 expire 3 lines
06-16 02:02:55.172  1161  2719 I chatty  : uid=1000(system) Binder:1161_E expire 2 lines
06-16 02:03:26.626  1161  2720 I chatty  : uid=1000(system) Binder:1161_F expire 3 lines
06-16 02:03:26.630  1161  1194 I chatty  : uid=1000(system) ActivityManager expire 1 line
06-16 02:03:26.664  1161 15251 I chatty  : uid=1000(system) Binder:1161_1E expire 1 line
06-16 02:04:00.282  1161 15249 I chatty  : uid=1000(system) Binder:1161_1C expire 3 lines
06-16 02:05:56.153  1161 15250 I chatty  : uid=1000(system) Binder:1161_1D expire 3 lines
06-16 02:06:01.121  1161 14649 I chatty  : uid=1000(system) Binder:1161_1A expire 1 line
06-16 02:06:01.169  1161  2705 I chatty  : uid=1000(system) Binder:1161_A expire 2 lines
06-16 02:08:32.419  1161  1540 I chatty  : uid=1000(system) ConnectivitySer expire 43 lines
06-16 02:08:32.984   677  1231 D NetlinkEvent: Unknown ifindex 73 in RTM_DELADDR
06-16 02:08:32.989  1161  1208 I chatty  : uid=1000(system) android.fg expire 10 lines
06-16 02:08:33.163  1161  1880 I chatty  : uid=1000(system) Binder:1161_6 expire 3 lines
06-16 02:08:34.917  1161 14650 I chatty  : uid=1000(system) Binder:1161_1B expire 2 lines
06-16 02:08:35.184  1161  1881 I chatty  : uid=1000(system) Binder:1161_7 expire 1 line
06-16 02:08:35.393   677 26064 W SocketClient: write error (Broken pipe)
06-16 02:09:43.863  1161  2701 I chatty  : uid=1000(system) Binder:1161_9 expire 1 line
06-16 02:19:54.594  1161  1598 I chatty  : uid=1000(system) Binder:1161_4 expire 2 lines
06-16 02:43:07.735  1161 26908 I chatty  : uid=1000 system_server expire 6 lines
06-16 02:43:07.988  1161 26912 I chatty  : uid=1000 system_server expire 4 lines
06-16 02:43:08.112  1161 14644 I chatty  : uid=1000(system) Binder:1161_16 expire 1 line
06-16 02:43:08.143  1161 26933 I chatty  : uid=1000 system_server expire 1 line
06-16 02:43:08.322  1161 10439 I chatty  : uid=1000(system) Binder:1161_13 expire 2 lines
06-16 02:44:44.217  1161 14512 I chatty  : uid=1000(system) Binder:1161_14 expire 3 lines
06-16 02:50:42.712  1161 27178 I chatty  : uid=1000 system_server expire 6 lines
06-16 02:50:42.819  1161 27184 I chatty  : uid=1000 system_server expire 4 lines
06-16 02:50:42.923  1161 27208 I chatty  : uid=1000 system_server expire 1 line
06-16 02:57:27.223  1161  1524 I chatty  : uid=1000(system) AlarmManager expire 1 line
06-16 03:00:00.735  1161  1528 I chatty  : uid=1000(system) MountService expire 3 lines
06-16 03:00:00.752  1161  1529 I chatty  : uid=1000(system) VoldConnector expire 2 lines
06-16 03:00:00.754   571 27537 D vold    : Starting trim of /data
06-16 03:00:00.803   571 27537 I vold    : Trimmed 0 bytes on /data in 48ms
06-16 03:00:00.803   571 27537 D vold    : Starting trim of none
06-16 03:00:00.803   571 27537 W vold    : Failed to open none: No such file or directory
06-16 03:12:55.663  1161  1192 I chatty  : uid=1000(system) ActivityManager expire 13 lines
06-16 03:20:30.161  1161 14644 I chatty  : uid=1000(system) Binder:1161_16 expire 2 lines
06-16 03:22:56.403  1161  1190 I chatty  : uid=1000(system) android.bg expire 11 lines
06-16 03:22:58.899  1161  1881 I chatty  : uid=1000(system) Binder:1161_7 expire 2 lines
06-16 03:22:58.900  1161  1540 I chatty  : uid=1000(system) ConnectivitySer expire 25 lines
06-16 03:22:59.009  1161  1211 I chatty  : uid=1000(system) CpuTracker expire 2 lines
06-16 03:22:59.390  1161  1208 I chatty  : uid=1000(system) android.fg expire 10 lines
06-16 03:23:00.145   677  1231 D NetlinkEvent: Unknown ifindex 87 in RTM_DELADDR
06-16 03:29:29.665  1161  1161 I chatty  : uid=1000 system_server expire 13 lines
06-16 03:41:30.321  1161  2705 I chatty  : uid=1000(system) Binder:1161_A expire 4 lines
06-16 03:43:21.949  1161 14643 I chatty  : uid=1000(system) Binder:1161_15 expire 2 lines
06-16 03:43:28.014  1161  2719 I chatty  : uid=1000(system) Binder:1161_E expire 2 lines
06-16 03:43:28.050  1161 14649 I chatty  : uid=1000(system) Binder:1161_1A expire 1 line
06-16 03:43:28.050  1161 14646 I chatty  : uid=1000(system) Binder:1161_18 expire 2 lines
06-16 03:48:07.595  1161  1180 I chatty  : uid=1000(system) Binder:1161_1 expire 3 lines
06-16 03:48:08.859   677  1231 D NetlinkEvent: Unknown ifindex 88 in RTM_DELADDR
06-16 03:48:08.871  1161  1208 I chatty  : uid=1000(system) android.fg expire 14 lines
06-16 03:59:13.797  1161  2715 I chatty  : uid=1000(system) Binder:1161_C expire 3 lines
06-16 03:59:13.849  1161  2718 I chatty  : uid=1000(system) Binder:1161_D expire 1 line
06-16 04:13:53.434  1161  1540 I chatty  : uid=1000(system) ConnectivitySer expire 41 lines
06-16 04:13:53.984   677  1231 D NetlinkEvent: Unknown ifindex 86 in RTM_DELADDR
06-16 04:13:54.121  1161  2707 I chatty  : uid=1000(system) Binder:1161_B expire 3 lines
06-16 04:13:54.150  1161  1549 I chatty  : uid=1000(system) Binder:1161_3 expire 3 lines
06-16 04:13:56.976  1161 15252 I chatty  : uid=1000(system) Binder:1161_1F expire 2 lines
06-16 04:13:57.167   677  1233 E FrameworkListener: read() failed (Connection reset by peer)
06-16 04:14:05.828  1161 14645 I chatty  : uid=1000(system) Binder:1161_17 expire 1 line
06-16 04:14:08.006  1161 15249 I chatty  : uid=1000(system) Binder:1161_1C expire 2 lines
06-16 04:14:08.035  1161  2734 I chatty  : uid=1000(system) Binder:1161_10 expire 2 lines
06-16 04:25:30.895  1161 14650 I chatty  : uid=1000(system) Binder:1161_1B expire 2 lines
06-16 04:25:30.916  1161 15253 I chatty  : uid=1000(system) Binder:1161_20 expire 2 lines
06-16 04:25:30.916  1161  2720 I chatty  : uid=1000(system) Binder:1161_F expire 1 line
06-16 04:46:00.781  1161  1161 I chatty  : uid=1000 system_server expire 9 lines
06-16 04:56:23.393  1161  1212 I chatty  : uid=1000(system) PowerManagerSer expire 6 lines
06-16 04:56:23.395  1161  1210 I chatty  : uid=1000(system) android.display expire 6 lines
06-16 05:02:44.375  1161  1181 I chatty  : uid=1000(system) Binder:1161_2 expire 1 line
06-16 05:20:13.804  1161  2537 I chatty  : uid=1000(system) backup expire 18 lines
06-16 05:20:15.083  1161  1880 I chatty  : uid=1000(system) Binder:1161_6 expire 1 line
06-16 05:22:54.141  1161  1598 I chatty  : uid=1000(system) Binder:1161_4 expire 1 line
06-16 05:25:05.409  1161  5152 I chatty  : uid=1000(system) Binder:1161_12 expire 2 lines
06-16 05:25:12.896  1161  2017 I chatty  : uid=1000(system) Binder:1161_8 expire 1 line
06-16 05:54:06.464  1161  2701 I chatty  : uid=1000(system) Binder:1161_9 expire 3 lines
06-16 06:03:31.360  1161 15250 I chatty  : uid=1000(system) Binder:1161_1D expire 1 line
06-16 06:03:31.370  1161  1190 I chatty  : uid=1000(system) android.bg expire 11 lines
06-16 06:03:31.432  1161  1540 I chatty  : uid=1000(system) ConnectivitySer expire 22 lines
06-16 06:03:33.220  1161  1181 I chatty  : uid=1000(system) Binder:1161_2 expire 2 lines
06-16 06:03:37.622  1161  2705 I chatty  : uid=1000(system) Binder:1161_A expire 2 lines
06-16 06:04:41.615  1161  2715 I chatty  : uid=1000(system) Binder:1161_C expire 1 line
06-16 06:04:41.646  1161  1880 I chatty  : uid=1000(system) Binder:1161_6 expire 2 lines
06-16 06:05:08.613  1161 14649 I chatty  : uid=1000(system) Binder:1161_1A expire 2 lines
06-16 06:05:08.699  1161  1180 I chatty  : uid=1000(system) Binder:1161_1 expire 3 lines
06-16 06:13:55.028  1161  1192 I chatty  : uid=1000(system) ActivityManager expire 12 lines
06-16 06:16:27.040  1161  1208 I chatty  : uid=1000(system) android.fg expire 12 lines
06-16 06:16:27.792   677  1231 D NetlinkEvent: Unknown ifindex 90 in RTM_DELADDR
06-16 06:22:47.496  1161  1161 I chatty  : uid=1000 system_server expire 15 lines
06-16 06:47:04.603  1161  2720 I chatty  : uid=1000(system) Binder:1161_F expire 2 lines
06-16 06:47:04.606  1161  1540 I chatty  : uid=1000(system) ConnectivitySer expire 11 lines
06-16 07:06:39.729  1161  2707 I chatty  : uid=1000(system) Binder:1161_B expire 3 lines
06-16 07:09:19.763  1161  1211 I chatty  : uid=1000(system) CpuTracker expire 1 line
06-16 07:13:59.677  1161 14648 I chatty  : uid=1000(system) Binder:1161_19 expire 1 line
06-16 07:18:23.723  1161  2719 I chatty  : uid=1000(system) Binder:1161_E expire 3 lines
06-16 07:18:30.481  1161 15249 I chatty  : uid=1000(system) Binder:1161_1C expire 3 lines
06-16 07:18:33.446   677 32761 W SocketClient: write error (Broken pipe)
06-16 07:22:45.152  1161  1818 I chatty  : uid=1000(system) Binder:1161_5 expire 3 lines
06-16 07:22:45.153  1161  1540 I chatty  : uid=1000(system) ConnectivitySer expire 20 lines
06-16 07:22:45.561  1161  1208 I chatty  : uid=1000(system) android.fg expire 12 lines
06-16 07:22:46.322   677  1231 D NetlinkEvent: Unknown ifindex 91 in RTM_DELADDR
06-16 07:36:12.960  1161  1190 I chatty  : uid=1000(system) android.bg expire 5 lines
06-16 07:37:02.593  1161  1161 I chatty  : uid=1000 system_server expire 26 lines
06-16 07:45:38.521  1161  5152 I chatty  : uid=1000(system) Binder:1161_12 expire 1 line
06-16 07:46:19.719  1161 14644 I chatty  : uid=1000(system) Binder:1161_16 expire 1 line
06-16 07:48:07.713   677  1460 W SocketClient: write error (Broken pipe)
06-16 07:54:46.522  1161  1192 I chatty  : uid=1000(system) ActivityManager expire 7 lines
06-16 07:54:46.578  1161  5151 I chatty  : uid=1000(system) Binder:1161_11 expire 1 line
06-16 08:00:00.698  1161  1549 I chatty  : uid=1000(system) Binder:1161_3 expire 1 line
06-16 08:00:00.748  1161 10439 I chatty  : uid=1000(system) Binder:1161_13 expire 1 line
06-16 08:00:00.748  1161 14643 I chatty  : uid=1000(system) Binder:1161_15 expire 2 lines
06-16 08:00:00.786  1161  2017 I chatty  : uid=1000(system) Binder:1161_8 expire 1 line
06-16 08:00:00.786  1161  1212 I chatty  : uid=1000(system) PowerManagerSer expire 14 lines
06-16 08:00:00.786  1161  1208 I chatty  : uid=1000(system) android.fg expire 1 line
06-16 08:00:01.004  1161  1210 I chatty  : uid=1000(system) android.display expire 2 lines
06-16 08:00:01.196  1161 14650 I chatty  : uid=1000(system) Binder:1161_1B expire 1 line
06-16 08:02:31.488  1161 15252 I chatty  : uid=1000(system) Binder:1161_1F expire 2 lines
06-16 08:16:42.767  1161 14645 I chatty  : uid=1000(system) Binder:1161_17 expire 1 line
06-16 08:26:37.107  1161 15253 I chatty  : uid=1000(system) Binder:1161_20 expire 1 line
06-16 08:26:37.129  1161  1540 I chatty  : uid=1000(system) ConnectivitySer expire 1 line
06-16 08:26:38.011  1161 15251 I chatty  : uid=1000(system) Binder:1161_1E expire 4 lines
06-16 08:26:38.011  1161  1540 I chatty  : uid=1000(system) ConnectivitySer expire 19 lines
06-16 08:26:43.086   677  2409 W SocketClient: write error (Broken pipe)
06-16 08:26:43.291  1161  1881 I chatty  : uid=1000(system) Binder:1161_7 expire 3 lines
06-16 08:26:43.361  1161  1161 I chatty  : uid=1000 system_server expire 4 lines
06-16 08:26:43.379  1161 14643 I chatty  : uid=1000(system) Binder:1161_15 expire 1 line
06-16 08:30:01.865  1161  1598 I chatty  : uid=1000(system) Binder:1161_4 expire 1 line
06-16 08:30:01.881  1161  5152 I chatty  : uid=1000(system) Binder:1161_12 expire 2 lines
06-16 08:30:25.301  1161  1212 I chatty  : uid=1000(system) PowerManagerSer expire 88 lines
06-16 08:37:23.306  1161  1190 I chatty  : uid=1000(system) android.bg expire 9 lines
06-16 08:37:24.958  1161  5151 I chatty  : uid=1000(system) Binder:1161_11 expire 2 lines
06-16 08:37:30.082   677  2542 W SocketClient: write error (Broken pipe)
06-16 08:38:19.161  1161  2734 I chatty  : uid=1000(system) Binder:1161_10 expire 3 lines
06-16 08:41:17.487  1161  2718 I chatty  : uid=1000(system) Binder:1161_D expire 3 lines
06-16 08:43:44.025  1161  1192 I chatty  : uid=1000(system) ActivityManager expire 8 lines
06-16 08:50:00.101  1161  1524 I chatty  : uid=1000(system) AlarmManager expire 1 line
06-16 08:50:00.562  1161  1180 I chatty  : uid=1000(system) Binder:1161_1 expire 3 lines
06-16 08:52:49.154  1161 14645 I chatty  : uid=1000(system) Binder:1161_17 expire 3 lines
06-16 09:01:48.756  1161  1540 I chatty  : uid=1000(system) ConnectivitySer expire 21 lines
06-16 09:01:48.870  1161 14512 I chatty  : uid=1000(system) Binder:1161_14 expire 3 lines
06-16 09:01:49.235  1161 14649 I chatty  : uid=1000(system) Binder:1161_1A expire 6 lines
06-16 09:01:50.601  1161  1181 I chatty  : uid=1000(system) Binder:1161_2 expire 2 lines
06-16 09:01:55.183   677  3240 W SocketClient: write error (Broken pipe)
06-16 09:02:22.231  1161 15253 I chatty  : uid=1000(system) Binder:1161_20 expire 4 lines
06-16 09:02:30.356  1161  2017 I chatty  : uid=1000(system) Binder:1161_8 expire 3 lines
06-16 09:08:31.697  1161 15252 I chatty  : uid=1000(system) Binder:1161_1F expire 1 line
06-16 09:10:48.748  1161  1208 I chatty  : uid=1000(system) android.fg expire 1 line
06-16 09:10:48.848  1161  1195 I chatty  : uid=1000(system) batterystats-sy expire 1 line
06-16 09:10:48.969  1161  2715 I chatty  : uid=1000(system) Binder:1161_C expire 2 lines
06-16 09:10:49.230  1161  1818 I chatty  : uid=1000(system) Binder:1161_5 expire 4 lines
06-16 09:10:55.601  1161  2701 I chatty  : uid=1000(system) Binder:1161_9 expire 4 lines
06-16 09:10:55.674  1161  2719 I chatty  : uid=1000(system) Binder:1161_E expire 2 lines
06-16 09:10:55.936  1161  1549 I chatty  : uid=1000(system) Binder:1161_3 expire 2 lines
06-16 09:11:07.882  1161  2720 I chatty  : uid=1000(system) Binder:1161_F expire 1 line
06-16 09:11:08.535  1161 14648 I chatty  : uid=1000(system) Binder:1161_19 expire 2 lines
06-16 09:12:16.313  1161  1193 I chatty  : uid=1000(system) android.ui expire 2 lines
06-16 09:12:16.849  1161  1210 I chatty  : uid=1000(system) android.display expire 2 lines
06-16 09:13:03.442  1161  2707 I chatty  : uid=1000(system) Binder:1161_B expire 3 lines
06-16 09:13:24.409  1161  1526 I chatty  : uid=1000(system) InputDispatcher expire 1 line
06-16 09:14:05.160  1161 10439 I chatty  : uid=1000(system) Binder:1161_13 expire 1 line
06-16 09:14:05.395  1161  1540 I chatty  : uid=1000(system) ConnectivitySer expire 16 lines
06-16 09:14:07.289  1161  1549 I chatty  : uid=1000(system) Binder:1161_3 expire 1 line
06-16 09:14:10.284   677  3975 W SocketClient: write error (Broken pipe)
06-16 09:14:11.891  1161 14644 I chatty  : uid=1000(system) Binder:1161_16 expire 3 lines
06-16 09:14:11.907  1161  1818 I chatty  : uid=1000(system) Binder:1161_5 expire 3 lines
06-16 09:14:12.077  1161 15249 I chatty  : uid=1000(system) Binder:1161_1C expire 3 lines
06-16 09:14:12.079  1161 15251 I chatty  : uid=1000(system) Binder:1161_1E expire 1 line
06-16 09:14:12.080  1161  2707 I chatty  : uid=1000(system) Binder:1161_B expire 2 lines
06-16 09:14:12.120  1161  1598 I chatty  : uid=1000(system) Binder:1161_4 expire 2 lines
06-16 09:14:12.121  1161 15253 I chatty  : uid=1000(system) Binder:1161_20 expire 1 line
06-16 09:14:12.244  1161 14645 I chatty  : uid=1000(system) Binder:1161_17 expire 2 lines
06-16 09:14:12.248  1161  1181 I chatty  : uid=1000(system) Binder:1161_2 expire 2 lines
06-16 09:14:12.261  1161 14646 I chatty  : uid=1000(system) Binder:1161_18 expire 2 lines
06-16 09:14:12.389  1161  2701 I chatty  : uid=1000(system) Binder:1161_9 expire 1 line
06-16 09:14:12.668  1161  2705 I chatty  : uid=1000(system) Binder:1161_A expire 2 lines
06-16 09:14:43.830  1161  1212 I chatty  : uid=1000(system) PowerManagerSer expire 74 lines
06-16 09:14:52.227  1161  1190 I chatty  : uid=1000(system) android.bg expire 6 lines
06-16 09:14:53.120  1161  1208 I chatty  : uid=1000(system) android.fg expire 41 lines
06-16 09:14:53.892   677  1231 D NetlinkEvent: Unknown ifindex 92 in RTM_DELADDR
06-16 09:15:43.555  1161 14643 I chatty  : uid=1000(system) Binder:1161_15 expire 2 lines
06-16 09:15:46.889  1161 15252 I chatty  : uid=1000(system) Binder:1161_1F expire 1 line
06-16 09:15:46.889  1161 15250 I chatty  : uid=1000(system) Binder:1161_1D expire 1 line
06-16 09:15:46.890  1161  1540 I chatty  : uid=1000(system) ConnectivitySer expire 25 lines
06-16 09:20:29.440  1161  1192 I chatty  : uid=1000(system) ActivityManager expire 2 lines
06-16 09:20:29.468  1161  2720 I chatty  : uid=1000(system) Binder:1161_F expire 1 line
06-16 09:25:41.744  1161  1527 I chatty  : uid=1000(system) InputReader expire 1 line
06-16 09:25:41.780  1161  1161 I chatty  : uid=1000 system_server expire 4 lines
06-16 09:25:42.442  1161  1210 I chatty  : uid=1000(system) android.display expire 3 lines
06-16 09:28:50.987   677  1231 D NetlinkEvent: Unknown ifindex 93 in RTM_DELADDR
06-16 09:28:51.000  1161  1208 I chatty  : uid=1000(system) android.fg expire 3 lines
06-16 09:28:59.664  1161 14650 I chatty  : uid=1000(system) Binder:1161_1B expire 1 line
06-16 09:29:07.733  1161  1540 I chatty  : uid=1000(system) ConnectivitySer expire 5 lines
06-16 09:32:00.964  1161  1180 I chatty  : uid=1000(system) Binder:1161_1 expire 1 line
06-16 09:32:01.005  1161  2017 I chatty  : uid=1000(system) Binder:1161_8 expire 1 line
06-16 09:33:59.599  1161  1212 I chatty  : uid=1000(system) PowerManagerSer expire 4 lines
06-16 09:34:01.089  1161 14512 I chatty  : uid=1000(system) Binder:1161_14 expire 1 line
06-16 09:34:01.303  1161  2734 I chatty  : uid=1000(system) Binder:1161_10 expire 4 lines
06-16 09:34:01.456  1161  1212 I chatty  : uid=1000(system) PowerManagerSer expire 40 lines
06-16 09:34:05.094  1161  2715 I chatty  : uid=1000(system) Binder:1161_C expire 1 line
06-16 09:34:10.145  1161 15253 I chatty  : uid=1000(system) Binder:1161_20 expire 4 lines
06-16 09:34:45.320  1161  1210 I chatty  : uid=1000(system) android.display expire 4 lines
06-16 09:34:45.567  1161  1208 I chatty  : uid=1000(system) android.fg expire 15 lines
06-16 09:38:01.534  1161  1192 I chatty  : uid=1000(system) ActivityManager expire 9 lines
06-16 09:38:01.673  1161 15249 I chatty  : uid=1000(system) Binder:1161_1C expire 4 lines
06-16 09:38:01.679  1161 14646 I chatty  : uid=1000(system) Binder:1161_18 expire 2 lines
06-16 09:38:48.033  1161  5152 I chatty  : uid=1000(system) Binder:1161_12 expire 4 lines
06-16 09:39:25.000  1161  1190 I chatty  : uid=1000(system) android.bg expire 2 lines
06-16 09:40:08.129  1161  2701 I chatty  : uid=1000(system) Binder:1161_9 expire 3 lines
06-16 09:40:08.135  1161  1818 I chatty  : uid=1000(system) Binder:1161_5 expire 3 lines
06-16 09:42:21.222  1161 10439 I chatty  : uid=1000(system) Binder:1161_13 expire 2 lines
06-16 09:42:21.306  1161  2718 I chatty  : uid=1000(system) Binder:1161_D expire 2 lines
06-16 09:42:48.289  1161 14649 I chatty  : uid=1000(system) Binder:1161_1A expire 2 lines
06-16 09:44:13.033  1161  1161 I chatty  : uid=1000 system_server expire 24 lines
06-16 09:44:13.044  1161  1546 I chatty  : uid=1000(system) onProviders.ECP expire 5 lines
06-16 09:44:13.113  1161  1194 I chatty  : uid=1000(system) ActivityManager expire 1 line
06-16 09:47:55.107  1161 14650 I chatty  : uid=1000(system) Binder:1161_1B expire 1 line
06-16 09:48:49.252  1161  2707 I chatty  : uid=1000(system) Binder:1161_B expire 2 lines
06-16 09:49:10.238  1161  1540 I chatty  : uid=1000(system) ConnectivitySer expire 12 lines
06-16 09:49:41.730  1161  1549 I chatty  : uid=1000(system) Binder:1161_3 expire 2 lines
06-16 09:49:41.761  1161 14648 I chatty  : uid=1000(system) Binder:1161_19 expire 4 lines
06-16 09:49:41.824  1161  1598 I chatty  : uid=1000(system) Binder:1161_4 expire 2 lines
06-16 09:49:41.874  6274  6274 W ActivityThread: Application com.tivophone.android.debug can be debugged on port 8100...
06-16 09:49:42.425  1161  2719 I chatty  : uid=1000(system) Binder:1161_E expire 1 line
06-16 09:49:42.572  1161  1540 I chatty  : uid=1000(system) ConnectivitySer expire 22 lines
06-16 09:49:43.234  1161  1180 I chatty  : uid=1000(system) Binder:1161_1 expire 3 lines
06-16 09:49:43.381  1161 15251 I chatty  : uid=1000(system) Binder:1161_1E expire 1 line
06-16 09:49:43.381  1161 14643 I chatty  : uid=1000(system) Binder:1161_15 expire 1 line
06-16 09:49:43.383  1161  1881 I chatty  : uid=1000(system) Binder:1161_7 expire 1 line
06-16 09:51:42.109  1161  1536 I chatty  : uid=1000(system) WifiStateMachin expire 1 line
06-16 09:51:43.535  1161  1161 I chatty  : uid=1000 system_server expire 17 lines
06-16 09:52:47.282   677  1231 D NetlinkEvent: Unknown ifindex 89 in RTM_DELADDR
06-16 09:52:47.422  1161  1540 I chatty  : uid=1000(system) ConnectivitySer expire 15 lines
06-16 09:55:02.224   677  1231 D NetlinkEvent: Unknown ifindex 95 in RTM_DELADDR
06-16 09:55:02.238  1161  1208 I chatty  : uid=1000(system) android.fg expire 2 lines
06-16 09:55:02.419  1161  1540 I chatty  : uid=1000(system) ConnectivitySer expire 2 lines
06-16 09:55:18.881  1161  1161 I chatty  : uid=1000 system_server expire 2 lines
06-16 09:55:18.894  1161  1852 I chatty  : uid=1000(system) uteStateMachine expire 5 lines
06-16 09:55:18.903  1161  1161 I chatty  : uid=1000 system_server expire 10 lines
06-16 09:55:19.381  1161  2734 I chatty  : uid=1000(system) Binder:1161_10 expire 5 lines
06-16 09:55:19.638  1161 15252 I chatty  : uid=1000(system) Binder:1161_1F expire 2 lines
06-16 09:55:19.639  1161  1540 I chatty  : uid=1000(system) ConnectivitySer expire 12 lines
06-16 09:55:19.917  1161  1208 I chatty  : uid=1000(system) android.fg expire 14 lines
06-16 09:55:20.835  1161  2705 I chatty  : uid=1000(system) Binder:1161_A expire 2 lines
06-16 09:55:23.018  1161  1181 I chatty  : uid=1000(system) Binder:1161_2 expire 3 lines
06-16 09:55:25.027  1161 10439 I chatty  : uid=1000(system) Binder:1161_13 expire 3 lines
06-16 09:56:25.333  1161 14649 I chatty  : uid=1000(system) Binder:1161_1A expire 3 lines
06-16 09:57:10.398  1161  1192 I chatty  : uid=1000(system) ActivityManager expire 10 lines
06-16 09:57:10.481  1161  1881 I chatty  : uid=1000(system) Binder:1161_7 expire 4 lines
06-16 09:57:15.244   677  1231 D NetlinkEvent: Unknown ifindex 96 in RTM_DELADDR
06-16 09:57:26.115  1161  1161 I chatty  : uid=1000 system_server expire 24 lines
06-16 09:57:26.144  1161  1540 I chatty  : uid=1000(system) ConnectivitySer expire 18 lines
06-16 09:57:27.673  1161 14644 I chatty  : uid=1000(system) Binder:1161_16 expire 3 lines
06-16 09:57:27.932  1161  5151 I chatty  : uid=1000(system) Binder:1161_11 expire 4 lines
06-16 09:58:01.467  1161 15250 I chatty  : uid=1000(system) Binder:1161_1D expire 1 line
06-16 09:58:19.859  1161  2715 I chatty  : uid=1000(system) Binder:1161_C expire 3 lines
06-16 09:59:01.940 20977  7474 E ActivityThread: Failed to find provider info for com.google.android.wearable.settings
06-16 09:59:03.227  1161 14646 I chatty  : uid=1000(system) Binder:1161_18 expire 4 lines
06-16 09:59:07.015 20977  7474 E ActivityThread: Failed to find provider info for com.google.android.wearable.settings
06-16 09:59:07.088  1161 15249 I chatty  : uid=1000(system) Binder:1161_1C expire 1 line
06-16 09:59:07.205  1161  2701 I chatty  : uid=1000(system) Binder:1161_9 expire 9 lines
06-16 09:59:07.233  1161  2017 I chatty  : uid=1000(system) Binder:1161_8 expire 2 lines
06-16 09:59:07.898  1161  1180 I chatty  : uid=1000(system) Binder:1161_1 expire 3 lines
06-16 09:59:07.950  1161  2707 I chatty  : uid=1000(system) Binder:1161_B expire 1 line
06-16 09:59:08.424  1161 14648 I chatty  : uid=1000(system) Binder:1161_19 expire 3 lines
06-16 09:59:08.435  1161  1540 I chatty  : uid=1000(system) ConnectivitySer expire 19 lines
06-16 09:59:09.610  1161  2720 I chatty  : uid=1000(system) Binder:1161_F expire 1 line
06-16 09:59:12.560  1161  1190 I chatty  : uid=1000(system) android.bg expire 4 lines
06-16 09:59:26.279  1161 15253 I chatty  : uid=1000(system) Binder:1161_20 expire 2 lines
06-16 09:59:27.073  1161  2718 I chatty  : uid=1000(system) Binder:1161_D expire 4 lines
06-16 09:59:39.948   677  7160 W SocketClient: write error (Broken pipe)
06-16 10:00:00.129  1161  1161 I chatty  : uid=1000 system_server expire 12 lines
06-16 10:00:30.900  1161 14643 I chatty  : uid=1000(system) Binder:1161_15 expire 2 lines
06-16 10:03:16.243   677  1231 D NetlinkEvent: Unknown ifindex 97 in RTM_DELADDR
06-16 10:03:16.256  1161  1208 I chatty  : uid=1000(system) android.fg expire 10 lines
06-16 10:03:16.735  1161 14645 I chatty  : uid=1000(system) Binder:1161_17 expire 1 line
06-16 10:03:16.805  1161 14650 I chatty  : uid=1000(system) Binder:1161_1B expire 2 lines
06-16 10:03:16.830  1161  2719 I chatty  : uid=1000(system) Binder:1161_E expire 2 lines
06-16 10:03:17.379  1161  5152 I chatty  : uid=1000(system) Binder:1161_12 expire 1 line
06-16 10:03:31.574  1161  1192 I chatty  : uid=1000(system) ActivityManager expire 2 lines
06-16 10:03:55.576  1161  1880 I chatty  : uid=1000(system) Binder:1161_6 expire 1 line
06-16 10:04:23.194   677  1231 D NetlinkEvent: Unknown ifindex 98 in RTM_DELADDR
06-16 10:04:23.323  1161  1540 I chatty  : uid=1000(system) ConnectivitySer expire 2 lines
06-16 10:05:25.087  1161  1161 I chatty  : uid=1000 system_server expire 37 lines
06-16 10:05:26.511  1161  1190 I chatty  : uid=1000(system) android.bg expire 2 lines
06-16 10:05:26.877  1161 15249 I chatty  : uid=1000(system) Binder:1161_1C expire 3 lines
06-16 10:05:27.035  1161  2734 I chatty  : uid=1000(system) Binder:1161_10 expire 2 lines
06-16 10:05:27.036  1161  1540 I chatty  : uid=1000(system) ConnectivitySer expire 60 lines
06-16 10:05:27.275  1161  1208 I chatty  : uid=1000(system) android.fg expire 14 lines
06-16 10:05:27.451  1161 14648 I chatty  : uid=1000(system) Binder:1161_19 expire 1 line
06-16 10:05:33.171   677  1231 D NetlinkEvent: Unknown ifindex 99 in RTM_DELADDR
06-16 10:05:47.503  1161  1192 I chatty  : uid=1000(system) ActivityManager expire 5 lines
06-16 10:05:54.362  1161  1852 I chatty  : uid=1000(system) uteStateMachine expire 6 lines
06-16 10:06:03.521  1161  1536 I chatty  : uid=1000(system) WifiStateMachin expire 1 line
06-16 10:06:04.891  1161 14645 I chatty  : uid=1000(system) Binder:1161_17 expire 1 line
06-16 10:06:09.833  1161  1181 I chatty  : uid=1000(system) Binder:1161_2 expire 3 lines
06-16 10:06:10.033  1161 15252 I chatty  : uid=1000(system) Binder:1161_1F expire 1 line
06-16 10:06:10.322  1161  1533 I chatty  : uid=1000(system) NetworkPolicy expire 2 lines
06-16 10:06:10.379  1161 14644 I chatty  : uid=1000(system) Binder:1161_16 expire 1 line
06-16 10:06:10.381  1161  5152 I chatty  : uid=1000(system) Binder:1161_12 expire 2 lines
06-16 10:06:24.912  1161 15250 I chatty  : uid=1000(system) Binder:1161_1D expire 2 lines
06-16 10:06:24.980  1161 14650 I chatty  : uid=1000(system) Binder:1161_1B expire 4 lines
06-16 10:06:33.109  1161  1193 I chatty  : uid=1000(system) android.ui expire 1 line
06-16 10:06:40.201   677  1231 D NetlinkEvent: Unknown ifindex 94 in RTM_DELADDR
06-16 10:06:40.207  1161  1208 I chatty  : uid=1000(system) android.fg expire 6 lines
06-16 10:06:40.329  1161  1540 I chatty  : uid=1000(system) ConnectivitySer expire 7 lines
06-16 10:06:42.967   677  8769 W SocketClient: write error (Broken pipe)
06-16 10:06:49.007  1161  2705 I chatty  : uid=1000(system) Binder:1161_A expire 3 lines
06-16 10:06:49.093  1161  2701 I chatty  : uid=1000(system) Binder:1161_9 expire 1 line
06-16 10:18:52.550  1161  5151 I chatty  : uid=1000(system) Binder:1161_11 expire 1 line
06-16 10:18:59.712  1161 14646 I chatty  : uid=1000(system) Binder:1161_18 expire 1 line
06-16 10:19:04.300  1161 14643 I chatty  : uid=1000(system) Binder:1161_15 expire 2 lines
06-16 10:21:31.314  1161  2719 I chatty  : uid=1000(system) Binder:1161_E expire 1 line
06-16 10:39:43.054  1161  1161 I chatty  : uid=1000 system_server expire 13 lines
06-16 10:42:12.121  1161  1212 I chatty  : uid=1000(system) PowerManagerSer expire 21 lines
06-16 10:42:12.124  1161  1210 I chatty  : uid=1000(system) android.display expire 5 lines
06-16 10:42:12.381  1161 14649 I chatty  : uid=1000(system) Binder:1161_1A expire 1 line
06-16 10:42:12.650  1161 15251 I chatty  : uid=1000(system) Binder:1161_1E expire 1 line
06-16 10:42:44.277  1161  2707 I chatty  : uid=1000(system) Binder:1161_B expire 1 line
06-16 10:42:44.277  1161  1818 I chatty  : uid=1000(system) Binder:1161_5 expire 1 line
