06-16 14:22:39.517  1161  5151 W ActivityManager:   Force finishing activity com.samsung.mygallery.app/.MainActivity
06-16 14:22:39.529  1161  5151 I ActivityManager: Killing 21283:com.samsung.mygallery.app/u0a167 (adj 900): crash
06-16 14:22:39.529  1161  5151 D ActivityManager: cleanUpApplicationRecord -- 21283
06-16 14:22:39.709  1161  1210 W AppOps  : Finishing op nesting under-run: uid 1000 pkg android code 24 time=0 duration=0 nesting=0
06-16 14:22:42.739  1161  1212 D LuxLevels: bright hysteresis constant= 0.1, threshold=64.47135, lux=58.61032
06-16 14:22:42.739  1161  1212 D LuxLevels: dark hysteresis constant= 0.2, threshold=46.888256, lux=58.61032
06-16 14:22:44.382  1161  1212 D LuxLevels: bright hysteresis constant= 0.1, threshold=71.03734, lux=64.5794
06-16 14:22:44.383  1161  1212 D LuxLevels: dark hysteresis constant= 0.2, threshold=51.66352, lux=64.5794
06-16 14:22:46.925  1161  1212 D LuxLevels: bright hysteresis constant= 0.1, threshold=78.28568, lux=71.1688
06-16 14:22:46.926  1161  1212 D LuxLevels: dark hysteresis constant= 0.2, threshold=56.93504, lux=71.1688
06-16 14:23:12.482  1161  2705 I ActivityManager: START u0 {act=android.intent.action.MAIN cat=[android.intent.category.LAUNCHER] flg=0x10200000 cmp=com.samsung.mygallery.app/.MainActivity bnds=[437,929][644,1207] (has extras)} from uid 10031 on display 0
06-16 14:23:12.515  1161  2017 I ActivityManager: Start proc 21337:com.samsung.mygallery.app/u0a167 for activity com.samsung.mygallery.app/.MainActivity
06-16 14:23:13.472  1161  1212 D LuxLevels: bright hysteresis constant= 0.1, threshold=59.40544, lux=54.004944
06-16 14:23:13.472  1161  1212 D LuxLevels: dark hysteresis constant= 0.2, threshold=43.203957, lux=54.004944
06-16 14:23:14.937  1161  2017 I ActivityManager: START u0 {cmp=com.samsung.mygallery.app/.AlbumActivity (has extras)} from uid 10167 on display 0
06-16 14:23:17.261  1161  1212 D LuxLevels: bright hysteresis constant= 0.1, threshold=46.660942, lux=42.419037
06-16 14:23:17.261  1161  1212 D LuxLevels: dark hysteresis constant= 0.2, threshold=33.93523, lux=42.419037
06-16 14:23:17.286  1161  1161 W WindowManager: Attempted to remove non-existing token: android.os.Binder@dc84981
06-16 14:23:26.437  1161  1212 D LuxLevels: bright hysteresis constant= 0.1, threshold=51.84507, lux=47.13188
06-16 14:23:26.437  1161  1212 D LuxLevels: dark hysteresis constant= 0.2, threshold=37.705505, lux=47.13188
06-16 14:23:35.778 21337 21337 E AndroidRuntime: FATAL EXCEPTION: main
06-16 14:23:35.778 21337 21337 E AndroidRuntime: Process: com.samsung.mygallery.app, PID: 21337
06-16 14:23:35.778 21337 21337 E AndroidRuntime: java.lang.ClassCastException: android.widget.FrameLayout cannot be cast to android.widget.LinearLayout
06-16 14:23:35.778 21337 21337 E AndroidRuntime: 	at com.samsung.mygallery.app.ui.AlbumDetailsFragment$AlbumDetailesPagerAdapter.destroyItem(AlbumDetailsFragment.java:73)
06-16 14:23:35.778 21337 21337 E AndroidRuntime: 	at android.support.v4.view.ViewPager.populate(ViewPager.java:1173)
06-16 14:23:35.778 21337 21337 E AndroidRuntime: 	at android.support.v4.view.ViewPager.populate(ViewPager.java:1087)
06-16 14:23:35.778 21337 21337 E AndroidRuntime: 	at android.support.v4.view.ViewPager$3.run(ViewPager.java:270)
06-16 14:23:35.778 21337 21337 E AndroidRuntime: 	at android.view.Choreographer$CallbackRecord.run(Choreographer.java:874)
06-16 14:23:35.778 21337 21337 E AndroidRuntime: 	at android.view.Choreographer.doCallbacks(Choreographer.java:686)
06-16 14:23:35.778 21337 21337 E AndroidRuntime: 	at android.view.Choreographer.doFrame(Choreographer.java:618)
06-16 14:23:35.778 21337 21337 E AndroidRuntime: 	at android.view.Choreographer$FrameDisplayEventReceiver.run(Choreographer.java:860)
06-16 14:23:35.778 21337 21337 E AndroidRuntime: 	at android.os.Handler.handleCallback(Handler.java:751)
06-16 14:23:35.778 21337 21337 E AndroidRuntime: 	at android.os.Handler.dispatchMessage(Handler.java:95)
06-16 14:23:35.778 21337 21337 E AndroidRuntime: 	at android.os.Looper.loop(Looper.java:154)
06-16 14:23:35.778 21337 21337 E AndroidRuntime: 	at android.app.ActivityThread.main(ActivityThread.java:6121)
06-16 14:23:35.778 21337 21337 E AndroidRuntime: 	at java.lang.reflect.Method.invoke(Native Method)
06-16 14:23:35.778 21337 21337 E AndroidRuntime: 	at com.android.internal.os.ZygoteInit$MethodAndArgsCaller.run(ZygoteInit.java:889)
06-16 14:23:35.778 21337 21337 E AndroidRuntime: 	at com.android.internal.os.ZygoteInit.main(ZygoteInit.java:779)
06-16 14:23:35.781  1161  2707 W ActivityManager:   Force finishing activity com.samsung.mygallery.app/.MainActivity
06-16 14:23:36.290  1161  1192 W ActivityManager: Activity pause timeout for ActivityRecord{cff8887 u0 com.samsung.mygallery.app/.MainActivity t6013 f}
06-16 14:23:38.204  1161  2707 W ActivityManager:   Force finishing activity com.samsung.mygallery.app/.MainActivity
06-16 14:23:38.216  1161  2707 I ActivityManager: Killing 21337:com.samsung.mygallery.app/u0a167 (adj 900): crash
06-16 14:23:38.234  1161  2707 D ActivityManager: cleanUpApplicationRecord -- 21337
06-16 14:23:38.400  1161  1210 W AppOps  : Finishing op nesting under-run: uid 1000 pkg android code 24 time=0 duration=0 nesting=0
06-16 14:23:40.398  1161  1212 D LuxLevels: bright hysteresis constant= 0.1, threshold=60.42572, lux=54.932472
06-16 14:23:40.398  1161  1212 D LuxLevels: dark hysteresis constant= 0.2, threshold=43.94598, lux=54.932472
06-16 14:23:41.888  1161  1212 D LuxLevels: bright hysteresis constant= 0.1, threshold=67.356514, lux=61.233192
06-16 14:23:41.888  1161  1212 D LuxLevels: dark hysteresis constant= 0.2, threshold=48.986553, lux=61.233192
06-16 14:23:43.783  1161  1212 D LuxLevels: bright hysteresis constant= 0.1, threshold=74.10917, lux=67.37197
06-16 14:23:43.784  1161  1212 D LuxLevels: dark hysteresis constant= 0.2, threshold=53.89758, lux=67.37197
06-16 14:23:48.075  1161  1212 D LuxLevels: bright hysteresis constant= 0.1, threshold=81.57583, lux=74.15984
06-16 14:23:48.075  1161  1212 D LuxLevels: dark hysteresis constant= 0.2, threshold=59.327877, lux=74.15984
06-16 14:24:23.438  1161  1192 I ActivityManager: Start proc 21410:com.google.android.apps.maps/u0a76 for broadcast com.google.android.apps.maps/com.google.android.apps.gmm.notification.receiver.CancelNotificationBroadcastReceiver
06-16 14:25:03.327  1161  1225 W PackageParser: Unknown element under <manifest>: meta-data at /data/app/vmdl427950846.tmp/base.apk Binary XML file line #14
06-16 14:25:04.830  1161  1192 I ActivityManager: Force stopping com.samsung.mygallery.app appid=10167 user=-1: installPackageLI
06-16 14:25:05.229  1161  1225 I PackageManager: Package com.samsung.mygallery.app codePath changed from /data/app/com.samsung.mygallery.app-1 to /data/app/com.samsung.mygallery.app-2; Retaining data and using new
06-16 14:25:05.231  1161  1225 W PackageManager: Code path for com.samsung.mygallery.app changing from /data/app/com.samsung.mygallery.app-1 to /data/app/com.samsung.mygallery.app-2
06-16 14:25:05.231  1161  1225 W PackageManager: Resource path for com.samsung.mygallery.app changing from /data/app/com.samsung.mygallery.app-1 to /data/app/com.samsung.mygallery.app-2
06-16 14:25:06.001  1161  1225 I ActivityManager: Force stopping com.samsung.mygallery.app appid=10167 user=0: pkg removed
06-16 14:25:06.078  1161  1192 I ActivityManager: Start proc 21472:com.android.keychain/1000 for broadcast com.android.keychain/.KeyChainBroadcastReceiver
06-16 14:25:06.081  1161  1225 W ActivityManager: Skipping broadcast of Intent { act=android.intent.action.PACKAGE_REMOVED dat=package:com.samsung.mygallery.app flg=0x4000010 (has extras) }: user 10 is stopped
06-16 14:25:06.101  1161  1225 W ActivityManager: Skipping broadcast of Intent { act=android.intent.action.PACKAGE_ADDED dat=package:com.samsung.mygallery.app flg=0x4000010 (has extras) }: user 10 is stopped
06-16 14:25:06.157  1161  1225 W ActivityManager: Skipping broadcast of Intent { act=android.intent.action.PACKAGE_REPLACED dat=package:com.samsung.mygallery.app flg=0x4000010 (has extras) }: user 10 is stopped
06-16 14:25:06.173  1161  1225 W ActivityManager: Skipping broadcast of Intent { act=android.intent.action.MY_PACKAGE_REPLACED flg=0x4000010 pkg=com.samsung.mygallery.app (has extras) }: user 10 is stopped
06-16 14:25:06.231 21472 21472 W ContextImpl: Calling a method in the system process without a qualified user: android.app.ContextImpl.startService:1357 android.content.ContextWrapper.startService:613 android.content.ContextWrapper.startService:613 com.android.keychain.KeyChainBroadcastReceiver.onReceive:12 android.app.ActivityThread.handleReceiver:3041 
06-16 14:25:06.402  1161 14646 I ActivityManager: Start proc 21504:com.google.android.partnersetup/u0a26 for broadcast com.google.android.partnersetup/.RlzPingBroadcastReceiver
06-16 14:25:06.522  1161  2734 I ActivityManager: Killing 20995:com.google.android.apps.photos/u0a82 (adj 906): empty #17
06-16 14:25:06.541  1161  2701 D ActivityManager: cleanUpApplicationRecord -- 20995
06-16 14:25:06.555  1161  5151 I ActivityManager: Start proc 21526:com.google.android.apps.photos/u0a82 for broadcast com.google.android.apps.photos/.backgroundsignin.BackgroundSignInBroadcastReceiver
06-16 14:25:07.720  1161  1180 I ActivityManager: START u0 {act=android.intent.action.MAIN cat=[android.intent.category.LAUNCHER] flg=0x10200000 cmp=com.samsung.mygallery.app/.MainActivity bnds=[437,929][644,1207] (has extras)} from uid 10031 on display 0
06-16 14:25:07.760  1161  1549 I ActivityManager: Start proc 21560:com.samsung.mygallery.app/u0a167 for activity com.samsung.mygallery.app/.MainActivity
06-16 14:25:15.441  1161  1161 W WindowManager: Attempted to remove non-existing token: android.os.Binder@268cc9
06-16 14:25:16.992  1161  1880 I ActivityManager: Killing 18245:com.google.android.calendar/u0a52 (adj 906): empty #17
06-16 14:25:17.010  1161  1549 D ActivityManager: cleanUpApplicationRecord -- 18245
06-16 14:25:17.566  1161  1212 D LuxLevels: bright hysteresis constant= 0.1, threshold=62.81844, lux=57.10767
06-16 14:25:17.566  1161  1212 D LuxLevels: dark hysteresis constant= 0.2, threshold=45.68614, lux=57.10767
06-16 14:25:21.310  1161  1161 W WindowManager: Attempted to remove non-existing token: android.os.Binder@9325b0b
06-16 14:25:23.231 21560 21560 E AndroidRuntime: FATAL EXCEPTION: main
06-16 14:25:23.231 21560 21560 E AndroidRuntime: Process: com.samsung.mygallery.app, PID: 21560
06-16 14:25:23.231 21560 21560 E AndroidRuntime: java.lang.ClassCastException: android.widget.FrameLayout cannot be cast to android.widget.LinearLayout
06-16 14:25:23.231 21560 21560 E AndroidRuntime: 	at com.samsung.mygallery.app.ui.AlbumDetailsFragment$AlbumDetailesPagerAdapter.destroyItem(AlbumDetailsFragment.java:73)
06-16 14:25:23.231 21560 21560 E AndroidRuntime: 	at android.support.v4.view.ViewPager.populate(ViewPager.java:1173)
06-16 14:25:23.231 21560 21560 E AndroidRuntime: 	at android.support.v4.view.ViewPager.populate(ViewPager.java:1087)
06-16 14:25:23.231 21560 21560 E AndroidRuntime: 	at android.support.v4.view.ViewPager$3.run(ViewPager.java:270)
06-16 14:25:23.231 21560 21560 E AndroidRuntime: 	at android.view.Choreographer$CallbackRecord.run(Choreographer.java:874)
06-16 14:25:23.231 21560 21560 E AndroidRuntime: 	at android.view.Choreographer.doCallbacks(Choreographer.java:686)
06-16 14:25:23.231 21560 21560 E AndroidRuntime: 	at android.view.Choreographer.doFrame(Choreographer.java:618)
06-16 14:25:23.231 21560 21560 E AndroidRuntime: 	at android.view.Choreographer$FrameDisplayEventReceiver.run(Choreographer.java:860)
06-16 14:25:23.231 21560 21560 E AndroidRuntime: 	at android.os.Handler.handleCallback(Handler.java:751)
06-16 14:25:23.231 21560 21560 E AndroidRuntime: 	at android.os.Handler.dispatchMessage(Handler.java:95)
06-16 14:25:23.231 21560 21560 E AndroidRuntime: 	at android.os.Looper.loop(Looper.java:154)
06-16 14:25:23.231 21560 21560 E AndroidRuntime: 	at android.app.ActivityThread.main(ActivityThread.java:6121)
06-16 14:25:23.231 21560 21560 E AndroidRuntime: 	at java.lang.reflect.Method.invoke(Native Method)
06-16 14:25:23.231 21560 21560 E AndroidRuntime: 	at com.android.internal.os.ZygoteInit$MethodAndArgsCaller.run(ZygoteInit.java:889)
06-16 14:25:23.231 21560 21560 E AndroidRuntime: 	at com.android.internal.os.ZygoteInit.main(ZygoteInit.java:779)
06-16 14:25:23.234  1161  2720 W ActivityManager:   Force finishing activity com.samsung.mygallery.app/.MainActivity
06-16 14:25:23.745  1161  1192 W ActivityManager: Activity pause timeout for ActivityRecord{e5c126e u0 com.samsung.mygallery.app/.MainActivity t6014 f}
06-16 14:25:24.827  1161  1161 W WindowManager: Attempted to remove non-existing token: android.os.Binder@6d99aa6
06-16 14:25:24.832  1161  1161 I ActivityManager: Killing 18301:com.motricity.verizon.ssodownloadable/u0a46 (adj 906): empty #17
06-16 14:25:24.847  1161  1881 D ActivityManager: cleanUpApplicationRecord -- 18301
06-16 14:25:29.329  1161  1212 D LuxLevels: bright hysteresis constant= 0.1, threshold=69.577644, lux=63.2524
06-16 14:25:29.330  1161  1212 D LuxLevels: dark hysteresis constant= 0.2, threshold=50.60192, lux=63.2524
06-16 14:25:30.921  1161  2720 I ActivityManager: Killing 21560:com.samsung.mygallery.app/u0a167 (adj 900): crash
06-16 14:25:30.922  1161  2720 D ActivityManager: cleanUpApplicationRecord -- 21560
06-16 14:25:30.960  1161  2720 I ActivityManager: START u0 {act=android.intent.action.MAIN cat=[android.intent.category.LAUNCHER] flg=0x10300000 cmp=com.samsung.mygallery.app/.MainActivity (has extras)} from uid 10031 on display 0
06-16 14:25:30.984  1161  2719 E ActivityManager: applyOptionsLocked: Unknown animationType=0
06-16 14:25:30.995  1161  2719 I ActivityManager: Start proc 21616:com.samsung.mygallery.app/u0a167 for activity com.samsung.mygallery.app/.MainActivity
06-16 14:25:31.146  1161  1210 W AppOps  : Finishing op nesting under-run: uid 1000 pkg android code 24 time=0 duration=0 nesting=0
06-16 14:25:31.770  1161  1212 D LuxLevels: bright hysteresis constant= 0.1, threshold=76.78781, lux=69.8071
06-16 14:25:31.770  1161  1212 D LuxLevels: dark hysteresis constant= 0.2, threshold=55.84568, lux=69.8071
06-16 14:25:43.693  1161  1161 W WindowManager: Attempted to remove non-existing token: android.os.Binder@ec70b80
06-16 14:25:46.299  1161  1212 D LuxLevels: bright hysteresis constant= 0.1, threshold=56.952496, lux=51.774994
06-16 14:25:46.299  1161  1212 D LuxLevels: dark hysteresis constant= 0.2, threshold=41.419994, lux=51.774994
06-16 14:25:48.020 21616 21616 E AndroidRuntime: FATAL EXCEPTION: main
06-16 14:25:48.020 21616 21616 E AndroidRuntime: Process: com.samsung.mygallery.app, PID: 21616
06-16 14:25:48.020 21616 21616 E AndroidRuntime: java.lang.ClassCastException: android.widget.FrameLayout cannot be cast to android.widget.LinearLayout
06-16 14:25:48.020 21616 21616 E AndroidRuntime: 	at com.samsung.mygallery.app.ui.AlbumDetailsFragment$AlbumDetailesPagerAdapter.destroyItem(AlbumDetailsFragment.java:73)
06-16 14:25:48.020 21616 21616 E AndroidRuntime: 	at android.support.v4.view.ViewPager.populate(ViewPager.java:1173)
06-16 14:25:48.020 21616 21616 E AndroidRuntime: 	at android.support.v4.view.ViewPager.populate(ViewPager.java:1087)
06-16 14:25:48.020 21616 21616 E AndroidRuntime: 	at android.support.v4.view.ViewPager$3.run(ViewPager.java:270)
06-16 14:25:48.020 21616 21616 E AndroidRuntime: 	at android.view.Choreographer$CallbackRecord.run(Choreographer.java:874)
06-16 14:25:48.020 21616 21616 E AndroidRuntime: 	at android.view.Choreographer.doCallbacks(Choreographer.java:686)
06-16 14:25:48.020 21616 21616 E AndroidRuntime: 	at android.view.Choreographer.doFrame(Choreographer.java:618)
06-16 14:25:48.020 21616 21616 E AndroidRuntime: 	at android.view.Choreographer$FrameDisplayEventReceiver.run(Choreographer.java:860)
06-16 14:25:48.020 21616 21616 E AndroidRuntime: 	at android.os.Handler.handleCallback(Handler.java:751)
06-16 14:25:48.020 21616 21616 E AndroidRuntime: 	at android.os.Handler.dispatchMessage(Handler.java:95)
06-16 14:25:48.020 21616 21616 E AndroidRuntime: 	at android.os.Looper.loop(Looper.java:154)
06-16 14:25:48.020 21616 21616 E AndroidRuntime: 	at android.app.ActivityThread.main(ActivityThread.java:6121)
06-16 14:25:48.020 21616 21616 E AndroidRuntime: 	at java.lang.reflect.Method.invoke(Native Method)
06-16 14:25:48.020 21616 21616 E AndroidRuntime: 	at com.android.internal.os.ZygoteInit$MethodAndArgsCaller.run(ZygoteInit.java:889)
06-16 14:25:48.020 21616 21616 E AndroidRuntime: 	at com.android.internal.os.ZygoteInit.main(ZygoteInit.java:779)
06-16 14:25:48.024  1161 15253 W ActivityManager:   Force finishing activity com.samsung.mygallery.app/.MainActivity
06-16 14:25:48.531  1161  1192 W ActivityManager: Activity pause timeout for ActivityRecord{a5aa89e u0 com.samsung.mygallery.app/.MainActivity t6014 f}
06-16 14:25:48.999  1161  1192 I ActivityManager: Killing 18318:com.qualcomm.timeservice/1000 (adj 906): empty #17
06-16 14:25:49.009  1161  1818 D ActivityManager: cleanUpApplicationRecord -- 18318
06-16 14:25:49.541  1161 15253 W ActivityManager:   Force finishing activity com.samsung.mygallery.app/.MainActivity
06-16 14:25:49.555  1161 15253 I ActivityManager: Killing 21616:com.samsung.mygallery.app/u0a167 (adj 900): crash
06-16 14:25:49.557  1161 15253 D ActivityManager: cleanUpApplicationRecord -- 21616
06-16 14:25:49.736  1161  1210 W AppOps  : Finishing op nesting under-run: uid 1000 pkg android code 24 time=0 duration=0 nesting=0
06-16 14:25:54.021  1161  1212 D LuxLevels: bright hysteresis constant= 0.1, threshold=63.257893, lux=57.507175
06-16 14:25:54.022  1161  1212 D LuxLevels: dark hysteresis constant= 0.2, threshold=46.00574, lux=57.507175
06-16 14:25:55.865  1161  1212 D LuxLevels: bright hysteresis constant= 0.1, threshold=69.6454, lux=63.314003
06-16 14:25:55.865  1161  1212 D LuxLevels: dark hysteresis constant= 0.2, threshold=50.651203, lux=63.314003
06-16 14:26:11.730  1161  1212 D LuxLevels: bright hysteresis constant= 0.1, threshold=76.66515, lux=69.695595
06-16 14:26:11.731  1161  1212 D LuxLevels: dark hysteresis constant= 0.2, threshold=55.756477, lux=69.695595
06-16 14:26:12.114  1161  1190 I UsageStatsService: User[0] Flushing usage stats to disk
06-16 14:29:40.277  1161 15253 I ActivityManager: START u0 {act=android.intent.action.MAIN cat=[android.intent.category.LAUNCHER] flg=0x10200000 cmp=com.samsung.mygallery.app/.MainActivity bnds=[437,929][644,1207] (has extras)} from uid 10031 on display 0
06-16 14:29:40.334  1161 14645 I ActivityManager: Start proc 21740:com.samsung.mygallery.app/u0a167 for activity com.samsung.mygallery.app/.MainActivity
06-16 14:29:45.809  1161  1161 W WindowManager: Attempted to remove non-existing token: android.os.Binder@b32158c
06-16 14:29:53.520  1161  1212 D LuxLevels: bright hysteresis constant= 0.1, threshold=61.200623, lux=55.63693
06-16 14:29:53.521  1161  1212 D LuxLevels: dark hysteresis constant= 0.2, threshold=44.509544, lux=55.63693
06-16 14:29:56.677  1161  1161 W WindowManager: Attempted to remove non-existing token: android.os.Binder@b53e866
06-16 14:30:00.422  1161  1161 W WindowManager: Attempted to remove non-existing token: android.os.Binder@1d05ffd
06-16 14:30:02.546  1161  1212 D LuxLevels: bright hysteresis constant= 0.1, threshold=67.32612, lux=61.20556
06-16 14:30:02.547  1161  1212 D LuxLevels: dark hysteresis constant= 0.2, threshold=48.964447, lux=61.20556
06-16 14:30:09.197  1161  1212 D LuxLevels: bright hysteresis constant= 0.1, threshold=74.08951, lux=67.354095
06-16 14:30:09.197  1161  1212 D LuxLevels: dark hysteresis constant= 0.2, threshold=53.883278, lux=67.354095
06-16 14:31:23.219  1161  2707 I ActivityManager: START u0 {cmp=com.samsung.mygallery.app/.AlbumActivity (has extras)} from uid 10167 on display 0
06-16 14:33:55.250  1161  1225 W PackageParser: Unknown element under <manifest>: meta-data at /data/app/vmdl319359686.tmp/base.apk Binary XML file line #14
06-16 14:33:56.104  1161  1192 I ActivityManager: Force stopping com.samsung.mygallery.app appid=10167 user=-1: installPackageLI
06-16 14:33:56.104  1161  1192 I ActivityManager: Killing 21740:com.samsung.mygallery.app/u0a167 (adj 0): stop com.samsung.mygallery.app
06-16 14:33:56.111  1161  1192 D ActivityManager: cleanUpApplicationRecord -- 21740
06-16 14:33:56.111  1161  1192 W ActivityManager: Force removing ActivityRecord{421a0dd u0 com.samsung.mygallery.app/.AlbumActivity t6015}: app died, no saved state
06-16 14:33:56.175  1161 14646 I WindowManager: WIN DEATH: Window{3e33865 u0 com.samsung.mygallery.app/com.samsung.mygallery.app.ui.MainGalleryActivity}
06-16 14:33:56.270  1161  1192 E ActivityManager: Failure starting process com.samsung.mygallery.app
06-16 14:33:56.270  1161  1192 E ActivityManager: java.lang.SecurityException: Package com.samsung.mygallery.app is currently frozen!
06-16 14:33:56.270  1161  1192 E ActivityManager: 	at com.android.server.pm.PackageManagerService.checkPackageStartable(PackageManagerService.java:3111)
06-16 14:33:56.270  1161  1192 E ActivityManager: 	at com.android.server.am.ActivityManagerService.startProcessLocked(ActivityManagerService.java:3703)
06-16 14:33:56.270  1161  1192 E ActivityManager: 	at com.android.server.am.ActivityManagerService.startProcessLocked(ActivityManagerService.java:3663)
06-16 14:33:56.270  1161  1192 E ActivityManager: 	at com.android.server.am.ActivityManagerService.startProcessLocked(ActivityManagerService.java:3544)
06-16 14:33:56.270  1161  1192 E ActivityManager: 	at com.android.server.am.ActivityStackSupervisor.startSpecificActivityLocked(ActivityStackSupervisor.java:1419)
06-16 14:33:56.270  1161  1192 E ActivityManager: 	at com.android.server.am.ActivityStack.resumeTopActivityInnerLocked(ActivityStack.java:2577)
06-16 14:33:56.270  1161  1192 E ActivityManager: 	at com.android.server.am.ActivityStack.resumeTopActivityUncheckedLocked(ActivityStack.java:2127)
06-16 14:33:56.270  1161  1192 E ActivityManager: 	at com.android.server.am.ActivityStackSupervisor.resumeFocusedStackTopActivityLocked(ActivityStackSupervisor.java:1833)
06-16 14:33:56.270  1161  1192 E ActivityManager: 	at com.android.server.am.ActivityStackSupervisor.resumeFocusedStackTopActivityLocked(ActivityStackSupervisor.java:1823)
06-16 14:33:56.270  1161  1192 E ActivityManager: 	at com.android.server.am.ActivityManagerService.handleAppDiedLocked(ActivityManagerService.java:5114)
06-16 14:33:56.270  1161  1192 E ActivityManager: 	at com.android.server.am.ActivityManagerService.removeProcessLocked(ActivityManagerService.java:6384)
06-16 14:33:56.270  1161  1192 E ActivityManager: 	at com.android.server.am.ActivityManagerService.killPackageProcessesLocked(ActivityManagerService.java:6038)
06-16 14:33:56.270  1161  1192 E ActivityManager: 	at com.android.server.am.ActivityManagerService.forceStopPackageLocked(ActivityManagerService.java:6170)
06-16 14:33:56.270  1161  1192 E ActivityManager: 	at com.android.server.am.ActivityManagerService$MainHandler.handleMessage(ActivityManagerService.java:1889)
06-16 14:33:56.270  1161  1192 E ActivityManager: 	at android.os.Handler.dispatchMessage(Handler.java:102)
06-16 14:33:56.270  1161  1192 E ActivityManager: 	at android.os.Looper.loop(Looper.java:154)
06-16 14:33:56.270  1161  1192 E ActivityManager: 	at android.os.HandlerThread.run(HandlerThread.java:61)
06-16 14:33:56.270  1161  1192 E ActivityManager: 	at com.android.server.ServiceThread.run(ServiceThread.java:46)
06-16 14:33:56.270  1161  1192 I ActivityManager: Force stopping com.samsung.mygallery.app appid=10167 user=0: start failure
06-16 14:33:56.273  1161  1192 I ActivityManager:   Force finishing activity ActivityRecord{a7e912c u0 com.samsung.mygallery.app/.MainActivity t6015}
06-16 14:33:56.275  1161  1225 I PackageManager: Package com.samsung.mygallery.app codePath changed from /data/app/com.samsung.mygallery.app-2 to /data/app/com.samsung.mygallery.app-1; Retaining data and using new
06-16 14:33:56.279  1161  1225 W PackageManager: Code path for com.samsung.mygallery.app changing from /data/app/com.samsung.mygallery.app-2 to /data/app/com.samsung.mygallery.app-1
06-16 14:33:56.279  1161  1225 W PackageManager: Resource path for com.samsung.mygallery.app changing from /data/app/com.samsung.mygallery.app-2 to /data/app/com.samsung.mygallery.app-1
06-16 14:33:56.283  1161  1192 I ActivityManager:   Force finishing activity ActivityRecord{a7e912c u0 com.samsung.mygallery.app/.MainActivity t6015 f}
06-16 14:33:56.283  1161  1192 W ActivityManager: Duplicate finish request for ActivityRecord{a7e912c u0 com.samsung.mygallery.app/.MainActivity t6015 f}
06-16 14:33:56.610  1161  1192 I ActivityManager: Exiting empty application process 0:com.samsung.mygallery.app/u0a167 (null)
06-16 14:33:56.612  1161  1192 D ActivityManager: cleanUpApplicationRecord -- 0
06-16 14:33:56.669  1161 14644 W AlarmManager: Suspiciously short interval 10000 millis; expanding to 60 seconds
06-16 14:33:56.816  1161  1225 I ActivityManager: Force stopping com.samsung.mygallery.app appid=10167 user=0: pkg removed
06-16 14:33:56.839 21472 21472 W ContextImpl: Calling a method in the system process without a qualified user: android.app.ContextImpl.startService:1357 android.content.ContextWrapper.startService:613 android.content.ContextWrapper.startService:613 com.android.keychain.KeyChainBroadcastReceiver.onReceive:12 android.app.ActivityThread.handleReceiver:3041 
06-16 14:33:56.851  1161  1225 W ActivityManager: Skipping broadcast of Intent { act=android.intent.action.PACKAGE_REMOVED dat=package:com.samsung.mygallery.app flg=0x4000010 (has extras) }: user 10 is stopped
06-16 14:33:56.888  1161  1225 W ActivityManager: Skipping broadcast of Intent { act=android.intent.action.PACKAGE_ADDED dat=package:com.samsung.mygallery.app flg=0x4000010 (has extras) }: user 10 is stopped
06-16 14:33:56.951  1161  1225 W ActivityManager: Skipping broadcast of Intent { act=android.intent.action.PACKAGE_REPLACED dat=package:com.samsung.mygallery.app flg=0x4000010 (has extras) }: user 10 is stopped
06-16 14:33:56.960  1161  1225 W ActivityManager: Skipping broadcast of Intent { act=android.intent.action.MY_PACKAGE_REPLACED flg=0x4000010 pkg=com.samsung.mygallery.app (has extras) }: user 10 is stopped
06-16 14:33:58.661  1161  1180 I ActivityManager: START u0 {act=android.intent.action.MAIN cat=[android.intent.category.LAUNCHER] flg=0x10200000 cmp=com.samsung.mygallery.app/.MainActivity bnds=[437,929][644,1207] (has extras)} from uid 10031 on display 0
06-16 14:33:58.691  1161  1549 I ActivityManager: Start proc 22159:com.samsung.mygallery.app/u0a167 for activity com.samsung.mygallery.app/.MainActivity
06-16 14:34:04.330  1161  1212 D LuxLevels: bright hysteresis constant= 0.1, threshold=51.795372, lux=47.0867
06-16 14:34:04.331  1161  1212 D LuxLevels: dark hysteresis constant= 0.2, threshold=37.66936, lux=47.0867
06-16 14:34:05.352  1161  1161 W WindowManager: Attempted to remove non-existing token: android.os.Binder@68acd29
06-16 14:34:09.540  1161  1161 I ActivityManager: Start proc 22198:com.google.android.dialer/u0a21 for service com.google.android.dialer/com.google.android.apps.dialer.spam.impl.SpamJobService
06-16 14:34:10.421 22159 22159 E AndroidRuntime: FATAL EXCEPTION: main
06-16 14:34:10.421 22159 22159 E AndroidRuntime: Process: com.samsung.mygallery.app, PID: 22159
06-16 14:34:10.421 22159 22159 E AndroidRuntime: java.lang.ClassCastException: android.widget.FrameLayout cannot be cast to android.widget.LinearLayout
06-16 14:34:10.421 22159 22159 E AndroidRuntime: 	at com.samsung.mygallery.app.ui.AlbumDetailsFragment$AlbumDetailesPagerAdapter.destroyItem(AlbumDetailsFragment.java:73)
06-16 14:34:10.421 22159 22159 E AndroidRuntime: 	at android.support.v4.view.ViewPager.populate(ViewPager.java:1173)
06-16 14:34:10.421 22159 22159 E AndroidRuntime: 	at android.support.v4.view.ViewPager.populate(ViewPager.java:1087)
06-16 14:34:10.421 22159 22159 E AndroidRuntime: 	at android.support.v4.view.ViewPager$3.run(ViewPager.java:270)
06-16 14:34:10.421 22159 22159 E AndroidRuntime: 	at android.view.Choreographer$CallbackRecord.run(Choreographer.java:874)
06-16 14:34:10.421 22159 22159 E AndroidRuntime: 	at android.view.Choreographer.doCallbacks(Choreographer.java:686)
06-16 14:34:10.421 22159 22159 E AndroidRuntime: 	at android.view.Choreographer.doFrame(Choreographer.java:618)
06-16 14:34:10.421 22159 22159 E AndroidRuntime: 	at android.view.Choreographer$FrameDisplayEventReceiver.run(Choreographer.java:860)
06-16 14:34:10.421 22159 22159 E AndroidRuntime: 	at android.os.Handler.handleCallback(Handler.java:751)
06-16 14:34:10.421 22159 22159 E AndroidRuntime: 	at android.os.Handler.dispatchMessage(Handler.java:95)
06-16 14:34:10.421 22159 22159 E AndroidRuntime: 	at android.os.Looper.loop(Looper.java:154)
06-16 14:34:10.421 22159 22159 E AndroidRuntime: 	at android.app.ActivityThread.main(ActivityThread.java:6121)
06-16 14:34:10.421 22159 22159 E AndroidRuntime: 	at java.lang.reflect.Method.invoke(Native Method)
06-16 14:34:10.421 22159 22159 E AndroidRuntime: 	at com.android.internal.os.ZygoteInit$MethodAndArgsCaller.run(ZygoteInit.java:889)
06-16 14:34:10.421 22159 22159 E AndroidRuntime: 	at com.android.internal.os.ZygoteInit.main(ZygoteInit.java:779)
06-16 14:34:10.425  1161  1818 W ActivityManager:   Force finishing activity com.samsung.mygallery.app/.MainActivity
06-16 14:34:10.933  1161  1192 W ActivityManager: Activity pause timeout for ActivityRecord{2c0f626 u0 com.samsung.mygallery.app/.MainActivity t6016 f}
06-16 14:34:14.892  1161  1212 D LuxLevels: bright hysteresis constant= 0.1, threshold=57.41231, lux=52.19301
06-16 14:34:14.892  1161  1212 D LuxLevels: dark hysteresis constant= 0.2, threshold=41.754406, lux=52.19301
06-16 14:34:16.024  1161  1818 I ActivityManager: Killing 22159:com.samsung.mygallery.app/u0a167 (adj 900): crash
06-16 14:34:16.024  1161  1818 D ActivityManager: cleanUpApplicationRecord -- 22159
06-16 14:34:16.057  1161  1818 I ActivityManager: START u0 {act=android.intent.action.MAIN cat=[android.intent.category.LAUNCHER] flg=0x10300000 cmp=com.samsung.mygallery.app/.MainActivity (has extras)} from uid 10031 on display 0
06-16 14:34:16.077  1161 15250 E ActivityManager: applyOptionsLocked: Unknown animationType=0
06-16 14:34:16.088  1161 15250 I ActivityManager: Start proc 22236:com.samsung.mygallery.app/u0a167 for activity com.samsung.mygallery.app/.MainActivity
06-16 14:34:16.242  1161  1210 W AppOps  : Finishing op nesting under-run: uid 1000 pkg android code 24 time=0 duration=0 nesting=0
06-16 14:34:21.770  1161  1161 W WindowManager: Attempted to remove non-existing token: android.os.Binder@79131db
06-16 14:34:53.003  1161  1212 D LuxLevels: bright hysteresis constant= 0.1, threshold=65.01609, lux=59.105534
06-16 14:34:53.003  1161  1212 D LuxLevels: dark hysteresis constant= 0.2, threshold=47.284428, lux=59.105534
06-16 14:34:55.946  1161  1212 D LuxLevels: bright hysteresis constant= 0.1, threshold=71.71824, lux=65.198395
06-16 14:34:55.946  1161  1212 D LuxLevels: dark hysteresis constant= 0.2, threshold=52.15872, lux=65.198395
06-16 14:36:06.602  1161  1192 I ActivityManager: Start proc 22295:com.google.android.apps.gcs/u0a16 for broadcast com.google.android.apps.gcs/.receiver.WifiConnectionChangeReceiver
06-16 14:36:07.059  1161 15251 I ActivityManager: Start proc 22323:com.tivophone.android.debug/u0a136 for broadcast com.tivophone.android.debug/com.tivo.net.NetworkStatusMonitor
06-16 14:36:07.104 22323 22323 W ActivityThread: Application com.tivophone.android.debug can be debugged on port 8100...
06-16 14:36:07.284  1161  2719 I ActivityManager: Start proc 22341:com.tivophone.android.debug:acra/u0a136 for service com.tivophone.android.debug/org.acra.sender.SenderService
06-16 14:36:07.519  1161  5152 I ActivityManager: Killing 18358:com.android.cellbroadcastreceiver/u0a6 (adj 906): empty #17
06-16 14:36:07.528  1161  1880 D ActivityManager: cleanUpApplicationRecord -- 18358
06-16 14:36:11.921  1161  1549 D ConnectivityService: pendingRequest for uid/pid:10016/22295 NetworkRequest [ REQUEST id=608, [ Transports: WIFI Capabilities: INTERNET&NOT_RESTRICTED&NOT_VPN] ] to trigger PendingIntent{3337fd6: PendingIntentRecord{364d257 com.google.android.apps.gcs broadcastIntent}}
06-16 14:36:11.927  1161  1540 D ConnectivityService: Sending PendingIntent{3337fd6: PendingIntentRecord{364d257 com.google.android.apps.gcs broadcastIntent}}
06-16 14:36:11.984  1161  1161 D ConnectivityService: Finished sending PendingIntent{3337fd6: PendingIntentRecord{364d257 com.google.android.apps.gcs broadcastIntent}}
06-16 14:36:11.990  1161  2715 D ConnectivityService: requestNetwork for uid/pid:10016/22295 NetworkRequest [ REQUEST id=609, [ Transports: WIFI Capabilities: INTERNET&NOT_RESTRICTED&NOT_VPN] ]
06-16 14:36:12.036  1161  1540 D ConnectivityService: releasing NetworkRequest [ REQUEST id=609, [ Transports: WIFI Capabilities: INTERNET&NOT_RESTRICTED&NOT_VPN] ]
06-16 14:36:16.986  1161  1540 D ConnectivityService: releasing NetworkRequest [ REQUEST id=608, [ Transports: WIFI Capabilities: INTERNET&NOT_RESTRICTED&NOT_VPN] ]
06-16 14:36:19.938  1161  1212 D LuxLevels: bright hysteresis constant= 0.1, threshold=79.10038, lux=71.90943
06-16 14:36:19.938  1161  1212 D LuxLevels: dark hysteresis constant= 0.2, threshold=57.527546, lux=71.90943
06-16 14:36:21.556  1161  2718 I ActivityManager: Killing 18260:com.android.providers.calendar/u0a4 (adj 906): empty #17
06-16 14:36:21.598  1161 15250 D ActivityManager: cleanUpApplicationRecord -- 18260
06-16 14:36:48.475  1161 14646 I ActivityManager: Killing 18335:com.google.android.keep/u0a103 (adj 906): empty #17
06-16 14:36:48.538  1161 10439 D ActivityManager: cleanUpApplicationRecord -- 18335
06-16 14:36:56.648  1161 15250 D ConnectivityService: pendingRequest for uid/pid:10016/22295 NetworkRequest [ REQUEST id=610, [ Transports: WIFI Capabilities: INTERNET&NOT_RESTRICTED&NOT_VPN] ] to trigger PendingIntent{fd1913c: PendingIntentRecord{6e34ec5 com.google.android.apps.gcs broadcastIntent}}
06-16 14:36:56.656  1161  1540 D ConnectivityService: Sending PendingIntent{fd1913c: PendingIntentRecord{6e34ec5 com.google.android.apps.gcs broadcastIntent}}
06-16 14:36:56.720  1161  1161 D ConnectivityService: Finished sending PendingIntent{fd1913c: PendingIntentRecord{6e34ec5 com.google.android.apps.gcs broadcastIntent}}
06-16 14:36:56.736  1161  2720 D ConnectivityService: requestNetwork for uid/pid:10016/22295 NetworkRequest [ REQUEST id=611, [ Transports: WIFI Capabilities: INTERNET&NOT_RESTRICTED&NOT_VPN] ]
06-16 14:36:56.781  1161  1540 D ConnectivityService: releasing NetworkRequest [ REQUEST id=611, [ Transports: WIFI Capabilities: INTERNET&NOT_RESTRICTED&NOT_VPN] ]
06-16 14:37:01.727  1161  1540 D ConnectivityService: releasing NetworkRequest [ REQUEST id=610, [ Transports: WIFI Capabilities: INTERNET&NOT_RESTRICTED&NOT_VPN] ]
06-16 14:38:30.511  1161  2707 I ActivityManager: Start proc 22398:android.process.media/u0a13 for content provider com.android.providers.downloads/.DownloadProvider
06-16 14:39:00.999  1161  1225 W PackageParser: Unknown element under <manifest>: meta-data at /data/app/vmdl1319518588.tmp/base.apk Binary XML file line #14
06-16 14:39:02.310  1161  1192 I ActivityManager: Force stopping com.samsung.mygallery.app appid=10167 user=-1: installPackageLI
06-16 14:39:02.313  1161  1192 I ActivityManager: Killing 22236:com.samsung.mygallery.app/u0a167 (adj 0): stop com.samsung.mygallery.app
06-16 14:39:02.315  1161  1192 D ActivityManager: cleanUpApplicationRecord -- 22236
06-16 14:39:02.317  1161  1192 W ActivityManager: Force removing ActivityRecord{c08cd73 u0 com.samsung.mygallery.app/.MainActivity t6016}: app died, no saved state
06-16 14:39:02.467  1161  1225 I PackageManager: Package com.samsung.mygallery.app codePath changed from /data/app/com.samsung.mygallery.app-1 to /data/app/com.samsung.mygallery.app-2; Retaining data and using new
06-16 14:39:02.467  1161  1225 W PackageManager: Code path for com.samsung.mygallery.app changing from /data/app/com.samsung.mygallery.app-1 to /data/app/com.samsung.mygallery.app-2
06-16 14:39:02.467  1161  1225 W PackageManager: Resource path for com.samsung.mygallery.app changing from /data/app/com.samsung.mygallery.app-1 to /data/app/com.samsung.mygallery.app-2
06-16 14:39:02.833  1161  1225 I ActivityManager: Force stopping com.samsung.mygallery.app appid=10167 user=0: pkg removed
06-16 14:39:02.862 21472 21472 W ContextImpl: Calling a method in the system process without a qualified user: android.app.ContextImpl.startService:1357 android.content.ContextWrapper.startService:613 android.content.ContextWrapper.startService:613 com.android.keychain.KeyChainBroadcastReceiver.onReceive:12 android.app.ActivityThread.handleReceiver:3041 
06-16 14:39:02.881  1161  1225 W ActivityManager: Skipping broadcast of Intent { act=android.intent.action.PACKAGE_REMOVED dat=package:com.samsung.mygallery.app flg=0x4000010 (has extras) }: user 10 is stopped
06-16 14:39:02.905  1161  1225 W ActivityManager: Skipping broadcast of Intent { act=android.intent.action.PACKAGE_ADDED dat=package:com.samsung.mygallery.app flg=0x4000010 (has extras) }: user 10 is stopped
06-16 14:39:02.937  1161  1225 W ActivityManager: Skipping broadcast of Intent { act=android.intent.action.PACKAGE_REPLACED dat=package:com.samsung.mygallery.app flg=0x4000010 (has extras) }: user 10 is stopped
06-16 14:39:02.952  1161  1225 W ActivityManager: Skipping broadcast of Intent { act=android.intent.action.MY_PACKAGE_REPLACED flg=0x4000010 pkg=com.samsung.mygallery.app (has extras) }: user 10 is stopped
06-16 14:39:04.914  1161 14645 I ActivityManager: START u0 {act=android.intent.action.MAIN cat=[android.intent.category.LAUNCHER] flg=0x10200000 cmp=com.samsung.mygallery.app/.MainActivity bnds=[437,929][644,1207] (has extras)} from uid 10031 on display 0
06-16 14:39:04.974  1161 15252 I ActivityManager: Start proc 22479:com.samsung.mygallery.app/u0a167 for activity com.samsung.mygallery.app/.MainActivity
06-16 14:39:06.780  1161  1212 D LuxLevels: bright hysteresis constant= 0.1, threshold=61.43197, lux=55.847244
06-16 14:39:06.781  1161  1212 D LuxLevels: dark hysteresis constant= 0.2, threshold=44.677795, lux=55.847244
06-16 14:39:21.961  1161  1180 I ActivityManager: START u0 {cmp=com.samsung.mygallery.app/.AlbumActivity (has extras)} from uid 10167 on display 0
06-16 14:39:34.569  1161  1161 W WindowManager: Attempted to remove non-existing token: android.os.Binder@b07595d
06-16 14:39:41.088  1161  1212 D LuxLevels: bright hysteresis constant= 0.1, threshold=67.7332, lux=61.575638
06-16 14:39:41.089  1161  1212 D LuxLevels: dark hysteresis constant= 0.2, threshold=49.26051, lux=61.575638
06-16 14:39:45.182  1161  1212 D LuxLevels: bright hysteresis constant= 0.1, threshold=74.54953, lux=67.7723
06-16 14:39:45.183  1161  1212 D LuxLevels: dark hysteresis constant= 0.2, threshold=54.217842, lux=67.7723
06-16 14:39:52.064  1161  1192 I ActivityManager: Force stopping com.airbnb.android appid=10139 user=-1: installPackageLI
06-16 14:39:52.324  1161  1225 I PackageManager: Package com.airbnb.android codePath changed from /data/app/com.airbnb.android-1 to /data/app/com.airbnb.android-2; Retaining data and using new
06-16 14:39:52.327  1161  1225 W PackageManager: Code path for com.airbnb.android changing from /data/app/com.airbnb.android-1 to /data/app/com.airbnb.android-2
06-16 14:39:52.328  1161  1225 W PackageManager: Resource path for com.airbnb.android changing from /data/app/com.airbnb.android-1 to /data/app/com.airbnb.android-2
06-16 14:39:52.660  1161  1225 W PackageManager: Unknown permission .permission.MAPS_RECEIVE in package com.airbnb.android
06-16 14:39:52.661  1161  1225 W PackageManager: Unknown permission .permission.C2D_MESSAGE in package com.airbnb.android
06-16 14:39:52.661  1161  1225 W PackageManager: Unknown permission com.sfr.android.console.permission.partner.READ_STATISTICS in package com.airbnb.android
06-16 14:39:53.325  1161  1225 I ActivityManager: Force stopping com.airbnb.android appid=10139 user=0: pkg removed
06-16 14:39:53.447 21472 21472 W ContextImpl: Calling a method in the system process without a qualified user: android.app.ContextImpl.startService:1357 android.content.ContextWrapper.startService:613 android.content.ContextWrapper.startService:613 com.android.keychain.KeyChainBroadcastReceiver.onReceive:12 android.app.ActivityThread.handleReceiver:3041 
06-16 14:39:54.110  1161  2720 I ActivityManager: Start proc 22587:com.airbnb.android/u0a139 for broadcast com.airbnb.android/.lib.receivers.AppUpgradeReceiver
06-16 14:39:54.645  1161 14649 D ConnectivityService: Returning blocked NetworkInfo to uid=10139
06-16 14:40:04.869  1161  1192 I ActivityManager: Force stopping com.google.android.vr.home appid=10105 user=-1: installPackageLI
06-16 14:40:05.248  1161  1225 I PackageManager: Package com.google.android.vr.home codePath changed from /data/app/com.google.android.vr.home-1 to /data/app/com.google.android.vr.home-2; Retaining data and using new
06-16 14:40:05.250  1161  1225 W PackageManager: Code path for com.google.android.vr.home changing from /data/app/com.google.android.vr.home-1 to /data/app/com.google.android.vr.home-2
06-16 14:40:05.251  1161  1225 W PackageManager: Resource path for com.google.android.vr.home changing from /data/app/com.google.android.vr.home-1 to /data/app/com.google.android.vr.home-2
06-16 14:40:06.082  1161 15249 I ActivityManager: Killing 21410:com.google.android.apps.maps/u0a76 (adj 906): empty #17
06-16 14:40:06.121  1161  1881 D ConnectivityService: ConnectivityService NetworkRequestInfo binderDied(NetworkRequest [ LISTEN id=607, [ Capabilities: INTERNET&NOT_RESTRICTED&TRUSTED&FOREGROUND] ], android.os.BinderProxy@d2da606)
06-16 14:40:06.122  1161  1540 E ConnectivityService: RemoteException caught trying to send a callback msg for NetworkRequest [ LISTEN id=607, [ Capabilities: INTERNET&NOT_RESTRICTED&TRUSTED&FOREGROUND] ]
06-16 14:40:06.123  1161  2719 D ActivityManager: cleanUpApplicationRecord -- 21410
06-16 14:40:06.297  1161  1225 I ActivityManager: Force stopping com.google.android.vr.home appid=10105 user=0: pkg removed
06-16 14:40:06.418 21472 21472 W ContextImpl: Calling a method in the system process without a qualified user: android.app.ContextImpl.startService:1357 android.content.ContextWrapper.startService:613 android.content.ContextWrapper.startService:613 com.android.keychain.KeyChainBroadcastReceiver.onReceive:12 android.app.ActivityThread.handleReceiver:3041 
06-16 14:40:06.596  1161  1524 I ActivityManager: Start proc 22722:com.yelp.android/u0a132 for service com.yelp.android/.services.backgroundlocation.WatchDogTimerService
06-16 14:40:17.272  1161  5152 I ActivityManager: Killing 22198:com.google.android.dialer/u0a21 (adj 906): empty #17
06-16 14:40:17.326  1161  2707 D ActivityManager: cleanUpApplicationRecord -- 22198
06-16 14:40:27.041  1161  1225 W PackageParser: Ignoring duplicate uses-permissions/uses-permissions-sdk-m: android.permission.ACCESS_COARSE_LOCATION in package: com.caesars.playbytr at: Binary XML file line #88
06-16 14:40:27.046  1161  1225 W PackageParser: Unknown element under <application>: enable-feature at /data/app/vmdl1396803091.tmp/base.apk Binary XML file line #610
06-16 14:40:32.531  1161  1192 I ActivityManager: Force stopping com.caesars.playbytr appid=10133 user=-1: installPackageLI
06-16 14:40:32.532  1161  1192 I ActivityManager: Killing 3487:com.caesars.playbytr/u0a133 (adj 906): stop com.caesars.playbytr
06-16 14:40:32.533  1161  1192 D ActivityManager: cleanUpApplicationRecord -- 3487
06-16 14:40:32.534  1161  1192 W ActivityManager: Scheduling restart of crashed service com.caesars.playbytr/com.urbanairship.AirshipService in 1000ms
06-16 14:40:32.888  1161  1225 I PackageManager: Package com.caesars.playbytr codePath changed from /data/app/com.caesars.playbytr-1 to /data/app/com.caesars.playbytr-2; Retaining data and using new
06-16 14:40:32.890  1161  1225 W PackageManager: Code path for com.caesars.playbytr changing from /data/app/com.caesars.playbytr-1 to /data/app/com.caesars.playbytr-2
06-16 14:40:32.890  1161  1225 W PackageManager: Resource path for com.caesars.playbytr changing from /data/app/com.caesars.playbytr-1 to /data/app/com.caesars.playbytr-2
06-16 14:40:33.249  1161  1225 W PackageManager: Unknown permission com.amazon.device.messaging.permission.RECEIVE in package com.caesars.playbytr
06-16 14:40:33.249  1161  1225 W PackageManager: Not granting permission android.permission.BIND_NFC_SERVICE to package com.caesars.playbytr (protectionLevel=2 flags=0x3818be44)
06-16 14:40:33.966  1161  1225 I ActivityManager: Force stopping com.caesars.playbytr appid=10133 user=0: pkg removed
06-16 14:40:34.025 21472 21472 W ContextImpl: Calling a method in the system process without a qualified user: android.app.ContextImpl.startService:1357 android.content.ContextWrapper.startService:613 android.content.ContextWrapper.startService:613 com.android.keychain.KeyChainBroadcastReceiver.onReceive:12 android.app.ActivityThread.handleReceiver:3041 
06-16 14:40:46.232  1161  1212 D LuxLevels: bright hysteresis constant= 0.1, threshold=82.080315, lux=74.61847
06-16 14:40:46.232  1161  1212 D LuxLevels: dark hysteresis constant= 0.2, threshold=59.694775, lux=74.61847
06-16 14:41:04.621  1161  2734 I ActivityManager: Start proc 22879:com.google.android.apps.fireball/u0a102 for service com.google.android.apps.fireball/.tasks.ScheduledTaskService
06-16 14:41:13.227  1161  1225 W PackageParser: No readPermission or writePermssion for <path-permission>: path-permission at /data/app/vmdl484701820.tmp/base.apk Binary XML file line #31
06-16 14:41:18.779  1161  1192 I ActivityManager: Force stopping com.yelp.android appid=10132 user=-1: installPackageLI
06-16 14:41:18.780  1161  1192 I ActivityManager: Killing 22722:com.yelp.android/u0a132 (adj 906): stop com.yelp.android
06-16 14:41:18.780  1161  1192 D ActivityManager: cleanUpApplicationRecord -- 22722
06-16 14:41:19.111  1161  1225 I PackageManager: Package com.yelp.android codePath changed from /data/app/com.yelp.android-2 to /data/app/com.yelp.android-1; Retaining data and using new
06-16 14:41:19.113  1161  1225 W PackageManager: Code path for com.yelp.android changing from /data/app/com.yelp.android-2 to /data/app/com.yelp.android-1
06-16 14:41:19.113  1161  1225 W PackageManager: Resource path for com.yelp.android changing from /data/app/com.yelp.android-2 to /data/app/com.yelp.android-1
06-16 14:41:19.994  1161  1225 I ActivityManager: Force stopping com.yelp.android appid=10132 user=0: pkg removed
06-16 14:41:20.097  1161  1192 I ActivityManager: Waited long enough for: ServiceRecord{b38c3d2 u0 com.google.android.apps.fireball/.networkservice.NetworkServiceImpl}
06-16 14:41:20.098 21472 21472 W ContextImpl: Calling a method in the system process without a qualified user: android.app.ContextImpl.startService:1357 android.content.ContextWrapper.startService:613 android.content.ContextWrapper.startService:613 com.android.keychain.KeyChainBroadcastReceiver.onReceive:12 android.app.ActivityThread.handleReceiver:3041 
06-16 14:41:20.567  1161  2017 I ActivityManager: Start proc 22979:com.yelp.android/u0a132 for broadcast com.yelp.android/.services.push.AppUpdatedReceiver
06-16 14:41:25.439  1161  1212 D LuxLevels: bright hysteresis constant= 0.1, threshold=57.965748, lux=52.696133
06-16 14:41:25.440  1161  1212 D LuxLevels: dark hysteresis constant= 0.2, threshold=42.156906, lux=52.696133
06-16 14:41:28.611  1161  1225 W PackageParser: Unknown element under <manifest>: meta-data at /data/app/vmdl1955278817.tmp/base.apk Binary XML file line #41
06-16 14:41:30.418  1161  1192 I ActivityManager: Force stopping org.zwanoo.android.speedtest appid=10152 user=-1: installPackageLI
06-16 14:41:30.805  1161  1225 I PackageManager: Package org.zwanoo.android.speedtest codePath changed from /data/app/org.zwanoo.android.speedtest-2 to /data/app/org.zwanoo.android.speedtest-1; Retaining data and using new
06-16 14:41:30.809  1161  1225 W PackageManager: Code path for org.zwanoo.android.speedtest changing from /data/app/org.zwanoo.android.speedtest-2 to /data/app/org.zwanoo.android.speedtest-1
06-16 14:41:30.810  1161  1225 W PackageManager: Resource path for org.zwanoo.android.speedtest changing from /data/app/org.zwanoo.android.speedtest-2 to /data/app/org.zwanoo.android.speedtest-1
06-16 14:41:31.739  1161  1225 I ActivityManager: Force stopping org.zwanoo.android.speedtest appid=10152 user=0: pkg removed
06-16 14:41:31.768 21472 21472 W ContextImpl: Calling a method in the system process without a qualified user: android.app.ContextImpl.startService:1357 android.content.ContextWrapper.startService:613 android.content.ContextWrapper.startService:613 com.android.keychain.KeyChainBroadcastReceiver.onReceive:12 android.app.ActivityThread.handleReceiver:3041 
06-16 14:41:36.263  1161  1192 I ActivityManager: Start proc 23149:com.google.android.apps.maps/u0a76 for broadcast com.google.android.apps.maps/com.google.android.gms.gcm.GcmReceiver
06-16 14:41:53.358  1161  1212 D LuxLevels: bright hysteresis constant= 0.1, threshold=63.985786, lux=58.168896
06-16 14:41:53.358  1161  1212 D LuxLevels: dark hysteresis constant= 0.2, threshold=46.53512, lux=58.168896
06-16 14:41:58.700  1161  1192 I ActivityManager: Force stopping com.google.android.apps.photos appid=10082 user=-1: installPackageLI
06-16 14:41:58.702  1161  1192 I ActivityManager: Killing 21526:com.google.android.apps.photos/u0a82 (adj 904): stop com.google.android.apps.photos
06-16 14:41:58.702  1161  1192 D ActivityManager: cleanUpApplicationRecord -- 21526
